12-18 09:48:08.699  2852  2852 D HwCust  : Create obj success use class android.app.HwCustNotificationImpl
12-17 20:32:48.484  2852  2852 D HwCustMobileSignalControllerImpl: isCurrentBySim()=false
12-18 14:12:54.011  5157  5157 D test    : sending:{"handlerName":"getRegisteredJsHandler","callbackId":"java_cb_1","data":null}
12-18 14:11:51.501  1795  3237 D PowerManagerService: ready=true,policy=3,wakefulness=1,wksummary=0x0,uasummary=0x1,bootcompleted=true,boostinprogress=false,waitmodeenable=false,mode=true,manual=33,auto=-1,adj=0.0userId=0
12-17 21:23:17.965  2852  2852 D PhoneStatusBar: disable: < expand ICONS alerts SYSTEM_INFO BACK* HOME* RECENT* clock navigationbar SEARCH* quick_settings >
12-17 23:21:06.575  1795 15988 D PowerManagerService: ready=true,policy=3,wakefulness=1,wksummary=0x1,uasummary=0x1,bootcompleted=true,boostinprogress=false,waitmodeenable=false,mode=true,manual=33,auto=-1,adj=0.0userId=0
12-18 15:38:28.615 10334 10334 D wpa_supplicant: wlan0: Control interface command 'BSS RANGE=0- MASK=0x3029d87'
12-18 19:01:05.547  1795  2323 E UsbDeviceManager: 	at com.android.server.usb.UsbDeviceManager$2.onUEvent(UsbDeviceManager.java:328)
12-18 08:40:38.986  1795  1819 D NetdConnector: RCV unsolicited event from native daemon, event = 613 IfaceClass active 0 490177684288869 1000
12-18 14:37:32.994  1795  2323 E UsbDeviceManager: 	at android.os.FileUtils.readTextFile(FileUtils.java:267)
12-18 19:49:50.947 10477 22921 I CloudAlbum[5.0.0.322]: [ReceiverManager] ReceiverManager action: android.intent.action.SCREEN_OFF
12-18 17:35:20.875   835  2385 D fpc_fingerprint_hal: wait_finger_down, took 137187 ms
12-18 09:17:44.973 24551 24551 D ActivityThread: Remove activity client record, r= ActivityRecord{7a36bce token=android.os.BinderProxy@4863f7 {com.android.browser/com.UCMobile.main.UCMobile}} token= android.os.BinderProxy@4863f7
12-17 21:26:58.018  1795  2750 D SurfaceControl: Excessive delay in setPowerMode(): 214ms
12-18 09:45:29.683  3626  3626 E PTM.FileNodeInfo: getTempInfo error: null, 0
12-18 18:27:37.623  2852  2852 I NotificationGroupManager: onEntryAdded:0|com.sankuai.meituan|2147483647|null|10146, group=0|com.sankuai.meituan|2147483647|null|10146
12-18 09:19:05.888  1795  1795 I NotificationManager: enqueueNotificationInternal: n.getKey = 0|com.huawei.health|10010|null|10099
12-18 19:33:48.365  1795  3253 D PowerManagerService: ready=true,policy=0,wakefulness=0,wksummary=0x1,uasummary=0x0,bootcompleted=true,boostinprogress=false,waitmodeenable=false,mode=true,manual=33,auto=-1,adj=0.0userId=0
12-18 08:17:51.451  2852  2852 D NetWorkUtils: mVSimCurCardType is -1
12-18 18:52:11.443  7194  7208 W PushLog2824: 	at android.os.Handler.handleCallback(Handler.java:755)
12-18 19:25:17.820  4492  4492 V ActivityThread: ActivityThread,callActivityOnCreate
12-17 20:14:32.375  5224  5283 I Step_DataCache: 20002302|getTodayTotalSteps 5944
12-17 23:36:28.417  2852  3556 D NetworkController.MobileSignalController(0): mSimSubId:0 onDataActivity: direction=0
12-17 23:38:49.073   633 31870 I SDK     : <2016-12-17 23:38:49> [WARN] SDK: UE-SeC 2016-12-17 23:38:49:73 Level[WARN] magic[3362781472 684]:PubEvt_Close Getting a socket[161] from the Socket-table Failed!
12-18 15:27:45.546  3218  3218 D ConnectivityManager: getMobileDataEnabled()+ subId=0
12-18 16:01:13.720  1795 17832 W ActivityManager: getRunningAppProcesses: caller 10105 does not hold REAL_GET_TASKS; limiting output
12-18 17:37:55.471   533  3739 E ANDR-PERF-MPCTL: Invalid profile no. 0, total profiles 0 only
12-18 17:41:48.819  1795  2381 D libfingersense_wrapper: Calling fingersense_touch_up()
12-17 21:58:30.559  1795  1825 D DisplayPowerController: Animating brightness: target=19, rate=0
12-17 23:37:45.160  3879  3879 I HwLauncher: Launcher.Folder childCount: 7
12-18 14:12:01.470  5157  5157 W cr_BindingManager: Cannot call determinedVisibility() - never saw a connection for the pid: 5157
12-18 11:20:52.819  2852  2852 D HwCustMobileSignalControllerImpl: sub =0,strMccMnc =null,hashMccMnc =[],strPlmn =hw_mcc_mnc
12-17 21:50:32.981  2852  2852 I StackScrollAlgorithm: state.clipTopAmount:186, i:0
12-17 23:57:05.799  2852  2914 I HwMobileSignalController: subId:0 phoneType:1 networktype:13 targetClass:3 masterLevel:4 slaveLevel:-1
12-17 19:57:32.927  5215  5215 D wpa_supplicant: CTRL-DEBUG: global_ctrl_sock-sendto: sock=16 sndbuf=229376 outq=0 send_len=5
12-17 22:01:33.632  1795  6986 D PowerManagerService: Acquiring suspend blocker "PowerManagerService.WakeLocks".
12-18 11:23:56.616  3858  4126 I amsnl   : t:false, fl: false, p: 2147483647000, ce: true, we: false
12-18 19:49:58.897   633 31870 I SDK     : 
12-18 18:25:09.001  3858  4126 I amsnl   : t:false, fl: false, p: 2147483647000, ce: true, we: false
12-18 18:11:22.829   633 31870 I SDK     : 
12-17 21:27:39.624  1795  2323 E UsbDeviceManager: 	at android.os.UEventObserver$UEventThread.run(UEventObserver.java:187)
12-17 21:53:05.897  1795  2332 I qti_sensors_hal: [ACC]processReportInd: X: 7.712982 Y: 6.444504 Z: 1.343155  x_offset:0.000000 y_offset:0.000000 z_offset:1.000000
12-18 15:28:49.419  1795  3237 D HwActivityManagerService: handleANRFilterFIFO,uid = 10113cmd = 0
12-17 21:32:15.709  2883  3125 I HwSystemManager: StartupResidentService:InnerHandler Message:7
12-17 19:40:31.767  1795  3957 E IzatSvc_OSObserver: I/LocTech-Label :: OSOBSERVER :: Data Items In
12-18 19:45:20.139  1795  2323 E UsbDeviceManager: 	at java.io.FileInputStream.<init>(FileInputStream.java:146)
12-18 08:29:54.364  1795  6985 D HW_DISPLAY_EFFECT: presently, hw_update_color_temp_for_rg_led interface not achieved.
12-18 17:41:38.105  1795  3304 D GnssLocationProvider: svid: 8 cn0: 0.0 elev: 0.0 azimuth: 0.0   A
12-18 10:54:21.005  3382  3399 D QcrilMsgTunnelSocket: readRilMessage: Buffer = [B@204bb9f HexData = [010000000404000012000000514f454d484f4f4b1d04080002000000ffff]
12-18 10:16:34.430  1795  2323 E UsbDeviceManager: 	at android.os.FileUtils.readTextFile(FileUtils.java:267)
12-17 19:40:29.087  2852  2852 I HwNavigationBarTransitions: transitionTo:mode=4, isEmuiStyle=false
12-18 15:29:08.864  2852  2852 D HwCustMobileSignalControllerImpl: sub =0,strMccMnc =null,hashMccMnc =[],strPlmn =hw_show_4_5G_for_mcc
12-18 14:11:30.555  5157  5157 D test    : sending:{"handlerName":"getRegisteredJsHandler","callbackId":"java_cb_1","data":null}
12-18 07:39:30.453  1795 11745 D HwInputMethodManagerService: hideSecSoftInput = false
12-17 21:34:27.452  5224  5283 I Step_LSC: 20002302|REPORT : 8130 172998 5769 0
12-18 12:08:13.015  1795 15988 I HwBroadcastQueue: com.huawei.appmarket drop actions:[]
12-18 19:49:15.405   633 31870 I SDK     : <2016-12-18 19:49:15> [WARN] SDK: UE-SeC 2016-12-18 19:49:15:405 Level[WARN] magic[3362781472 684]:PubEvt_Close Getting a socket[124] from the Socket-table Failed!
12-17 21:32:31.870  5224  5283 I Step_ExtendStepDataManager: 20002302|after compensate: cache step_7895
12-17 21:47:26.008  5224  5283 I Step_DataCache: 20002302|getTodayTotalSteps 9771
12-17 20:22:30.713  1795  2750 D HW_DISPLAY_EFFECT: presently, hw_update_color_temp_for_rg_led interface not achieved.
12-17 20:12:02.786  2852  2852 I PhoneStatusBar: updateNotificationShade
12-17 20:32:54.874 24266 24266 V chaunce : org.iqiyi.video.vote.b.aux.a()<-1> : checkVoteShowTime-->1038581
12-18 08:14:13.093  1795  3139 I AlarmManager: set(PendingIntent{3b833f2: PendingIntentRecord{7f86237 com.huawei.espacev2 broadcastIntent}}) : type=0 triggerAtTime=1482020353092 win=0 tElapsed=488891819 maxElapsed=488891819 interval=300000 flags=0x1
12-18 00:20:01.602  2852  2852 D NetWorkUtils: is3GCalling is false,mCdmaSlot is -1
12-18 17:35:21.231  1795  1825 I PowerManager_screenOn: PowerManagerNotifier onWakefulnessChangeFinished mInteractiveChanging=true, mInteractive=true
12-18 15:40:10.328  1795  2739 D HuaweiWifiWatchdogStateMachine: bc:d1:77:bb:c9:e2 current loss[-46]=0%, volume=376
12-18 15:11:31.184  3168  3369 I CHR_TelphonyStatusService: triggerStatsReport: Sun Dec 18 15:11:31 GMT+08:00 2016
12-17 23:44:32.464  3782 12471 V AudioManager: isWiredHeadsetOn...
12-18 08:08:05.080   633 31868 I SDK     : <2016-12-18 08:08:05> [NOTICE] SDK: UE-SeC 2016-12-18 8:8:5:80 Level[NOTICE] magic[3365677344 2814]:Handshake start,SSL timeout is 20s
12-18 15:42:35.144  1795  2736 W hwintelligencewifi: updateBssidTimer time = 1482046955144
12-18 17:38:33.433  1795  2736 E hwintelligencewifi: getCurrentCellid type is PHONE_TYPE_GSM
12-18 07:53:03.534   633 31870 I SDK     : <2016-12-18 07:53:03> [WARN] SDK: UE-SeC 2016-12-18 7:53:3:533 Level[WARN] magic[3362781472 684]:PubEvt_Close Getting a socket[247] from the Socket-table Failed!
12-17 19:58:45.364  5215  5215 D wpa_supplicant: CTRL_IFACE: GET_NETWORK id=0 name='wep_key1'
12-17 23:06:21.707  2852  2914 I HwMobileSignalController: updateSignalStrength: signalStrength=SignalStrength: -1 0 -1 255 -1 255 -1 255 255 18 -103 -8 162 2147483647 2147483647 false gw|lte
12-17 23:50:58.095  1795  5350 I MQoS    : QOS_level:5(5),use RAT:4G;signalLvl:5
12-17 21:32:22.660  1795  1809 I MultiTaskManagerService: onForegroundActivitiesChanged pid = 3879, uid = 10061
12-18 08:28:23.431  1795  3225 W ActivityManager: getRunningAppProcesses: caller 10102 does not hold REAL_GET_TASKS; limiting output
12-17 21:23:22.135  3168  3307 I CHR_ChrUtil: is Beta User, userType = 3
12-17 23:14:54.660  1795  1819 D NetdConnector: RCV unsolicited event from native daemon, event = 613 IfaceClass idle 0 456230997435360
12-18 09:11:55.790  2852  2852 I HwBrightnessController: updateSlider2 seekBarProgress:7894
12-17 21:47:59.047  2852  2852 I StatusBarIconView: updateTint: tint=0
12-17 21:42:34.394   633 31870 I SDK     : <2016-12-17 21:42:34> [WARN] SDK: UE-SeC 2016-12-17 21:42:34:394 Level[WARN] magic[3362781472 684]:PubEvt_Close Getting a socket[225] from the Socket-table Failed!
12-18 15:28:31.862  9467  9486 V HwWidgetFactory: : successes to get AllImpl object and return....
12-17 20:33:04.777  1795  2748 D lux trace:: [9.0/123932181, 10.0/123933605, 9.0/123933961, 10.0/123935030, 9.0/123935388, 8.0/123938229]
12-18 10:52:15.197  1795  2380 D PowerManagerService: ready=true,policy=3,wakefulness=1,wksummary=0x0,uasummary=0x1,bootcompleted=true,boostinprogress=false,waitmodeenable=false,mode=true,manual=33,auto=-1,adj=0.0userId=0
12-18 12:38:55.667  1795 15982 D ActivityManager: Skipping, home stack task: TaskRecord{37babfb #297 A=com.huawei.android.launcher U=0 StackId=0 sz=1}
12-18 07:58:11.220  1795  2381 D libfingersense_wrapper: Calling fingersense_touch_up()
12-18 10:41:04.340  1795  1825 I WindowManger_keyguard: Screen turned off...
12-18 08:15:00.045  2852  2852 E DateLunarView: mDateString is: 12月18日星期日
12-17 23:35:02.353  2852  2852 D HwCustMobileSignalControllerImpl: isCurrentBySim()=false
12-18 15:35:33.284 10334 10334 D wpa_supplicant: WPS: attr type=0x103b len=1
12-17 19:33:04.209  1795  1795 I qti_sensors_hal: batch:sensor(android.sensor.accelerometer) handle:0 flags:0x0 period_ns 200000000
12-18 19:43:02.658   633   692 I ECS     : Heartbeat timer.timers{7317} SimpleThread.onDeath_i(SimpleThread.java:133) thread end
12-18 07:56:34.093 25067 23177 I ret     : 	</title>
12-18 17:39:42.714  3858  4126 I amsnl   : csr
12-18 15:28:05.655  2852  3556 D HwNetworkControllerImpl: updateWifiState: intent=act:android.net.wifi.STATE_CHANGE  flag:335544336 *=* *=* 
12-17 20:49:06.426   633 31870 I SDK     : <2016-12-17 20:49:06> [WARN] SDK: UE-SeC 2016-12-17 20:49:6:426 Level[WARN] magic[3362781472 684]:PubEvt_Close Getting a socket[44] from the Socket-table Failed!
12-17 22:30:40.768  5394  5394 E System  : java.lang.Runtime#loadLibrary(String, ClassLoader) is private and will be removed in a future Android release
12-17 20:18:56.734  2852  2925 I EventCenter: ContentChange for slot: 1
12-17 23:28:49.635  2852  2852 I HwSignalClusterView: getOrInflateState subId:0
12-18 19:49:29.515   633 31870 I SDK     : <2016-12-18 19:49:29> [WARN] SDK: UE-SeC 2016-12-18 19:49:29:515 Level[WARN] magic[3362781472 684]:PubEvt_Close Getting a socket[108] from the Socket-table Failed!
12-17 21:27:03.635  3218  3218 I TransactionSponsor: Transact:getHwAdminCachedValue to device policy manager service.
12-18 16:52:52.957  1795  2323 E UsbDeviceManager: 	at android.os.UEventObserver$UEventThread.sendEvent(UEventObserver.java:210)
12-18 00:23:22.597  1795  1819 I SendBroadcastPermission: action:android.net.conn.DATA_ACTIVITY_CHANGE, mPermissionType:0
12-17 21:26:06.489   814 30794 V NuPlayer: audio shutdown completed
12-17 21:27:06.666   633 31870 I SDK     : <2016-12-17 21:27:06> [WARN] SDK: UE-SeC 2016-12-17 21:27:6:666 Level[WARN] magic[3362781472 684]:PubEvt_Close Getting a socket[43] from the Socket-table Failed!
12-17 22:54:58.624 31949 31967 E TCP     : tcp.recv{4790} TcpClientThread.readSocket(TcpClientThread.java:452) <<< ERROR(6) >>> socket read length failure -1
12-18 08:06:32.745  3858  4126 I amsnl   : t:false, fl: false, p: 2147483647000, ce: true, we: false
12-17 20:13:12.715  2852  2852 I HwNavigationBarTransitions: transitionTo:mode=4, isEmuiStyle=false
12-18 17:30:36.529  2852  2852 I PhoneStatusBar: removeNotificationChildren
12-18 16:11:49.224  3180  3578 I ash     : has widget app: com.android.gallery3d
12-18 07:39:57.359  2852  2852 I HwSignalClusterView: getOrInflateState subId:0
12-18 15:36:22.432  2852  2852 I NetworkController.WifiSignalController: Change in state from: connected=true,enabled=true,level=4,inetCondition=1,iconGroup=IconGroup(Wi-Fi Icons),activityIn=true,activityOut=true,rssi=-50,lastModified=12-18 03:35:59,isChaged:false,wifiNoInternet=false,ssid="TP-LINK_fen"
12-18 07:51:53.252   633 31868 I SDK     : 
12-17 21:08:41.452  3858  4126 I amsnl   : c: true, w: false, t: false, l: false
12-18 14:11:33.015  1795 11747 I ActivityManager_service: retrieveServiceLocked, callerApp: ProcessRecord{bc1cd93 25067:com.huawei.betaclub/1000}, flags: 10000400
12-18 07:57:54.200  2852  2852 I StackScrollAlgorithm: updateDimmedActivatedHideSensitive overlap:true
12-17 21:07:10.562   633   692 I ECS     : Heartbeat timer.timers{6265} XmlMsg.encodeBuf(XmlMsg.java:215) SEND 112 bytes [16]_00_00_00_6C_00_03_01_03_12_05_87_F7_75_A5_84_FC cmdCode(CC_Heartbeat.0x0312)msgType(MT_ARG.1)msgClass(MC_InstanceMessage.3)sender(ST_Mobile.0)crypted(true)zipped(false)nobase64(true)length(108)version(3)sno(87F7)
12-17 21:22:40.907 24266 24266 D cqx0902 : hasInstallPackage packageName 
12-18 14:35:34.756  1795  3249 D HwConnectivityService: pid=7194, cmd=2, param=180
12-18 08:38:03.552  3879  3879 I HwLauncher:  FPSMonitor snapToPage whichPage = 1 delta = 930 duration = 988
12-18 07:51:05.401  3626  3626 E PTM.FileNodeInfo: getTempInfo error: null, 0
12-18 09:42:19.680   597   597 I rmt_storage: rmt_storage_rw_iovec_cb: /boot/modem_fs2: clnt_h=0x150: req_h=0x150 msg_id=3: R/W request received
12-17 21:59:19.065  1795  6985 I qti_sensors_hal: flush:sensor(android.sensor.step_counter) handle:49
12-18 10:52:06.612   808   547 I SmartAE : SmartAE_QCOM,mFrameCnt:9,mStableFrameBegin:9,cameraID:0,isSaliencyOrChOver:0,SAE_EVComp:0,mSetEVComp:0,T:33,ISO:61,target:68,currentY:54,isAEStable:0,aeLock:0,mIsSetEVComp:0,mYTotalMean:124,isDiffYMean:0,mStable:1,mImageStable:1,msnapShotMode:1,faceNum:0,mTouched:0,faceTouchEVComp:0,isDualHDR:0,HDRInfo:0,isHDR:0,HDRReserveData:0,HDRFrameNum:0,HDREV:0 0 0 0 0 0,NL_EVComLevel:0,mCurrentScene:0,ColorCompValid:256,mSetColorComp:256
12-18 07:58:59.420   633 31870 I SDK     : <2016-12-18 07:58:59> [WARN] SDK: UE-SeC 2016-12-18 7:58:59:420 Level[WARN] magic[3362781472 684]:PubEvt_Close Getting a socket[105] from the Socket-table Failed!
12-18 06:26:32.546  3858  4126 I amsnl   : m1: false
12-18 10:45:04.954  1795 15988 D ActivityManager: Skipping, withExcluded: false, tr.intent:Intent { act=android.intent.action.VIEW dat=file:///storage/emulated/0/tencent/TMAssistantSDK/Download/com.tencent.mm/1a41cb224d6d4b020176381a7c790891 typ=application/vnd.android.package-archive flg=0x10800000 cmp=com.android.packageinstaller/.PackageInstallerActivity (has extras) }
12-17 20:11:45.817  1795  1819 D NetdConnector: RCV unsolicited event from native daemon, event = 600 Iface removed p2p0
12-18 15:59:15.419  1795  2323 D HwBatteryService: onUEvent fcpStatus = 0,scpStatus =0,ovpStatus=0
12-18 14:08:19.754  3218 13114 I PhoneInterfaceManager: shouldBlockLocation  ret:false
12-17 19:32:28.295  1795  2671 D WifiHW  : wifi_send_command: cmd:'IFNAME=wlan0 SIGNAL_POLL'
12-17 23:44:32.463  3782 12471 V AudioManager: isMusicActive...
12-18 17:30:54.340  5224  5283 I Step_ExtendStepDataManager: 20002302|compensate 24700890 102
12-18 14:12:23.192  5157  5157 I chromium: [INFO:CONSOLE(1)] "Uncaught SyntaxError: Unexpected token var", source:  (1)
12-17 23:41:38.910  1795 15987 D PowerManagerService: ready=true,policy=0,wakefulness=0,wksummary=0x1,uasummary=0x0,bootcompleted=true,boostinprogress=false,waitmodeenable=false,mode=true,manual=33,auto=-1,adj=0.0userId=0
12-17 21:34:02.505  2852  2852 V AudioManager: playSoundEffect   effectType: 0
12-17 22:27:36.016  3168  3168 I CHR_TelStatusListenr0: [Timer rat:0 level:5] suspend
12-18 08:29:14.825  2852  2852 D HwCustMobileSignalControllerImpl: isCurrentBySim()=false
12-18 18:25:00.438  1795  3247 V InputMethodManagerService: Client requesting input be hidden, pid=4492
12-17 21:32:35.874  5224  5283 I Step_DataCache: 20002302|getTodayTotalSteps 7905
12-18 14:11:31.245  5994  5994 D wpa_supplicant: CTRL-DEBUG: global_ctrl_sock-sendto: sock=16 sndbuf=229376 outq=0 send_len=368
12-18 15:33:33.947  1795 17831 I TransactionProcessor: HwDPMS received transaction_getHwFrameworkAdminList user: 0:4006
12-17 21:53:35.217  3608  3608 D InCall  : StatusBarNotifier - isDreaming = false
12-18 12:55:54.427  2852  2852 D NetWorkUtils: mVSimCurCardType is -1
12-18 00:12:30.645  2852  2852 D HwCustMobileSignalControllerImpl: isCurrentBySim()=false
12-18 07:41:49.233  1795  3253 D ActivityManager: Skipping, withExcluded: false, tr.intent:Intent { act=android.intent.action.VIEW dat=file:///storage/emulated/0/Downloads/106_4389c1ec4cb78314a457ce5927578bb4.apk typ=application/vnd.android.package-archive flg=0x10800000 cmp=com.android.packageinstaller/.PackageInstallerActivity (has extras) }
12-17 22:30:46.467 25067  5206 D BetaClub_Http: [HttpClient.postDataWithRetryNoLogin] success 
12-18 14:09:25.423  2883  3062 I HwSystemManager: PermissionDbVisitor:insertHistoryRecord:HistoryRecord[packageName:com.sankuai.meituanhd,permissionType:8,action:11,dateStartTime:1481990400000,timestamp:1482041365423]
12-18 14:12:13.216  5157  5157 W cr_BindingManager: Cannot call determinedVisibility() - never saw a connection for the pid: 5157
12-18 12:38:49.495   633  3534 I SDK     : <2016-12-18 12:38:49> [NOTICE] SDK: UE-SeC 2016-12-18 12:38:49:494 Level[NOTICE] magic[2143676704 247]:Send udp detect packet ok when login,id:[1];count:[2]!
12-18 14:24:33.978  5224  5283 I SendBroadcastPermission: action:android.com.huawei.bone.NOTIFY_SPORT_DATA, mPermissionType:0
12-18 10:54:50.156  3180  3578 I ash     : Unpending com.android.browser alarm OK !
12-18 08:10:56.851  1795 16500 D KeyEvent: obtain, mHwFlags=0
12-17 23:25:03.408  2852  2852 D HwCustMobileSignalControllerImpl: isCurrentBySim()=false
12-17 21:17:47.583  2852  2852 I HwSignalClusterView: getOrInflateState subId:0
12-18 18:40:28.685  1795  2323 E UsbDeviceManager: 	at android.os.FileUtils.readTextFile(FileUtils.java:267)
12-18 19:01:57.403  3382  3399 D QcrilMsgTunnelSocket: Rcvd UNSOL response with 28 bytes data for SUB0
12-18 12:38:46.538  1795  1795 I Sensor  : turn off notificationLight due to incall or screenon
12-17 21:26:12.711  3382  3382 I SendBroadcastPermission: action:com.qualcomm.intent.action.ACTION_UNSOL_RESPONSE_OEM_HOOK_RAW, mPermissionType:0
12-17 19:31:51.169  1795  2670 D WifiController: DefaultState what=155651
12-18 10:46:07.784  4492  4492 D CubicBezierInterpolator: CubicBezierInterpolator  mControlPoint1x = 0.23, mControlPoint1y = 0.06, mControlPoint2x = 0.09, mControlPoint2y = 0.97
12-18 14:36:03.100  5994  5994 D wpa_supplicant: random_mix_pool - hexdump(len=16): [REMOVED]
12-18 18:31:33.182  2852  2852 I StatusBar: onNotificationPosted: StatusBarNotification(pkg=com.huawei.health user=UserHandle{0} id=10010 tag=null key=0|com.huawei.health|10010|null|10099: Notification(pri=0 contentView=null vibrate=null sound=null defaults=0x0 flags=0x62 color=0x00000000 vis=PRIVATE)) important=2, post=1482057093178, when=1481531589202, vis=0, userid=0
12-17 20:40:56.283  2852  2852 I HwSignalClusterView: getOrInflateState subId:0
12-18 15:32:40.292  1795  1795 I AlarmManager: remove(PendingIntent{ec637ed: PendingIntentRecord{dbe3622 android broadcastIntent}}) changed bounds; rebatching
12-17 19:56:53.872  5215  5215 D wpa_supplicant: SSL: SSL_connect:before connect initialization
12-18 18:32:00.116  2852  2852 D DateTimeView: Change to single clock mode!
12-18 09:26:23.566  1795  2323 E UsbDeviceManager: 	at android.os.UEventObserver$UEventThread.sendEvent(UEventObserver.java:210)
12-18 14:08:06.441  1795 17832 I ActivityManager_service: bindServiceLocked, r: ServiceRecord{73614d2 u0 euid: 0 com.huawei.betaclub/.receiver.RouteService}, euid: 0
12-18 14:19:45.563  3782  3782 E DpmApi  : enableTriggerMethod 
12-17 22:58:36.027  3858  4126 I amsnl   : csr
12-18 07:29:40.868   633 31868 I SDK     : 
12-17 20:22:38.663  2852  2852 I SlideTouchEvent: vel=0.0, MinimumFlingVelocity=150
12-18 11:27:05.909  2852  2852 I StackScrollAlgorithm: updateDimmedActivatedHideSensitive overlap:false
12-18 19:49:15.411   633 31870 I SDK     : <2016-12-18 19:49:15> [WARN] SDK: UE-SeC 2016-12-18 19:49:15:411 Level[WARN] magic[3362781472 684]:PubEvt_Close Getting a socket[168] from the Socket-table Failed!
12-18 18:27:17.773  1795 20747 I DisplayManagerService: stopWifiDisplayScanLocked mWifiDisplayScanRequestCount=0
12-18 18:27:08.213  1795 16499 D ActivityManager: Skipping, withExcluded: false, tr.intent:Intent { act=com.android.deskclock.ALARM_ALERT flg=0x10800004 cmp=com.android.deskclock/.alarmclock.LockAlarmFullActivity (has extras) }
12-17 20:57:45.523  1795  1795 I MQoS    : rtt=360,tcp_tx_pkts=1485554,tcp_rx_pkts=1771325
12-17 21:51:50.389  1795  2671 D PowerManagerService: acquire lock=244575063, flags=0x1, tag="WifiSuspend", name=android, ws=null, uid=1000, pid=1795
12-17 20:59:18.846  2852  2852 I HwMobileSignalController: notifyListenerHuawei::origin typeIcon:2130839195 icons.mName:4G isSuspend:false, showDataIcon=true, dataConnected=true, isRoaming=false
12-17 23:33:35.079  1795  1819 I InputDispatcher: InputDispatcher::monitor frozen check!
12-18 17:41:00.004  1795  1795 I AlarmManager: scheduleTimeTickEvent triggerAtTime = 522658727
12-18 06:26:32.615  1795  1795 D HwPFWLogger: PFW.HwPFWService:alarm trigger
12-18 14:08:03.214  2852  2852 D BarTransitions.HwNavigationBarView: applyModeBackground oldMode=MODE_TRANSLUCENT newMode=MODE_OPAQUE animate=false
12-17 21:58:33.775  2852  2852 I BarTransitions.HwNavigationBarView: transitionTo: mode=MODE_TRANSLUCENT, animate=false
12-18 15:33:19.845  2852  2852 I NetworkController.MobileSignalController(0): need to force refresh view
12-18 14:13:55.257  1795  2737 W WifiProJNI: poll before: g_monitor_fd =310
12-17 22:31:20.771  2852  2852 D HwCustMobileSignalControllerImpl: isCurrentBySim()=false
12-18 08:27:07.082  1795  2380 D PowerManagerService: userActivityNoUpdateLocked: eventTime=137996418, event=2, flags=0x0, uid=1000
12-17 19:31:41.612 31949 31967 I TCP     : tcp.recv{4790} TcpClientThread.onReceiverWork(TcpClientThread.java:314) disconnected
12-18 08:26:58.818  1795  3238 D PowerManagerService: Releasing suspend blocker "PowerManagerService.WakeLocks".
12-18 14:11:32.214 25067  6490 I BetaClub: [ReceiverUtils.resumeLogUpload]resumeSend
12-17 19:33:13.989  3608  3608 I InCall  : ProximitySensor - isDisplayOn: false
12-18 09:46:25.154  1795 17832 D PowerManagerService: ready=true,policy=0,wakefulness=0,wksummary=0x1,uasummary=0x0,bootcompleted=true,boostinprogress=false,waitmodeenable=false,mode=true,manual=33,auto=-1,adj=0.0userId=0
12-18 12:38:52.749  3602  3627 E SQLiteDatabase: 	at android.database.sqlite.SQLiteDatabase.openOrCreateDatabase(SQLiteDatabase.java:775)
12-18 08:19:02.621  1795 11747 D ActivityManager: getRecentTasks: topActivity=ComponentInfo{com.android.browser/com.uc.browser.InnerUCMobile}
12-18 15:34:18.993   606 11444 E libteec : close session success
12-18 17:42:45.456  2852  2852 D HwCustMobileSignalControllerImpl: isCurrentBySim()=false
12-18 18:21:27.114  1795  2323 E UsbDeviceManager: 	at android.os.UEventObserver$UEventThread.run(UEventObserver.java:187)
12-18 19:26:42.341  3218  3218 E QtiImsExtUtils: getConfigForPhoneId phoneId is invalid
12-17 19:34:56.270  1795  3884 E qti_sensors_hal: Final value: x_offset=0.160831, y_offset=0.184366, z_offset=0.985027
12-18 15:34:50.142  1795  2665 D NetdConnector: RCV <- {200 12507 Tethering stats list completed}
12-17 23:29:49.265  2852  2852 I HwPhoneStatusBar: updateNotificationShade
12-18 08:20:41.437  2852  2852 I HwSignalClusterView: getOrInflateState subId:0
12-18 14:11:40.349  5994  5994 D wpa_supplicant: wlan0: Scan completed in 0.000220 seconds
12-17 23:26:26.209  4492  9970 D MediaPlayer: Message: MEDIA_PREPARED(1), ext1=0, ext2=0x0
12-18 08:54:37.557  2852  2852 I HwDateUtils: begin of formatChinaDateRange chinaDate:早上8:54
12-18 19:51:24.540  5224  5283 I Step_ExtendStepDataManager: 20002302|before compensate: cache step_17069
12-18 15:43:22.074  2883  2996 E HwSystemManager: NormalTrafficAnalysis:alert byte = 0, so return
12-18 15:32:40.495  2883  2996 I HwSystemManager: NatTrafficNotifyService:delta byte = 0 no traffic delta = 0Traffic state is 301
12-18 19:45:20.449  5224  5283 I Step_LSC: 20002302|REPORT : 16473 351823 11734 0
12-17 22:26:09.212   606  2379 E libteec : send data return = 128
12-18 07:47:47.347  1795  3139 D PowerManagerService: Acquiring suspend blocker "PowerManagerService.WakeLocks".
12-17 21:02:42.930  2852  2852 D HwCustMobileSignalControllerImpl: isCurrentBySim()=false
12-18 15:36:58.025 10334 10334 D wpa_supplicant: WPS: attr type=0x103c len=1
12-17 21:16:30.730  2852  2852 W HwLockScreenPanel: Handle message: 100
12-18 17:38:23.725  2852  2852 I HwPhoneStatusBar: change state: 0 --> 1, StartLockTime=9223372036854775807
12-18 19:47:29.223  7194  7208 I PushLog2824: [ReceiverDispatcher-336] need not query TRS(android/null:-1)
12-17 19:58:57.326  5215  5215 D wpa_supplicant: netlink: Operstate: ifindex=118 linkmode=-1 (no change), operstate=6 (IF_OPER_UP)
12-17 19:42:45.531  1795  3247 I ActivityManager_broadcast: Enqueueing ordered broadcast[background] BroadcastRecord{e1cee0b u0 com.huawei.lcagent.UPLOAD_RESULT}: prev had 0
12-18 19:53:07.051  2852  2852 I HwPhoneStatusBar: updateNotificationShade
12-17 23:23:51.159   633   692 I ECS     : LoginThread{6641} XmlMsg.encodeBuf(XmlMsg.java:215) SEND 656 bytes [16]_00_00_02_8C_00_03_01_01_01_05_89_72_E7_0C_43_1D cmdCode(CC_Login.0x0101)msgType(MT_ARG.1)msgClass(MC_PersonalInformation.1)sender(ST_Mobile.0)crypted(true)zipped(false)nobase64(true)length(652)version(3)sno(8972)
12-18 08:36:59.888  2852  2852 I HwSignalClusterView: getOrInflateState subId:0
12-18 07:23:02.569  3168  3307 E         : ---qmi : rapi_event_type=10024, qmi_ret=0, return_status=1. 
12-18 08:18:44.661  1795  2380 I PowerManager_screenOn: PowerManagerNotifier onUserActivity: event=2, uid=1000
12-17 21:23:15.131 25080 25080 E cube    : HCDN_LOG: [2016/12/17-21:23:15:131]:[func:SetParam],[line:361],[oper:set param],[key:$env$pf1|pf2|p1|partner|licence|domain],[value:2|22|222|||]
12-18 08:26:46.603  3218  4159 I PhoneInterfaceManager: shouldBlockLocation  ret:false
12-17 20:22:15.441  2852  2852 D NetWorkUtils: mVSimCurCardType is -1
12-18 19:50:05.184   835   835 I fingerprintd: FingerprintDaemonProxyEx::onTransact, code:1002
12-18 15:37:18.142 10334 10334 D wpa_supplicant: WPS: attr type=0x1042 len=7
12-17 21:11:00.004  1795  1795 I AlarmManager: scheduleTimeTickEvent triggerAtTime = 448856363
12-18 14:11:16.586  2852  2852 I StackScrollAlgorithm: updateClipping isOverlap:true
12-18 14:12:57.925  5157  5157 W cr_BindingManager: Cannot call determinedVisibility() - never saw a connection for the pid: 5157
12-18 17:30:15.157  1795  1795 I Sensor  : updateLightsLocked --> mBatteryLight.turnOff
12-18 10:57:04.408  1795  3253 I WindowManager: Application requested orientation 5, got rotation 0 which has compatible metrics
12-18 00:07:12.498  2852  3556 I NetworkController.MobileSignalController(0): onSignalStrengthsChanged signalStrength=SignalStrength: -1 0 -1 255 -1 255 -1 255 255 20 -102 -9 96 2147483647 2147483647 false gw|lte level=4 isSuspend=false levelOld=4,mSignalStrength level=4
12-17 23:47:38.953   633 31870 I SDK     : 
12-18 12:39:04.668  2852  2852 I HwSignalClusterView: getOrInflateState subId:0
12-18 17:32:23.986  2852  2852 D NetWorkUtils: is3GCalling is false,mCdmaSlot is -1
12-17 23:15:57.494  1795  2750 D HW_DISPLAY_EFFECT: presently, hw_update_color_temp_for_rg_led interface not achieved.
12-17 22:34:54.266  2852  2852 D NetWorkUtils: is3GCalling is false,mCdmaSlot is -1
12-18 15:33:10.503  1795  2381 D InputReader: processEventsLocked code=108
12-17 23:35:00.418  1795  2665 D NetdConnector: RCV <- {200 12012 Bandwidth command succeeeded}
12-17 19:33:42.230   835  2385 E libteec : begin
12-18 10:39:48.951  1795 16232 E libteec : receive data len = 128
12-17 22:31:34.322 30820 30820 W System.err: 	at org.json.JSONObject.<init>(JSONObject.java:156)
12-18 17:44:35.744   835   835 V fingerprintd: authenticate(sid=0, gid=0)
12-18 17:41:19.226  1795  2750 D HW_DISPLAY_EFFECT: presently, hw_update_color_temp_for_rg_led interface not achieved.
12-18 15:35:25.802  2852  2852 I NotificationGroupManager: onEntryUpdated:0|com.android.browser|1482346485|null|10029
12-18 18:33:46.076  1795  3341 E LocSvc_ApiV02: I/<--- void globalEventCb(locClientHandleType, uint32_t, const locClientEventIndUnionType, void *) line 114 QMI_LOC_EVENT_INJECT_PREDICTED_ORBITS_REQ_IND_V02
12-17 22:07:58.866  3218  4159 D PhoneInterfaceManager: [PhoneIntfMgr] getDataEnabled: subId=0 retVal=true
12-18 10:55:28.584  2852  2852 I StackScrollAlgorithm: updateDimmedActivatedHideSensitive overlap:true
12-17 23:21:31.166  1795  3884 D PowerManagerService: acquire lock=222858146, flags=0x1, tag="dispatcher", name=android, ws=null, uid=1000, pid=7194
12-18 08:24:32.881  1795  3139 D PowerManagerService: Acquiring suspend blocker "PowerManagerService.WakeLocks".
12-17 22:38:51.217   633  6650 W imssdk_CloudRecord: CloudRecordGetCfgInfoRspNotify leave
12-18 18:27:32.481  1795  1809 D NavigationBarPolicy: onFling::not valid gesture or touch plus on, false, return!
12-18 17:44:34.183  2852  2852 I StackScrollAlgorithm: updateDimmedActivatedHideSensitive overlap:false
12-18 17:50:16.523  2852  2852 I EventCenter: EventCenter Get :android.intent.action.TIME_TICK
12-17 19:31:42.294  2852  2852 E KeyguardUpdateMonitor: isSimPinSecure mSimDatas is null or empty 
12-18 15:43:36.142  3626  4889 E PTM.FileNodeInfo: getTempInfo error: null, 0
12-18 13:01:08.813   802   802 E ThermalBinder: mThermalService is NULL!
12-18 14:09:06.579  1795  3237 W WifiStateMachine: Can't find ssid.
12-17 23:20:29.857  1795  1819 D NetworkManagement: notifyInterfaceClassActivity: client is android.net.INetworkManagementEventObserver$Stub$Proxy@af226
12-17 22:50:55.127  1795  1795 I MQoS    : rtt=360,tcp_tx_pkts=1485554,tcp_rx_pkts=1771325
12-17 19:33:13.367  1795  1825 I PowerManager_screenOn: DisplayPowerController updatePowerState mPendingRequestLocked=policy=OFF, useProximitySensor=true, useProximitySensorbyPhone=true, screenBrightness=33, screenAutoBrightnessAdjustment=0.0, brightnessSetByUser=true, useAutoBrightness=true, blockScreenOn=false, lowPowerMode=false, boostScreenBrightness=false, dozeScreenBrightness=-1, dozeScreenState=UNKNOWN, useTwilight=false, useSmartBacklight=true, brightnessWaitMode=false, brightnessWaitRet=true, screenAutoBrightness=-1, userId=0
12-18 08:15:49.080  2852  2852 D HwCustMobileSignalControllerImpl: sub =0,strMccMnc =null,hashMccMnc =[],strPlmn =hw_show_4_5G_for_mcc
12-17 19:35:10.811  2852  2852 I HwBrightnessController: onChange selfChange:false uri.toString():content://settings/system/screen_auto_brightness mIsObserveAutoBrightnessChange:true
12-17 21:52:22.022  3782  2250 V AudioManager: isMusicActive...
12-18 19:53:39.870  2852  2852 I StatusBarIconView: updateTint: tint=0
12-17 23:26:58.474  2852  2852 I HwSignalClusterView: getOrInflateState subId:0
12-18 16:01:40.218  3858  4126 I amsnl   : we: false
12-18 14:13:03.193  5157  5157 D test    : sending:{"handlerName":"getRegisteredJsHandler","callbackId":"java_cb_1","data":null}
12-18 14:08:26.813  3218  4070 I PhoneInterfaceManager: shouldBlockLocation  ret:false
12-17 20:40:22.950  1795  2748 D HwAmbientLuxFilterAlgo: t=124376648,BT=124377648,DT=124380648,BT1=124380648,DT1=124384648,Bn=false,Dn=false,lx=[9.0/124375144, 9.0/124375445, 9.0/124375745, 9.0/124376046, 8.0/124376347, 9.0/124376648],mLx=5.0,s=5.0,ss=0.019480519,AuIntervened=false,mProximityState=false,bLux=15.0,dLux=0.0,bLux1=15.0,dLux1=0.0
12-17 19:33:04.415  2883  2996 E HwSystemManager: LeisureTrafficSetting:result is empty
12-18 17:30:10.877  1795  2377 I AwareLog: AwareMem_EventTracker: [POLLING_TIMEOUT_141134223] trigger memory critical 790984
12-17 22:30:34.974 25067  5310 D BetaClub: [DisposeLogUploadProgress.dispose] exception is not null
12-18 19:50:05.737  2852  2852 V KeyguardStatusView: refresh statusview showing:true
12-17 20:51:21.080 24266 24266 D VideoPlayerImpl: org.iqiyi.video.player.cv.ag()<-1> : current progress: progress= 2144893
12-18 14:11:33.304   633 31870 I SDK     : <2016-12-18 14:11:33> [WARN] SDK: UE-SeC 2016-12-18 14:11:33:304 Level[WARN] magic[3362781472 684]:PubEvt_Close Getting a socket[73] from the Socket-table Failed!
12-17 22:27:13.083  2852  2852 D HwCust  : Create obj success use class android.app.HwCustNotificationImpl
12-17 22:30:40.257  1795 11747 D HwActivityManagerService: handleANRFilterFIFO,uid = 10105cmd = 1
12-17 20:31:43.110 24368 24484 E storage : HCDN_LOG: [2016/12/17-20:31:43:110]:create table T_JSON_DATA ok!
12-18 10:40:05.533   814 31670 I ACodec  : codec does not support config priority (err -2147483648)
12-17 21:48:21.190  3218  3218 E HW-JPEG-DEC: [HME_JPEG_DEC_Delete](3298): HME_JPEG_DEC_Delete: decoder_ctx=null
12-18 15:38:44.041 10334 10334 D wpa_supplicant: WPS: attr type=0x1008 len=2
12-17 21:29:18.207   633 31870 I SDK     : <2016-12-17 21:29:18> [WARN] SDK: UE-SeC 2016-12-17 21:29:18:207 Level[WARN] magic[3362781472 684]:PubEvt_Close Getting a socket[179] from the Socket-table Failed!
12-18 19:25:23.727  5224  5283 I Step_LSC: 20002302|REPORT : 14588 311908 10403 0
12-17 22:25:19.950  1795  1795 E qti_sensors_hal: read from oem info: x_offset=0.160831, y_offset=0.184366, z_offset=0.985027
12-17 23:21:02.973  3858  4126 I amsnl   : c: true, w: false, t: false, l: false
12-17 23:11:29.974 31949 31967 I TCP     : tcp.conn{4787} TcpSocket.connect_i(TcpSocket.java:84) connecting to ip address uc.huawei.com/45.249.213.63
12-17 20:31:00.585   606  2379 E libteec : QSEECom_send_cmd return!
12-18 18:23:29.837   633 31868 I SDK     : 
12-17 20:45:45.070 24266 24266 D seekbar : org.iqiyi.video.ui.ci.onProgressChanged()<-1> : 当前进度：1808893 缓冲大小:959379 缓冲进度：2768272
12-18 10:41:02.290  2852  2852 I StackScrollAlgorithm: overlapAmount:156.22314, previousNotificationEnd:738.0, newYTranslation:581.77686, location:4, i:1, getTopPadding:499.0, getLocationOnScreen():0
12-18 09:18:36.997  2852  2852 D HwCust  : Create obj success use class android.app.HwCustNotificationImpl
12-17 22:27:38.702   835  2385 E fpc_fingerprint_hal: do_identify failed -4
12-17 21:52:11.070  3218  3218 D VideoCall_LowBattery: BatteryIntent received: android.intent.action.BATTERY_CHANGED
12-18 04:16:50.258  3626  3626 E PTM.FileNodeInfo: getTempInfo error: null, 0
12-18 04:06:29.177  1795  2323 E UsbDeviceManager: 	at java.io.FileInputStream.<init>(FileInputStream.java:146)
12-18 15:28:53.584  1795  3253 D HwActivityManagerService: handleANRFilterFIFO,uid = 10113cmd = 0
12-18 07:15:43.021  1795  1806 W ActivityManager: getRunningAppProcesses: caller 10105 does not hold REAL_GET_TASKS; limiting output
12-18 08:05:15.786   633   692 I TCP     : tcp.recv{4488} TcpClientThread.selfDisconnectSocket(TcpClientThread.java:377) self disconnecting to 45.249.213.63(*):7801
12-17 22:43:03.222  2852  3556 I NetworkController.MobileSignalController(0): onSignalStrengthsChanged signalStrength=SignalStrength: -1 0 -1 255 -1 255 -1 255 255 20 -101 -8 182 2147483647 2147483647 false gw|lte level=4 isSuspend=false levelOld=4,mSignalStrength level=4
12-18 07:39:33.173 20349 20385 E HW-JPEG-DEC: [HME_JPEG_DEC_Delete](3298): HME_JPEG_DEC_Delete: decoder_ctx=null
12-17 23:16:21.772   633 31870 I SDK     : 
12-17 21:53:36.060  1795  1795 I PowerManager_screenOn: PowerManagerNotifier Sending wake up broadcast.
12-18 17:30:36.836  2852  2852 I HwMobileSignalController: notifyListenerHuawei::origin typeIcon:2130839195 icons.mName:4G isSuspend:false, showDataIcon=true, dataConnected=true, isRoaming=false
12-18 10:56:28.888  1795  3249 D PowerManagerService: ready=false,policy=3,wakefulness=1,wksummary=0x1,uasummary=0x1,bootcompleted=true,boostinprogress=false,waitmodeenable=true,mode=true,manual=33,auto=-1,adj=0.0userId=0
12-18 14:09:59.878  5157  5157 D CubicBezierInterpolator: CubicBezierInterpolator  mControlPoint1x = 0.23, mControlPoint1y = 0.06, mControlPoint2x = 0.09, mControlPoint2y = 0.97
12-17 23:05:17.009  1795  3249 I ActivityManager_broadcast: collectReceiverComponents, callerApp: ProcessRecord{9ef8336 4492:com.tencent.mm/u0a105}, intent:null, receiver size:1, flags: 10000400
12-18 09:11:54.777  2852  2852 I HwBrightnessUtils: APS brightness=234.0,ConvertToPercentage=0.95261836
12-17 23:13:19.451  1795 15987 D PowerManagerService: ready=true,policy=3,wakefulness=1,wksummary=0x0,uasummary=0x1,bootcompleted=true,boostinprogress=false,waitmodeenable=false,mode=true,manual=33,auto=-1,adj=0.0userId=0
12-17 22:27:50.562  1795  6988 D HwConnectivityService: return the background wifi network info for system manager.
12-18 08:05:15.781   633 31870 I SDK     : <2016-12-18 08:05:15> [WARN] SDK: UE-SeC 2016-12-18 8:5:15:781 Level[WARN] magic[3362781472 684]:PubEvt_Close Getting a socket[57] from the Socket-table Failed!
12-18 10:41:02.506 28113 28113 D HsmJoinRequest: https request.
12-18 09:35:15.120  3382  3399 D QcrilMsgTunnelSocket: Rac Change (PDC) data: [-1, -1]
12-18 09:50:26.554  1795  2396 I AlarmManager: remove(PendingIntent{3a11053: PendingIntentRecord{93f4a25 android broadcastIntent}}) changed bounds; rebatching
12-17 23:21:04.638   633 10979 I SDK     : 
12-18 15:28:53.619  1795  3884 D PowerManagerService: ready=true,policy=3,wakefulness=1,wksummary=0x1,uasummary=0x1,bootcompleted=true,boostinprogress=false,waitmodeenable=false,mode=true,manual=33,auto=-1,adj=0.0userId=0
12-17 19:35:00.390  1795  6985 D PowerManagerService: release:lock=230301592, flg=0x0, tag="*launch*", name=android", ws=WorkSource{10105}, uid=1000, pid=1795
12-17 21:52:14.892  1795  1825 I qti_sensors_hal: 0x0, 0x0, 0x0, 0x0
12-17 22:33:33.359  2852  3556 I NetworkController.MobileSignalController(0): 	to: connected=true,enabled=true,level=5,inetCondition=1,iconGroup=IconGroup(4G),activityIn=false,activityOut=false,rssi=0,lastModified=12-17 10:33:31,isRoaming=false,dataSim=true,networkName=中国移动,networkNameData=中国移动,dataConnected=true,isDefault=true,isEmergency=false,airplaneMode=false,carrierNetworkChangeMode=false,userSetup=true
12-18 19:52:50.035  5224  5283 I Step_DataCache: 20002302|getTodayTotalSteps 17214
12-18 15:36:33.870  1795 16501 D PowerManagerService: ready=true,policy=3,wakefulness=1,wksummary=0x0,uasummary=0x1,bootcompleted=true,boostinprogress=false,waitmodeenable=false,mode=true,manual=33,auto=-1,adj=0.0userId=0
12-17 19:42:45.024  3382  3399 D QcrilMsgTunnelSocket: Rcvd UNSOL response with 28 bytes data for SUB0
12-18 19:49:26.576  2883  3125 I HwSystemManager: StartupResidentService:InnerHandler Message:7
12-17 22:51:29.621  2852  2867 D KeyguardService: Caller checkPermission fail
12-18 14:15:06.815  1795  2323 D HwBatteryService: onUEvent fcpStatus = 0,scpStatus =0,ovpStatus=0
12-18 19:50:00.443  1046  1125 D audio_hw_spkr_prot: audio_extn_fbsp_set_parameters: Speaker protection disabled
12-18 19:46:07.962  3382  3399 D QcrilMsgTunnelSocket: Rcvd UNSOL response with 28 bytes data for SUB0
12-18 15:29:01.167  1795  3121 D HwActivityManagerService: handleANRFilterFIFO,uid = 10113cmd = 1
12-17 23:01:08.041  1795  3121 D ActivityManager: Skipping, withExcluded: false, tr.intent:Intent { act=android.intent.action.VIEW dat=file:///storage/emulated/0/Downloads/106_4389c1ec4cb78314a457ce5927578bb4.apk typ=application/vnd.android.package-archive flg=0x10800000 cmp=com.android.packageinstaller/.PackageInstallerActivity (has extras) }
12-17 23:30:26.618  4492  4492 I 2DSDR   : APS: 2DSDR: AbsListView.FlingRunnable.endFling, we will clear SDR ratio
12-18 09:45:21.360  2852  2852 I TrafficPanelViewContent: onShowStatusChange show:false
12-18 16:01:40.224 14763 14820 D Bth     : BtChrStatisticsManager:READ_AFTER_BT_STARTED event.
12-17 21:26:12.733  1795  2778 I Telecom : CallsManager: setCallState RINGING -> ACTIVE: CSW.sA@Ez4
12-17 22:39:57.654   633 31868 I SDK     : <2016-12-17 22:39:57> [NOTICE] SDK: UE-SeC 2016-12-17 22:39:57:654 Level[NOTICE] magic[3365677344 2814]:Handshake start,SSL timeout is 20s
12-17 21:52:11.148   612   612 I SDM     : HWCDisplay::SetPowerMode: display = 0, mode = 2
12-18 19:49:13.328  1046  9752 I Huawei_audio_cust: get_spk_pa_type: pa is max98925
12-18 15:29:17.460  2883  4316 I HwSystemManager: HoldService:locationInfo switch is on . pid = 9659
12-18 19:52:48.042  5224  5224 I Step_LSC: 20002302|standStepCounter report 100 steps,write fe
12-18 08:32:01.966  3858  4126 I amsnl   : m1: false
12-18 07:15:23.908  1795 19557 D ActivityManager: cleanUpApplicationRecord -- 19437
12-18 00:07:08.922  1795  1795 D HuaweiWifiWatchdogStateMachine:  not in link monitoring mode, ignore TCP result .
12-17 20:49:49.882  2852  2852 I HwSignalClusterView: apply hwPhoneState.mSubId:0 anyMobileVisible:false mIsAirplaneMode:false, mobileGroupVisible=true
12-17 22:27:50.425  1795  1825 D DisplayPowerController: Finished business...
12-18 18:00:18.824  1795  1808 I ActivityManager_broadcast: dispatch ordered broadcast [foreground] BroadcastRecord{9812d29 u-1 android.intent.action.TIME_TICK}, has 11 receivers
12-18 07:31:25.418  3626  3626 E PTM.FileNodeInfo: getTempInfo error: null, 0
12-18 15:38:38.583 10334 10334 D wpa_supplicant: WPS: WFA subelement id=0 len=1
12-17 20:47:54.244 24266 24266 D VideoPlayerImpl: org.iqiyi.video.player.cv.ag()<-1> : current progress: progress= 1938065
12-18 18:28:21.262  3858  4126 I amsnl   : c: true, w: false, t: false, l: false
12-17 19:50:31.086  5224  5224 I Step_LSC: 20002302|compensate received
12-17 23:36:38.098  1795  2376 I ActivityManager_broadcast: Enqueueing ordered broadcast[background] BroadcastRecord{683ec1f u0 com.huawei.intent.action.PUSH}: prev had 0
12-18 18:32:57.735   633 23116 I SDK     : 
12-17 19:33:11.368  2852  2852 W HwPhoneLayoutInflater: onCreateView : ClassNotFoundException, In this case we want to let the base class take a crack at it
12-17 23:08:57.726  2852  2852 D HwCustMobileSignalControllerImpl: sub =0,strMccMnc =null,hashMccMnc =[],strPlmn =hw_show_lte
12-17 21:48:19.838  3218  3218 D Telephony: TelephonyConferenceController: Is there a match for all connections in connection service true
12-18 07:37:48.180  1795  1795 D WifiProJNI: send_cmd_kernel: cmd=1
12-18 15:32:57.673 10357 10357 I HwVPlayer: EMUIVerStartup: EmuiUtils.VERSION.EMUI_SDK_INT: 11
12-17 19:58:45.392  5215  5215 D wpa_supplicant: RSN: Consider 80:38:bc:0b:1e:41 for OKC
12-18 10:56:23.356  3626  3626 I iMonitor: create: 903001012
12-18 15:33:13.653  1795  2380 I PowerManager_screenOn: PowerManagerNotifier onUserActivity: event=2, uid=1000
12-17 20:11:41.512  1795  3111 I HwActivityManagerService: Split enqueueing broadcast [callerApp]:ProcessRecord{fddc75d 16628:com.huawei.android.totemweather/u0a28}
12-17 23:17:58.052  1795  2381 D libfingersense_wrapper: fingersense_classify_touch() finished
12-18 12:39:11.695  2852  3556 I NetworkController.MobileSignalController(0): 	to: connected=true,enabled=true,level=5,inetCondition=1,iconGroup=IconGroup(4G),activityIn=false,activityOut=false,rssi=0,lastModified=12-18 12:39:10,isRoaming=false,dataSim=true,networkName=中国移动,networkNameData=中国移动,dataConnected=true,isDefault=true,isEmergency=false,airplaneMode=false,carrierNetworkChangeMode=false,userSetup=true
12-17 22:25:20.013  1795  2670 D WifiController: wifiSleepPolicy:1
12-18 08:44:15.165  1795 16500 D PowerManagerService: ready=true,policy=0,wakefulness=0,wksummary=0x1,uasummary=0x0,bootcompleted=true,boostinprogress=false,waitmodeenable=false,mode=true,manual=33,auto=-1,adj=0.0userId=0
12-18 07:32:26.909  1795  2748 D HwAmbientLuxFilterAlgo: earliestValidTime + POWER_ON_DARKENING_LIGHT_DEBOUNCE
12-17 21:27:03.362  2852  2852 I StatusBarIconView: updateTint: tint=1
12-18 00:15:07.840  2883  3453 I HwSystemManager: ChangeMode:readSaveMode, old function, it does not work from 5.0
12-17 21:33:58.731  3858  4126 I amsnl   : m1: false
12-18 09:19:14.591  2852  2852 I SignalClusterView: applyIconTint ignore
12-18 17:33:03.171  1795  1795 D DeviceIdleController: stopMonitoringMotionLocked()
12-18 07:57:58.576  1795  6988 I ActivityManager_task: create new task record, multiLaunchId: 0, intent = Intent { flg=0x10008000 cmp=com.huawei.android.totemweather/.WeatherHome (has extras) }
12-18 19:53:20.880  3858  4126 I amsnl   : csr
12-18 18:25:00.126  2852  2852 D DateTimeView: Change to single clock mode!
12-18 08:40:39.020   633 31870 I SDK     : <2016-12-18 08:40:39> [WARN] SDK: UE-SeC 2016-12-18 8:40:39:20 Level[WARN] magic[3362781472 684]:PubEvt_Close Getting a socket[79] from the Socket-table Failed!
12-18 14:11:52.163  3858  4126 I amsnl   : c: true, w: true, t: false, l: false
12-18 07:34:58.051  1795  1795 I WifiProJNI: ######### CMD_QUERY_PKTS ########
12-18 14:31:02.815  2852  2852 D DateTimeView: Change to single clock mode!
12-18 14:07:49.596  1795 16232 E HsmCoreServiceImpl: onTransact in code is: 102
12-17 21:52:23.593   612   612 D SurfaceFlinger: Set power mode=2, type=0 flinger=0x7f9a25b400
12-18 14:13:22.451  1795  6284 I AwareLog: AwareMem_Kill: execute: killing count=0
12-17 21:47:36.072  5224  5283 I Step_LSC: 20002302|REPORT : 9790 208485 6952 0
12-17 20:18:54.123  3168  3168 I CHR_ChrDataServiceTracker: handleLteCaStatusChange
12-17 20:37:00.185 24266 24266 D VideoPlayerImpl: org.iqiyi.video.player.cv.ag()<-1> : current progress: progress= 1283953
12-17 20:05:56.301  1795  1795 D DeviceIdleController: becomeInactiveIfAppropriateLocked()
12-18 12:44:43.268  2852  2852 E DateLunarView: mDateString is: 12月18日星期日
12-18 04:35:05.111  1795  2323 E UsbDeviceManager: 	at java.io.FileInputStream.open(Native Method)
12-18 01:04:59.458  3626  3770 I LSC_903001003: process buffer and get message
12-17 21:53:18.892  1795  1825 D FpDataCollector: DisplayPowerState :OFF
12-18 15:27:45.266  1795  2332 I qti_sensors_hal: [ACC]processReportInd: X: -4.430392 Y: 5.575797 Z: 7.771609  x_offset:0.160831 y_offset:0.184366 z_offset:0.985027
12-17 21:28:31.736  2852  2852 D NetWorkUtils: mVSimCurCardType is -1
12-18 03:26:26.749  1795  3884 D PowerManagerService: ready=true,policy=0,wakefulness=0,wksummary=0x1,uasummary=0x0,bootcompleted=true,boostinprogress=false,waitmodeenable=false,mode=true,manual=33,auto=-1,adj=0.0userId=0
12-17 23:42:39.450   633 31870 I SDK     : 
12-17 19:31:40.227  1795  2668 D HwWifiP2pService: SleepPolicy:1
12-18 08:36:02.632  3180  3332 I ScenarioAction: new ScenarioAction sPoolSize: 0
12-18 08:30:20.723  1795  2323 E UsbDeviceManager: 	at java.io.FileInputStream.open(Native Method)
12-17 19:31:57.769  1795  1825 D HwNormalizedAutomaticBrightnessController: set power status:mPowerStatus=true,powerStatus=false
12-17 19:55:46.940  2852  2852 I KeyguardUpdateMonitor: hasFingerprintUnlockTimedOut = true
12-17 23:27:21.628  2852  2852 D NetWorkUtils: is3GCalling is false,mCdmaSlot is -1
12-17 21:52:16.117   612   612 D SurfaceFlinger: Set power mode=0, type=0 flinger=0x7f9a25b400
12-18 04:56:29.563  3218  3218 I QImsService: ImsServiceSub : sendBroadcastForDisconnected
12-18 10:40:48.719 31949 31967 I ECS     : WatchThread{4786} TcpClient.clearAll(TcpClient.java:240) ==================== TCP CLIENT CLEAR ALL ====================
12-17 21:14:40.099   633 31870 I SDK     : 
12-17 20:13:32.826  1795  3247 D PowerManagerService: ready=true,policy=0,wakefulness=0,wksummary=0x1,uasummary=0x0,bootcompleted=true,boostinprogress=false,waitmodeenable=false,mode=true,manual=33,auto=-1,adj=0.0userId=0
12-17 21:27:12.671  5224  5283 I Step_DataCache: 20002302|getTodayTotalSteps 7081
12-18 14:11:32.944  5157  5157 W cr_BindingManager: Cannot call determinedVisibility() - never saw a connection for the pid: 5157
12-18 14:08:21.604  2852  2852 D HwRecentsLockUtils: search
12-17 20:48:45.127 24802 24802 I nativeProcess: iqiyi message: ==== do something  executeCmd isProcessExist true =====
12-17 21:34:17.524  2852  2852 I TrafficPanelManager: hideTraffic
12-18 07:46:44.193   633 22295 I SDK     : 
12-17 20:32:17.379 24266 24266 I QiyiDownloadManager: com.iqiyi.video.download.g.com2.e()<-1> : checkActionModule:4194304
12-18 10:06:04.290  3626  3753 I LogCollectService: msg = 103 received
12-17 21:32:56.185  1795  3225 D PowerManagerService: ready=true,policy=3,wakefulness=1,wksummary=0x0,uasummary=0x1,bootcompleted=true,boostinprogress=false,waitmodeenable=false,mode=true,manual=33,auto=-1,adj=0.0userId=0
12-17 21:26:12.396  2852  3361 V AudioManager: getDevicesForStream  streamType: 3
