12-17 23:00:15.571  1795  2737 W WifiProJNI: poll before: g_monitor_fd =310
12-18 07:49:40.875   633 22601 I SDK     : <2016-12-18 07:49:40> [NOTICE] SDK: UE-SeC 2016-12-18 7:49:40:875 Level[NOTICE] magic[2238449952 11279]:Begin add DNS request , callback=CCAA8295, data=C3574CA0
12-17 22:51:29.777  1795  1795 I MQoS    : onSignal: mSubId=0,currDataSubID=0
12-18 00:18:37.813  2852  2852 D NetWorkUtils: mVSimCurCardType is -1
12-17 22:35:54.360  1795  1795 D WifiProJNI: send_cmd_kernel: cmd=1
12-18 09:45:23.329  2852  2852 I PhoneStatusBar: updateNotificationShade
12-17 20:23:36.530  5224  5283 I Step_HSNH: 20002302|upDateHealthNotification()|136|4.52|6351
12-17 23:25:37.851  2852  3556 I NetworkController.MobileSignalController(0): 	to: connected=true,enabled=true,level=4,inetCondition=1,iconGroup=IconGroup(4G),activityIn=false,activityOut=false,rssi=0,lastModified=12-17 11:25:35,isRoaming=false,dataSim=true,networkName=中国移动,networkNameData=中国移动,dataConnected=true,isDefault=true,isEmergency=false,airplaneMode=false,carrierNetworkChangeMode=false,userSetup=true
12-18 19:50:48.987  3218  3218 I QImsService: ImsServiceSub : broadcastVopsSsacIntent Vops = true , Ssac = false
12-17 22:36:06.537  3180  3180 E libc    : Access denied finding property "persist.sys.smart_power"
12-17 23:02:47.124   633 31870 I SDK     : 
12-18 14:11:23.707  5157  5157 D test    : sending:{"handlerName":"getRegisteredJsHandler","callbackId":"java_cb_1","data":null}
12-18 08:15:03.155   633   692 I TCP     : msg.recv{4490} TcpClientThread.onRecv(TcpClientThread.java:515) TCP Msg 28TCP_OK
12-17 23:55:38.127  3626  3626 E PTM.FileNodeInfo: getTempInfo error: null, 0
12-18 09:17:06.597  3180  3332 I DeviceMonitor: last release audio mix uid:10105 pid:-2
12-17 22:26:52.024  2852  2852 I StatusBarIconView: updateTint: tint=1
12-17 20:27:42.846  3626  3753 I LogCollectService: msg = 103 received
12-17 21:32:26.379  3626  3626 E PTM.FileNodeInfo: getTempInfo error: null, 0
12-17 22:53:52.570  2852  2852 I HwMobileSignalController: notifyListenerHuawei::origin typeIcon:2130839195 icons.mName:4G isSuspend:false, showDataIcon=true, dataConnected=true, isRoaming=false
12-18 10:41:16.036  2852  2852 W PanelView: set notification panel padding = 1914
12-17 22:30:34.504  1534  5225 I HwOUC   : [Thread-4-5843]isAllFirmwareSwitchBeginUnderAB is false(hwouc/HwOucUtility.java:4744)
12-17 21:25:59.872   633 31868 I SDK     : <2016-12-17 21:25:59> [NOTICE] SDK: UE-SeC 2016-12-17 21:25:59:872 Level[NOTICE] magic[3365677344 2549]:Send switch tunnel msg ok,mode is [3],now mode is[3]!
12-17 23:19:26.867   633 31870 I SDK     : 
12-18 14:13:02.869  5157  5157 I chromium: [INFO:CONSOLE(1)] "Uncaught ReferenceError: WebViewJavascriptBridge is not defined", source:  (1)
12-18 15:56:01.367  3879  3879 I HwLauncher: Model  onReceive intent=Intent { act=android.intent.action.TIME_TICK flg=0x50000014 (has extras) }
12-18 10:16:23.652  1795 31155 D PFW.HwPFWAppWakeLockPolicy: getUidWakeLock uid: 10029 wakelock(minutes): 0
12-17 21:58:22.211  3608  3608 D InCall  : InCallActivity - onPause()...
12-18 14:11:09.387  5157  5157 I chromium: [INFO:CONSOLE(1)] "Uncaught ReferenceError: WebViewJavascriptBridge is not defined", source:  (1)
12-18 18:29:52.593  1795  1795 V NotificationService: disableEffects=null canInterrupt=false once update: false
12-18 14:11:12.408  1795  6038 W WifiMonitor: couldn't identify event type - WPS-AP-AVAILABLE 
12-17 23:22:29.080   802   802 E Thermal-daemon: [Thermal_Hw] temperature_valid, battery : temperature is invalid, invalid temperatrue is 30
12-17 23:00:58.373   633 31870 I SDK     : 
12-17 21:51:17.445  1795  2737 W WifiProJNI: poll before: g_monitor_fd =310
12-17 22:31:10.925  3858  4126 I amsnl   : t:false, fl: false, p: 2147483647000, ce: true, we: false
12-17 19:42:43.283  1795  2323 E UsbDeviceManager: 	at android.os.FileUtils.readTextFile(FileUtils.java:267)
12-17 19:34:56.304  1795  2709 I ActivityManager_service: retrieveServiceLocked, callerApp: ProcessRecord{34bf34f 0:system/1000}, flags: 10000400
12-17 19:31:44.668  2852  2852 I SignalClusterView: mWifiVisible is:truemWifiStrengthId is:2130839427mWifiDescription is:WLAN 信号强度满格。
12-18 15:42:15.076  3858  4126 I amsnl   : csr
12-17 23:21:03.248  1795 16498 D PowerManagerService: ready=true,policy=3,wakefulness=1,wksummary=0x1,uasummary=0x1,bootcompleted=true,boostinprogress=false,waitmodeenable=false,mode=true,manual=33,auto=-1,adj=0.0userId=0
12-17 20:45:55.778  1795  2748 D HwAmbientLuxFilterAlgo: t=124709475,BT=124710475,DT=124713475,BT1=124713475,DT1=124717475,Bn=false,Dn=false,lx=[9.0/124707971, 9.0/124708272, 9.0/124708573, 9.0/124708874, 9.0/124709174, 10.0/124709475],mLx=5.0,s=5.0,ss=0.007462686,AuIntervened=false,mProximityState=false,bLux=15.0,dLux=0.0,bLux1=15.0,dLux1=0.0
12-18 16:01:09.264  2852  2852 W PanelView: HwPanelView restoreDrawState
12-18 08:25:39.814  1795  2736 E hwintelligencewifi: isMonitorCellId mInfos.size() = 132
12-17 21:26:10.275  1795  3364 I SendBroadcastPermission: action:android.media.STREAM_MUTE_CHANGED_ACTION, mPermissionType:0
12-18 07:42:46.780  7741  7758 D TmoMonitor: Cache monitor msg as screen_off
12-18 00:18:58.783  3218  3218 I SendBroadcastPermission: action:org.codeaurora.VOIP_VOPS_SSAC_STATUS, mPermissionType:0
12-18 08:37:59.751  1795  1825 D Sensors : pa2240-proximity calling driver setDelay 200 ms
12-18 07:57:12.915  1795  6988 W ActivityManager: Sending non-protected broadcast com.android.keyguard.keyguardlocked from system 2852:com.android.systemui/u0a33 pkg com.android.systemui
12-17 23:23:58.949  2852  2852 I BadgedIconHelper: isCloneProcess = false
12-17 19:56:43.148  1795  2750 D HW_DISPLAY_EFFECT: presently, hw_update_color_temp_for_rg_led interface not achieved.
12-18 12:38:55.499  1795  3237 I WindowManager: rotationForOrientationLw(orient=-1, last=0); user=0 
12-18 14:15:20.832 31949 31967 I PushService: tcp.conn{4787} ServiceC.connectedNotify(ServiceC.java:289) 45.249.213.63
12-18 10:45:04.736   633 32131 E SDK     : <2016-12-18 10:45:04> [ERR] SDK: UE-SeC 2016-12-18 10:45:4:736 Level[ERR] magic[2160535840 1523]:sdkmdm: NULL == pstHash
12-18 15:34:47.388  1795  1795 I NotificationManager: enqueueNotificationInternal: n.getKey = 0|com.android.browser|1482346485|null|10029
12-17 21:26:29.996  5224  5283 I Step_DataCache: 20002302|getTodayTotalSteps 7010
12-18 19:25:23.743  2852  2852 D HwCust  : Create obj success use class android.app.HwCustNotificationImpl
12-18 14:13:06.336  5157  5157 W cr_BindingManager: Cannot call determinedVisibility() - never saw a connection for the pid: 5157
12-18 09:09:45.196  2852  2852 I TrafficPanelViewContent: onShowStatusChange show:false
12-17 21:32:25.141  1795  1825 D AutomaticBrightnessController: ambient lux=2.0,timeStamp =450081504162000
12-17 21:13:13.609   633 31868 I SDK     : 
12-17 21:48:20.169  1795  2750 I PowerManager_screenOn: DisplayPowerState Updating screen state: state=ON, backlight=156
12-18 19:25:24.785  2852  2852 I StackScrollAlgorithm: updateDimmedActivatedHideSensitive overlap:false
12-17 21:58:38.297 31949 31967 I TCP     : WatchThread{4786} TcpClientThread.connect(TcpClientThread.java:52) will connect to uc.huawei.com:7801
12-17 21:16:38.263  1795  1795 I MQoS    : received cell-signal:5
12-17 21:36:44.820  2852  2852 I StackScrollAlgorithm: updateClipping isOverlap:false
12-17 21:53:30.608  1795  2371 E LightSensor: read Events lux:  7.0
12-17 21:58:40.003   818  1152 I logserver: handle_exception_events enter
12-18 14:11:41.768  6673  6689 I ChinaUploader: key: nsp-ts
12-18 14:37:27.178  1795  2323 D HwBatteryService: onUEvent fcpStatus = 0,scpStatus =0,ovpStatus=0
12-18 14:10:52.063  5994  5994 D wpa_supplicant: WPS: attr type=0x1011 len=24
12-18 17:32:57.766  1795  3884 V SecInputMethodManagerService: Client requesting input be hidden, pid=4492
12-18 14:10:49.608  2852  2852 D HwCustMobileSignalControllerImpl: isCurrentBySim()=false
12-17 23:01:50.776  2852  2852 I StatusBarWindowManager: apply skiped :0
12-18 17:30:18.457  5224  5283 I Step_ExtendStepDataManager: 20002302|before compensate: cache step_13626
12-18 19:49:12.956  1795 15987 I WindowManger_keyguard: **** SHOWN CALLED ****
12-17 23:27:05.523  2852  2852 D NetWorkUtils: is3GCalling is false,mCdmaSlot is -1
12-17 22:38:47.232   633 31870 I SDK     : <2016-12-17 22:38:47> [WARN] SDK: UE-SeC 2016-12-17 22:38:47:232 Level[WARN] magic[3362781472 684]:PubEvt_Close Getting a socket[97] from the Socket-table Failed!
12-17 21:41:09.890   633 31870 I SDK     : <2016-12-17 21:41:09> [WARN] SDK: UE-SeC 2016-12-17 21:41:9:890 Level[WARN] magic[3362781472 684]:PubEvt_Close Getting a socket[23] from the Socket-table Failed!
12-18 18:27:37.474  2852  2852 I BadgedIconHelper: isCloneProcess = false
12-17 23:30:34.510  2852  2852 D HwCustMobileSignalControllerImpl: isCurrentBySim()=false
12-17 21:52:55.459  1795  1795 D HwConnectivityService: pluggedStatus: 0
12-17 23:34:04.076   633   692 I eSpaceService: Thread-1999{6689} LoginC.connectToServerThread(LoginC.java:470) getLocalIp = 10.21.98.163
12-18 00:18:58.785  2852  2852 D HwCustMobileSignalControllerImpl: isCurrentBySim()=false
12-17 21:27:04.175  1795 17832 D NetdConnector: SND -> {11778 bandwidth gettetherstats}
12-17 19:31:51.304  3466  3466 I Contacts: DialpadFragment mBroadcastReceiver action:android.intent.action.SCREEN_OFF
12-17 21:12:29.496  2852  2852 D HwCustMobileSignalControllerImpl: isCurrentBySim()=false
12-17 21:50:48.529  3382  3399 D QcrilMsgTunnelSocket: Rcvd UNSOL response with 52 bytes data for SUB0
12-18 07:54:04.552  1795 11747 W ActivityManager: getRunningAppProcesses: caller 10102 does not hold REAL_GET_TASKS; limiting output
12-18 14:11:28.452  5157  5157 D test    : sending:{"handlerName":"getRegisteredJsHandler","callbackId":"java_cb_1","data":null}
12-18 14:15:20.962  7784  7806 I OUC_COTA: [CheckNewVersionThread-6206] query IS_SUWIFI P_version is:03.00.001(/XmlManager.java:373)
12-18 09:21:17.632  3858  4126 I amsnl   : csr
12-17 21:25:55.875 31949 31967 I ECS     : msg.recv{4791} XmlMsg.decodeBuf(XmlMsg.java:237) RECV 663 bytes [12]_00_03_02_05_01_04_81_F4_8A_7C_56_04 cmdCode(CC_PCheckVersion.0x0501)msgType(MT_ACK.2)msgClass(MC_Push.5)sender(ST_Mobile.0)crypted(false)zipped(false)nobase64(true)length(659)version(3)sno(81F4)
12-17 21:32:17.274   633 31870 I SDK     : 
12-18 18:23:32.567  2852  2852 I HwNotificationIconAreaController: showNotificationAll
12-18 18:25:04.325  1795 11747 V InputMethodManagerService: Client requesting input be hidden, pid=4492
12-17 19:31:40.245  2852  2852 W HwPhoneLayoutInflater: onCreateView : ClassNotFoundException, In this case we want to let the base class take a crack at it
12-18 00:20:23.969  2852  2852 D NetWorkUtils: is3GCalling is false,mCdmaSlot is -1
12-18 11:07:06.122  3168  3307 W System.err: 	at com.huawei.android.chr.qcom.QcomModemInfoCollector.getHardWareVersion(QcomModemInfoCollector.java:1462)
12-18 15:33:23.656 10762 10778 I HwOUC   : [Binder:10762_1-6273]isMainUser myUserId is 0;isMainUser is true(hwouc/HwOucUtility.java:5031)
12-18 08:12:59.737  2852  3556 I NetworkController.MobileSignalController(0): Change in state from: connected=true,enabled=true,level=5,inetCondition=1,iconGroup=IconGroup(4GPLUS),activityIn=false,activityOut=false,rssi=0,lastModified=12-18 08:12:57,isRoaming=false,dataSim=true,networkName=中国移动,networkNameData=中国移动,dataConnected=true,isDefault=true,isEmergency=false,airplaneMode=false,carrierNetworkChangeMode=false,userSetup=true
12-18 14:11:31.621  1795  2671 I SendBroadcastPermission: action:android.net.wifi.SCAN_RESULTS, mPermissionType:0
12-17 22:30:35.554   633 31870 I SDK     : 
12-17 21:58:37.749  3608  3608 D InCall  : InCallPresenter - onActivityStopped
12-17 21:26:50.385  5224  5224 I Step_LSC: 20002302|logicalDealBroadcastEvent : Intent { act=android.intent.action.SCREEN_ON flg=0x50000010 }
12-17 22:39:05.016  1795  1819 I InputDispatcher: InputDispatcher::monitor frozen check!
12-17 19:35:44.962  1795  1819 I EventHub: monitor check touch devices
12-17 23:17:54.663   633 31867 I SDK     : <2016-12-17 23:17:54> [NOTICE] SDK: UE-SeC 2016-12-17 23:17:54:661 Level[NOTICE] magic[3368294688 1013]:s(0, 0),r(0, 0)in 20s;vsock(170437B, 13448B, 0, 0), sock(1097, 1139, 0, 0), times(41, 0, 254, 67), delay(0, 0)ms, m(0, 6144)KB, p:48972, s:48972, t(199, 1, 41264B, 67234B), u(0, 1, 221430B, 60322B), c(2469, 3039, 0, 0), e(85882, 2129)/(1735, 2129), k:92, d(777, 866), de(0), s(online, 2, 1), SSL(0), UDP(0), r_d(0), s_d(0), c_d(0), dur(1608 m), vs(0, 0, 0), sysFM(0 KB), ls(2302, 2302),bypass[0]:[0]
12-18 14:36:02.897  5224  5283 I Step_LSC: 20002302|MSG_RECORD_DATA_TO_FILE datas.size()=9516
12-18 09:26:01.369   633 31870 I SDK     : <2016-12-18 09:26:01> [WARN] SDK: UE-SeC 2016-12-18 9:26:1:369 Level[WARN] magic[3362781472 684]:PubEvt_Close Getting a socket[96] from the Socket-table Failed!
12-18 16:01:08.948  2852  2852 I HwSignalClusterView: getOrInflateState subId:0
12-18 16:01:09.206   633 14398 E SDK     : 
12-18 00:03:16.205  1795  1795 I MQoS    : received cell-signal:1
12-17 20:37:50.039 24802 24802 I nativeProcess: iqiyi message: ==== do something  executeCmd isProcessExist true =====
12-18 17:58:47.146  1795  2323 E UsbDeviceManager: 	at android.os.UEventObserver$UEventThread.run(UEventObserver.java:187)
12-18 10:41:04.138  1046  1046 V APM_AudioPolicyManager: selectOutput() commonFlags for output 21, 0001
12-18 18:27:55.546  1795  1795 I NotificationManager: cancelNotificationLocked:0|com.sankuai.meituan|2147483647|null|10146
12-18 08:13:04.717  2852  2852 D HwCustMobileSignalControllerImpl: sub =0,strMccMnc =null,hashMccMnc =[],strPlmn =hw_hspap_show_4g
12-17 22:01:46.924   835   835 E libteec : begin
12-17 21:32:24.012  2852  2852 I StatusBarIconView: updateTint: tint=0
12-18 01:56:23.592  3858  4126 I amsnl   : m1: false
12-18 15:33:30.283 10334 10334 D wpa_supplicant: WPS: attr type=0x1044 len=1
12-17 19:58:39.234  1795  2671 I ActivityManager_broadcast: Enqueueing ordered broadcast[background] BroadcastRecord{4b31bdc u-1 android.net.wifi.supplicant.STATE_CHANGE}: prev had 2
12-17 19:31:40.272  1795  2326 W HwFingerprintService: setLivenessSwitch:start
12-17 21:32:22.841  2852  2852 I BarTransitions.HwPhoneStatusBarView: transitionTo: mode=MODE_OPAQUE, animate=false
12-18 11:03:24.978  1795 16500 D PowerManagerService: ready=true,policy=0,wakefulness=0,wksummary=0x1,uasummary=0x0,bootcompleted=true,boostinprogress=false,waitmodeenable=false,mode=true,manual=33,auto=-1,adj=0.0userId=0
12-18 11:30:59.147  2852  2866 I MonitorImpl: onChange com.huawei.keyguard.events.MessageMonitor@f2dcc63
12-18 08:17:14.599  2852  3344 I CommandQueue: updateBarBgColor
12-18 15:34:14.905  3879  3879 V AudioManager: querySoundEffectsEnabled...
12-18 18:26:04.354  1795  3111 V SecInputMethodManagerService: Client requesting input be hidden, pid=4492
12-18 15:33:26.038  9017 10504 E TAG     : 	at java.util.concurrent.ThreadPoolExecutor.runWorker(ThreadPoolExecutor.java:1133)
12-18 15:36:50.203  1795  2733 D WiFi_PRO_EvaluateController: updateEvaluate Level  succeed!.new Level = 2
12-17 21:26:55.952  1795  1825 D AutomaticBrightnessController: ambient lux=20.0,timeStamp =449752315052000
12-18 14:08:22.294  1795 11745 D HwActivityManagerService: handleANRFilterFIFO,uid = 10113cmd = 1
12-18 18:25:18.693  1795  3253 V SecInputMethodManagerService: Client requesting input be hidden, pid=4492
12-18 07:15:52.225  1795  1795 D HwConnectivityService: CtrlSocket getMobileDataEnabled = false
12-18 08:13:42.852  1795 11746 D PowerManagerService: release:lock=104755983, flg=0x0, tag="RILJ_ACK_WL", name=com.android.phone", ws=null, uid=1001, pid=3218
12-17 22:26:55.239  1795  1795 I AlarmManager: set(null) : type=2 triggerAtTime=455151602 win=1350000 tElapsed=455151602 maxElapsed=456501602 interval=0 flags=0x8
12-18 18:23:29.775  1046  1125 D soundtrigger: audio_extn_sound_trigger_update_stream_status: uc_id 1 of type 0 for Event 3, with Raise=0
12-18 08:12:21.343  1795 16232 D PowerManagerService: Acquiring suspend blocker "PowerManagerService.WakeLocks".
12-18 07:42:28.907   835   835 I fingerprintd: FingerprintDaemonProxyEx::onTransact, code:7
12-17 22:00:00.674  1795  2323 E UsbDeviceManager: Error reading charge file
12-18 18:33:19.772  1795  2323 E UsbDeviceManager: java.io.FileNotFoundException: sys/class/hw_power/charger/charge_data/water_intrused (No such file or directory)
12-17 22:26:52.331  2852  3361 I vol.VolumeDialogControl: C onScreenOff 
12-18 18:23:57.907  1795  2381 D libfingersense_wrapper: fingersense_classify_touch() finished
12-18 14:07:30.706  2852  2852 D HwCustMobileSignalControllerImpl: isCurrentBySim()=false
12-18 00:12:21.939  2852  2852 I HwSignalClusterView: getOrInflateState subId:0
12-18 14:13:55.755  5157  5157 D test    : sending:{"handlerName":"getRegisteredJsHandler","callbackId":"java_cb_1","data":null}
12-18 07:51:58.836  1795  3304 E LocSvc_api_v02: I/---> locClientSendReq line 2069 QMI_LOC_GET_BEST_AVAILABLE_POSITION_REQ_V02
12-18 08:15:54.319  1795  1819 D Tethering: interfaceStatusChanged wlan0, false
12-18 18:24:42.103  1795  3110 I ActivityManager_broadcast: Enqueueing ordered broadcast[background] BroadcastRecord{549adc9 u0 com.tencent.mm.plugin.openapi.Intent.ACTION_HANDLE_APP_REGISTER}: prev had 0
12-17 22:45:37.729  2852  2852 D HwCustMobileSignalControllerImpl: isCurrentBySim()=false
12-17 22:27:13.404  2883  2996 E HwSystemManager: SimCardMethod:/getSimCardInfo: imsi is null
12-18 17:36:26.237  3858  4126 I amsnl   : csr
12-17 21:34:31.597   802   802 E Thermal-daemon: [Thermal_Hw] temperature_valid, battery : temperature is invalid, invalid temperatrue is 23
12-18 15:32:56.590  3782  3782 W DPMJ    : |SERVICE| If apn type is default ->default
12-17 19:56:19.279  5215  5215 D wpa_supplicant: wlan0: Control interface command 'PKTCNT_POLL'
12-17 20:18:54.646  4492  4492 E HW-JPEG-DEC: [HME_JPEG_DEC_Delete](3298): HME_JPEG_DEC_Delete: decoder_ctx=null
12-17 20:01:32.358  1795 17832 D Tethering: upstreamIfaceTypes.add:1
12-17 21:58:32.496  1795  1821 I WindowManger_keyguard: Setting mDismissKeyguard true by win Window{e6a6b5e u0 com.android.incallui/com.android.incallui.InCallActivity}
12-18 08:18:22.818  2852  2852 I SlideTouchEvent: handleTouchEvent:MotionEvent { action=ACTION_DOWN, actionButton=0, id[0]=0, x[0]=285.0, y[0]=119.0, toolType[0]=TOOL_TYPE_FINGER, buttonState=0, metaState=0, flags=0x0, edgeFlags=0x0, pointerCount=1, historySize=0, eventTime=137472155, downTime=137472155, deviceId=10, source=0x1002 }
12-17 20:15:42.794   633 31870 I SDK     : 
12-18 06:26:32.514  1795 16498 D PowerManagerService: acquire lock=244947783, flags=0x1, tag="RILJ_ACK_WL", name=com.android.phone, ws=null, uid=1001, pid=3218
12-17 19:58:57.767  1795 16499 I PGManagerService: proxyWakeLockByPidUid, pid: 4634, uid: 10105, proxy: false
12-18 16:04:27.059  3180  3578 I ash     : has widget app: com.android.gallery3d
12-18 00:22:35.895  1795  2748 D HwAmbientLuxFilterAlgo: t=134844205,BT=134845205,DT=134848205,BT1=134848205,DT1=134852205,Bn=false,Dn=false,lx=[0.0/134842701, 0.0/134843002, 0.0/134843302, 0.0/134843603, 0.0/134843904, 0.0/134844205],mLx=0.0,s=5.0,ss=0.0,AuIntervened=false,mProximityState=false,bLux=6.0,dLux=-1.0,bLux1=6.0,dLux1=-1.0
12-18 07:39:47.421  2852  2852 I HwSignalClusterView: apply hwPhoneState.mSubId:0 anyMobileVisible:false mIsAirplaneMode:false, mobileGroupVisible=true
12-18 17:43:33.690 18184 18184 D HwIntelligent3_BitmapUtil: bmp is null : false
12-18 19:49:57.666   606  2379 E libteec : qsc_send_cmd finish
12-18 17:32:21.976  2852  3556 D NetworkController.MobileSignalController(0): mSimSubId:0 onDataActivity: direction=0
12-17 21:47:07.496  2852  2852 D DateTimeView: Change to single clock mode!
12-18 09:11:15.754  1795  2750 D HW_DISPLAY_EFFECT: presently, hw_update_color_temp_for_rg_led interface not achieved.
12-17 22:32:05.949  2852  2852 I HwSignalClusterView: getOrInflateState subId:0
12-18 15:29:38.853  3858  4126 I amsnl   : m1: false
12-18 07:42:41.175  2852  2914 I HwMobileSignalController: updateSignalStrength: signalStrength=SignalStrength: -1 0 -1 255 -1 255 -1 255 255 21 -97 -7 182 2147483647 2147483647 false gw|lte
12-18 09:20:00.531  3626  4889 E PTM.FileNodeInfo: getTempInfo error: null, 0
12-17 20:32:46.769  2852  2852 D NetWorkUtils: is3GCalling is false,mCdmaSlot is -1
12-17 21:14:43.298   633   692 I TCP     : msg.recv{4490} TcpClientThread.onRecv(TcpClientThread.java:515) TCP Msg 79TCP_OK
12-18 14:12:44.145  5157  5157 D test    : sending:{"handlerName":"getRegisteredJsHandler","callbackId":"java_cb_1","data":null}
12-18 18:23:26.233  1795  6988 D HwPFWLogger: AutoStartupDataMgr:isUnderControll third party not in whitelist: com.netease.newsreader.activity
12-18 16:01:08.932  2852  2914 I HwMobileSignalController: updateSignalStrength: signalStrength=SignalStrength: -1 0 -1 255 -1 255 -1 255 255 23 -96 -9 162 2147483647 2147483647 false gw|lte
12-18 12:38:55.810  2852  2852 I StackScrollAlgorithm: overlapAmount:215.6, previousNotificationEnd:414.0, newYTranslation:198.4, location:8, i:2, getTopPadding:499.0, getLocationOnScreen():-372
12-18 17:37:22.752  2852  2852 I HwSignalClusterView: setMobileDataIndicatorsHuawei subId:0 visible:true strengthIcon:2130839311 typeIcon:2130839195 contentDescription:手机信号满格。 typeContentDescription:4G isTypeIconWide:true showActivity:true activityIn:true activityOut:true isRoaming:false
12-18 12:44:44.610   802   802 E Thermal-daemon: Report temperature: [pa_0] temp :31  report_threshold:1
12-17 19:31:45.318  2852  2852 I StatusBarIconView: updateTint: tint=0
12-18 14:12:10.069  5157  5157 W cr_BindingManager: Cannot call determinedVisibility() - never saw a connection for the pid: 5157
12-17 20:01:32.552  3218  4159 E HW-JPEG-DEC: [HME_JPEG_DEC_Delete](3298): HME_JPEG_DEC_Delete: decoder_ctx=null
12-17 23:47:04.283  2852  2852 V KeyguardUpdateMonitor: RefreshBatteryInfo isBatteryLow: 100
12-17 20:31:01.527 31949 31967 I eSpaceService: WatchThread{4786} TcpCirChannel.connect(TcpCirChannel.java:219) Connect to server  address = [uc.huawei.com,]  port = 7801
12-18 10:52:06.540   827   542 E mm-camera: ois_process: OIS_GET_VIBRATE_STATUS
12-18 19:49:37.688  1795  3884 I qti_sensors_hal: 0x0, 0x0, 0x0, 0x0
12-18 17:42:35.376  2852  3556 I NetworkController.MobileSignalController(0): 	to: connected=true,enabled=true,level=5,inetCondition=1,iconGroup=IconGroup(4GPLUS),activityIn=false,activityOut=false,rssi=0,lastModified=12-18 05:42:33,isRoaming=false,dataSim=true,networkName=中国移动,networkNameData=中国移动,dataConnected=true,isDefault=true,isEmergency=false,airplaneMode=false,carrierNetworkChangeMode=false,userSetup=true
12-18 17:41:20.398   835  2385 E libteec : qsc_decode end
12-18 09:11:54.794  2852  2852 I HwBrightnessUtils:  getSeekBarProgress isAutoMode:true current brightness:233 percentage:0.9503151
12-18 18:23:26.453  2852  2852 I StackScrollAlgorithm: updateClipping isOverlap:false
12-18 11:20:33.766  3218  3218 I QImsService: ImsServiceSubHandler : enter detectImsRegisterState, dataRegState=0, rilRat=2
12-17 21:27:04.621  3180  3578 I BacklightControl: can't adjust backlight when app launch from other scene.
12-18 07:30:20.320  2852  2852 I HwSignalClusterView: setMobileDataIndicatorsHuawei subId:0 visible:true strengthIcon:2130839311 typeIcon:2130839195 contentDescription:手机信号满格。 typeContentDescription:4G isTypeIconWide:true showActivity:true activityIn:true activityOut:true isRoaming:false
12-18 15:32:57.975 10334 10334 D wpa_supplicant: P2P: Disabling Extended Listen Timing
12-17 21:34:36.317  5224  5283 I Step_DataCache: 20002302|getTodayTotalSteps 8145
12-17 20:17:57.921   633 31870 I SDK     : <2016-12-17 20:17:57> [WARN] SDK: UE-SeC 2016-12-17 20:17:57:921 Level[WARN] magic[3362781472 684]:PubEvt_Close Getting a socket[87] from the Socket-table Failed!
12-18 08:32:09.139  7194 27749 I PushLog2824: [SocketRead_08:32:03-14309]received a msg cmdId:DB(android/null:-1)
12-18 15:32:56.481   633 31870 I SDK     : <2016-12-18 15:32:56> [WARN] SDK: UE-SeC 2016-12-18 15:32:56:481 Level[WARN] magic[3362781472 684]:PubEvt_Close Getting a socket[5] from the Socket-table Failed!
12-17 22:51:14.145  1795  3957 E IzatSvc_OSObserver: I/LocTech-Label :: OSOBSERVER :: Data Items In
12-18 14:11:29.490  5157  5157 I chromium: [INFO:CONSOLE(1)] "Uncaught SyntaxError: Unexpected token var", source:  (1)
12-17 20:31:02.666 31949 31967 I TCP     : tcp.conn{4787} TcpClientThread.onRecv(TcpClientThread.java:522) tcp connection event TCP_UNREACHABLE
12-17 21:32:41.133   935   935 E Parcel  : Reading a NULL string not supported here.
12-18 18:32:41.349  3382  3399 D QcrilMsgTunnelSocket: Rac Change (PDC) data: [-1, -1]
12-18 10:54:49.747  2852  2852 V KeyguardSecurityView: Container check 2132017669 <-> 2132017669
12-18 19:50:14.429  3180  3578 D PgedBinderAdapter: frz ok, pid: [17205]
12-17 21:25:54.994   633 31868 E SDK     : 
12-18 09:47:40.431  2852  2852 I HwPhoneStatusBar: updateNotificationShade
12-18 14:21:29.884  3382  3399 D QcrilMsgTunnelSocket: Rac Change (PDC) data: [-1, -1]
12-17 21:58:21.661  2852  2852 D KeyguardViewMediator: handleNotifyScreenTurningOn
12-18 14:11:31.589  5994  5994 D wpa_supplicant: WPS: attr type=0x1054 len=8
12-18 14:10:52.713  5994  5994 D wpa_supplicant: WPS: attr type=0x103c len=1
12-18 14:11:02.422  5994  5994 D wpa_supplicant: WPS: attr type=0x1044 len=1
12-18 00:15:45.793  3858  4126 I amsnl   : m1: false
12-17 23:13:44.992   633 31870 I SDK     : 
12-18 07:34:29.747  1795  2748 D HwAmbientLuxFilterAlgo: earliestValidTime + POWER_ON_BRIGHTENING_LIGHT_DEBOUNCE
12-18 07:57:54.396  2852  2852 I HwBrightnessController: updateSlider2 seekBarProgress:1474
12-17 20:25:21.786  3879  4071 I HwLauncher: BadgeContentObserver newBadgeNumber:1,oldBadgeNumber:0 mComponentName : ComponentInfo{com.tencent.mm/com.tencent.mm.ui.LauncherUI}
12-18 10:39:38.474 25067 31349 I BetaClub: [ReceiverUtils.launchOpenService]
12-17 22:30:37.738  3879  4071 I HwResourcesImpl: load icon id : 7f03003f, pkgName : com.huawei.espacev2
12-17 20:23:56.086  2852  2852 I HwSignalClusterView: apply hwPhoneState.mSubId:0 anyMobileVisible:false mIsAirplaneMode:false, mobileGroupVisible=true
12-17 21:34:21.492  2852  2852 D HwCust  : Create obj success use class android.app.HwCustNotificationImpl
12-18 14:09:25.583  1795 15987 D HwActivityManagerService: handleANRFilterFIFO,uid = 10113cmd = 0
12-18 00:24:22.576  2852  2852 D HwCustMobileSignalControllerImpl: isCurrentBySim()=false
12-18 10:55:28.651  1795  1795 I qti_sensors_hal: read from oem info: data_readback
12-18 14:08:22.983  2852  2852 D NetWorkUtils: is3GCalling is false,mCdmaSlot is -1
12-18 17:33:03.159  2852  3344 D KeyguardViewMediator: notifyScreenTurnedOff
12-17 21:58:47.094  1795  2671 D WifiStateMachine:  InitialState CMD_SET_SUSPEND_OPT_ENABLED  rt=127592533/451663457 1 0
12-17 23:57:42.500  3879  3879 I HwLauncher: Launcher.Folder childCount: 6
12-18 15:37:58.178 10334 10334 D wpa_supplicant: WPS: attr type=0x1008 len=2
12-17 21:26:03.801  2852  2852 D NetWorkUtils: is3GCalling is false,mCdmaSlot is -1
12-18 00:03:54.472   633   692 I TupC30  : msg.recv{4490} TupHelper.configSip(TupHelper.java:1027) SBC:45.249.213.23
12-18 15:35:33.269 10334 10334 D wpa_supplicant: WPS: attr type=0x1042 len=7
12-18 07:29:54.898  1795  2381 D libfingersense_wrapper: fingersense_touch_up() finished
12-18 10:51:03.823  1795  1795 V NotificationService: disableEffects=null canInterrupt=false once update: false
12-18 07:15:52.176  1795  1825 D PowerManagerService: Releasing suspend blocker "PowerManagerService.Display".
12-17 20:44:00.443   816 26425 D DnsProxyListener: GetAddrInfoHandler addr: apilocate.amap.com {307, 917811, 10017} 106.11.13.1
12-17 19:31:56.253  5215  5215 E wpa_supplicant: bssid=00:26:f2:1b:9d:b2;freq=2437;level=-65;flags=11;ssid=NTPC02;
12-18 09:11:05.527   633 31870 I SDK     : <2016-12-18 09:11:05> [WARN] SDK: UE-SeC 2016-12-18 9:11:5:527 Level[WARN] magic[3362781472 684]:PubEvt_Close Getting a socket[27] from the Socket-table Failed!
12-18 15:32:57.877 10334 10334 D wpa_supplicant: wlan0: Control interface command 'GET_NETWORK 2 ssid'
12-18 17:37:40.578  1795  1795 I MQoS    : rtt=720,tcp_tx_pkts=1583138,tcp_rx_pkts=1843504
12-17 21:50:14.249  1795  3253 I NotificationManager: enqueueNotificationInternal: pkg=com.huawei.health id=10010 notification=Notification(pri=0 contentView=null vibrate=null sound=null defaults=0x0 flags=0x2 color=0x00000000 vis=PRIVATE)
12-17 20:43:35.836  2852  2852 D HwCustMobileSignalControllerImpl: isCurrentBySim()=false
12-17 20:53:07.868  3879  4071 W CfgFilePolicy: No config file found for:/themes/diff/icons
12-18 15:27:48.177   633 31870 I SDK     : <2016-12-18 15:27:48> [WARN] SDK: UE-SeC 2016-12-18 15:27:48:176 Level[WARN] magic[3362781472 684]:PubEvt_Close Getting a socket[170] from the Socket-table Failed!
12-18 17:56:16.755  1795  1795 D HwConnectivityService: CtrlSocket getMobileDataEnabled = true
12-18 19:49:21.844  7741  7741 D HwCust  : Create obj success use class com.android.mms.data.HwCustConversationImpl
12-18 17:40:18.372  2852  2852 I HwSignalClusterView: setMobileDataIndicatorsHuawei subId:0 visible:true strengthIcon:2130839311 typeIcon:2130839195 contentDescription:手机信号满格。 typeContentDescription:4G isTypeIconWide:true showActivity:true activityIn:false activityOut:false isRoaming:false
12-17 20:51:53.950  2852  2852 D NetWorkUtils: is3GCalling is false,mCdmaSlot is -1
12-18 19:25:27.669  1795  2380 I PowerManager_screenOn: PowerManagerNotifier onUserActivity: event=2, uid=1000
12-17 20:25:52.313  2852  2852 D StepCounterView: onStepCounterChange stepsNum:6478
12-17 21:27:50.000  1795  2323 E UsbDeviceManager: 	at android.os.UEventObserver$UEventThread.sendEvent(UEventObserver.java:210)
12-18 14:14:12.882  3218  3422 I PhoneInterfaceManager: shouldBlockLocation  ret:false
12-18 14:15:18.237  1795  2709 I ActivityManager_service: retrieveServiceLocked, callerApp: ProcessRecord{34bf34f 0:system/1000}, flags: 10000400
12-17 23:07:39.381  1795  1795 I MQoS    : onSignal: mSubId=0,currDataSubID=0
12-18 19:49:55.341   633 26027 I SDK     : <2016-12-18 19:49:55> [NOTICE] SDK: UE-SeC 2016-12-18 19:49:55:341 Level[NOTICE] magic[1866709280 2756]:WriteSdkGroupItem: hash has same item[HW_AD_MDM_PASSWORD]
12-17 22:29:28.122  3626  3626 E PTM.FileNodeInfo: getTempInfo error: null, 0
12-18 15:27:03.290  3626  3626 E PTM.FileNodeInfo: getTempInfo error: null, 0
12-18 15:35:20.617  1795 16498 I NotificationManager: enqueueNotificationInternal: pkg=com.android.browser id=1610612739 notification=Notification(pri=0 contentView=null vibrate=null sound=null defaults=0x0 flags=0x200 color=0x00000000 groupKey=nf_type_1610612739 vis=PRIVATE)
12-17 22:31:37.434  1795 16498 I ActivityManager_broadcast: Enqueueing ordered broadcast[background] BroadcastRecord{787bb05 u0 com.tencent.mm.plugin.openapi.Intent.ACTION_HANDLE_APP_REGISTER}: prev had 0
12-17 20:36:04.401  2852  2852 I HwSignalClusterView: setMobileDataIndicatorsHuawei subId:0 visible:true strengthIcon:2130839311 typeIcon:2130839195 contentDescription:手机信号满格。 typeContentDescription:4G isTypeIconWide:true showActivity:true activityIn:true activityOut:true isRoaming:false
12-18 10:39:38.679  1795  3111 I PowerManager_screenOn: HwPhoneWindowManager has intercept Key : 3, isdown : true, flags : 72
12-17 20:51:05.644   633 31870 I SDK     : <2016-12-17 20:51:05> [WARN] SDK: UE-SeC 2016-12-17 20:51:5:644 Level[WARN] magic[3362781472 684]:PubEvt_Close Getting a socket[98] from the Socket-table Failed!
12-18 08:18:42.766  1795  2380 I PowerManager_screenOn: PowerManagerNotifier onUserActivity: event=2, uid=1000
12-18 10:06:15.331  1795  2376 W AlarmManager: mIsScreenOn is: false, WAKEUP alarm talarm.operation == null,package name is: android listenerTag is: DeviceIdleController.light creator uid is: 1000
12-18 00:17:18.557  3180  3578 I PacketsControl: not 3G net type. do nothing.
12-17 20:51:57.124 24266 24266 V chaunce : org.iqiyi.video.vote.b.aux.a()<-1> : checkVoteShowTime-->2180986
12-17 23:12:30.161  1795  2778 W ActivityManager: Sending non-protected broadcast org.codeaurora.VOIP_VOPS_SSAC_STATUS from system 3218:com.android.phone/1001 pkg com.android.phone
12-17 22:51:21.391  1795  3237 I SendBroadcastPermission: action:android.intent.action.SIG_STR, mPermissionType:0
12-18 15:36:33.454 12127 12127 D CubicBezierInterpolator: CubicBezierInterpolator  mControlPoint1x = 0.6, mControlPoint1y = 0.9, mControlPoint2x = 0.8, mControlPoint2y = 1.0
12-18 17:56:16.114  2852  2852 I ToggleSlider:  mSeekListener onProgressChanged progress:0 fromUser:false
12-17 19:48:16.353  2852  2852 I TrafficPanelViewContent: onShowStatusChange show:false
12-17 23:23:24.146   802   802 E Thermal-daemon: [Thermal_Hw] temperature_valid, battery : temperature is invalid, invalid temperatrue is 29
12-17 23:26:45.084  1795  2748 D HwAmbientLuxFilterAlgo: earliestValidTime + POWER_ON_BRIGHTENING_LIGHT_DEBOUNCE
12-18 14:11:23.219  5157  5157 D test    : sending:{"handlerName":"getRegisteredJsHandler","callbackId":"java_cb_1","data":null}
12-18 15:36:38.110 10334 10334 D wpa_supplicant: random pool - hexdump(len=128): [REMOVED]
12-17 23:13:37.679   832  1840 E Parcel  : Reading a NULL string not supported here.
12-18 14:10:51.389  3626  4015 I NCCHR_NcLogCollectServiceImpl: getUserType = 3
12-17 21:52:23.590  1795  1795 D HwConnectivityService: CtrlSocket restoreScrOnStatus
12-18 08:28:22.639  1795  1795 D WifiScanGenie_Controller: cellid has changed
12-18 15:58:48.868  1795  1795 D PowerManagerService: ready=true,policy=0,wakefulness=0,wksummary=0x0,uasummary=0x0,bootcompleted=true,boostinprogress=false,waitmodeenable=false,mode=true,manual=33,auto=-1,adj=0.0userId=0
12-18 18:31:00.005  2852  2852 I TimeManager: chinaDateTime:傍晚6:31
12-17 23:08:56.802  2852  2852 V KeyguardUpdateMonitor: RefreshBatteryInfo isBatteryLow: 91
12-17 19:55:56.637  2852  2852 I PhoneStatusBar: notifyUiVisibilityChanged:vis=0x8608, SystemUiVisibility=0x8608
12-17 21:53:32.658  3608  3608 D InCall  : InCallActivity - mScreenOnReceiver mCallEndOptionsDialog = null
12-18 08:23:01.716  1795  2750 D HW_DISPLAY_EFFECT: presently, hw_update_color_temp_for_rg_led interface not achieved.
12-18 14:11:30.743  1795  1819 D NetworkManagement: notifyInterfaceClassActivity: client is com.android.server.connectivity.Vpn$2@e40aefb
12-18 18:32:32.505  2852  2852 I BadgedIconHelper: isCloneProcess = false
12-18 09:24:50.486  1795 17831 I HwActivityManagerService: Split enqueueing broadcast [callerApp]:ProcessRecord{580cfb2 5224:com.huawei.health:DaemonService/u0a99}
12-18 14:12:35.211  1795  1795 I QosMonitor: resetRtt: rtt_type = 3
12-18 08:08:02.685  2852 23939 I WeatherUtils: getCurrentWeatherInfo currentTemperature is :15.0 mWeatherIcon Id is: 7
12-18 18:31:32.151  1795  1795 V NotificationService: disableEffects=null canInterrupt=false once update: false
12-18 10:06:09.930  3626  3626 E PTM.FileNodeInfo: getTempInfo error: null, 0
12-17 21:28:17.745  5224  5283 I Step_DataCache: 20002302|getTodayTotalSteps 7214
12-17 19:32:30.147  2852  2925 I EventCenter: ContentChange for slot: 1
12-17 19:32:08.183   835  2385 E libteec : receive data len = 128
12-17 21:29:18.148   802   802 E ThermalBinder: mThermalService is NULL!
12-17 22:30:33.889   828  5119 D QC-time-services: Daemon:genoff_opr: Base = 12, val = 1481985032000, operation = 0
12-18 07:46:41.661   633 31867 I SDK     : 
12-18 14:13:22.270  2852  2852 I TintImageView: sendEvent:action=1, flag=0
12-17 19:56:09.104  1795  3237 D HwInputMethodManagerService: hideSecSoftInput = false
12-17 20:01:32.284  1795  2665 D NetdConnector: RCV <- {600 Iface linkstate wlan0 down}
12-17 23:36:41.483   832   933 W AwareLog:defragd: delay_us exceeds max timeout: 499994367 us
12-18 07:31:02.929  1795  2748 D HwAmbientLuxFilterAlgo: earliestValidTime + POWER_ON_DARKENING_LIGHT_DEBOUNCE
12-17 22:02:01.633  1795  2332 I qti_sensors_hal: [ACC]processReportInd: X: 7.723248 Y: -6.055124 Z: -2.029725  x_offset:0.160831 y_offset:0.184366 z_offset:0.985027
12-18 14:09:48.210  5157  5157 D CubicBezierInterpolator: CubicBezierInterpolator  mControlPoint1x = 0.6, mControlPoint1y = 0.9, mControlPoint2x = 0.8, mControlPoint2y = 1.0
12-17 22:07:57.979  1795  1825 D PowerManagerService: ready=false,policy=3,wakefulness=1,wksummary=0x10,uasummary=0x1,bootcompleted=true,boostinprogress=false,waitmodeenable=false,mode=true,manual=33,auto=-1,adj=0.0userId=0
12-17 22:30:35.890   633 31870 I SDK     : 
12-18 12:39:34.526  2852  2852 I PhoneStatusBar: cancelAutohide
12-17 19:57:15.916 21403 21403 D BetaClub_LogUpload: [UploadReceiver.onNoTaskToRun] No task, start to kill process!
12-17 21:26:38.667  3168  3168 I CHR_ChrDataService: psFaultID= 1
12-18 14:14:29.812  1795  3237 I PowerManager_screenOn: HwPhoneWindowManager has intercept Key : 4, isdown : true, flags : 72
12-18 15:36:04.713  1795  6985 D HwActivityManagerService: handleANRFilterFIFO,uid = 10146cmd = 0
12-18 17:41:15.159  2852  2852 D HwCustMobileSignalControllerImpl: sub =0,strMccMnc =null,hashMccMnc =[],strPlmn =hw_customized_networkType_entry
12-17 20:51:06.246  3879  4071 E HW-JPEG-DEC: [HME_JPEG_DEC_Delete](3298): HME_JPEG_DEC_Delete: decoder_ctx=null
12-18 15:53:27.208  1795  2323 E UsbDeviceManager: 	at android.os.UEventObserver$UEventThread.sendEvent(UEventObserver.java:210)
12-18 05:26:30.568  1795  2376 I ActivityManager_broadcast: ordered broadcast[background] head:BroadcastRecord{196e033 u0 huawei.intent.action.IMS_SERVICE_STATE_CHANGED}
12-18 07:38:22.790  1795  2748 D HwAmbientLuxFilterAlgo: earliestValidTime + POWER_ON_BRIGHTENING_LIGHT_DEBOUNCE
12-17 22:36:09.311  2852  2852 I BarTransitions.HwPhoneStatusBarView: transitionTo: mode=MODE_TRANSLUCENT, animate=false
12-18 00:22:57.044  3858  4126 I amsnl   : c: true, w: false, t: false, l: false
12-18 14:12:13.514  5157  5157 I chromium: [INFO:CONSOLE(1)] "Uncaught SyntaxError: Unexpected token var", source:  (1)
12-18 03:56:27.663  3382  3399 D QcrilMsgTunnelSocket: Rac Change (PDC) data: [-1, -1]
12-18 14:22:09.498  1795  1795 I MQoS    : rtt=13950,tcp_tx_pkts=1536896,tcp_rx_pkts=1801773
12-18 17:40:45.545  1795  2750 D HW_DISPLAY_EFFECT: presently, hw_update_color_temp_for_rg_led interface not achieved.
12-17 20:23:19.609  1795  2748 D HwAmbientLuxFilterAlgo: t=123684556,BT=123685556,DT=123688255,BT1=123688556,DT1=123692255,Bn=false,Dn=false,lx=[36.0/123683052, 32.0/123683354, 43.0/123683654, 38.0/123683954, 27.0/123684255, 27.0/123684556],mLx=190.0,s=5.0,ss=3.8613398,AuIntervened=false,mProximityState=false,bLux=774.0,dLux=34.399994,bLux1=774.0,dLux1=34.399994
12-17 21:04:00.237  1795  3237 D PowerManagerService: release:lock=260083472, flg=0x0, tag="RILJ_ACK_WL", name=com.android.phone", ws=null, uid=1001, pid=3218
12-17 23:21:03.729  2852  2852 I HwDateUtils: begin of formatChinaDateRange chinaDate:半夜11:21
12-17 21:50:33.557  3466  3466 D HwCust  : Create obj success use class com.android.contacts.HwCustPhoneCallDetailsImpl
12-17 22:33:36.423  2852  2852 I PhoneStatusBarPolicy: updateBluetooth:::setBluetoothBatteryEnable false.
12-18 07:57:02.461  2852  2852 I QSCustomizer: hide:x=0, y=0, isShown=false
12-18 08:51:02.348  1795  2376 I ActivityManager_broadcast: Enqueueing ordered broadcast[bgkeyapp] BroadcastRecord{5de23e5 u0 com.tencent.mm.TrafficStatsReceiver}: prev had 1
12-17 23:34:34.451  1795  2778 I SendBroadcastPermission: action:android.intent.action.SIG_STR, mPermissionType:0
12-17 22:49:58.122   633 31875 I SDK     : 
12-17 23:05:41.642  1795  2381 D libfingersense_wrapper: Calling fingersense_classify_touch()
12-18 01:37:12.313  3626  3754 I LogDatabase: msg = 21 received
12-17 21:52:11.423  1795  3121 I NotificationManager: enqueueNotificationInternal: pkg=com.huawei.health id=10010 notification=Notification(pri=0 contentView=null vibrate=null sound=null defaults=0x0 flags=0x2 color=0x00000000 vis=PRIVATE)
12-17 20:31:28.770  2852  2852 D NetWorkUtils: is3GCalling is false,mCdmaSlot is -1
12-18 10:58:12.457  2852  2852 I StackScrollAlgorithm: updateDimmedActivatedHideSensitive overlap:false
12-17 22:30:35.893  2852  2852 I StackScrollAlgorithm: updateClipping isOverlap:true
12-18 18:30:00.745  2852  2852 D HwCustMobileSignalControllerImpl: sub =0,strMccMnc =null,hashMccMnc =[],strPlmn =hw_show_lte
12-18 00:21:02.807  3180  5157 I PGServer: report state:5 event type:1 pid:0 uid:10029 pkg:null to pid: 1795
12-18 07:42:28.213  2852  2852 D NetWorkUtils: is3GCalling is false,mCdmaSlot is -1
12-17 22:29:32.355  1795  1825 I PowerManager_screenOn: PowerManagerNotifier onWakefulnessChangeStarted: wakefulness=1, reason=0, interactive=true, mInteractive=false, mInteractiveChanging=false
12-18 07:15:51.787   606  2379 E libteec : qsc_send_cmd finish
12-17 23:00:58.349   633 31870 I SDK     : 
12-18 12:48:55.666  1795 11747 I AlarmManager: remove(PendingIntent{9207d78: PendingIntentRecord{3c38496 android broadcastIntent}}) changed bounds; rebatching
12-18 18:26:26.563  4492  4512 E HW-JPEG-DEC: [HME_JPEG_DEC_Delete](3298): HME_JPEG_DEC_Delete: decoder_ctx=null
12-18 10:21:31.236  3858  4126 I amsnl   : t:false, fl: false, p: 2147483647000, ce: true, we: false
12-18 00:17:48.016  2852  3556 I NetworkController.MobileSignalController(0): Change in state from: connected=true,enabled=true,level=4,inetCondition=1,iconGroup=IconGroup(4G),activityIn=false,activityOut=false,rssi=0,lastModified=12-18 12:17:47,isRoaming=false,dataSim=true,networkName=中国移动,networkNameData=中国移动,dataConnected=true,isDefault=true,isEmergency=false,airplaneMode=false,carrierNetworkChangeMode=false,userSetup=true
12-17 20:49:31.367 24266 24266 D seekbar : org.iqiyi.video.ui.ci.onProgressChanged()<-1> : 当前进度：2035058 缓冲大小:733214 缓冲进度：2768272
12-18 15:36:04.838  2883  3062 I HwSystemManager: PermissionDbVisitor:insertHistoryRecord:HistoryRecord[packageName:com.sankuai.meituan,permissionType:8,action:11,dateStartTime:1481990400000,timestamp:1482046564765]
12-17 22:48:14.989  1795  2737 W WifiProJNI: poll before: g_monitor_fd =310
12-18 19:52:00.493  5224  5283 I Step_ExtendStepDataManager: 20002302|compensate 24701032 2
12-18 15:34:07.508  1795 17831 I WindowManager: Destroying surface Surface(name=com.android.browser/com.uc.browser.InnerUCMobile) called by com.android.server.wm.WindowStateAnimator.destroySurface:2056 com.android.server.wm.WindowStateAnimator.destroySurfaceLocked:907 com.android.server.wm.WindowState.destroyOrSaveSurface:2174 com.android.server.wm.AppWindowToken.destroySurfaces:366 com.android.server.wm.AppWindowToken.notifyAppStopped:392 com.android.server.wm.WindowManagerService.notifyAppStopped:4822 com.android.server.am.ActivityStack.activityStoppedLocked:1393 com.android.server.am.ActivityManagerService.activityStopped:7645 
12-18 19:31:05.138  2852  2852 I NotificationContentView: transferRemoteInputFocus: 0
12-18 00:02:51.070  1795 11746 I SendBroadcastPermission: action:android.intent.action.SIG_STR, mPermissionType:0
12-17 22:00:49.831  1795  2323 E UsbDeviceManager: 	at com.android.server.usb.UsbDeviceManager$2.onUEvent(UsbDeviceManager.java:328)
12-17 21:06:15.569 24266 24266 V chaunce : org.iqiyi.video.vote.b.aux.a()<-1> : checkVoteShowTime--hideVoteView
12-18 00:16:18.115  2852  2852 I HwSignalClusterView: getOrInflateState subId:0
12-17 23:13:45.030   633 31870 I SDK     : 
12-18 08:30:45.054  1795  2323 E UsbDeviceManager: 	at com.android.server.usb.UsbDeviceManager$2.onUEvent(UsbDeviceManager.java:328)
12-18 18:23:59.537  2852  3556 I NetworkController.MobileSignalController(0): 	to: connected=true,enabled=true,level=5,inetCondition=1,iconGroup=IconGroup(4G),activityIn=false,activityOut=false,rssi=0,lastModified=12-18 06:23:58,isRoaming=false,dataSim=true,networkName=中国移动,networkNameData=中国移动,dataConnected=true,isDefault=true,isEmergency=false,airplaneMode=false,carrierNetworkChangeMode=false,userSetup=true
12-17 20:12:45.180 16354 16354 W System.err: 	at android.os.Looper.loop(Looper.java:199)
12-18 19:50:22.884  2883  3258 I HwNetworkPolicyManager: getHwUidPolicy uid = 1000 policy = 0
12-17 23:26:31.190  7194 11583 I PushLog2824: [SocketRead_23:26:31-13844]broadcast(),and mReceivers  4(android/null:-1)
12-17 22:24:50.461  1795  1795 I DeviceIdleController: becomeActiveLocked, reason = screen
12-18 04:01:15.938  3626  3626 E PTM.FileNodeInfo: getTempInfo error: null, 0
12-17 21:22:29.273   633 31867 I SDK     : <2016-12-17 21:22:29> [NOTICE] SDK: UE-SeC 2016-12-17 21:22:29:273 Level[NOTICE] magic[3368294688 1013]:s(0, 0),r(0, 0)in 20s;vsock(151147B, 11955B, 0, 0), sock(937, 984, 0, 0), times(38, 0, 217, 63), delay(0, 0)ms, m(0, 6144)KB, p:43503, s:43503, t(168, 1, 35985B, 56603B), u(0, 0, 195734B, 52816B), c(2406, 2604, 0, 0), e(76671, 1811)/(1481, 1811), k:82, d(652, 740), de(0), s(online, 2, 1), SSL(0), UDP(0), r_d(0), s_d(0), c_d(0), dur(1493 m), vs(0, 0, 0), sysFM(0 KB), ls(1963, 1963),bypass[0]:[0]
12-17 21:11:58.475  2852  2852 I HwSignalClusterView: setMobileDataIndicatorsHuawei subId:0 visible:true strengthIcon:2130839311 typeIcon:2130839195 contentDescription:手机信号满格。 typeContentDescription:4G isTypeIconWide:true showActivity:true activityIn:false activityOut:false isRoaming:false
12-17 23:29:49.258  3180  3332 I SensorState: sensor:20 enable:false uid:10033
12-18 10:54:49.866  2852  2852 I StackScroller: setScrollingEnabled: true
12-18 00:03:18.719  1795  1795 I MQoS    : rtt=360,tcp_tx_pkts=1485554,tcp_rx_pkts=1771325
12-18 17:41:36.839 25067 25067 D HwWidgetFactoryImpl: getAppDefinedPrimaryColor has Color=0xff1a93d2 set by setStatusBarColor()
12-18 12:27:09.013  3626  3626 E PTM.FileNodeInfo: getTempInfo error: null, 0
12-18 07:30:45.673 20349 20349 E HW-JPEG-DEC: [HME_JPEG_DEC_Delete](3298): HME_JPEG_DEC_Delete: decoder_ctx=null
12-18 15:34:18.118   606 11353 D QSEECOMAPI: app_arch = 1, total_files = 8
12-17 20:53:07.288   633 31870 I SDK     : <2016-12-17 20:53:07> [WARN] SDK: UE-SeC 2016-12-17 20:53:7:288 Level[WARN] magic[3362781472 684]:PubEvt_Close Getting a socket[229] from the Socket-table Failed!
12-18 18:41:02.158  3626  3626 E PTM.FileNodeInfo: getTempInfo error: null, 0
12-17 21:26:31.001  5224  5283 I Step_ExtendStepDataManager: 20002302|after compensate: cache step_7014
12-18 15:27:45.658  1795  2685 I HwPFWLogger: AppAutoStartupPolicy:prevent start receiver of package com.ss.android.article.news for action android.net.conn.CONNECTIVITY_CHANGE
12-18 15:43:36.371  1795  1821 I WindowManager: Application requested orientation 5, got rotation 0 which has compatible metrics
12-17 21:14:40.075   633 31870 I SDK     : 
12-18 14:07:28.772  2852  2852 I PhoneStatusBar: updateNotificationShade
12-17 21:04:20.247 24802 24802 I nativeProcess: iqiyi message: ==== isProcesssExist: stat=0, errno=13
12-17 21:42:34.664  2852  2852 I EventCenter: EventCenter Get :android.com.huawei.bone.NOTIFY_SPORT_DATA
12-17 22:57:52.469  1795  8305 E BatteryStatsService: no controller energy info supplied
12-17 20:01:33.714   818  1152 I logserver: handle_exception_events enter
12-17 23:26:26.331  1046  1125 D msm8916_platform: platform_set_channel_map: set mapping(1 2 0 0 0 0 0 0) for channel:2
12-18 08:09:13.921  3858  4126 I amsnl   : c: true, w: false, t: false, l: false
12-17 19:33:04.361  2852  2852 W HwPhoneLayoutInflater: onCreateView : ClassNotFoundException, In this case we want to let the base class take a crack at it
12-17 20:13:17.780  2852  2925 D KGWallpaper_Magazine: getNextIndex: 0; from 9 to 9; size: 44
12-17 23:14:10.335  1795  2381 D libfingersense_wrapper: Calling fingersense_touch_up()
12-17 22:55:31.724  1795  3121 W ActivityManager: getRunningAppProcesses: caller 10102 does not hold REAL_GET_TASKS; limiting output
12-17 22:29:46.472  1795  1795 I qti_sensors_hal: batch,376,handle 0, timeout:0 ,period_ns:200000000
12-17 23:25:13.455  2852  2852 I HwSignalClusterView: getOrInflateState subId:0
12-17 21:47:19.355  1059  1059 D BetaClub_LogUpload: [UploadReceiver.onReceive] preNetStatus=-100
12-17 21:14:44.107  3858  4126 I amsnl   : t:false, fl: false, p: 2147483647000, ce: true, we: false
12-17 20:13:07.181  2852  2852 D HwCustMobileSignalControllerImpl: isCurrentBySim()=false
12-18 19:45:21.670  3382  3399 D QcrilMsgTunnelSocket: readRilMessage: Buffer = [B@204bb9f HexData = [010000000404000012000000514f454d484f4f4b1d04080002000000ffff]
12-17 19:57:21.580  1795  1795 E HwDualBandManager: CONFIGURED_NETWORKS_CHANGED_ACTION reason = 2
12-18 08:15:55.070  1795  3884 D PowerManagerService: release:lock=104755983, flg=0x0, tag="RILJ_ACK_WL", name=com.android.phone", ws=null, uid=1001, pid=3218
12-17 23:27:21.609  2852  3556 I NetworkController.MobileSignalController(0): onDataActivity: direction=0
12-18 07:29:39.397  1795 20747 D PowerManagerService: acquire lock=14669764, flags=0x1, tag="dispatcher", name=android, ws=null, uid=1000, pid=7194
12-18 00:00:50.526   633 31870 I SDK     : <2016-12-18 00:00:50> [WARN] SDK: UE-SeC 2016-12-18 0:0:50:526 Level[WARN] magic[3362781472 684]:PubEvt_Close Getting a socket[1] from the Socket-table Failed!
12-18 12:38:56.442 25067  3240 D BetaClub: [ReportVersionInfo.uploadVersionInfo]uploadCurrentDeviceVersionInfo success
12-18 14:13:23.501  1795  3884 I PowerManager_screenOn: HwPhoneWindowManager has intercept Key : 4, isdown : true, flags : 72
12-17 22:30:32.556  1046 26554 D voice_extn: update_call_states is_call_active:0 in_call:0, mode:2
12-18 15:35:40.772  1795  3225 I ActivityManager_activity: Moving to STOPPING: ActivityRecord{9013f9f u0 com.android.packageinstaller/.PackageInstallerActivity t399 f} (finish requested)
12-17 19:31:46.213  5215  5215 D wpa_supplicant: random pool - hexdump(len=128): [REMOVED]
12-17 21:50:33.472  3466  3466 I Contacts: PLog CallLogFragment refreshData
12-17 22:34:14.350  2852  2852 I BitmapUtils: 	at com.huawei.keyguard.support.magazine.MagazineWallpaper$3.onMagazinePicLoaded(MagazineWallpaper.java:733)
