12-18 18:28:22.011  2852  2852 W HwPhoneLayoutInflater: onCreateView : ClassNotFoundException, In this case we want to let the base class take a crack at it
12-18 12:39:32.929  1795  6988 D PowerManagerService: ready=true,policy=3,wakefulness=1,wksummary=0x0,uasummary=0x1,bootcompleted=true,boostinprogress=false,waitmodeenable=false,mode=true,manual=33,auto=-1,adj=0.0userId=0
12-18 19:49:13.371  1795  3110 I GnssLocationProvider: stopNavigating, mStarted=false
12-18 02:35:08.967   818  1089 I iMonitor: create: 902500004
12-17 22:37:36.735  7194  5215 E PushLog2824: 	at com.huawei.android.pushagent.model.channel.entity.SocketReadThread.run(Unknown Source)
12-18 19:50:57.811  2852  2852 D HwCust  : Create obj success use class android.app.HwCustNotificationImpl
12-18 14:20:47.634  2852  2852 D HwCustMobileSignalControllerImpl: isCurrentBySim()=false
12-18 09:50:25.654   633 31870 I SDK     : 
12-18 14:10:25.840   625   718 E libnav  : CablComputeBacklightLevel(): UpdateType = DifferentSceneUpdate
12-17 20:31:48.200 24266 24266 I DownloadEpisodeAdapter: [qiyi_LOG_INFO DownloadEpisodeAdapter] setEpisodeTitle
12-17 19:56:07.277  5215  5215 D wpa_supplicant: CTRL_IFACE monitor sent successfully to /data/misc/wifi/sockets/wpa_ctrl_1795-194\x00
12-18 17:30:12.080  2852  2852 I QSContainer: updateQsState:false
12-17 23:21:23.554  1795  2381 D libfingersense_wrapper: Calling fingersense_classify_touch()
12-18 07:32:12.448  1795  3247 D WindowManager: interceptKeyBeforeQueueing: key 4 , result : 1
12-17 21:26:56.963  3608  3608 D HwCust  : Create obj success use class com.android.incallui.HwCustAnswerPresenterImpl
12-17 23:56:25.055   633 31868 I SDK     : <2016-12-17 23:56:25> [NOTICE] SDK: UE-SeC 2016-12-17 23:56:25:55 Level[NOTICE] magic[3365677344 7476]:Currently process detect response packet when login,detect id is [12],ack id is [12]!
12-17 22:24:41.307  1795  3139 I HwActivityManagerService: Split enqueueing broadcast [callerApp]:ProcessRecord{580cfb2 5224:com.huawei.health:DaemonService/u0a99}
12-18 17:33:01.986  2852  2852 I EventCenter: EventCenter Get :com.huawei.android.action.WEATHER_CHANGE
12-17 20:51:47.563  3626  3626 E PTM.FileNodeInfo: getTempInfo error: null, 0
12-18 15:37:38.589 10334 10334 D wpa_supplicant: WPS: attr type=0x1011 len=24
12-18 07:31:18.411  2852  2852 D NetWorkUtils: mVSimCurCardType is -1
12-18 15:38:08.526 10334 10334 D wpa_supplicant: WPS: attr type=0x1054 len=8
12-17 22:26:53.353  1795  1825 D AutomaticBrightnessController: Enable LightSensor at time:mLightSensorEnableTime=127929396,mLightSensorEnableElapsedTimeNanos=453349714072551
12-17 22:32:52.291  2852  3556 I NetworkController.MobileSignalController(0): 	to: connected=true,enabled=true,level=4,inetCondition=1,iconGroup=IconGroup(4G),activityIn=true,activityOut=true,rssi=0,lastModified=12-17 10:32:51,isRoaming=false,dataSim=true,networkName=中国移动,networkNameData=中国移动,dataConnected=true,isDefault=true,isEmergency=false,airplaneMode=false,carrierNetworkChangeMode=false,userSetup=true
12-18 14:08:18.001  5157  5201 D TelephonyManager: getNeighboringCellInfo calling app is com.sankuai.meituanhd
12-18 14:24:51.946  3218  3234 W PhoneInterfaceManager: shouldBlockLocation running ...
12-18 15:36:58.195 12127 12127 I ActivityManager_activity: Resuming ActivityRecord{34c356 token=android.os.BinderProxy@e43d96f {com.sankuai.meituan/com.meituan.android.hui.ui.activity.HuiUnifiedCashierActivity}} with isForward=false,forwardBitChanged=false onlyLocalRequest=false
12-17 23:26:40.374  2852  2852 I HwNotificationIconAreaController: showNotificationAll
12-18 17:30:13.106  2852  2852 D KeyEvent: obtain, mHwFlags=94
12-18 18:25:24.522  1795  3110 V SecInputMethodManagerService: Client requesting input be hidden, pid=4492
12-18 19:49:28.262  2852  2914 I HwMobileSignalController: onServiceStateChanged: state=0 0 voice home data home 中国移动 中国移动 46000 中国移动 中国移动 46000  GSM LTE CSS not supported -1 -1 RoamInd=-1 DefRoamInd=-1 EmergOnly=false IsDataRoamingFromRegistration=false
12-18 15:32:57.886 10334 10334 D wpa_supplicant: CTRL_IFACE: GET_NETWORK id=2 name='client_cert'
12-17 20:40:18.023 24266 24266 D VideoPlayerImpl: org.iqiyi.video.player.cv.ag()<-1> : current progress: progress= 1481727
12-18 00:00:39.692  1795 16498 D PowerManagerService: ready=true,policy=0,wakefulness=0,wksummary=0x0,uasummary=0x0,bootcompleted=true,boostinprogress=false,waitmodeenable=false,mode=true,manual=33,auto=-1,adj=0.0userId=0
12-17 23:18:21.531  3626  3754 I FileUtils: restrainFilesNum, count = 128
12-17 23:25:58.800  3168  3369 I SendBroadcastPermission: action:com.android.huawei.broadcast.HwRepairHelper, mPermissionType:0
12-18 10:45:03.461 31949 31967 W TCP     : tcp.recv{4790} TcpSocket.read(TcpSocket.java:242) <<< WARN(5) >>> java.net.SocketException: Connection reset
12-18 18:31:46.675   533  3739 E ANDR-PERF-MPCTL: Invalid profile no. 0, total profiles 0 only
12-18 07:57:02.781  3218  3517 I QImsService: ImsSenderRxr : [UNSL]< UNSOL_SSAC_CHANGED org.codeaurora.ims.ImsQmiIF$SsacInfo@560127e[SUB0]
12-18 08:05:16.434  3180  3578 I ash     : pkg null calling: com.huawei.espacev2, pid: 0 ,type: acquire_provider
12-18 11:06:03.678 31949 31967 I TCP     : tcp.conn{4787} TcpClientThread.connectSocket(TcpClientThread.java:349) connecting max 30000ms to uc.huawei.com:7801
12-18 08:33:15.248  1795  3139 I AlarmManager: remove(PendingIntent{26174c7: PendingIntentRecord{3c38496 android broadcastIntent}}) changed bounds; rebatching
12-17 21:26:16.849  3218  3439 W PhoneInterfaceManager: shouldBlockLocation running ...
12-18 17:39:28.248   633   692 I eSpaceService: Watch Thread{4481} WatchThread.onLoop(WatchThread.java:94) watch thread onLoop... 
12-17 20:13:22.705  1795  3110 D PowerManagerService: release:lock=137588088, flg=0x0, tag="RILJ_ACK_WL", name=com.android.phone", ws=null, uid=1001, pid=3218
12-17 22:25:18.451  2852  2852 I PhoneStatusBar: removeNotification:0|com.android.incallui|2|null|1001
12-17 21:32:39.674  1046 26554 I Huawei_audio_cust: get_spk_pa_type: pa is max98925
12-18 19:33:48.271  1795  2323 E UsbDeviceManager: Error reading charge file
12-18 19:49:15.415   633 31870 I SDK     : 
12-17 23:35:06.421  2852  2852 I StatusBarWindowManager: apply skiped :0
12-17 21:23:05.462  2852  2852 I HwSignalClusterView: getOrInflateState subId:0
12-17 22:36:09.513  1795  2748 D HwAmbientLuxFilterAlgo: earliestValidTime + POWER_ON_BRIGHTENING_LIGHT_DEBOUNCE
12-18 15:34:33.110  1795  2381 D libfingersense_wrapper: fingersense_classify_touch() finished
12-18 15:34:19.299  1795  1806 D HwAntiTheftService_jni: enter native_read, type is 1
12-17 20:38:04.461  2852  2852 D HwCustMobileSignalControllerImpl: isCurrentBySim()=false
12-17 22:55:37.750  2852  2852 D NetWorkUtils: mVSimCurCardType is -1
12-18 17:44:35.354  1795  2380 I PowerManager_screenOn: PowerManagerNotifier onUserActivity: event=2, uid=1000
12-17 20:31:25.357  1795  3225 D WindowManager: interceptKeyTq keycode=4 interactive=true keyguardActive=false policyFlags=2b000002 down true canceled false
12-17 19:58:33.342  5215  5215 E wpa_supplicant: eap_proxy: eap_proxy_notify_config
12-18 00:03:50.507   633 31870 I SDK     : <2016-12-18 00:03:50> [WARN] SDK: UE-SeC 2016-12-18 0:3:50:507 Level[WARN] magic[3362781472 684]:PubEvt_Close Getting a socket[136] from the Socket-table Failed!
12-18 14:37:45.284  2852  2852 D StatusBar: applyInPlace=true shouldPeek=false alertAgain=true
12-18 10:40:48.460   606  2379 E libteec : QSEECom_send_cmd return!
12-17 22:21:36.620   816  1562 W SocketListener: sending broadcast to Pid = 1795, Uid = 1000 
12-17 21:32:41.373  1795  3253 I DisplayManagerService: stopWifiDisplayScanLocked record.mWifiDisplayScanRequested=false
12-17 23:00:58.118   633 31867 I SDK     : <2016-12-17 23:00:58> [NOTICE] SDK: UE-SeC 2016-12-17 23:0:58:118 Level[NOTICE] magic[3368294688 895]:End to force tunnel to reconnect!
12-17 21:58:21.668  3608  3608 D InCall  : InCallActivity - onStart()...
12-18 00:24:23.974  2852  2852 I StatusBarWindowManager: apply skiped :0
12-18 19:25:15.021  1795 16232 D PowerManagerService: release:lock=2752020, flg=0x0, tag="hibernation", name=com.huawei.powergenie", ws=null, uid=1000, pid=3180
12-18 08:49:12.378   633 31868 I SDK     : 
12-18 19:25:30.089  1795  2750 D HW_DISPLAY_EFFECT: presently, hw_update_color_temp_for_rg_led interface not achieved.
12-17 20:57:19.999  2852  3556 D NetworkController.MobileSignalController(0): mSimSubId:0 onDataActivity: direction=0
12-17 21:26:51.121  2852  2852 I HwBrightnessController: updateSlider2 seekBarProgress:464
12-17 23:28:34.641  7194  7208 I PushLog2824: [ReceiverDispatcher-336]receive the channal closed action.(android/null:-1)
12-18 14:36:03.470  5994  5994 D wpa_supplicant: WPS: attr type=0x1049 len=6
12-17 23:18:18.194  2852  2852 I HwMobileSignalController: notifyListenerHuawei::origin typeIcon:2130839195 icons.mName:4G isSuspend:false, showDataIcon=true, dataConnected=true, isRoaming=false
12-18 14:08:48.018  2852  2914 I HwMobileSignalController: subId:0 phoneType:1 networktype:13 targetClass:3 masterLevel:5 slaveLevel:-1
12-17 21:26:59.966  3626  3626 I HourObserver: left handleScrnOnOffTimeStats, mScrnOffAccTime = 168108, mScrnOffAccTime = 168108, mScrnOnAccTime = 1451841
12-17 20:15:46.905  7194  7208 I PushLog2824: [ReceiverDispatcher-336] need not query TRS(android/null:-1)
12-18 00:07:55.823  2852  2852 D HwCustMobileSignalControllerImpl: sub =0,strMccMnc =null,hashMccMnc =[],strPlmn =hw_customized_networkType_entry
12-18 00:15:45.821  1795  2380 I PowerManager_screenOn: PowerManagerNotifier onUserActivity: event=2, uid=1000
12-17 22:37:36.736   633 31870 I SDK     : <2016-12-17 22:37:36> [WARN] SDK: UE-SeC 2016-12-17 22:37:36:736 Level[WARN] magic[3362781472 684]:PubEvt_Close Getting a socket[185] from the Socket-table Failed!
12-18 00:17:15.762  1795  2380 I PowerManager_screenOn: PowerManagerNotifier onUserActivity: event=2, uid=1000
12-17 20:32:07.389 24266 24266 I 2DSDR   : APS: 2DSDR: AbsListView.FlingRunnable.run(), SDR ratio = 1.0, layer height = 1800, scroll view height = 1524
12-17 19:33:14.188  1795  1825 I PowerManager_screenOn: PowerManagerNotifier onWakefulnessChangeFinished mInteractiveChanging=true, mInteractive=false
12-18 19:51:52.368  5224  5283 I Step_LSC: 20002302|MSG_RECORD_DATA_TO_FILE 
12-17 22:13:13.223  1795  1795 I NotificationManager: updateLightsLocked,turn off notificationLight
12-17 23:00:58.342   633 31870 I SDK     : <2016-12-17 23:00:58> [WARN] SDK: UE-SeC 2016-12-17 23:0:58:342 Level[WARN] magic[3362781472 684]:PubEvt_Close Getting a socket[79] from the Socket-table Failed!
12-18 08:54:38.278  2852  2852 I StatusBar: onNotificationPosted: StatusBarNotification(pkg=com.huawei.health user=UserHandle{0} id=10010 tag=null key=0|com.huawei.health|10010|null|10099: Notification(pri=0 contentView=null vibrate=null sound=null defaults=0x0 flags=0x62 color=0x00000000 vis=PRIVATE)) important=2, post=1482022478271, when=1481531589202, vis=0, userid=0
12-17 21:47:19.050  3168  3168 I CHR_ChrCallServiceTracker0: onCallStateChanged: mListenCallState is: 1 , on sub: 0
12-18 14:17:35.386  1795  2323 E UsbDeviceManager: 	at android.os.FileUtils.readTextFile(FileUtils.java:267)
12-17 23:24:15.499  1795  3110 I SendBroadcastPermission: action:android.intent.action.SIG_STR, mPermissionType:0
12-18 19:49:53.837  1795  2381 I PowerManager_screenOn: PowerManagerService wakeUpNoUpdateLocked: eventTime=142871258, uid=1000
12-17 20:12:10.636  1795 15988 W ActivityManager: getRunningAppProcesses: caller 10105 does not hold REAL_GET_TASKS; limiting output
12-17 21:13:11.835   633 31870 I SDK     : <2016-12-17 21:13:11> [WARN] SDK: UE-SeC 2016-12-17 21:13:11:835 Level[WARN] magic[3362781472 684]:PubEvt_Close Getting a socket[14] from the Socket-table Failed!
12-18 00:15:42.338  2852  2914 I HwMobileSignalController: subId:0 phoneType:1 networktype:13 targetClass:3 masterLevel:4 slaveLevel:-1
12-18 07:57:05.987   606  2379 E libteec : receive data len = 192
12-18 08:10:16.367  2852  2852 D HwCustMobileSignalControllerImpl: sub =0,strMccMnc =null,hashMccMnc =[],strPlmn =hw_show_lte
12-17 21:48:19.834  1795  1809 I WindowManager: Application requested orientation 1, got rotation 0 which has compatible metrics
12-17 21:58:21.959  1795  1825 D DisplayPowerController: Animating brightness: target=7, rate=40
12-17 21:34:23.479  1795  1795 V NotificationService: disableEffects=null canInterrupt=false once update: false
12-17 20:31:45.432  1795  3238 W System.err: 	at android.os.Binder.execTransact(Binder.java:565)
12-17 23:28:34.654   633 31870 I SDK     : 
12-18 07:56:35.090  3180 19874 I DownloadState: @@@@@@@@@@@@ uid :10102 download :true
12-17 20:01:32.299  1795  2739 D HuaweiWifiWatchdogStateMachine:  RTT[-85]=0, volume=0
12-18 00:22:59.721  1795  2737 D WifiProJNI: Received kernel message payload: event 0
12-17 19:58:26.727  5215  5215 D wpa_supplicant: wlan0: Control interface command 'SET_NETWORK [REMOVED]'
12-17 23:19:26.993   633 31868 I SDK     : <2016-12-17 23:19:26> [NOTICE] SDK: UE-SeC 2016-12-17 23:19:26:993 Level[NOTICE] magic[3365677344 3087]:begin display engine list
12-18 08:37:59.790  1795  1825 D AutomaticBrightnessController: mAmbientLuxValid= false,sensor is not ready
12-17 21:54:59.372 30820 30820 E HwSystemManager: MemCPUMonitor:startTimerMonitor isCompleted = true
12-18 08:11:04.610  1795  1809 I WindowManager: Application requested orientation -1, got rotation 0 which has compatible metrics
12-18 11:11:26.394  5224  5283 I Step_DataCache: 20002302|getTodayTotalSteps 6465
12-18 08:17:27.576  1795  2381 D libfingersense_wrapper: Calling fingersense_touch_up()
12-18 15:29:29.360  3218  3236 W PhoneInterfaceManager: shouldBlockLocation running ...
12-18 10:39:37.522  1046  1046 I APM_AudioPolicyManager: getOutput() device 2, stream 1, samplingRate 0, format 0, channelMask 3, flags 0
12-18 17:42:01.809  1795  2778 I ActivityManager_activity: Moving to PAUSED: ActivityRecord{6d1eecb u0 com.huawei.betaclub/.home.HomeActivity t403} (pause complete)
12-18 19:49:57.304   606  2379 E libteec : QSEECom_send_cmd return!
12-18 14:08:19.299  1795 11747 I ActivityManager_activity: insertTaskAtTop, setTaskToReturnTo: fromHome=false,lastStackTop=TaskRecord{17d2ad5 #393 A=com.sankuai.meituanhd U=0 StackId=1 sz=2}, isHomeStack=false, topTask=TaskRecord{17d2ad5 #393 A=com.sankuai.meituanhd U=0 StackId=1 sz=2}, task=TaskRecord{17d2ad5 #393 A=com.sankuai.meituanhd U=0 StackId=1 sz=2}
12-18 12:38:49.603  3513  3538 I HiApp.PackageUtils: main{1} enableBroadcastReceiver
12-18 10:41:00.885  3879  4160 I Adreno  : Remote Branch                    : 
12-18 14:45:47.696  1795  3238 I AlarmManager: set(PendingIntent{2db4cc2: PendingIntentRecord{3c38496 android broadcastIntent}}) : type=0 triggerAtTime=1482044147696 win=0 tElapsed=512686423 maxElapsed=512686423 interval=0 flags=0x9
12-18 07:44:41.373   633 31867 I SDK     : <2016-12-18 07:44:41> [NOTICE] SDK: UE-SeC 2016-12-18 7:44:41:373 Level[NOTICE] magic[3368294688 193]:Recv detect response when login,detect id is [4]!
12-18 19:49:30.007  5224  5283 I Step_DataCache: 20002302|getTodayTotalSteps 16869
12-18 19:25:28.748  2852  2852 I NotificationContentView: transferRemoteInputFocus: 0
12-17 23:21:03.474  4492  4492 D CubicBezierInterpolator: CubicBezierInterpolator  mControlPoint1x = 0.6, mControlPoint1y = 0.9, mControlPoint2x = 0.8, mControlPoint2y = 1.0
12-17 21:34:33.092 31949 31985 I PushService: connect :true
12-18 14:15:20.218   633 31870 I SDK     : <2016-12-18 14:15:20> [WARN] SDK: UE-SeC 2016-12-18 14:15:20:218 Level[WARN] magic[3362781472 684]:PubEvt_Close Getting a socket[81] from the Socket-table Failed!
12-18 13:11:03.800 25067 25067 I UX      : CollectorManager--isCollectorEnabled--getBoolean: false
12-17 19:31:40.245  2852  2852 W HwPhoneLayoutInflater: onCreateView : ClassNotFoundException, In this case we want to let the base class take a crack at it
12-18 14:12:53.352  1795  2396 E BatteryStatsService: no controller energy info supplied
12-18 18:51:10.694  3626  3626 E PTM.FileNodeInfo: getTempInfo error: null, 0
12-17 23:26:25.182  2852  3361 I vol.VolumeDialogControl: C onScreenOff 
12-18 10:56:00.005  1795  1795 I AlarmManager: scheduleTimeTickEvent triggerAtTime = 498358726
12-17 23:28:34.681   633 31870 I SDK     : <2016-12-17 23:28:34> [WARN] SDK: UE-SeC 2016-12-17 23:28:34:681 Level[WARN] magic[3362781472 684]:PubEvt_Close Getting a socket[138] from the Socket-table Failed!
12-17 21:32:33.843  1795  2380 D InputDispatcher: channel 'WindowManager (server)' ~ enqueueDispatchEntryLocked: skipping inconsistent motion event
12-18 15:28:18.533  1795 20747 V SecInputMethodManagerService: Client requesting input be hidden, pid=4492
12-18 17:37:23.499  3858  4126 I amsnl   : m1: false
12-18 12:51:02.109  1795  2376 I ActivityManager_broadcast: Enqueueing ordered broadcast[bgkeyapp] BroadcastRecord{a59aa4 u0 ALARM_ACTION(23480)}: prev had 0
12-18 18:57:56.971  1795  2323 D HwBatteryService: onUEvent fcpStatus = 0,scpStatus =0,ovpStatus=0
12-17 19:31:45.080  1795  1821 I ActivityManager_activity: windowsGone(): ActivityRecord{b46dc67 u0 com.android.incallui/.InCallActivity t310}
12-17 21:07:36.049  1795  1795 I MQoS    : rtt=360,tcp_tx_pkts=1485554,tcp_rx_pkts=1771325
12-18 15:33:19.126 10334 10334 D wpa_supplicant: CTRL-DEBUG: global_ctrl_sock-sendto: sock=16 sndbuf=229376 outq=0 send_len=5
12-17 21:32:30.308 30820 30820 D HsmJoinRequest: https request.
12-17 21:52:14.497  1795  2670 D WifiController: battery changed pluggedType: 0
12-18 14:10:22.416  5157  5202 D fingerprint: UGuOnldcYJLYH6iifXVPUGAosBx2OQlycFwoe7ogq2MvaAChc4UZRQWshKWPrPCtVjCg+pErdRqo
12-18 18:23:30.419  1795 19892 I PowerManager_vibrator: Turning vibrator on for 200 ms.
12-18 19:27:22.491  2852  2852 I HwPhoneStatusBar: updateNotificationShade
12-17 20:22:10.234  1795  3237 D HwPFWLogger: AutoStartupDataMgr:isUnderControll third party not in whitelist: cn.wps.moffice_eng
12-17 20:11:46.578   633 31868 I SDK     : 
12-18 19:49:17.213   633 25625 I SDK     : 
12-18 18:32:57.170  1795 16499 D PowerManagerService: ready=false,policy=3,wakefulness=1,wksummary=0x1,uasummary=0x1,bootcompleted=true,boostinprogress=false,waitmodeenable=true,mode=true,manual=33,auto=-1,adj=0.0userId=0
12-18 12:39:13.642  7741  7741 D Mms_UI_CMA: ComposeMessageFragment onCreate start
12-17 20:45:49.613   633 26591 I SDK     : <2016-12-17 20:45:49> [NOTICE] SDK: UE-SeC 2016-12-17 20:45:49:613 Level[NOTICE] magic[2488264992 1541]:FSM_Tool_Tree_Enc_Path =>Access [/mnt/sdcard/sandbox/AnyOfficeSDK/sdk/QDJ7lEGuRlJb2r2mqrSExBTDjN4QhUgEPVptBL0HnX4=] real path  ok 
12-17 22:59:19.161  1795  3341 E LocSvc_ApiV02: I/<--- void globalRespCb(locClientHandleType, uint32_t, const locClientRespIndUnionType, uint32_t, void *) line 140 QMI_LOC_GET_BEST_AVAILABLE_POSITION_REQ_V02
12-18 10:41:00.809  2852  2914 V AudioManager: querySoundEffectsEnabled...
12-18 09:11:56.866  2852  2852 I ToggleSlider:  mSeekListener onProgressChanged progress:5795 fromUser:false
12-17 20:00:19.020  5215  5215 D wpa_supplicant: SSL: SSL_connect:error in SSLv3 read server hello A
12-18 14:15:19.405  2852  2852 I HwSignalClusterView: apply hwPhoneState.mSubId:0 anyMobileVisible:false mIsAirplaneMode:false, mobileGroupVisible=true
12-18 12:39:01.386  1795  1795 I MQoS    : received cell-signal:5
12-17 19:32:06.359  1795  1809 I qti_sensors_hal: 0x66, 0xca, 0x3c, 0x3e
12-17 20:33:04.305  1795  5350 I MQoS    : MSG_QUERY_TCP_INFO called,count:49
12-17 23:06:44.236  2852  2852 D HwCustMobileSignalControllerImpl: isCurrentBySim()=false
12-18 09:17:27.410   606  2379 E libteec : QSEECom_send_cmd return!
12-18 18:27:06.837  3858  4126 I amsnl   : csr
12-18 09:11:14.387  3180  3578 I ash     : Application com.baidu.input_huawei is depended by other app, delay to H!
12-17 20:40:17.207 24266 25053 D JOBS    : Thread-100: load factor check. true = (7 < 8)|| (7 * 3 < 0 + 0). consumer thread: true
12-18 14:11:26.519  5157  5157 D test    : sending:{"handlerName":"getRegisteredJsHandler","callbackId":"java_cb_1","data":null}
12-18 19:50:10.330  1795  1825 D DisplayPowerController: Unfinished business...
12-17 20:20:11.403  1795  1795 I NotificationManager: enqueueNotificationInternal: n.getKey = 0|com.tencent.mm|4097|null|10105
12-18 09:17:29.831  2852  2852 I StackScrollAlgorithm: updateDimmedActivatedHideSensitive overlap:false
12-17 20:22:25.942  1795  2381 D libfingersense_wrapper: Calling fingersense_touch_up()
12-18 08:54:38.008  1795  2396 D PowerManagerService: ready=true,policy=0,wakefulness=0,wksummary=0x1,uasummary=0x0,bootcompleted=true,boostinprogress=false,waitmodeenable=false,mode=true,manual=33,auto=-1,adj=0.0userId=0
12-18 18:28:00.008  2852  2852 I TimeManager: chinaDateTime:傍晚6:28
12-18 00:23:15.063  3858  4126 I amsnl   : csr
12-17 21:35:42.228   633 31870 I SDK     : 
12-18 15:38:22.400  1795  2381 D libfingersense_wrapper: Calling fingersense_classify_touch()
12-18 10:56:49.347  2852  2852 D HwCustMobileSignalControllerImpl: isCurrentBySim()=false
12-17 22:27:18.483  1795  4636 D PFW.HwPFWAppWakeLockPolicy: getUidWakeLock uid: 10084 wakelock(minutes): 0
12-17 21:58:49.061  1795  1795 I HwActivityManagerService: Split enqueueing broadcast [callerApp]:ProcessRecord{34bf34f 0:system/1000}
12-17 23:34:01.056   633 31870 I SDK     : <2016-12-17 23:34:01> [WARN] SDK: UE-SeC 2016-12-17 23:34:1:56 Level[WARN] magic[3362781472 684]:PubEvt_Close Getting a socket[96] from the Socket-table Failed!
12-18 14:09:48.187  1795 17831 I FreezeScreenScene: scheduleCheckFreezeScreen sendMessageDelayed
12-18 14:16:02.270  3180  3578 I PGServer: report state:6 event type:1 pid:0 uid:10029 pkg:com.android.browser to pid: 1795
12-18 08:49:08.811   633   692 I TCP     : 	at com.huawei.ecs.mip.proxy.TcpClientThread.onLoop(TcpClientThread.java:177)
12-17 21:52:47.728  1795  2734 D WifiProStatisticsManager: msg Loop is running.
12-18 19:16:41.421   818  1089 I iMonitor: create: 902500004
12-18 19:52:34.133  5224  5283 I Step_DataCache: 20002302|getTodayTotalSteps 17187
12-17 21:53:35.522  1795  1795 D HwConnectivityService: Usb tethering: false
12-17 21:09:10.403  3218  3517 I QImsService: ImsSenderRxr :  Tag -1 3 219 0[SUB0]
12-17 21:47:59.623   633   692 E ECS     : 	at com.huawei.service.login.LoginC.beginLogin(LoginC.java:359)
12-18 16:01:33.772  1795  2396 D HwCustPhoneWindowManager: answer call by keyCode = 4, down = false, isSupVolumnkeyAnswerCall = false
12-18 12:44:43.683 18503  4144 W System.err: 	at java.lang.Thread.sleep(Thread.java:321)
12-18 08:49:31.456  1795  6985 D PowerManagerService: ready=true,policy=0,wakefulness=0,wksummary=0x1,uasummary=0x0,bootcompleted=true,boostinprogress=false,waitmodeenable=false,mode=true,manual=33,auto=-1,adj=0.0userId=0
12-18 18:00:34.983  1795 16501 D HwConnectivityService: pid=7194, cmd=1, param=55
12-18 14:12:22.868  5157  5157 D test    : sending:{"handlerName":"getRegisteredJsHandler","callbackId":"java_cb_1","data":null}
12-17 21:12:11.523  2852  2852 D NetWorkUtils: is3GCalling is false,mCdmaSlot is -1
12-17 19:59:16.745  1795  2737 D WifiProJNI: Received kernel message payload: event 4
12-18 15:28:08.001  1795  3253 I ActivityManager_activity: completedResumed: ActivityRecord{5f12a6a u0 com.tencent.mm/.ui.LauncherUI t383}, launchTrack: activityPaused resumeTopComplete
12-18 07:37:26.824  3858  4126 I amsnl   : t:false, fl: false, p: 2147483647000, ce: true, we: false
12-18 19:26:36.311  2852  3556 I NetworkController.MobileSignalController(0): need to force refresh view
12-17 19:40:25.787  4492  4492 V AudioManager: querySoundEffectsEnabled...
12-17 21:27:05.875  1795 15987 I DisplayManagerService: stopWifiDisplayScanLocked mWifiDisplayScanRequestCount=0
12-18 10:52:08.444   808   547 D [HWCamera] IppAlgoSmartAE: int android::IppAlgoSmartAE::doSmartAEAlgo(unsigned char *, void *, int, int, int) snapShotMode =1, isTornadoOn = 0
12-18 17:22:50.878  2852  2852 E DateLunarView: mDateString is: 12月18日星期日
12-17 21:52:43.244  5224  5283 I Step_HSNH: 20002302|upDateHealthNotification()|217|7.25|10157
12-18 07:41:59.036   814 21821 I NuPlayer: NuPlayer::canSeek,mSourceFlags = 15 
12-17 21:58:47.196  2883  3040 I HwSystemManager: TrafficNotifyAfterLocked:mLockStartTraffic = 1094612;mLockStartTrafficList = {1000=com.huawei.netassistant.common.ParcelableAppItem@78b89eb, 10017=com.huawei.netassistant.common.ParcelableAppItem@1318348, 10028=com.huawei.netassistant.common.ParcelableAppItem@9c505e1, 10053=com.huawei.netassistant.common.ParcelableAppItem@db43f06, 10074=com.huawei.netassistant.common.ParcelableAppItem@596d9c7, 10102=com.huawei.netassistant.common.ParcelableAppItem@e7f8bf4, 10103=com.huawei.netassistant.common.ParcelableAppItem@bab1f1d, 10105=com.huawei.netassistant.common.ParcelableAppItem@8c54592, 10140=com.huawei.netassistant.common.ParcelableAppItem@81d4b63}
12-17 23:31:31.609  1795  1795 D PowerManagerService: ready=true,policy=0,wakefulness=0,wksummary=0x1,uasummary=0x0,bootcompleted=true,boostinprogress=false,waitmodeenable=false,mode=true,manual=33,auto=-1,adj=0.0userId=0
12-17 23:30:27.248  2852  3556 I NetworkController.MobileSignalController(0): onDataActivity: direction=3
12-18 16:01:09.167  1046  1125 V audio_hw_primary: start_output_stream: Opening PCM device card_id(0) device_id(12) format(0)
12-17 21:16:40.126   633 31875 I SDK     : 
12-17 23:25:58.798  2852  2852 D HwCustMobileSignalControllerImpl: isCurrentBySim()=false
12-18 07:29:44.151   818  1086 E iMonitor: setTracingEnabled:0
12-17 23:05:37.981  1795  2380 D PowerManagerService: userActivityNoUpdateLocked: eventTime=130226279, event=2, flags=0x0, uid=1000
12-18 09:13:03.250   633 31868 I SDK     : 
12-17 21:59:18.749  1795  1825 D PowerManagerService: userActivityNoUpdateLocked: eventTime=127612442, event=0, flags=0x0, uid=1000
12-17 20:55:11.326  1795 15988 D PowerManagerService: ready=true,policy=3,wakefulness=1,wksummary=0x23,uasummary=0x4,bootcompleted=true,boostinprogress=false,waitmodeenable=false,mode=true,manual=33,auto=-1,adj=0.0userId=0
12-18 14:14:06.627  1795  2380 I TransactionProcessor: HwDPMS received transaction_isHwFrameworkAdminAllowed, the ret: false
12-18 14:12:17.832  5157  5157 D test    : sending:{"handlerName":"getRegisteredJsHandler","callbackId":"java_cb_1","data":null}
12-18 00:00:50.572   633 31870 I SDK     : 
12-17 19:55:48.705   633 21110 V imssdk_CloudRecord: =============================  CloudRecordGetCfgInfoRspNotify  ===================================
12-18 14:13:03.187  5157  5157 I chromium: [INFO:CONSOLE(1)] "Uncaught ReferenceError: WebViewJavascriptBridge is not defined", source:  (1)
12-17 19:32:23.297  3626  3626 E PTM.FileNodeInfo: getTempInfo error: null, 0
12-17 20:18:53.721   633   692 I eSpaceService: msg.recv{4490} 1.onCertFailed(EspaceService.java:862) get TLS cert failed !!!
12-18 14:11:12.427  5994  5994 D wpa_supplicant: WPS: attr type=0x1023 len=7
12-17 21:16:39.809   633 31870 I SDK     : <2016-12-17 21:16:39> [WARN] SDK: UE-SeC 2016-12-17 21:16:39:809 Level[WARN] magic[3362781472 684]:PubEvt_Close Getting a socket[165] from the Socket-table Failed!
12-18 07:49:04.227   633   692 I ECS     : msg.recv{4490} TcpSocket.setDSCP(TcpSocket.java:297) set dscp = 0
12-18 15:30:22.929  3168  3168 I CHR_ChrVolteStatisticInfoUtil: chrVolteStatisticInfo: mCount=0, mAvgValue=0, mMaxValue=0, mMinValue=0
12-17 19:47:16.498   633 31870 I SDK     : 
12-17 20:24:19.304  2852  2852 I PhoneStatusBar: removeNotificationChildren
12-18 19:49:22.040  2852  2852 I StatusBarIconView: updateTint: tint=0
12-18 19:45:20.480  2852  2852 I StatusBarIconView: updateTint: tint=0
12-18 08:28:53.681  2852  3556 I HwMobileSignalController: mExtDataOld:ExtData [mMasterNetWorkType=3, mSlaveNetWorkType=0, mMasterNetWorkLevel=5, mSlaveNetWorkLevel=-1, mDataState=2, mDataActivity=0, mDataNetType=13] mExtData:ExtData [mMasterNetWorkType=3, mSlaveNetWorkType=0, mMasterNetWorkLevel=5, mSlaveNetWorkLevel=-1, mDataState=2, mDataActivity=3, mDataNetType=13]
12-17 21:58:49.404  1795  2750 D HW_DISPLAY_EFFECT: presently, hw_update_color_temp_for_rg_led interface not achieved.
12-18 16:01:41.118  1046  1125 D ACDB-LOADER: ACDB -> AUDIO_SET_AFE_CAL
12-18 14:16:19.320  1795  2323 E UsbDeviceManager: 	at com.android.server.usb.UsbDeviceManager$2.onUEvent(UsbDeviceManager.java:328)
12-17 20:52:15.146 24266 24266 V chaunce : org.iqiyi.video.vote.b.aux.a()<-1> : checkVoteShowTime--hideVoteView
12-18 10:55:52.746  1795  2750 D HW_DISPLAY_EFFECT: presently, hw_update_color_temp_for_rg_led interface not achieved.
12-18 17:07:12.004  1795  1808 I ActivityManager_broadcast: dispatch ordered broadcast [foreground] BroadcastRecord{f584fc9 u-1 android.os.action.LIGHT_DEVICE_IDLE_MODE_CHANGED}, has 2 receivers
12-17 20:32:15.004  1795 11745 D ActivityManager: Skipping, withExcluded: false, tr.intent:Intent { act=com.android.deskclock.ALARM_ALERT flg=0x10800004 cmp=com.android.deskclock/.alarmclock.LockAlarmFullActivity (has extras) }
12-17 23:39:59.980   633 31870 I SDK     : 
12-18 18:28:51.368  2852  2852 D HwCustMobileSignalControllerImpl: isCurrentBySim()=false
12-17 20:01:32.313  3626  3626 E PTM.FileNodeInfo: getTempInfo error: null, 0
12-18 15:33:18.592 10334 10334 D wpa_supplicant: CTRL_IFACE monitor sent successfully to /data/misc/wifi/sockets/wpa_ctrl_1795-206\x00
12-17 22:30:35.855   633 31870 I SDK     : 
12-18 07:29:23.628  3180  3578 I ash     : Unproxy wakelock uid = 10102 pid = 31949
12-17 20:22:11.505   633   692 I eSpaceService: msg.recv{4490} LoginC.onLoginOk(LoginC.java:1326) Login_By_Step->LoginOK 0
12-17 22:57:02.943  2852  2852 D HwCustMobileSignalControllerImpl: isCurrentBySim()=false
12-18 15:57:05.160  1795  1807 D DeviceIdleController: handleMessage(7)
12-18 19:25:14.056  2883  3125 I HwSystemManager: StartupResidentService:InnerHandler Message:7
12-18 09:11:15.620  2852  2852 D HwCustMobileSignalControllerImpl: isCurrentBySim()=false
12-18 14:12:17.049  5157  5157 D test    : sending:{"handlerName":"getRegisteredJsHandler","callbackId":"java_cb_1","data":null}
12-18 09:17:27.541  3180  3332 I BatteryMonitor: screen off: 5m23s, awake: 29s wakeups: 5, battery changed: 0
12-17 23:30:23.235  2852  2852 D NetWorkUtils: mVSimCurCardType is -1
12-18 01:26:21.530  1795  2323 E UsbDeviceManager: 	at java.io.FileInputStream.open(Native Method)
12-17 21:58:42.007   836  2387 I knuckle_sensor: Sending SAM_ENABLE to fs_data
12-18 10:45:16.853  3382  3399 D QcrilMsgTunnelSocket: Rac Change (PDC) data: [-1, -1]
12-18 18:30:56.336  1795  2380 I TransactionProcessor: HwDPMS received transaction_isHwFrameworkAdminAllowed, the ret: false
12-18 08:51:59.141  1795  1819 D NetworkManagement: notifyInterfaceClassActivity: client is com.android.server.connectivity.Vpn$2@e40aefb
12-18 10:56:59.059  1046  9752 V APM_AudioPolicyManager: listAudioPorts() role 0 type 0 num_ports 0 ports 0xf00e8388
12-17 21:51:49.869  1795  1795 I DeviceIdleController: becomeActiveLocked, reason = screen
12-17 21:50:47.696  3382  3382 I SendBroadcastPermission: action:com.qualcomm.intent.action.ACTION_UNSOL_RESPONSE_OEM_HOOK_RAW, mPermissionType:0
12-18 07:36:48.132  1795  1795 D HuaweiWifiWatchdogStateMachine:  not in link monitoring mode, ignore TCP result .
12-18 14:12:01.970  5157  5157 W cr_BindingManager: Cannot call determinedVisibility() - never saw a connection for the pid: 5157
12-17 20:11:46.744   633 31870 I SDK     : 
12-17 23:17:52.746  1795  2380 I PowerManager_screenOn: PowerManagerNotifier onUserActivity: event=2, uid=1000
12-18 15:35:20.685  2852  2852 I PhoneStatusBar: updateNotificationShade
12-17 21:14:00.069  1795  2748 D lux trace:: [6.0/126388734, 7.0/126393726]
12-18 17:40:32.338  2852  2852 D NetWorkUtils: is3GCalling is false,mCdmaSlot is -1
12-17 22:32:45.617  3858  4126 I amsnl   : csr
12-18 09:24:50.008  2852  2852 I StatusBarIconView: updateTint: tint=0
12-18 12:39:09.654  3218  3236 I  ctaifs <信息>[信息][com.android.mms]: [MmsProvider.query]读取彩信数据
12-18 17:42:38.629  4690  4690 E HW-JPEG-DEC: [HME_JPEG_DEC_Delete](3298): HME_JPEG_DEC_Delete: decoder_ctx=null
12-17 21:32:41.286  2852  2852 W HwLockScreenPanel: Handle message: 10
12-17 20:28:02.061   633 31870 I SDK     : 
12-17 22:40:35.017  1795  1819 I EventHub: EventHub monitor: no key events in the past 1641s, no motion events in the past 258s
12-18 07:59:05.382  2852  2852 I StackScrollAlgorithm: updateDimmedActivatedHideSensitive overlap:false
12-18 14:14:30.205  1795  2685 D ConnectivityService: notifyType CAP_CHANGED for NetworkAgentInfo [WIFI () - 313]
12-17 19:57:21.570  5215  5215 E wpa_supplicant: eap_proxy: eap_proxy_notify_config
12-18 10:11:17.683  5224  5283 I Step_LSC: 20002302|MSG_RECORD_DATA_TO_FILE 
12-17 19:44:55.366  1795  2323 E UsbDeviceManager: Error reading charge file
12-18 12:39:36.420  2852  2852 I BitmapUtils: 	at android.os.Handler.dispatchMessage(Handler.java:95)
12-18 10:46:38.371  1795 16498 I AlarmManager: remove(PendingIntent{87f26cf: PendingIntentRecord{ccb123b com.android.phone broadcastIntent}}) changed bounds; rebatching
12-18 14:08:17.956  1795 15987 I qti_sensors_hal: batch:sensor(android.sensor.accelerometer) handle:0 flags:0x0 period_ns 66667000
12-17 22:05:42.432  3626  3626 E PTM.FileNodeInfo: getTempInfo error: null, 0
12-18 07:59:07.669   633   692 I eSpaceService: msg.recv{4490} LoginC.doLoginSucceed(LoginC.java:1042) Login Ack , set account to w00290667
12-18 18:27:01.667  2852  2852 I NotificationContentView: transferRemoteInputFocus: 0
12-18 14:11:29.448  1795  2666 W NetworkStatsFactory: mStatsXtProcUid: /proc/net/comm/stats does not exist!
12-18 08:26:49.281  2852  2852 D NetWorkUtils: is3GCalling is false,mCdmaSlot is -1
12-18 07:46:40.182   633 31870 I SDK     : <2016-12-18 07:46:40> [WARN] SDK: UE-SeC 2016-12-18 7:46:40:182 Level[WARN] magic[3362781472 684]:PubEvt_Close Getting a socket[32] from the Socket-table Failed!
12-18 08:29:41.872  1795 20747 D PowerManagerService: release:lock=56377271, flg=0x0, tag="RILJ_ACK_WL", name=com.android.phone", ws=null, uid=1001, pid=3218
12-18 18:02:47.152   633 31870 I SDK     : <2016-12-18 18:02:47> [WARN] SDK: UE-SeC 2016-12-18 18:2:47:152 Level[WARN] magic[3362781472 684]:PubEvt_Close Getting a socket[7] from the Socket-table Failed!
12-17 21:47:24.692  3858  4126 I amsnl   : csr
12-18 08:14:15.609  1795  2381 D libfingersense_wrapper: Calling fingersense_classify_touch()
12-17 21:58:37.866  1795  1795 I Sensor  : updateLightsLocked --> mBatteryLight.turnOff
12-18 10:54:49.844  1795  3111 D PowerManagerService: Acquiring suspend blocker "PowerManagerService.WakeLocks".
12-17 23:32:50.706   633 31870 I SDK     : 
12-17 21:58:45.454  1795  2332 I qti_sensors_hal: [ACC]processReportInd: X: -0.951038 Y: 9.355734 Z: 3.316456  x_offset:0.160831 y_offset:0.184366 z_offset:0.985027
12-18 08:04:14.141  1795 20747 D PowerManagerService: acquire lock=104755983, flags=0x1, tag="RILJ_ACK_WL", name=com.android.phone, ws=null, uid=1001, pid=3218
12-18 17:39:13.941   633 16728 I SDK     : <2016-12-18 17:39:13> [NOTICE] SDK: UE-SeC 2016-12-18 17:39:13:941 Level[NOTICE] magic[2074753312 982]:svn_gethostbyname_withtimeout: parse url <login.huawei.com> cost 274 ip<640287498>
12-18 14:12:50.210  5157  5157 I chromium: [INFO:CONSOLE(1)] "Uncaught SyntaxError: Unexpected token var", source:  (1)
12-17 20:59:56.471 24266 24312 I Utility : [qiyi_LOG_INFO Utility] isQiyiPackage PackageName:com.qiyi.video
12-18 14:13:07.640  5157  5157 I chromium: [INFO:CONSOLE(1)] "Uncaught ReferenceError: WebViewJavascriptBridge is not defined", source:  (1)
12-17 21:47:19.187  1059  1059 D ActivityThread: ActivityThread,attachApplication
12-18 13:01:05.860  2852  2852 E DateLunarView: mDateString is: 12月18日星期日
12-17 23:24:48.876  2852  2852 I HwSignalClusterView: apply hwPhoneState.mSubId:0 anyMobileVisible:false mIsAirplaneMode:false, mobileGroupVisible=true
12-18 07:30:18.307  2852  2852 D HwCustMobileSignalControllerImpl: isCurrentBySim()=false
12-18 05:26:31.179  3218  3218 I QImsService: ImsServiceSub : type = 0 status = 0 isValid = true
12-17 23:16:21.734   633 31870 I SDK     : <2016-12-17 23:16:21> [WARN] SDK: UE-SeC 2016-12-17 23:16:21:734 Level[WARN] magic[3362781472 684]:PubEvt_Close Getting a socket[48] from the Socket-table Failed!
12-18 17:33:17.265  1795  1795 I MQoS    : received cell-signal:5
12-18 14:13:32.778  1795  6986 D HwActivityManagerService: handleANRFilterFIFO,uid = 10113cmd = 1
12-18 15:34:37.052   818  1086 E iMonitor: setTracingEnabled:1
12-18 18:28:22.002  2852  2852 W CfgFilePolicy: No config file found for:/themes/diff/icons
12-18 17:50:16.649  1795  2665 D NetdConnector: RCV <- {200 12658 Firewall command succeeded}
12-18 10:55:28.927   633 31868 I SDK     : <2016-12-18 10:55:28> [NOTICE] SDK: UE-SeC 2016-12-18 10:55:28:927 Level[NOTICE] magic[3365677344 1674]:Process DNS reponse msg!
12-18 07:41:57.995  3626  3626 E PTM.FileNodeInfo: getTempInfo error: null, 0
12-17 20:24:30.578  3180  3578 D PgedBinderAdapter: unfrz ok, pid: [31558, 17357]
12-18 14:09:53.370  3218  6115 I PhoneInterfaceManager: shouldBlockLocation  ret:false
12-18 08:30:14.009  3626  3626 E PTM.FileNodeInfo: getTempInfo error: null, 0
12-18 00:05:02.881   633 15240 I SDK     : 
12-17 21:33:11.081   633   692 I eSpaceService: Watch Thread{4481} WatchThread.onLoop(WatchThread.java:98) watch thread onLoop...--》 iWatched.doWatch() 
12-17 23:05:37.561   633  9162 I SDK     : 
12-18 07:59:05.299  5224  5283 I Step_FlushableStepDataCache: 20002302|upLoadOneMinuteDataToEngine time=24700302 step=2 altitude=0 motion=20002
12-17 20:56:00.014  2852  2852 I HwDateUtils: begin of formatChinaDateRange chinaDate:晚上8:56
12-18 18:30:39.571  3858  4126 I amsnl   : t:false, fl: false, p: 2147483647000, ce: true, we: false
12-18 15:35:30.685  1795  1795 I Sensor  : updateLightsLocked --> mBatteryLight.turnOff
12-17 23:48:39.655  1795  2748 D HwAmbientLuxFilterAlgo: earliestValidTime + POWER_ON_BRIGHTENING_LIGHT_DEBOUNCE
12-17 19:31:40.284  2852  2852 I StackScrollAlgorithm: overlapAmount:763.6, previousNotificationEnd:607.0, newYTranslation:-156.59998, location:2, i:1, getTopPadding:499.0, getLocationOnScreen():-36
12-17 21:50:49.010  3608  3608 D InCall  : VideoPauseController: - VideoPauseController:onIncomingCall, OldState=NO_CALLS NewState=INCOMING Call=[Call_14, INCOMING, [Capabilities: CAPABILITY_SUPPORT_HOLD CAPABILITY_RESPOND_VIA_TEXT CAPABILITY_MUTE CAPABILITY_CANNOT_DOWNGRADE_VIDEO_TO_AUDIO], children:[], parent:null, conferenceable:[], videoState:Audio Only, mSessionModificationState:0, VideoSettings:(CameraDir:-1)]
12-18 13:12:13.695   802   802 E Thermal-daemon: [Thermal_Hw] temperature_valid, battery : temperature is invalid, invalid temperatrue is 31
12-18 17:40:41.471  1795  6988 E HsmCoreServiceImpl: onTransact in code is: 102
12-18 10:40:48.540  2852  2852 I StackScrollAlgorithm: overlapAmount:763.6, previousNotificationEnd:607.0, newYTranslation:-156.59998, location:2, i:1, getTopPadding:499.0, getLocationOnScreen():-36
12-18 17:38:20.164  1795  2748 D HwAmbientLuxFilterAlgo: t=141506029,BT=141507029,DT=141510029,BT1=141510029,DT1=141514029,Bn=false,Dn=false,lx=[303.0/141504524, 305.0/141504825, 305.0/141505126, 309.0/141505427, 309.0/141505728, 309.0/141506029],mLx=488.0,s=5.0,ss=1.4964161,AuIntervened=false,mProximityState=false,bLux=1221.0,dLux=82.08002,bLux1=1221.0,dLux1=82.08002
12-18 00:13:50.455  1795 15901 D ActivityManager: cleanUpApplicationRecord -- 16761
12-17 21:51:49.569  1795  2323 D HwBatteryService: onUEvent fcpStatus = 0,scpStatus =0,ovpStatus=0
12-18 18:27:19.817  1795  1809 D KeyEvent: obtain, mHwFlags=0
12-17 21:53:32.394  1795  1795 I NotificationManager: mIntentReceiver-ACTION_SCREEN_ON
12-17 23:14:56.415  2852  2852 D NetWorkUtils: mVSimCurCardType is -1
12-18 19:49:57.310   835  2385 E libteec : begin
12-18 14:12:30.382  5157  5157 W cr_BindingManager: Cannot call determinedVisibility() - never saw a connection for the pid: 5157
12-17 22:32:35.428  3218  3517 I QImsService: ImsSenderRxr : [UNSL]< UNSOL_SSAC_CHANGED org.codeaurora.ims.ImsQmiIF$SsacInfo@d2666c2[SUB0]
12-17 21:26:42.060  2852  2852 I StatusBarIconView: updateTint: tint=0
12-18 15:43:36.122  2852  2852 V MagazineUtils: Is User Assigned Wallpaper? : 0  false
12-17 23:16:53.473  1795  1795 I MQoS    : onSignal: mSubId=1,currDataSubID=0
12-17 20:20:48.240  2852  2852 W HwLockScreenPanel: Handle message: 4
12-18 03:56:27.653  3168  3168 I CHR_ProtocolLogManager: reportAbnormalLevelA ChrEventInfo: faultID = 11, sub = 0, logRequest = 0, mDate = Sun Dec 18 03:56:27 GMT+08:00 2016
12-17 22:48:17.984   633 31870 I SDK     : 
12-18 05:26:31.121  1795 16498 I HwActivityManagerService: Split enqueueing broadcast [callerApp]:ProcessRecord{4ff57fc 3382:com.qualcomm.qcrilmsgtunnel/1001}
12-17 23:47:31.059  3858  4126 I amsnl   : csr
12-17 19:32:23.783  5215  5215 D wpa_supplicant: 80:38:bc:0b:36:e1 freq=2452 qual=0 noise=-89~ level=-88 snr=1 flags=0xb age=20 est=6500
12-18 09:26:01.347  3180  3578 I PGServer: report state:6 event type:2 pid:0 uid:10102 pkg:com.huawei.espacev2 to pid: 1795
12-18 19:52:54.360  1795  1795 I MQoS    : rtt=720,tcp_tx_pkts=1583138,tcp_rx_pkts=1843504
12-18 09:17:44.627  1795  3121 I ActivityManager: ActivityRecord info: ActivityInfo{253bfe8 com.uc.browser.InnerUCMobile}, euid: 0
12-17 20:11:45.358 21618 22175 I HwOUC   : [Thread-4-5731]isABsystemSupport local swtich is closed, return false(hwouc/HwOucUtility.java:7048)
12-17 22:51:14.628  2852  2852 E BokehDrawable: BlurBitmap  draw super 0.0
12-18 19:51:20.915  1795  1819 I SendBroadcastPermission: action:android.net.conn.DATA_ACTIVITY_CHANGE, mPermissionType:0
12-18 10:40:13.306  2852  3556 D NetworkController.MobileSignalController(0): mSimSubId:0 onDataActivity: direction=4
12-18 18:24:24.382  2852  2852 I HwSignalClusterView: getOrInflateState subId:0
12-18 17:30:45.622  3218  7071 I PhoneInterfaceManager: shouldBlockLocation  ret:false
12-18 09:11:55.853  2852  2925 I EventCenter: ContentChange for slot: 1
12-18 10:45:07.569  3879  4071 I HwLauncher: AllIdleAppsList  updatePackage  isCloneApp =  false
12-18 08:42:52.258   633 31870 I SDK     : <2016-12-18 08:42:52> [WARN] SDK: UE-SeC 2016-12-18 8:42:52:258 Level[WARN] magic[3362781472 684]:PubEvt_Close Getting a socket[249] from the Socket-table Failed!
12-18 17:42:28.565  2852  2852 I HwMobileSignalController: notifyListenerHuawei::origin typeIcon:2130839197 icons.mName:4GPLUS isSuspend:false, showDataIcon=true, dataConnected=true, isRoaming=false
12-17 20:55:53.601 24266 24266 D seekbar : org.iqiyi.video.ui.ci.onProgressChanged()<-1> : 当前进度：2417305 缓冲大小:350967 缓冲进度：2768272
12-18 08:49:34.363  7194  7208 I PushLog2824: [ReceiverDispatcher-336]isvalid:true srvValidBefore:81604218 pushSrvNeedQueryTRS:false(android/null:-1)
12-17 20:31:48.369 24266 24679 E HW-JPEG-DEC: [HME_JPEG_DEC_Delete](3298): HME_JPEG_DEC_Delete: decoder_ctx=null
12-17 19:35:51.617  1795  1795 I MQoS    : onSignal: mSubId=1,currDataSubID=0
12-18 19:41:04.982  1795 15982 I HwActivityManagerService: Split enqueueing broadcast [callerApp]:ProcessRecord{580cfb2 5224:com.huawei.health:DaemonService/u0a99}
12-18 07:29:37.738  1795 16232 D ConnectivityService: registerNetworkAgent NetworkAgentInfo{ ni{[type: MOBILE[LTE], state: CONNECTED/CONNECTED, reason: connected, extra: cmnet, failover: false, available: true, roaming: false, metered: false]}  network{309}  nethandle{1327161330398}  nc{[ Transports: CELLULAR Capabilities: SUPL&INTERNET&NOT_RESTRICTED&TRUSTED&NOT_VPN LinkUpBandwidth>=51200Kbps LinkDnBandwidth>=102400Kbps Specifier: <0>]}  Score{10}  everValidated{false}  lastValidated{false}  created{false} lingering{false} explicitlySelected{false} acceptUnvalidated{false} everCaptivePortalDetected{false} lastCaptivePortalDetected{false} }
12-18 17:41:19.508  1795  2750 D HW_DISPLAY_EFFECT: presently, hw_update_color_temp_for_rg_led interface not achieved.
12-17 22:24:41.330  3180  3578 I ash     : com.tencent.mm { hibernation duration=76651 } transition to: running reason:bc_notify_android.intent.action.SCREEN_ON
12-17 22:07:58.977  2852  2852 I HwExpandableNotificationRowHelper: unclear notification ,notificationPkgName:com.android.incallui key:0|com.android.incallui|2|null|1001
12-17 21:52:14.939  1795  1795 I Sensor  : updateLightsLocked --> level:69, status:3
12-17 21:34:10.550  2852  2852 I PhoneStatusBar: updateNotificationShade
12-18 14:12:23.690  5157  5157 D test    : sending:{"handlerName":"getRegisteredJsHandler","callbackId":"java_cb_1","data":null}
12-17 21:53:02.548  1795  2750 D SurfaceControl: Excessive delay in setPowerMode(): 216ms
12-18 08:20:09.820  2852  2852 I HwSystemIcons: onLayout:left=704, top=0, right=1056, bottom=72, offset=0
12-17 21:33:12.854  1795 16232 I LockSettingsStorage: readPasswordHash ok
12-17 22:13:13.153  3180  3578 I ash     : com.android.browser broadcast notify, H to R!
12-17 21:04:25.445 24266 24266 I qiyippsplay: org.iqiyi.video.ui.bf.h()<-1> : 当前时间429401
12-18 14:10:52.716  5994  5994 D wpa_supplicant: WPS: attr type=0x1049 len=6
12-17 22:30:32.626  1795  1821 I ActivityManager_activity: windowsGone(): ActivityRecord{b46dc67 u0 com.android.incallui/.InCallActivity t310}
12-18 14:08:21.477  1795  2381 D libfingersense_wrapper: Calling fingersense_touch_up()
12-18 14:13:29.276  3879  3879 I HwLauncher: Launcher workspaceTranslationX = 0.0
12-17 21:00:54.429  2852  2852 I HwSignalClusterView: apply hwPhoneState.mSubId:0 anyMobileVisible:false mIsAirplaneMode:false, mobileGroupVisible=true
12-18 15:28:33.366   802   802 E Thermal-daemon: [Thermal_Hw] temperature_filter: get invalid temperature, use old temp
12-18 14:07:30.144  2852  2852 I HwDateUtils:  formatChinaDateTime equals.
12-18 10:46:12.601  2852  2852 I HwBrightnessUtils: APS brightness=157.0,ConvertToPercentage=0.7595658
12-17 21:27:04.302  1046  2704 I APM_AudioPolicyManager: checkOutputForStrategy() getDeviceForStrategy strategy=8 newDevice=2 oldDevice=1
12-18 08:30:01.588  2852  2852 I HwSignalClusterView: getOrInflateState subId:0
12-18 14:08:08.591  2883  3033 I HwSystemManager: PermissionDbVisitor:insertHistoryRecord:HistoryRecord[packageName:com.sankuai.meituanhd,permissionType:8,action:11,dateStartTime:1481990400000,timestamp:1482041288590]
12-17 23:24:07.446  5782  5798 W LogUtil :   writeDelayStr failed,restore for further try
12-18 00:05:02.784  1046  1125 I Huawei_audio_cust: get_spk_pa_type: pa is max98925
12-18 07:29:38.215  2883  3125 I HwSystemManager: StartupResidentService:InnerHandler Message:7
12-18 16:01:09.207   633 14398 E SDK     : <2016-12-18 16:01:09> [ERR] SDK: UE-SeC 2016-12-18 16:1:9:207 Level[ERR] magic[2089068832 2503]:FSM_OpenFile => [ERROR] fname</mnt/sdcard/sandbox/AnyOfficeSDK/sdk/cffb628ad277b3e98d6e9ae9dceca2a7_AnyOfficeSDKMDMResult> handle<00000000> err<-1000>
12-18 08:08:01.914  2852  2852 D HwCustMobileSignalControllerImpl: isCurrentBySim()=false
12-18 07:57:05.836   606  2379 E libteec : receive data len = 192
12-18 14:12:46.976  2852  2852 I BarTransitions.HwNavigationBarView: transitionTo: mode=MODE_TRANSPARENT, animate=false
12-17 20:18:52.793  2852  2852 I TimeKeeper: resetErrorCount kg_policy_pswd_pin_patten_x0_0
12-18 14:13:55.023  5157  5157 D test    : sending:{"handlerName":"getRegisteredJsHandler","callbackId":"java_cb_1","data":null}
12-18 19:25:25.696  3858  4126 I amsnl   : m1: false
12-18 14:17:37.057  1795  1795 I NotificationManager: enqueueNotificationInternal: n.getKey = 0|com.huawei.health|10010|null|10099
12-18 14:11:05.356  5157  5157 W cr_BindingManager: Cannot call determinedVisibility() - never saw a connection for the pid: 5157
12-18 07:30:48.789  1795  2748 D HwAmbientLuxFilterAlgo: earliestValidTime + POWER_ON_BRIGHTENING_LIGHT_DEBOUNCE
12-17 21:51:00.971  1795  1825 W LightSensor: LightSensor, enable, 283: en=1
12-18 14:11:30.546  1795  2671 D HwWifiConnectivityManager: handleScanCounterChanged,reason: 2, mHwSingleScanCounter: 0
12-18 19:49:14.584   835  2385 E libteec : qsc_decode end
12-18 15:27:47.389   633   692 I ECS     : msg.recv{4490} XmlMsg.decodeBuf(XmlMsg.java:237) RECV 48 bytes [12]_00_03_02_03_13_05_8B_A0_B2_3A_2F_2F cmdCode(CC_SetPersonalState.0x0313)msgType(MT_ACK.2)msgClass(MC_InstanceMessage.3)sender(ST_Mobile.0)crypted(true)zipped(false)nobase64(true)length(44)version(3)sno(8BA0)
12-17 21:31:26.293   633 31868 I SDK     : 
12-17 21:26:09.227  5224  5283 I Step_LSC: 20002302|REPORT : 6981 149249 4977 0
12-17 21:23:22.110  3168 30495 D HwRepairHelper: getRcvData() TimeTdsLevelOther :  0
12-17 21:58:49.038  1795  1825 D DisplayPowerController: Animating brightness: target=0, rate=0
12-17 23:34:20.034  2852  2914 I HwMobileSignalController: subId:0 phoneType:1 networktype:13 targetClass:3 masterLevel:4 slaveLevel:-1
12-18 15:38:18.662 10334 10334 D wpa_supplicant: CTRL-DEBUG: ctrl_sock-sendmsg: sock=16 sndbuf=229376 outq=0 send_len=24
12-18 14:16:11.544  5224  5283 I Step_DataCache: 20002302|getTodayTotalSteps 8213
12-18 14:12:45.902  5157  5157 D test    : sending:{"handlerName":"getRegisteredJsHandler","callbackId":"java_cb_1","data":null}
12-17 23:49:04.712  1795  2381 D libfingersense_wrapper: fingersense_touch_up() finished
12-18 19:49:59.497  2852  2852 D KGWallpaper_Magazine: getNextIndex: 0; from 21 to 21; size: 44
12-18 00:24:23.073   633 31870 I SDK     : <2016-12-18 00:24:23> [WARN] SDK: UE-SeC 2016-12-18 0:24:23:73 Level[WARN] magic[3362781472 684]:PubEvt_Close Getting a socket[124] from the Socket-table Failed!
12-17 22:45:37.722  2852  3556 I HwMobileSignalController: mExtDataOld:ExtData [mMasterNetWorkType=3, mSlaveNetWorkType=0, mMasterNetWorkLevel=4, mSlaveNetWorkLevel=-1, mDataState=2, mDataActivity=4, mDataNetType=13] mExtData:ExtData [mMasterNetWorkType=3, mSlaveNetWorkType=0, mMasterNetWorkLevel=4, mSlaveNetWorkLevel=-1, mDataState=2, mDataActivity=0, mDataNetType=13]
12-18 14:11:21.207  5157  5157 W cr_BindingManager: Cannot call determinedVisibility() - never saw a connection for the pid: 5157
