12-18 18:41:02.342   633 31870 I SDK     : <2016-12-18 18:41:02> [WARN] SDK: UE-SeC 2016-12-18 18:41:2:342 Level[WARN] magic[3362781472 684]:PubEvt_Close Getting a socket[1] from the Socket-table Failed!
12-17 23:22:06.575  2852  3556 I NetworkController.MobileSignalController(0): onSignalStrengthsChanged signalStrength=SignalStrength: -1 0 -1 255 -1 255 -1 255 255 20 -102 -10 126 2147483647 2147483647 false gw|lte level=4 isSuspend=false levelOld=4,mSignalStrength level=4
12-18 14:13:30.680  1795  3110 D ActivityManager: getRecentTasks: num=10,flags=62,totalTasks=48
12-17 19:33:03.525  1795  2326 V FingerprintService: stop client com.android.systemui
12-17 21:26:53.667  2852  2852 I BadgedIconHelper: isCloneProcess = false
12-17 23:35:04.071   633   692 I eSpaceService: Watch Thread{4481} WatchThread.onLoop(WatchThread.java:98) watch thread onLoop...--》 iWatched.doWatch() 
12-17 22:41:01.149  1795  3111 W ActivityManager: getRunningAppProcesses: caller 10102 does not hold REAL_GET_TASKS; limiting output
12-17 22:30:32.571  3218  3218 D PhoneInterfaceManager: [PhoneIntfMgr] getDataEnabled: subId=0 phoneId=0
12-17 23:13:39.580   814 10142 E OMXNodeInstance: setConfig(32e00bc:google.vorbis.decoder, ConfigPriority(0x6f800002)) ERROR: Undefined(0x80001001)
12-18 17:41:39.665 25067 25067 D HwCust  : Create obj success use class android.app.HwCustActivityImpl
12-18 15:41:06.882  3180 10660 I PGServer: report state:5 event type:1 pid:0 uid:10029 pkg:null to pid: 1795
12-18 17:33:10.503  2852  2852 I StackScrollAlgorithm: updateClipping isOverlap:false
12-17 21:09:10.506  2852  2852 D HwCustMobileSignalControllerImpl: isCurrentBySim()=false
12-17 21:52:24.937  3608  3608 D InCall  : CallCardFragment - onGlobalLayout
12-17 23:17:37.416  1795  2380 D PowerManagerService: userActivityNoUpdateLocked: eventTime=130945717, event=2, flags=0x0, uid=1000
12-17 21:26:59.704  3180  3578 I ash     : ash->screen off
12-18 11:20:45.488  3168  3168 I CHR_ChrCallService: CHR Info, EVENT_GET_MODEM_INFO_DONE, iFaultID:2147483647, iNewFaultID:3, subId:0
12-18 00:06:36.792  1795  3237 D PowerManagerService: release:lock=153821243, flg=0x0, tag="eventloop", name=android", ws=null, uid=1000, pid=7194
12-18 02:56:25.663  1795  2323 E UsbDeviceManager: 	at android.os.FileUtils.readTextFile(FileUtils.java:267)
12-18 14:25:34.322  1795  3225 D PowerManagerService: ready=true,policy=0,wakefulness=0,wksummary=0x1,uasummary=0x0,bootcompleted=true,boostinprogress=false,waitmodeenable=false,mode=true,manual=33,auto=-1,adj=0.0userId=0
12-18 11:11:01.956  3180  3578 I ash     : perform hibernation actions!
12-18 08:16:29.083  2852  2852 I HwSignalClusterView: getOrInflateState subId:0
12-17 22:45:31.702  1795 20747 D PowerManagerService: Releasing suspend blocker "PowerManagerService.WakeLocks".
12-18 14:07:32.456   633  5149 I SDK     : <2016-12-18 14:07:32> [NOTICE] SDK: UE-SeC 2016-12-18 14:7:32:456 Level[NOTICE] magic[2134227232 3411]:Succeed to get user info
12-18 15:37:47.680  1795 11746 D PowerManagerService: Acquiring suspend blocker "PowerManagerService.WakeLocks".
12-18 17:31:27.386  1795  3225 I HwActivityManagerService: Split enqueueing broadcast [callerApp]:ProcessRecord{580cfb2 5224:com.huawei.health:DaemonService/u0a99}
12-18 07:33:50.859  1795  2380 I PowerManager_screenOn: PowerManagerNotifier onUserActivity: event=2, uid=1000
12-18 01:04:54.774  3626  3626 E PTM.FileNodeInfo: getTempInfo error: null, 0
12-18 15:33:22.030  9017  9017 D AccessPointPreference: onBindView linkPlus = true, detailedState = CONNECTED, noInternet = false, noHandover = false, reason = 0, ssid:TP-LINK_fen
12-18 07:29:40.913   633 20064 I SDK     : 
12-18 17:41:33.468  1795  2376 I ActivityManager_broadcast: collectReceiverComponents, callerApp: null, intent:com.meituan.location.receiver.action.doWork, receiver size:1, flags: 10000400
12-18 14:13:10.446  5157  5157 W cr_BindingManager: Cannot call determinedVisibility() - never saw a connection for the pid: 5157
12-18 12:38:52.726  3602  3627 W DeviceId: galaxy lib host missing meta-data,make sure you know the right way to integrate galaxy
12-17 21:32:51.647  2852  2852 D HwKeyguardAbsKeyInputView: !!! onInputChecked-10  false
12-17 20:27:09.577  2852  2914 I SimCardMethod: isCardAbsent slot:0 slotState:5
12-18 09:35:09.987  3626  3626 E PTM.FileNodeInfo: getTempInfo error: null, 0
12-18 13:11:04.015  1795  1795 V NotificationService: disableEffects=null canInterrupt=false once update: false
12-18 17:41:21.950  2852  2852 D TintTextView: #B3000000 com.android.systemui.tint.TintTextView{88b1de7 V.ED..... ......ID 0,11-144,60 #7f14004e app:id/msim_status_bar_operators_card_one_id}
12-17 22:33:44.271   814   814 D NuPlayer: hw fadein is disabled!
12-17 20:39:32.707   802   802 E Thermal-daemon: [Thermal_Hw] temperature_filter: get invalid temperature, use old temp
12-17 23:13:43.662  2852  2852 D HwCustMobileSignalControllerImpl: sub =0,strMccMnc =null,hashMccMnc =[],strPlmn =hw_hspap_show_4g
12-17 20:13:03.139  2852  3556 I NetworkController.MobileSignalController(0): 	to: connected=true,enabled=true,level=5,inetCondition=1,iconGroup=IconGroup(4G),activityIn=true,activityOut=true,rssi=0,lastModified=12-17 08:13:02,isRoaming=false,dataSim=true,networkName=中国移动,networkNameData=中国移动,dataConnected=true,isDefault=true,isEmergency=false,airplaneMode=false,carrierNetworkChangeMode=false,userSetup=true
12-18 14:12:51.084  5157  5157 W cr_BindingManager: Cannot call determinedVisibility() - never saw a connection for the pid: 5157
12-18 14:12:30.376  5157  5157 D test    : sending:{"handlerName":"getRegisteredJsHandler","callbackId":"java_cb_1","data":null}
12-17 22:31:34.307  1795 16499 D PowerManagerService: ready=true,policy=3,wakefulness=1,wksummary=0x1,uasummary=0x1,bootcompleted=true,boostinprogress=false,waitmodeenable=false,mode=true,manual=33,auto=-1,adj=0.0userId=0
12-17 20:32:20.834 24266 24266 V chaunce : org.iqiyi.video.vote.b.aux.a()<-1> : checkVoteShowTime--hideVoteView
12-18 18:29:23.408  2852  2852 I BadgedIconHelper: isCloneProcess = false
12-17 22:26:20.539   633   692 E eSpaceService: 	at com.huawei.svn.sdk.socket.SvnPlainSocketImpl.connect(SvnPlainSocketImpl.java:287)
12-18 08:44:06.361   633 31870 I SDK     : <2016-12-18 08:44:06> [WARN] SDK: UE-SeC 2016-12-18 8:44:6:361 Level[WARN] magic[3362781472 684]:PubEvt_Close Getting a socket[181] from the Socket-table Failed!
12-18 07:56:29.863   633 31875 I SDK     : 
12-17 23:29:57.077  1795  5350 I TrafficMonitor: getStatic,count:0,work status:false
12-17 20:23:22.608  5224  5283 I SendBroadcastPermission: action:android.com.huawei.bone.NOTIFY_SPORT_DATA, mPermissionType:0
12-17 21:28:28.230  1795  3121 D PowerManagerService: release:lock=177476567, flg=0x0, tag="RILJ_ACK_WL", name=com.android.phone", ws=null, uid=1001, pid=3218
12-17 21:28:23.817  2852  2852 I StatusBar: onNotificationPosted: StatusBarNotification(pkg=com.huawei.health user=UserHandle{0} id=10010 tag=null key=0|com.huawei.health|10010|null|10099: Notification(pri=0 contentView=null vibrate=null sound=null defaults=0x0 flags=0x62 color=0x00000000 vis=PRIVATE)) important=2, post=1481981303813, when=1481531589202, vis=0, userid=0
12-18 15:36:16.647  1795 16500 D PowerManagerService: ready=true,policy=3,wakefulness=1,wksummary=0x0,uasummary=0x1,bootcompleted=true,boostinprogress=false,waitmodeenable=false,mode=true,manual=33,auto=-1,adj=0.0userId=0
12-18 02:39:17.922  3626  3770 I LSC_902500004: process buffer and get message
12-18 12:39:13.999  7741  8048 V MmsWidgetProvider: notifyDatasetChanged
12-18 12:50:38.376  1795  3139 I ActivityManager_broadcast: Enqueueing ordered broadcast[background] BroadcastRecord{f53bb55 u0 android.intent.action.LTE_CA_STATE}: prev had 0
12-18 17:44:36.373  2852  2852 I StackScrollAlgorithm: updateDimmedActivatedHideSensitive overlap:false
12-17 21:23:34.763  1795  1795 I NotificationManager: cancelNotification,index:-1
12-17 21:27:05.426  3180  3578 I ash     : ash->screen off
12-18 10:57:12.437  2852  2852 D HwCustMobileSignalControllerImpl: isCurrentBySim()=false
12-18 14:11:32.214  1795 11745 I HwActivityManagerService: Split enqueueing broadcast [callerApp]:ProcessRecord{3cda1ab 5089:com.huawei.android.hwouc/u0a53}
12-18 08:51:12.577  1795  2665 D NetdConnector: RCV <- {613 IfaceClass active 0 490811275834438 10105}
12-17 20:25:11.819  2852  2852 I TrafficPanelManager: hideTraffic
12-18 19:49:48.801  1795 11747 D PowerManagerService: ready=false,policy=0,wakefulness=0,wksummary=0x11,uasummary=0x0,bootcompleted=true,boostinprogress=false,waitmodeenable=false,mode=true,manual=33,auto=-1,adj=0.0userId=0
12-17 22:43:56.621  2852  2852 D HwCustMobileSignalControllerImpl: sub =0,strMccMnc =null,hashMccMnc =[],strPlmn =hw_hspap_show_4g
12-18 08:23:00.591  1795  2750 D HW_DISPLAY_EFFECT: presently, hw_update_color_temp_for_rg_led interface not achieved.
12-18 07:33:11.155  1795  2748 D HwAmbientLuxFilterAlgo: earliestValidTime + POWER_ON_BRIGHTENING_LIGHT_DEBOUNCE
12-17 23:48:32.524   816 13619 D DnsProxyListener: GetAddrInfoHandler addr: emoji.qpic.cn {308, 917812, 10105} 183.240.6.30
12-17 23:44:59.310   633 13292 I SDK     : <2016-12-17 23:44:59> [NOTICE] SDK: UE-SeC 2016-12-17 23:44:59:310 Level[NOTICE] magic[2284751136 1019]:SDK:net change notify: old=2, new=1, errCode=0
12-17 21:52:11.121  2852  2852 D TintManager: statusBarIconTint=#B3FFFFFF,navigationBarIconTint=#00000000
12-18 18:14:09.825  1795  2323 E UsbDeviceManager: 	at android.os.UEventObserver$UEventThread.run(UEventObserver.java:187)
12-18 14:20:47.634  2852  2852 D HwCustMobileSignalControllerImpl: sub =0,strMccMnc =null,hashMccMnc =[],strPlmn =hw_hspap_show_4g
12-18 18:26:04.504  1795  2778 I SendBroadcastPermission: action:android.intent.action.SIG_STR, mPermissionType:0
12-18 14:15:20.096  3879  4071 I HwLauncher: NewEspaceMessageContentObserver  getNewEspaceMessageCount: 0
12-17 22:25:18.544  1795 15987 D StubTelephonyRegistry: uid:10028 pid:16628 PhoneStateListener.LISTEN_CELL_LOCATION:16 events:0
12-17 21:01:46.606  2852  2852 D HwCustMobileSignalControllerImpl: sub =0,strMccMnc =null,hashMccMnc =[],strPlmn =hw_show_4g
12-17 19:33:02.145  1795  2750 I PowerManager_screenOn: DisplayPowerState Updating screen state: state=ON, backlight=0
12-18 19:25:16.486   633 31868 E SDK     : <2016-12-18 19:25:16> [ERR] SDK: UE-SeC 2016-12-18 19:25:16:485 Level[ERR] magic[3365677344 692]:Decoder message type is invalidation;invalidation MMTP_MSG_ENABLE_EXTEND is [36]
12-17 22:27:50.200  3608  3608 I InCall  : ProximitySensor - ProximitySensor{keybrd=0, dpad=0, offhook=1, hor=0, ui=1, aud=EARPIECE}
12-18 07:41:18.746  2852  2852 D HwCustMobileSignalControllerImpl: isCurrentBySim()=false
12-17 21:58:49.380  5224  5283 I SendBroadcastPermission: action:android.com.huawei.bone.NOTIFY_SPORT_DATA, mPermissionType:0
12-17 19:33:03.557  3608  3608 D InCall  : InCallActivity - onResume()... end
12-18 15:36:28.641 10334 10334 D wpa_supplicant: CTRL-DEBUG: ctrl_sock-sendmsg: sock=16 sndbuf=229376 outq=0 send_len=41
12-17 20:31:48.502 24266 24266 D Feed    : com.iqiyi.qyplayercardview.j.nul.c()<-1> : emotion [31] = Emotion@fdaed21mOrder = 32,mId = 31,mName = pp_icon_expression_32,mContent = [阴险],mImagePath = null,mImageUrl = http://img5.qiyipic.com/image/qitan/qitan_pp_icon_expression_32_default.png
12-18 09:35:09.986  3626  3626 E PTM.FileNodeInfo: getTempInfo error: null, 0
12-18 19:25:14.017  1046  1125 V msm8916_platform: platform_get_backend_index:napb: backend port - 0 device - 2 
12-18 07:36:45.856  2852  2852 D HwCustMobileSignalControllerImpl: isCurrentBySim()=false
12-18 19:35:17.112  3879  3879 I HwLauncher: Model  onReceive user=UserHandle{0}
12-18 09:39:02.128  1795  2685 D ConnectivityService:  network has: [ Transports: CELLULAR Capabilities: SUPL&INTERNET&NOT_RESTRICTED&TRUSTED&NOT_VPN&VALIDATED LinkUpBandwidth>=59Kbps LinkDnBandwidth>=236Kbps Specifier: <0>]
12-18 07:58:59.432   633 31870 I SDK     : 
12-17 21:14:40.096   633 31870 I SDK     : 
12-17 21:47:17.955  1795  2685 D HwPFWLogger: AutoStartupDataMgr:isUnderControll third party not in whitelist: com.netease.newsreader.activity
12-18 14:12:14.107  5157  5157 I chromium: [INFO:CONSOLE(1)] "Uncaught ReferenceError: WebViewJavascriptBridge is not defined", source:  (1)
12-17 21:23:21.643  1795 11747 D PowerManagerService: ready=false,policy=0,wakefulness=0,wksummary=0x1,uasummary=0x0,bootcompleted=true,boostinprogress=false,waitmodeenable=false,mode=true,manual=33,auto=-1,adj=0.0userId=0
12-18 14:09:23.712  1795  2748 D lux trace:: [2039.0/139678852, 1921.0/139679209, 1625.0/139679568, 2130.0/139679941, 2127.0/139680305, 1574.0/139680662, 1191.0/139681026, 1197.0/139681383, 1214.0/139681739, 1476.0/139682098, 1946.0/139682452, 1511.0/139682811]
12-18 00:05:02.781  1795 16498 I HwPFWLogger: AppAutoStartupPolicy:prevent start receiver of package com.ss.android.article.news for action android.intent.action.USER_PRESENT
12-17 22:41:38.679   633 31870 I SDK     : 
12-17 23:13:40.438  3879  4071 D ApplicationPackageManager: queryIntentActivitiesAsUser size results:1, for package:com.tencent.mm
12-18 04:26:28.804  3626  3754 I FileUtils: restrainFilesNum, count = 128
12-17 20:34:47.993  1795  2748 D HwAmbientLuxFilterAlgo: t=124041690,BT=124042690,DT=124045690,BT1=124045690,DT1=124049690,Bn=false,Dn=false,lx=[8.0/124040185, 8.0/124040486, 8.0/124040787, 8.0/124041088, 8.0/124041389, 8.0/124041690],mLx=5.0,s=5.0,ss=0.0,AuIntervened=false,mProximityState=false,bLux=15.0,dLux=0.0,bLux1=15.0,dLux1=0.0
12-18 15:54:15.281  1795  2323 E UsbDeviceManager: 	at android.os.FileUtils.readTextFile(FileUtils.java:267)
12-17 19:35:02.901  5224  5283 I Step_ExtendStepDataManager: 20002302|before compensate: cache step_4240
12-17 21:51:49.956  2852  2852 D TintManager: statusBarIconTint=#B3FFFFFF,navigationBarIconTint=#00000000
12-17 23:58:25.152  1795 16232 I SendBroadcastPermission: action:android.intent.action.SIG_STR, mPermissionType:0
12-18 18:28:00.043  2852  2852 I HwSignalClusterView: getOrInflateState subId:0
12-17 21:26:56.313 31949 31967 I TCP     : 	at java.net.PlainSocketImpl.socketConnect(Native Method)
12-17 22:05:44.675  2852  2852 E KeyguardUpdateMonitor: isSimPinSecure mSimDatas is null or empty 
12-17 22:27:33.964   633 31868 I SDK     : 
12-17 21:28:00.703  7741  7758 D TmoMonitor: Cache monitor msg as screen_off
12-18 04:16:50.517  1795 17832 D PowerManagerService: Releasing suspend blocker "PowerManagerService.WakeLocks".
12-17 23:01:45.612  2852  2852 V KeyguardUpdateMonitor: FingerStat Visible: false; Interactive: true; Switching: false; Bouncer:false; GoingToSleep: true Occluded: false; dreaming: false; Authenticated: false
12-17 23:12:42.931  1795  2381 D libfingersense_wrapper: fingersense_classify_touch() finished
12-18 07:51:54.071 31949 31967 I TCP     : tcp.recv{4790} TcpClientThread.onRecv(TcpClientThread.java:522) tcp connection event TCP_CLOSED
12-18 07:34:56.641  3626  3626 E PTM.FileNodeInfo: getTempInfo error: null, 0
12-18 18:23:46.946  1795  3237 D HwActivityManagerService: handleANRFilterFIFO,uid = 10146cmd = 1
12-17 21:58:35.753  3218 13125 W PhoneInterfaceManager: shouldBlockLocation running ...
12-18 07:58:59.382  3626  3626 E PTM.FileNodeInfo: getTempInfo error: null, 0
12-18 19:49:57.889   835  2385 E libteec : begin
12-18 08:15:53.892  1795 16501 I ActivityManager_service: bindServiceLocked, r: ServiceRecord{a3c507f u0 euid: 0 com.huawei.systemmanager/.util.content.HsmIntentService_bg}, euid: 0
12-18 08:25:39.189   802   802 E Thermal-daemon: [Thermal_Hw] temperature_valid, battery : temperature is invalid, invalid temperatrue is 31
12-18 15:36:03.808  1795  2748 D HwAmbientLuxFilterAlgo: t=140563667,BT=140564667,DT=140567667,BT1=140567667,DT1=140571667,Bn=false,Dn=false,lx=[189.0/140562164, 188.0/140562465, 188.0/140562765, 188.0/140563066, 185.0/140563367, 185.0/140563667],mLx=254.0,s=5.0,ss=0.0037420213,AuIntervened=false,mProximityState=false,bLux=870.0,dLux=44.64,bLux1=870.0,dLux1=44.64
12-18 19:16:41.298   818  1152 I logserver: handle_exception_events enter
12-18 14:38:11.947  3382  3399 D QcrilMsgTunnelSocket: Rac Change (PDC) data: [-1, -1]
12-18 17:41:18.941 14448 17190 I HwIntelligent3_IntelligentProvider: Provider.call: getPrefString
12-17 23:03:12.769  1795 11747 I SendBroadcastPermission: action:android.intent.action.SIG_STR, mPermissionType:0
12-18 08:09:50.020  1795 16500 W ActivityManager: getRunningAppProcesses: caller 10102 does not hold REAL_GET_TASKS; limiting output
12-17 19:34:56.943  1795  2701 I HwAudioService: isAdjustVolumeEnable,mEnableAdjustVolume:true
12-18 09:18:20.024  5224  5283 I Step_HSNH: 20002302|upDateHealthNotification()|34|1.13|1584
12-17 23:01:12.352  3858  4126 I amsnl   : c: true, w: false, t: false, l: false
12-17 22:30:33.891  3218  3218 I QImsService: ImsServiceSubHandler : enter detectImsRegisterState, dataRegState=0, rilRat=14
12-18 17:33:11.256  1795  6988 I SendBroadcastPermission: action:android.intent.action.SIG_STR, mPermissionType:0
12-18 12:38:49.540   633  3537 I SDK     : 
12-18 14:12:12.424  5157  5157 I chromium: [INFO:CONSOLE(1)] "Uncaught ReferenceError: WebViewJavascriptBridge is not defined", source:  (1)
12-17 21:47:25.263  2852  2852 I HwSignalClusterView: getOrInflateState subId:0
12-18 14:37:52.210  2852  2852 I EventCenter: EventCenter Get :android.com.huawei.bone.NOTIFY_SPORT_DATA
12-17 21:58:35.719  1795  1795 D HwConnectivityService: TurnOffDCState: false
12-17 21:26:09.804  2852  2852 I HwSignalClusterView: getOrInflateState subId:0
12-17 20:22:53.740  2852  2852 I ToggleSlider:  mSeekListener onProgressChanged progress:5586 fromUser:false
12-18 14:12:27.223  5157  5157 I chromium: [INFO:CONSOLE(1)] "Uncaught SyntaxError: Unexpected token var", source:  (1)
12-18 15:29:59.659  3180  3578 I ash     : permit restrict net app: com.huawei.camera
12-17 20:12:10.403  2852  2852 I HwNavigationBarTransitions: transitionTo:mode=4, isEmuiStyle=false
12-18 09:18:23.301  2852  2852 D NetWorkUtils: mVSimCurCardType is -1
12-17 20:39:46.507  2852  2852 D HwCustMobileSignalControllerImpl: sub =0,strMccMnc =null,hashMccMnc =[],strPlmn =hw_mcc_mnc
12-17 20:11:56.742  2852  2852 I ToggleSlider:  mSeekListener onProgressChanged progress:1574 fromUser:false
12-18 15:39:30.294  1795  1795 I QosMonitor: resetRtt: rtt_type = 3
12-18 14:12:27.742  5157  5157 D test    : sending:{"handlerName":"getRegisteredJsHandler","callbackId":"java_cb_1","data":null}
12-18 14:07:28.930  1795  1805 D PowerManagerService: acquire lock=184063844, flags=0x1, tag="NetworkStats", name=android, ws=null, uid=1000, pid=1795
12-18 15:36:23.493  1795  3139 D HwActivityManagerService: handleANRFilterFIFO,uid = 10146cmd = 0
12-18 15:42:42.449 10334 10334 D wpa_supplicant: wlan0: Control interface command 'PKTCNT_POLL'
12-17 21:35:42.195   633 31870 I SDK     : 
12-18 07:35:45.325  1795  2748 D HwAmbientLuxFilterAlgo: earliestValidTime + POWER_ON_DARKENING_LIGHT_DEBOUNCE
12-18 11:20:52.789  1795  2323 E UsbDeviceManager: 	at android.os.FileUtils.readTextFile(FileUtils.java:267)
12-17 21:26:53.384  1795  1825 I PowerManager_screenOn: DisplayPowerController updatePowerState mPendingRequestLocked=policy=OFF, useProximitySensor=true, useProximitySensorbyPhone=true, screenBrightness=33, screenAutoBrightnessAdjustment=0.0, brightnessSetByUser=true, useAutoBrightness=true, blockScreenOn=false, lowPowerMode=false, boostScreenBrightness=false, dozeScreenBrightness=-1, dozeScreenState=UNKNOWN, useTwilight=false, useSmartBacklight=true, brightnessWaitMode=false, brightnessWaitRet=true, screenAutoBrightness=-1, userId=0
12-18 17:30:08.855  1795  1795 D HwWifiP2pService: onReceive, action:android.intent.action.SCREEN_ON
12-17 20:37:25.373  2852  2852 D NetWorkUtils: mVSimCurCardType is -1
12-18 17:43:52.769  2852  3556 I NetworkController.MobileSignalController(0): Change in state from: connected=true,enabled=true,level=5,inetCondition=1,iconGroup=IconGroup(4GPLUS),activityIn=false,activityOut=false,rssi=0,lastModified=12-18 05:43:48,isRoaming=false,dataSim=true,networkName=中国移动,networkNameData=中国移动,dataConnected=true,isDefault=true,isEmergency=false,airplaneMode=false,carrierNetworkChangeMode=false,userSetup=true
12-17 19:33:42.202  2852  2852 I PhoneStatusBar: onStartedWakingUp
12-18 09:26:05.004  5224  5283 I Step_LSC: 20002302|REPORT : 2214 47185 1574 0
12-17 21:33:31.719  2852  2852 I TrafficPanelViewContent: onShowStatusChange show:false
12-18 08:49:14.444   633 31870 I SDK     : <2016-12-18 08:49:14> [WARN] SDK: UE-SeC 2016-12-18 8:49:14:444 Level[WARN] magic[3362781472 684]:PubEvt_Close Getting a socket[168] from the Socket-table Failed!
12-18 17:32:42.371  3218  7071 W PhoneInterfaceManager: shouldBlockLocation running ...
12-17 20:00:20.399  1795  1819 D NetworkManagement: notifyInterfaceClassActivity: client is com.android.server.net.NetworkPolicyManagerService$13@4df0feb
12-18 19:45:42.462  3382  3399 D QcrilMsgTunnelSocket: Broadcasting intent ACTION_RAC_CHANGED
12-18 14:11:20.741  2852  2852 I BarTransitions.HwPhoneStatusBarView: transitionTo: mode=MODE_TRANSPARENT, animate=false
12-18 15:28:35.465  3879  3879 I HwLauncher: DynamicIcon onResume  isvisible = false   mAttachedToWindow:true    mWindowVisible:falsecom.android.calendar
12-17 20:26:47.842  1795 16498 D PowerManagerService: ready=true,policy=0,wakefulness=0,wksummary=0x1,uasummary=0x0,bootcompleted=true,boostinprogress=false,waitmodeenable=false,mode=true,manual=33,auto=-1,adj=0.0userId=0
12-17 23:10:20.429   606  2379 E libteec : qsc_send_cmd finish
12-18 00:00:50.909   633 31870 I SDK     : <2016-12-18 00:00:50> [WARN] SDK: UE-SeC 2016-12-18 0:0:50:909 Level[WARN] magic[3362781472 684]:PubEvt_Close Getting a socket[162] from the Socket-table Failed!
12-18 15:36:07.613 12127 12127 V BoostFramework: BoostFramework() : mPerf = com.qualcomm.qti.Performance@cfba8f3
12-18 08:05:15.809   633 31870 I SDK     : 
12-18 00:19:12.641  2852  2852 D HwCustMobileSignalControllerImpl: sub =0,strMccMnc =null,hashMccMnc =[],strPlmn =hw_hspap_show_4g
12-17 22:51:20.535  1046  1125 D audio_hw_primary: out_standby: enter: stream (0xf14f0600) usecase(1: low-latency-playback)
12-18 18:28:54.181  3626  3626 I iMonitor: create: 903002006
12-18 17:34:37.719  1795  2323 E UsbDeviceManager: 	at android.os.FileUtils.readTextFile(FileUtils.java:267)
12-18 00:05:03.006   633 31868 I SDK     : 
12-17 20:24:19.304  2852  2852 I PhoneStatusBar: updateNotificationShade
12-17 23:15:26.579  2852  2852 D NetWorkUtils: mVSimCurCardType is -1
12-17 20:11:41.593  5215  5215 D wpa_supplicant: WPS: attr type=0x1042 len=5
12-18 19:26:32.600  2852  3556 I HwNetworkControllerImpl: onReceive: action = android.intent.action.LTE_CA_STATE
12-17 23:20:58.352  1795 10935 I PowerManager_vibrator: Turning vibrator on for 200 ms.
12-18 08:18:48.895  1795  3238 I AlarmManager: set(PendingIntent{7e8d79c: PendingIntentRecord{e7d85a5 com.tencent.mm broadcastIntent}}) : type=2 triggerAtTime=489137619 win=202498 tElapsed=489137619 maxElapsed=489340117 interval=0 flags=0x8
12-17 23:34:27.890  1046  9753 I APM_AudioPolicyManager: setOutputDevice() device 0x0002 delayMs 0 force 1
12-17 20:26:03.725  1795 17831 D PowerManagerService: ready=true,policy=0,wakefulness=0,wksummary=0x1,uasummary=0x0,bootcompleted=true,boostinprogress=false,waitmodeenable=false,mode=true,manual=33,auto=-1,adj=0.0userId=0
12-17 19:33:42.283  5215  5215 D wpa_supplicant: wlan0: Starting radio work 'scan'@0x7fb502f3c0 after 0.000036 second wait
12-18 09:26:04.075  2852  2852 W AppHandler: sendMessage 4
12-18 14:07:34.576 25067  5204 I ret     : 	
12-18 14:11:50.691  3218  3439 W PhoneInterfaceManager: shouldBlockLocation running ...
12-17 23:27:37.166  3858  4126 I amsnl   : csr
12-17 22:36:47.017  2852  2852 D HwCustMobileSignalControllerImpl: isCurrentBySim()=false
12-18 14:11:21.127  5157  5157 I chromium: [INFO:CONSOLE(1)] "Uncaught ReferenceError: WebViewJavascriptBridge is not defined", source:  (1)
12-18 06:26:32.515   800 19316 D         : oem-qmi: request_handler recv_id = 14
12-18 14:12:18.271  5157  5157 I chromium: [INFO:CONSOLE(1)] "Uncaught ReferenceError: WebViewJavascriptBridge is not defined", source:  (1)
12-18 18:24:08.013  1795  2381 D libfingersense_wrapper: fingersense_classify_touch() finished
12-17 23:40:05.295   802   802 E Thermal-daemon: [Thermal_Hw] temperature_filter: get invalid temperature, use old temp
12-18 14:14:30.713  1795  1809 I WindowManager: MyOrientationListener: updateRotation.
12-18 14:10:49.256  1795  3253 I Sensor  : updateLight --> mIsNotificationExisting: false ledOnMS: 0 ledOffMS :0
12-18 07:42:47.976 21841 21939 I HwSystemManager: TotalScanTask:result is 0
12-17 21:51:22.950  3168  3307 I CHR_FileHelper: getFileSize  = /storage/emulated/0/log/QcomChrModem/
12-17 21:11:03.926  1795  1795 I MQoS    : received cell-signal:1
12-17 20:22:31.425  1795  2750 D HW_DISPLAY_EFFECT: presently, hw_update_color_temp_for_rg_led interface not achieved.
12-17 21:22:50.620   802   802 E Thermal-daemon: [Thermal_Hw] temperature_filter: get invalid temperature, use old temp
12-18 19:44:22.660  2852  2852 D StatusBar: applyInPlace=true shouldPeek=false alertAgain=true
12-17 21:34:28.475  2852  2852 I TrafficPanelManager: hideTraffic
12-18 19:52:48.195  2852  2852 I HwBrightnessUtils: APS brightness=22.0,ConvertToPercentage=0.23132445
12-18 15:36:07.131  2883  3033 I HwSystemManager: PermissionDbVisitor:insertHistoryRecord:HistoryRecord[packageName:com.sankuai.meituan,permissionType:16,action:11,dateStartTime:1481990400000,timestamp:1482046567131]
12-17 22:54:58.626  1795  1819 D NetworkManagement: notifyInterfaceClassActivity: client is com.android.server.net.NetworkStatsService$6@5d6efc
12-18 10:52:07.512   808   547 D [HWCamera] IppAlgoSmartAE: int android::IppAlgoSmartAE::setSaturationComp(qcamera::QCameraParametersIntf *, uint32_t) qParamIntf = 0xeb9538f0, mSaturationCompToDriver = 256, comp = 256, mOutPutData.outPutSaturationComp = 256
12-17 22:49:57.856   633 31870 I SDK     : <2016-12-17 22:49:57> [WARN] SDK: UE-SeC 2016-12-17 22:49:57:856 Level[WARN] magic[3362781472 684]:PubEvt_Close Getting a socket[204] from the Socket-table Failed!
12-17 21:54:59.523  2852  2852 I BadgedIconHelper: isCloneProcess = false
12-18 03:25:54.886  3168  3370 I CHR_LogDatabase: msg = 2 received
12-18 15:33:19.250  1795  2671 D HwWifiStateMachine: DisconnectedState, disable network in supplicant because of no internet, netid = 1, ssid = "木屋烧烤"
12-17 21:47:24.560  3608  3608 D InCall  : CallerInfoAsyncQuery - notifying listener: class com.android.incallui.CallerInfoAsyncQuery$1 for token: -1com.android.incallui.CallerInfo@a1c16d2 { name non-null, phoneNumber non-null }
12-18 14:26:32.616  2852  2852 D StatusBar: No peeking: not in use: 0|com.huawei.health|10010|null|10099
12-18 09:13:08.203   802   802 E Thermal-daemon: [Thermal_Hw] temperature_filter: get invalid temperature, use old temp
12-17 21:38:47.808   633 31870 I SDK     : <2016-12-17 21:38:47> [WARN] SDK: UE-SeC 2016-12-17 21:38:47:808 Level[WARN] magic[3362781472 684]:PubEvt_Close Getting a socket[47] from the Socket-table Failed!
12-18 00:56:21.015  1795  1795 I MQoS    : onSignal: mSubId=0,currDataSubID=0
12-17 23:36:11.368  2852  2914 I HwMobileSignalController: updateSignalStrength: signalStrength=SignalStrength: -1 0 -1 255 -1 255 -1 255 255 19 -101 -8 132 2147483647 2147483647 false gw|lte
12-17 21:23:17.295 30234 30397 D CLog    : CPU revision	: 4
12-18 07:31:44.702  2852  2852 I HwSignalClusterView: setMobileDataIndicatorsHuawei subId:0 visible:true strengthIcon:2130839311 typeIcon:2130839195 contentDescription:手机信号满格。 typeContentDescription:4G isTypeIconWide:true showActivity:true activityIn:false activityOut:false isRoaming:false
12-18 13:06:01.658  3168  3168 I CHR_TelStatusListenr: onCellLocationChanged: cellInfo = [9084,172814337,-1]
12-17 21:58:07.349  1795  1795 I ActivityManager_activity: Start pausing: ActivityRecord{b46dc67 u0 com.android.incallui/.InCallActivity t310}
12-17 22:26:50.280  1795  2750 D HW_DISPLAY_EFFECT: presently, hw_update_color_temp_for_rg_led interface not achieved.
12-17 21:33:48.521  5224  5283 I Step_DataCache: 20002302|getTodayTotalSteps 8058
12-18 08:10:38.393  2852  3556 I NetworkController.MobileSignalController(0): onDataActivity: direction=4
12-17 22:37:55.699  3858  4126 I amsnl   : csr
12-17 20:12:27.609  2852  2852 I HwPhoneStatusBar: updateNotificationShade
12-18 10:36:17.048  2852  2852 I PhoneStatusBar: removeNotificationChildren
12-17 23:30:52.205  1795  2750 D HW_DISPLAY_EFFECT: presently, hw_update_color_temp_for_rg_led interface not achieved.
12-18 14:12:55.896  5157  5157 I chromium: [INFO:CONSOLE(1)] "Uncaught ReferenceError: WebViewJavascriptBridge is not defined", source:  (1)
12-17 21:48:11.035  5224  5283 I Step_ExtendStepDataManager: 20002302|before compensate: cache step_9852
12-18 14:26:12.267  1795 11746 D PowerManagerService: acquire lock=193985182, flags=0x1, tag="RILJ_ACK_WL", name=com.android.phone, ws=null, uid=1001, pid=3218
12-18 19:50:06.601  1795  1806 I NotificationManager: enqueueNotificationInternal: pkg=com.huawei.health id=10010 notification=Notification(pri=0 contentView=null vibrate=null sound=null defaults=0x0 flags=0x2 color=0x00000000 vis=PRIVATE)
12-17 20:12:36.436  2852  2852 D HwCustMobileSignalControllerImpl: sub =0,strMccMnc =null,hashMccMnc =[],strPlmn =hw_customized_networkType_entry
12-18 19:49:49.946  2852  2852 I OucScreenOnCounter: Screen already turned on at: 1482061753
12-17 21:52:11.386  1795  1821 I WindowManger_keyguard: Setting mDismissKeyguard true by win Window{e6a6b5e u0 com.android.incallui/com.android.incallui.InCallActivity}
12-17 21:32:35.502   633 31868 I SDK     : <2016-12-17 21:32:35> [NOTICE] SDK: UE-SeC 2016-12-17 21:32:35:502 Level[NOTICE] magic[3365677344 1210]:waiting for useful network..........
12-18 15:38:39.330  1795  2381 D libfingersense_wrapper: fingersense_classify_touch() finished
12-18 18:31:49.734  2852  2852 I StackScrollAlgorithm: updateDimmedActivatedHideSensitive overlap:true
12-18 14:45:36.100  1795  1819 D NetworkManagement: notifyInterfaceClassActivity: client is com.android.server.connectivity.Vpn$2@e40aefb
12-18 07:15:28.437  1795  2748 D HwAmbientLuxFilterAlgo: earliestValidTime + POWER_ON_BRIGHTENING_LIGHT_DEBOUNCE
12-18 10:41:00.843  3879  3879 I HwLauncher: DynamicIcon onResume  isvisible = true   mAttachedToWindow:false    mWindowVisible:falsecom.huawei.android.totemweather
12-18 10:54:49.924  2852  2852 I PhoneStatusBar: updateNotificationShade
12-18 15:43:36.142  3626  4889 E PTM.FileNodeInfo: getTempInfo error: null, 0
12-18 17:41:02.557  1795 17832 D PowerManagerService: ready=true,policy=3,wakefulness=1,wksummary=0x1,uasummary=0x1,bootcompleted=true,boostinprogress=false,waitmodeenable=false,mode=true,manual=33,auto=-1,adj=0.0userId=0
12-17 23:07:29.973  1795  2377 I AwareLog: AwareMem_EventTracker: [POLLING_TIMEOUT_130338282] is abandoned for memory 824900
12-17 21:07:45.911  2852  2852 D HwCustMobileSignalControllerImpl: sub =0,strMccMnc =null,hashMccMnc =[],strPlmn =hw_hspap_show_4g
12-18 08:10:17.236  3858  4126 I amsnl   : t:false, fl: false, p: 2147483647000, ce: true, we: false
12-18 14:13:03.301  5157  5157 I chromium: [INFO:CONSOLE(1)] "Uncaught ReferenceError: WebViewJavascriptBridge is not defined", source:  (1)
12-18 12:39:09.710  3218  3422 I  ctaifs <系统用户界面>[系统用户界面][com.android.systemui]: [SmsProvider.query]读取短信数据
12-17 21:33:24.750  2852  2852 I HwPhoneStatusBar: updateNotificationShade
12-17 20:31:44.932 24266 24266 D cocoslibJob/CheckLocalCrcJob: org.iqiyi.video.livechat.b.a.a.con.a()<-1> : crcCheck passed = true
12-18 12:38:43.489  2852  2914 I HwMobileSignalController: subId:0 phoneType:1 networktype:13 targetClass:3 masterLevel:5 slaveLevel:-1
12-18 10:39:38.623 19970 31396 E HwOUC   : [Thread-4-6088]isMicroPatchOnly cacheContents is null, return false(hwouc/HwOucUtility.java:4850)
12-17 23:18:08.216 10682 10706 D MagicLink: MagicLink-BtAndWifiWrapper:====>IdleState{ when=0 what=8 target=com.android.internal.util.StateMachine$SmHandler }
12-18 15:35:58.199 11882 11882 W System  : ClassLoader referenced unknown path: /system/priv-app/Settings/lib/arm64
12-18 14:12:37.070  5157  5157 D test    : sending:{"handlerName":"getRegisteredJsHandler","callbackId":"java_cb_1","data":null}
12-17 23:48:32.313  2852  2852 I StackScrollAlgorithm: updateDimmedActivatedHideSensitive overlap:false
12-18 09:39:01.805   828 30492 D QC-time-services: Daemon:Opening File: /data/time/ats_13
12-17 22:26:51.993  3608  3608 D InCall  : ProximitySensor - Turning on proximity sensor
12-18 08:18:08.600  2852  2852 E HW-JPEG-DEC: [HME_JPEG_DEC_Delete](3298): HME_JPEG_DEC_Delete: decoder_ctx=null
12-17 21:04:11.018  2852  2852 I HwSignalClusterView: apply hwPhoneState.mSubId:0 anyMobileVisible:false mIsAirplaneMode:false, mobileGroupVisible=true
12-17 22:48:18.273   633 31868 I SDK     : <2016-12-17 22:48:18> [NOTICE] SDK: UE-SeC 2016-12-17 22:48:18:272 Level[NOTICE] magic[3365677344 1126]:Resume tunnel response OK: vip is 0x[a3153bc];mask is 0x[ffffe000]!
12-18 17:37:11.982  1795 16446 D PFW.HwPFWAppRestartPolicy: proc: com.tencent.mm:push launch 1times, lastTimes = 1
12-18 16:01:09.206   633 14398 I SDK     : <2016-12-18 16:01:09> [NOTICE] SDK: UE-SeC 2016-12-18 16:1:9:206 Level[NOTICE] magic[2089068832 1564]:FSM_Tool_Tree_Enc_Path end [/mnt/sdcard/sandbox/AnyOfficeSDK/sdk/UppmQLksydF4jiPx7vvVu9V8mxcQz4u8FMyhVWeaf4oEyot2QtrRPxu0vWwa4WlizavfVwhJviOq7Vb4qM8FmQ==]
12-18 11:23:18.037  1795  2323 E UsbDeviceManager: java.io.FileNotFoundException: sys/class/hw_power/charger/charge_data/water_intrused (No such file or directory)
12-17 19:34:57.714  3218  3218 D HwQcomVolteChrService: getDefaultPhone phone = Handler (com.android.internal.telephony.GsmCdmaPhone) {6d6dfc5}
12-18 14:11:31.020  5994  5994 D wpa_supplicant: wlan0: Control interface command 'SIGNAL_POLL'
12-17 22:30:43.616  1795  2380 D PowerManagerService: userActivityNoUpdateLocked: eventTime=128131913, event=2, flags=0x0, uid=1000
12-17 23:01:05.886  3879  3879 I HwLauncher: Launcher  Launcher.onStart() cost 6 ms
12-17 20:24:14.305  2852  2852 I HwBrightnessUtils: APS brightness=26.0,ConvertToPercentage=0.25860584
12-18 18:23:46.437  1795  2396 D StubTelephonyRegistry: LISTEN_CELL_LOCATION uid:10146
12-17 22:57:02.948 31949 31967 I TCP     : tcp.recv{4790} TcpClientThread.onReceiverWork(TcpClientThread.java:292) connected
12-17 21:26:57.404  1795  3884 I qti_sensors_hal: flush,395,handle 49
12-18 08:50:35.163  1795  6988 D PowerManagerService: ready=true,policy=0,wakefulness=0,wksummary=0x1,uasummary=0x0,bootcompleted=true,boostinprogress=false,waitmodeenable=false,mode=true,manual=33,auto=-1,adj=0.0userId=0
12-18 07:30:44.645  2852  2852 D HwRecentsLockUtils: search
12-18 14:12:40.094  5157  5157 I chromium: [INFO:CONSOLE(1)] "Uncaught SyntaxError: Unexpected token var", source:  (1)
12-17 21:52:29.290  1795  1825 W LightSensor: LightSensor, enable, 284: flags=1
12-17 22:26:09.297  2852  2852 I StackScrollAlgorithm: updateDimmedActivatedHideSensitive overlap:true
12-18 14:09:38.820  1795 11746 D HwActivityManagerService: handleANRFilterFIFO,uid = 10113cmd = 1
12-18 17:40:19.367  2852  3556 I HwMobileSignalController: mExtDataOld:ExtData [mMasterNetWorkType=3, mSlaveNetWorkType=0, mMasterNetWorkLevel=5, mSlaveNetWorkLevel=-1, mDataState=2, mDataActivity=0, mDataNetType=13] mExtData:ExtData [mMasterNetWorkType=3, mSlaveNetWorkType=0, mMasterNetWorkLevel=5, mSlaveNetWorkLevel=-1, mDataState=2, mDataActivity=3, mDataNetType=13]
12-17 23:38:49.061   633 31870 I SDK     : <2016-12-17 23:38:49> [WARN] SDK: UE-SeC 2016-12-17 23:38:49:61 Level[WARN] magic[3362781472 684]:PubEvt_Close Getting a socket[87] from the Socket-table Failed!
12-18 15:38:28.623 10334 10334 D wpa_supplicant: WPS: attr type=0x1023 len=6
12-18 17:24:59.243  3626  3626 E PTM.FileNodeInfo: getTempInfo error: null, 0
12-17 22:52:02.017  2852  2852 D NetWorkUtils: mVSimCurCardType is -1
12-17 20:32:02.101  1795  2778 D PowerManagerService: Acquiring suspend blocker "PowerManagerService.WakeLocks".
12-18 09:17:28.210  2852  2852 D HwCust  : Create obj success use class android.app.HwCustNotificationImpl
12-18 09:11:01.716  2852  2852 W ResourceType: Failure getting entry for 0xffffffff (t=254 e=65535) (error -2147483647)
12-18 14:12:57.664  5157  5157 I chromium: [INFO:CONSOLE(1)] "Uncaught ReferenceError: WebViewJavascriptBridge is not defined", source:  (1)
12-17 23:46:09.370   633 31870 I SDK     : 
12-17 21:26:42.903  1795 17831 D PowerManagerService: ready=true,policy=0,wakefulness=0,wksummary=0x10,uasummary=0x0,bootcompleted=true,boostinprogress=false,waitmodeenable=false,mode=true,manual=33,auto=-1,adj=0.0userId=0
12-18 11:21:02.489  1795  2323 E UsbDeviceManager: 	at com.android.server.usb.UsbDeviceManager$2.onUEvent(UsbDeviceManager.java:328)
12-17 22:30:35.543   633 31870 I SDK     : <2016-12-17 22:30:35> [WARN] SDK: UE-SeC 2016-12-17 22:30:35:543 Level[WARN] magic[3362781472 684]:PubEvt_Close Getting a socket[65] from the Socket-table Failed!
12-18 19:33:48.275  1795  3110 I ActivityManager_broadcast: Enqueueing ordered broadcast[bgkeyapp] BroadcastRecord{a8ccd85 u0 com.tencent.mm.plugin.report.service.KVCommCrossProcessReceiver}: prev had 0
12-17 22:29:49.542   612   612 I SDM     : HWCDisplay::SetPowerMode: display = 0, mode = 2
12-17 20:24:12.918  1795  2396 D PowerManagerService: Acquiring suspend blocker "PowerManagerService.WakeLocks".
12-17 21:01:52.241 24266 24266 V chaunce : org.iqiyi.video.vote.b.aux.a()<-1> : checkVoteShowTime--hideVoteView
12-17 20:12:58.450  1795 16500 I NotificationManager: enqueueNotificationInternal: pkg=com.huawei.health id=10010 notification=Notification(pri=0 contentView=null vibrate=null sound=null defaults=0x0 flags=0x2 color=0x00000000 vis=PRIVATE)
12-18 14:12:47.521  5157  5157 I chromium: [INFO:CONSOLE(1)] "Uncaught ReferenceError: WebViewJavascriptBridge is not defined", source:  (1)
12-18 15:35:36.607  1795 15987 I HwBroadcastQueue: com.huawei.camera drop actions:[]
12-17 21:32:23.109  3608  3608 I InCall  : VTCallButtonFragment - --- onResume ---
12-17 22:25:18.733  1046 26554 V Huawei_audio_cust: huawei_cust_set_parameters: exit with code(0)
12-17 22:01:46.852  3608  3608 I SendBroadcastPermission: action:InCallScreenIsForegroundActivity, mPermissionType:0
12-18 00:18:01.071  2852  2852 D NetWorkUtils: is3GCalling is false,mCdmaSlot is -1
12-18 14:17:37.125  1795  6038 D WifiMonitor: Dispatching event to interface: wlan0
12-18 00:24:23.905  2852  2852 I StackScrollAlgorithm: updateClipping isOverlap:true
12-17 19:33:03.643  3180  3578 I ash     : ash->screen on
12-18 08:07:24.918  2852  2852 D HwCustMobileSignalControllerImpl: sub =0,strMccMnc =null,hashMccMnc =[],strPlmn =hw_mcc_mnc
12-18 15:34:16.430  3118 11188 D VoicemailCleanupService: Cleaning up data for package: com.sankuai.meituanhd
12-18 15:33:30.303 10334 10334 D wpa_supplicant: WPS: attr type=0x103c len=1
12-17 19:32:06.228  1795  1795 D WifiProStatisticsManager: sendScreenOnEvent enter.
12-17 20:28:02.055   633 31870 I SDK     : <2016-12-17 20:28:02> [WARN] SDK: UE-SeC 2016-12-17 20:28:2:55 Level[WARN] magic[3362781472 684]:PubEvt_Close Getting a socket[141] from the Socket-table Failed!
12-18 08:08:56.355  2852  2852 D HwCustMobileSignalControllerImpl: isCurrentBySim()=false
12-18 11:27:05.916  3218  3218 D PhoneInterfaceManager: [PhoneIntfMgr] getDataEnabled: subId=0 phoneId=0
12-18 08:08:35.003  1795  2380 I PowerManager_screenOn: PowerManagerNotifier onUserActivity: event=2, uid=1000
12-18 14:21:54.827  2852  2852 I PhoneStatusBar: removeNotificationChildren
12-18 15:52:00.868  3626  3626 E PTM.FileNodeInfo: getTempInfo error: null, 0
12-18 07:40:13.803  1795  2396 D PowerManagerService: Acquiring suspend blocker "PowerManagerService.WakeLocks".
12-18 07:40:04.766   802   802 E Thermal-daemon: [Thermal_Hw] temperature_filter: get invalid temperature, use old temp
12-18 08:10:47.327   633 31867 I SDK     : 
12-18 08:10:17.378  2852  2852 D HwCustMobileSignalControllerImpl: sub =0,strMccMnc =null,hashMccMnc =[],strPlmn =hw_mcc_mnc
12-17 19:59:02.545  2852  2852 I EventCenter: EventCenter Get :android.com.huawei.bone.NOTIFY_SPORT_DATA
12-17 21:03:54.927  1795  3139 D PowerManagerService: acquire lock=260083472, flags=0x1, tag="RILJ_ACK_WL", name=com.android.phone, ws=null, uid=1001, pid=3218
12-18 07:29:23.257   835  2385 E libteec : qsc_decode end
12-17 21:32:45.948   633 31870 I SDK     : 
12-18 14:08:21.558  1795  1805 D PowerManagerService: ready=true,policy=3,wakefulness=1,wksummary=0x1,uasummary=0x1,bootcompleted=true,boostinprogress=false,waitmodeenable=false,mode=true,manual=33,auto=-1,adj=0.0userId=0
12-18 19:50:52.809  5224  5283 I Step_LSC: 20002302|REPORT : 17016 362293 12083 0
12-18 07:41:35.869  2852  2852 D NetWorkUtils: mVSimCurCardType is -1
12-18 15:33:21.947   633 31875 I SDK     : <2016-12-18 15:33:21> [NOTICE] SDK: UE-SeC 2016-12-18 15:33:21:947 Level[NOTICE] magic[3359111456 2421]:FileSec: have right to open file due to cur app sec level = 0 is higher than file app(&5ߢ[@ñ?z]) sec level = 0.
12-18 07:15:21.965  3626  4889 E PTM.FileNodeInfo: getTempInfo error: null, 0
12-17 20:53:35.933  2852  3556 I NetworkController.MobileSignalController(0): onSignalStrengthsChanged signalStrength=SignalStrength: -1 0 -1 255 -1 255 -1 255 255 20 -102 -9 128 2147483647 2147483647 false gw|lte level=4 isSuspend=false levelOld=4,mSignalStrength level=4
12-17 19:33:43.303  2852  2852 I PanelBar: collapsePanel:false
12-18 09:11:55.287  1795  2750 D HW_DISPLAY_EFFECT: presently, hw_update_color_temp_for_rg_led interface not achieved.
12-17 22:30:32.559  1795  1825 E huawei_ProximitySensor_CPP_Test: write 200 failed
12-17 22:31:00.072  1795  1795 D PowerManagerService: ready=true,policy=3,wakefulness=1,wksummary=0x0,uasummary=0x1,bootcompleted=true,boostinprogress=false,waitmodeenable=false,mode=true,manual=33,auto=-1,adj=0.0userId=0
12-18 08:24:59.363  2852  2852 I ToggleSlider:  mSeekListener onProgressChanged progress:4302 fromUser:false
12-18 18:29:31.590  2852  2852 D HwCustMobileSignalControllerImpl: isCurrentBySim()=false
12-17 23:38:49.070   633 31870 I SDK     : 
12-18 00:00:50.566   633 31870 I SDK     : 
12-17 19:31:42.237  1795  1795 D HwPFWLogger: PFW.HwPFWService:mBroadcastReceiver action = android.intent.action.SCREEN_OFF
12-17 20:36:45.029 24802 24802 I nativeProcess: iqiyi message: ==== isProcesssExist: stat=0, errno=13
12-17 22:29:31.273  2852  2852 I HwBrightnessUtils: APS brightness=0.0,ConvertToPercentage=NaN
12-17 20:12:43.501  2852  2852 I NotificationGroupManager: onEntryAdded:0|com.huawei.health|10010|null|10099, group=0|com.huawei.health|10010|null|10099
12-18 14:10:52.018  6023  6023 I HwVPlayer: EMUIVerStartup: EmuiUtils.VERSION.EMUI_SDK_INT: 11
12-17 23:13:45.019   606  2379 E libteec : receive data len = 128
12-17 21:09:33.999  3626  3753 I LogCollectService: msg = 103 received
12-18 09:12:03.000  2852  2852 V MusicInfo: showing music false  false
12-17 23:44:59.030   633 31870 I SDK     : 
12-17 21:50:28.431  1795  3110 I PowerManager_screenOn: PowerManagerNotifier onWakefulnessChangeStarted: wakefulness=1, reason=0, interactive=true, mInteractive=false, mInteractiveChanging=false
12-17 21:48:24.252   633 31875 I SDK     : <2016-12-17 21:48:24> [NOTICE] SDK: UE-SeC 2016-12-17 21:48:24:252 Level[NOTICE] magic[3359111456 6458]:FSM_Tool_TreatFolderEncEx => [START]: pcFileName [20161217_195902.log] 
12-18 15:33:24.594  4690  4690 E HW-JPEG-DEC: [HME_JPEG_DEC_Delete](3298): HME_JPEG_DEC_Delete: decoder_ctx=null
12-18 18:23:32.568  2852  2852 I NotificationGroupManager: onHeadsUpStateChanged:0|com.tencent.mm|4097|null|10105
12-17 21:02:11.151  2852  2852 D NetWorkUtils: is3GCalling is false,mCdmaSlot is -1
12-17 22:29:42.191  2852  2852 D DateTimeView: Change to single clock mode!
12-18 16:01:39.224  2883  3125 I HwSystemManager: StartupResidentService:InnerHandler Message:7
12-17 21:03:15.602  2852  2852 D HwCustMobileSignalControllerImpl: isCurrentBySim()=false
12-18 09:45:18.899  1795  1795 E hwintelligencewifi: onCellLocationChanged
12-18 18:35:03.669  1795  2665 D NetdConnector: RCV <- {613 IfaceClass idle 0 525842392340875}
12-17 20:43:54.904  2852  2852 D HwCustMobileSignalControllerImpl: sub =0,strMccMnc =null,hashMccMnc =[],strPlmn =hw_customized_networkType_entry
12-18 07:43:16.987  1795  1819 D NetworkManagement: notifyInterfaceClassActivity: client is android.net.INetworkManagementEventObserver$Stub$Proxy@af226
12-18 17:45:47.543  1795 16500 D PowerManagerService: acquire lock=5481287, flags=0x1, tag="RILJ_ACK_WL", name=com.android.phone, ws=null, uid=1001, pid=3218
12-18 18:43:04.098  3168  3168 I CHR_ChrDataServiceTracker: handleLteCaStatusChange
12-18 14:08:25.358  1795  2748 D HwAmbientLuxFilterAlgo: t=139624484,BT=139625484,DT=139628779,BT1=139628484,DT1=139632484,Bn=false,Dn=false,lx=[2609.0/139622980, 2632.0/139623281, 2632.0/139623581, 2810.0/139623882, 2734.0/139624183, 2702.0/139624484],mLx=3826.0,s=12.398118,ss=17.486128,AuIntervened=false,mProximityState=false,bLux=4815.0,dLux=1005.72534,bLux1=4815.0,dLux1=1200.0
12-18 15:27:45.304  1795  1819 D NetworkManagement: notifyInterfaceClassActivity: client is android.net.ip.IpManager$2@4c99c84
12-18 17:39:24.703  3858  4126 I amsnl   : m1: false
12-18 19:50:15.280  2852  2852 I HwPhoneStatusBarTransitions: setBackgroundAlpha:alpha=0.0
12-18 14:14:12.133  1795  3077 I HwGpsActionReporter: uploadLocationAction:actionType:1actionMsg:PROVIDER:gps,PN:com.sankuai.meituanhd,HC:7ec565c
12-18 09:17:29.338  1795  1809 I WindowManager: updateRotationUnchecked(alwaysSendConfiguration=false)
12-18 12:41:40.890  1795  1819 D NetworkManagement: notifyInterfaceClassActivity: client is android.net.INetworkManagementEventObserver$Stub$Proxy@af226
12-18 15:37:58.175 10334 10334 D wpa_supplicant: WPS: attr type=0x1008 len=2
12-17 23:11:29.811  2852  2852 W StatusBarWindowManager: Apply window Height MATCH_PARENT
12-17 21:39:52.463   633 31870 I SDK     : 
12-18 14:11:33.513   633 31870 I SDK     : 
12-18 15:37:45.190 12919 12919 V BoostFramework: BoostFramework() : mPerf = com.qualcomm.qti.Performance@fcdeaa5
12-18 17:40:41.414  3218  3236 I PhoneInterfaceManager: shouldBlockLocation  ret:false
12-18 18:32:41.939  2852  2852 I StackScrollAlgorithm: updateClipping isOverlap:false
12-17 22:31:02.988  3879  4071 D HwLauncher: Launcher.LauncherProvider  launcher-restore query - uri:content://com.huawei.android.launcher.settings/badge
12-18 08:14:20.402  1795  3249 D PowerManagerService: Releasing suspend blocker "PowerManagerService.WakeLocks".
12-17 20:11:41.753  5224  5283 I Step_DataCache: 20002302|getTodayTotalSteps 5641
12-17 23:32:54.614   633   692 I ECS     : msg.recv{4490} XmlMsg.decodeBuf(XmlMsg.java:237) RECV 5744 bytes [12]_00_03_02_01_01_05_89_9C_32_5C_3D_F2 cmdCode(CC_Login.0x0101)msgType(MT_ACK.2)msgClass(MC_PersonalInformation.1)sender(ST_Mobile.0)crypted(true)zipped(false)nobase64(true)length(5740)version(3)sno(899C)
12-17 21:15:40.299 24266 24266 D VideoPlayerImpl: org.iqiyi.video.player.cv.ag()<-1> : current progress: progress= 1104208
12-17 22:33:26.252  2852  2852 I StackScroller: onInterceptTouchEvent: MotionEvent { action=ACTION_UP, actionButton=0, id[0]=0, x[0]=687.0, y[0]=1050.0, toolType[0]=TOOL_TYPE_FINGER, buttonState=0, metaState=0, flags=0x0, edgeFlags=0x0, pointerCount=1, historySize=0, eventTime=128294559, downTime=128294495, deviceId=10, source=0x1002 }, mSwipingInProgress=false, mOnlyScrollingInThisMotion=false, mExpandingNotification=false, mDisallowDismissInThisMotion=false, mExpandedInThisMotion=false, isCustomizing=false, isRemoteInputing=false, mOwnScrollY=0
12-17 23:27:02.488  2852  2852 D HwCustMobileSignalControllerImpl: isCurrentBySim()=false
12-18 19:28:09.744  2852  2852 D HwCust  : Create obj success use class android.app.HwCustNotificationImpl
12-17 20:19:16.640  2852  2852 I HwSignalClusterView: getOrInflateState subId:0
12-18 07:15:27.025 16375 19579 I HiWiServiceBD: network not connect
12-18 00:17:48.668  1795  2380 D PowerManagerService: ready=true,policy=3,wakefulness=1,wksummary=0x0,uasummary=0x1,bootcompleted=true,boostinprogress=false,waitmodeenable=false,mode=true,manual=33,auto=-1,adj=0.0userId=0
12-17 21:28:21.725  5224  5283 I Step_DataCache: 20002302|getTodayTotalSteps 7225
12-18 14:09:00.602  1795  3249 W WifiStateMachine: Can't find ssid.
12-18 14:10:46.241  5157  5157 I chromium: [INFO:CONSOLE(1)] "Uncaught ReferenceError: WebViewJavascriptBridge is not defined", source:  (1)
12-17 23:47:27.478  3782 12471 V AudioManager: isWiredHeadsetOn...
12-18 17:56:00.996  1046  1125 V msm8916_platform: platform_get_output_snd_device: exit: snd_device(speaker)
12-18 10:46:13.922  4492  4492 D JNI     : set_token,  copy mac string failed.
12-18 14:10:04.359  5157  5157 E HW-JPEG-DEC: [HME_JPEG_DEC_Delete](3298): HME_JPEG_DEC_Delete: decoder_ctx=null
12-18 17:39:13.606  1046  1046 D audio_hw_extn: audio_extn_get_parameters: returns 
12-17 23:01:06.287  8640  8640 D AndroidCommon: [SdcardManager.isMounted]Mounted:/storage/emulated/0:true
12-17 19:33:04.979  3782 20454 V AudioManager: isWiredHeadsetOn...
12-17 21:22:35.838 24266 24266 V chaunce : org.iqiyi.video.vote.b.aux.a()<-1> : checkVoteShowTime-->1519714
12-18 08:21:59.759  1795  2380 I PowerManager_screenOn: PowerManagerNotifier onUserActivity: event=1, uid=1000
12-18 15:36:11.783  1795 15982 W ActivityManager: getRunningAppProcesses: caller 10146 does not hold REAL_GET_TASKS; limiting output
12-17 23:14:26.304  1795  2737 I QosMonitor: postEventFromNative: msg=100,arg1=0,arg2=9
12-18 19:50:15.746  2883  2996 I HwSystemManager: NormalTrafficAnalysis:alert byte = 1087176911 last alert byte = 1087176575
12-18 08:29:14.817  2852  3556 I NetworkController.MobileSignalController(0): onDataActivity: direction=0
