12-18 00:20:29.848  1795 20747 D PowerManagerService: Releasing suspend blocker "PowerManagerService.WakeLocks".
12-18 12:38:44.175   633  3143 E SDK     : 
12-17 21:32:20.388  5224  5283 I Step_DataCache: 20002302|getTodayTotalSteps 7864
12-18 17:35:21.673  1795  3247 I ActivityManager_broadcast: Enqueueing ordered broadcast[background] BroadcastRecord{3788729 u0 com.huawei.betaclub.UPLOAD_PROGRESS}: prev had 0
12-17 23:54:56.365   802   802 E Thermal-daemon: [Thermal_Hw] temperature_filter: get invalid temperature, use old temp
12-18 08:19:00.593  3858  4126 I amsnl   : m1: false
12-17 22:11:31.689  1795  1819 D NetworkManagement: notifyInterfaceClassActivity: client is com.android.server.net.NetworkPolicyManagerService$13@4df0feb
12-17 21:32:39.846  5224  5224 I Step_LSC: 20002302|compensate received
12-18 09:30:00.222  3626  3626 E PTM.FileNodeInfo: getTempInfo error: null, 0
12-18 08:44:05.120  3180  3578 D PgedBinderAdapter: frz ok, pid: [31558, 24551]
12-17 20:29:31.093  2852  2852 I StackScrollAlgorithm: updateClipping isOverlap:false
12-18 00:03:50.493   633 31870 I SDK     : <2016-12-18 00:03:50> [WARN] SDK: UE-SeC 2016-12-18 0:3:50:493 Level[WARN] magic[3362781472 684]:PubEvt_Close Getting a socket[88] from the Socket-table Failed!
12-17 20:25:23.338  5224  5224 I Step_LSC: 20002302|onStandStepChanged 67839
12-18 02:23:40.840  2883  2883 I HwSystemManager: ScheduleRecordPowerConsumeReceiver:onReceive: Action = com.huawei.hwsystemmanager.power.SCHEDULE_RECORD_REMAING_TIME_SCENE
12-17 21:32:47.928  2852  2852 I NotificationContentView: transferRemoteInputFocus: 0
12-18 10:06:09.945  3168  3307 W System.err: 	at java.lang.reflect.Method.invoke(Native Method)
12-18 11:20:45.835  2852  2852 I NetworkSpeedView: updateVisibility parent class:class com.android.systemui.statusbar.HwSystemIcons
12-18 10:55:28.665  1046  1125 D ACDB-LOADER: ACDB -> ACDB_CMD_GET_AFE_TOPOLOGY_ID
12-18 19:50:51.861  2852  2852 I HwNotificationIconAreaController: showNotificationAll
12-17 20:41:00.011  2852  2852 I TimeManager: act:android.intent.action.TIME_TICK  flag:1342177300 FLAG_IS_FIRST_POWER_OFF_ALARM=false android.intent.extra.ALARM_COUNT=1 
12-17 23:21:03.380  1795  2665 D NetdConnector: RCV <- {200 11995 Tethering stats list completed}
12-17 20:23:02.029  3879  3894 I HwLauncher: Launcher.LauncherProvider  launcher call - method:setAppBadgeCount arg:null extras:[app_shortcut_custom_id=null][app_shortcut_class_name=com.tencent.mm.ui.LauncherUI][app_badge_count=0] uid =10105 pid =4492
12-17 22:39:57.816   633 31868 E SDK     : <2016-12-17 22:39:57> [ERR] SDK: UE-SeC 2016-12-17 22:39:57:816 Level[ERR] magic[3365677344 692]:Decoder message type is invalidation;invalidation MMTP_MSG_ENABLE_EXTEND is [36]
12-18 15:34:18.692  1795  3111 D huawei_antiTheft: huawei_antiTheft_manager_uninit succeed
12-18 14:12:44.394  5157  5157 W cr_BindingManager: Cannot call determinedVisibility() - never saw a connection for the pid: 5157
12-17 23:40:19.585  2852  2852 D HwCustMobileSignalControllerImpl: isCurrentBySim()=false
12-18 13:22:05.507  3218  4159 I PhoneInterfaceManager: shouldBlockLocation  ret:false
12-18 19:52:03.195  2852  2914 I HwMobileSignalController: subId:0 phoneType:1 networktype:13 targetClass:3 masterLevel:5 slaveLevel:-1
12-17 23:18:08.348  1795  2381 D libfingersense_wrapper: fingersense_touch_up() finished
12-17 19:57:05.937  2852  2852 I BarTransitions.HwNavigationBarView: transitionTo: mode=MODE_TRANSPARENT, animate=false
12-18 18:31:21.858  1795  1808 I ActivityManager_broadcast: dispatch ordered broadcast [background] BroadcastRecord{f2f2b4f u0 android.intent.action.LTE_CA_STATE}, has 1 receivers
12-18 19:49:35.782  1795  3110 I WindowManger_keyguard: Setting mDismissKeyguard true by win Window{e6a6b5e u0 com.android.incallui/com.android.incallui.InCallActivity}
12-18 17:45:04.532  3218  3375 I SendBroadcastPermission: action:com.huawei.android.intent.action.RAC_CHANGED, mPermissionType:0
12-18 18:31:05.548  1795  1809 I MultiTaskManagerService: onProcessDied pid = 22260, uid = 10146
12-17 19:33:02.521   606  2379 E libteec : QSEECom_send_cmd return!
12-18 15:42:03.761  3782  3798 I QtiTetherService: limitReached Alert received limitName: globalAlert on Interface: wlan0
12-17 20:45:05.999  2852  2852 D HwCustMobileSignalControllerImpl: isCurrentBySim()=false
12-18 15:32:56.537   633 31870 I SDK     : <2016-12-18 15:32:56> [WARN] SDK: UE-SeC 2016-12-18 15:32:56:537 Level[WARN] magic[3362781472 684]:PubEvt_Close Getting a socket[149] from the Socket-table Failed!
12-17 20:41:02.512  1795  3111 I SendBroadcastPermission: action:android.intent.action.SIG_STR, mPermissionType:0
12-18 00:22:43.696  2852  2852 D HwCustMobileSignalControllerImpl: sub =0,strMccMnc =null,hashMccMnc =[],strPlmn =hw_hspap_show_4g
12-18 10:52:10.377   808   547 D [HWCamera] IppAlgoSmartAE: int android::IppAlgoSmartAE::doSmartAEAlgo(unsigned char *, void *, int, int, int), saturationCompValid = 256
12-18 19:50:08.036  2852  2852 I NotificationContentView: transferRemoteInputFocus: 0
12-18 17:42:38.576  2852  2852 I PhoneStatusBar/NavigationBarView: onConfigurationChanged::theme changed, false
12-18 15:33:18.608 10334 10334 D wpa_supplicant: WPS: attr type=0x103c len=1
12-18 08:39:10.755   633 31870 I SDK     : <2016-12-18 08:39:10> [WARN] SDK: UE-SeC 2016-12-18 8:39:10:755 Level[WARN] magic[3362781472 684]:PubEvt_Close Getting a socket[37] from the Socket-table Failed!
12-18 15:43:38.502  1795  2739 I HuaweiWifiWatchdogStateMachine:  pkt chk not bad, reset sc to 0.
12-18 10:39:38.018  1795  2778 I NotificationManager: cancelNotificationWithTag pid 1795,uid = 1000,tag = CaptivePortal.Notification,pkg =android,id =65537
12-18 15:35:58.540  3180  3578 D ApplicationPackageManager: queryIntentActivitiesAsUser size results:1, for package:com.huawei.appmarket
12-18 18:31:41.018  2852  2852 I NotificationGroupManager: onEntryAdded:0|com.sankuai.meituan|2147483647|null|10146, group=0|com.sankuai.meituan|2147483647|null|10146
12-18 10:52:32.082  3218  3517 I QImsService: ImsSenderRxr :  Tag -1 3 219 0[SUB0]
12-18 14:08:19.448  5157  5218 D fingerprint: jgOgZ6OVKTevlKHkJlzUzHs8MADLHZDikphiZyLa39dBlvecDxHIbkIlaG63XpSjgMaluH7N
12-17 21:52:25.327   606  2379 E libteec : QSEECom_send_cmd return!
12-18 15:27:44.307  1795  2778 I HwPowerManagerService: Waking up from sleep (uid 10033)...
12-18 19:51:28.733  2852  2852 I HwBrightnessController: updateSlider1 seekBarProgress:2453
12-18 08:23:16.925  2852  2852 I HwSignalClusterView: getOrInflateState subId:0
12-18 15:36:04.731  1795  6986 D HwActivityManagerService: handleANRFilterFIFO,uid = 10146cmd = 0
12-17 19:55:54.621   633 31875 I SDK     : 
12-17 21:32:26.369  1795  2670 D WifiController: DefaultState what=155652
12-18 09:11:15.620  2852  2852 D HwCustMobileSignalControllerImpl: isCurrentBySim()=false
12-17 19:33:10.210  1795  1825 I PowerManager_screenOn: DisplayPowerController updatePowerState mPendingRequestLocked=policy=OFF, useProximitySensor=true, useProximitySensorbyPhone=true, screenBrightness=33, screenAutoBrightnessAdjustment=0.0, brightnessSetByUser=true, useAutoBrightness=true, blockScreenOn=false, lowPowerMode=false, boostScreenBrightness=false, dozeScreenBrightness=-1, dozeScreenState=UNKNOWN, useTwilight=false, useSmartBacklight=true, brightnessWaitMode=false, brightnessWaitRet=true, screenAutoBrightness=-1, userId=0
12-17 21:27:06.954  2852  2866 I CommandQueue: updateBarBgColor
12-18 08:12:35.224  1795  5350 I TrafficMonitor: getStatic,count:0,work status:false
12-17 21:26:08.612  1795 16500 D PowerManagerService: ready=true,policy=3,wakefulness=1,wksummary=0x1,uasummary=0x1,bootcompleted=true,boostinprogress=false,waitmodeenable=false,mode=true,manual=33,auto=-1,adj=0.0userId=0
12-18 14:15:21.143  7784  7804 I HwOUC   : [CheckNewVersionThread-6204]HwOucUtility.isWifiOnly = false(hwouc/HwOucUtility.java:1872)
12-18 19:52:55.160  2852  2852 I StatusBarIconView: updateTint: tint=0
12-18 15:32:56.725  1795  2709 I ActivityManager_service: retrieveServiceLocked, callerApp: ProcessRecord{34bf34f 0:system/1000}, flags: 10000400
12-17 20:41:19.103 24266 24266 V chaunce : org.iqiyi.video.vote.b.aux.a()<-1> : checkVoteShowTime--hideVoteView
12-17 21:51:50.063  1795  3249 E qti_sensors_hal: read from oem info: x_offset=0.160831, y_offset=0.184366, z_offset=0.985027
12-18 14:08:49.415  1795 16498 D PowerManagerService: Releasing suspend blocker "PowerManagerService.WakeLocks".
12-17 21:31:26.186   633 31870 I SDK     : <2016-12-17 21:31:26> [WARN] SDK: UE-SeC 2016-12-17 21:31:26:185 Level[WARN] magic[3362781472 684]:PubEvt_Close Getting a socket[208] from the Socket-table Failed!
12-18 12:38:49.518   633  3537 I SDK     : 
12-18 14:41:00.001   633   692 I eSpaceService: Watch Thread{4481} WatchThread.onLoop(WatchThread.java:94) watch thread onLoop... 
12-17 20:44:07.964  2852  2852 D HwCustMobileSignalControllerImpl: isCurrentBySim()=false
12-18 14:12:16.160  5157  5157 I chromium: [INFO:CONSOLE(1)] "Uncaught ReferenceError: WebViewJavascriptBridge is not defined", source:  (1)
12-18 15:36:03.216  1795  3975 E LocSvc_libulp: I/int ulp_brain_process_criteria_update() index at 2, isNew = 1, mask 0x27, provider source = 1,accuracy = 0, singleshot = 0, tbf = 1000 emergency_request = 0
12-18 18:32:57.480 25067 25067 I UX      : CollectorManager--isCollectorEnabled--getBoolean: false
12-17 19:42:44.514  3218  3218 I QImsService: ImsServiceSub : disabledFeature = 4
12-17 19:31:40.971  1795  1825 I PowerManager_screenOn: PowerManagerNotifier onUserActivity: event=0, uid=1000
12-18 08:16:25.273  3858  4126 I amsnl   : t:false, fl: false, p: 2147483647000, ce: true, we: false
12-18 15:35:57.339  1795  1837 I art     : Starting a blocking GC Explicit
12-18 17:33:07.302  5224  5283 I Step_LSC: 20002302|REPORT : 13902 297334 9916 0
12-17 21:27:05.999   633   633 I SDK     : <2016-12-17 21:27:05> [NOTICE] SDK: UE-SeC 2016-12-17 21:27:5:999 Level[NOTICE] magic[3979851060 378]:Device net status changed: oldNetStatus=999, oldSSID=Huawei-Employee, newNetStatus=1, newSSID=
12-17 23:28:34.655   633 31870 I SDK     : <2016-12-17 23:28:34> [WARN] SDK: UE-SeC 2016-12-17 23:28:34:655 Level[WARN] magic[3362781472 684]:PubEvt_Close Getting a socket[61] from the Socket-table Failed!
12-18 18:35:30.973  1795  3111 D PowerManagerService: Acquiring suspend blocker "PowerManagerService.WakeLocks".
12-17 21:53:29.510  1795  2671 D PowerManagerService: ready=true,policy=0,wakefulness=0,wksummary=0x10,uasummary=0x0,bootcompleted=true,boostinprogress=false,waitmodeenable=false,mode=true,manual=33,auto=-1,adj=0.0userId=0
12-17 23:26:40.602  3218 13036 W PhoneInterfaceManager: shouldBlockLocation running ...
12-18 07:39:09.499  2852  2852 I HwSignalClusterView: setMobileDataIndicatorsHuawei subId:0 visible:true strengthIcon:2130839311 typeIcon:2130839195 contentDescription:手机信号满格。 typeContentDescription:4G isTypeIconWide:true showActivity:true activityIn:true activityOut:true isRoaming:false
12-18 07:39:51.887  1795  2748 D HwAmbientLuxFilterAlgo: earliestValidTime + POWER_ON_DARKENING_LIGHT_DEBOUNCE
12-17 22:33:44.847  1795  3225 D HwActivityManagerService: handleANRFilterFIFO,uid = 10103cmd = 0
12-18 18:32:57.464  1795  6988 D PowerManagerService: release:lock=185973881, flg=0x0, tag="hibernation", name=com.huawei.powergenie", ws=null, uid=1000, pid=3180
12-17 21:47:59.695   633   692 I eSpaceService: LoginThread{6407} LoginC.beginLogin(LoginC.java:293) Login_By_Step->--> beginLogin
12-17 22:27:54.334   835  2385 E libteec : receive data len = 128
12-17 21:27:06.626  1795  2750 D HW_DISPLAY_EFFECT: presently, hw_update_color_temp_for_rg_led interface not achieved.
12-17 20:31:45.944  1795  3253 W System.err: 	at android.app.ContextImpl.enforce(ContextImpl.java:1756)
12-17 23:57:41.853   633 31870 I SDK     : 
12-18 18:13:49.934  1795  2323 E UsbDeviceManager: 	at com.android.server.usb.UsbDeviceManager$2.onUEvent(UsbDeviceManager.java:328)
12-18 08:28:16.356  3858  4126 I amsnl   : c: true, w: false, t: false, l: false
12-17 21:58:30.882  2883  2996 I HwSystemManager: TafficState:default sub id = 0slotIndex = 0 subscriptionId = 0
12-18 08:17:12.433  1795  2778 D PowerManagerService: ready=true,policy=3,wakefulness=1,wksummary=0x1,uasummary=0x1,bootcompleted=true,boostinprogress=false,waitmodeenable=false,mode=true,manual=33,auto=-1,adj=0.0userId=0
12-18 15:32:44.849   802   802 E Thermal-daemon: [Thermal_Hw] temperature_filter: get invalid temperature, use old temp
12-17 22:13:12.474  2852  2852 E KeyguardUpdateMonitor: isSimPinSecure mSimDatas is null or empty 
12-17 22:51:15.035  1795  2750 D HW_DISPLAY_EFFECT: presently, hw_update_color_temp_for_rg_led interface not achieved.
12-17 22:24:41.634  3608  3608 I InCall  : StatusBarNotifier - isTopIsFullscreen = true--isTopIsFullscreenInput()--false
12-17 20:53:07.269 24766 27099 D GlobalPush: [PushService] connectionLost is true! begin to start again!
12-17 23:44:59.053   633 31870 I SDK     : 
12-18 14:38:49.870  2852  2852 D StatusBar: reusing notification for key: 0|com.huawei.health|10010|null|10099
12-17 23:12:25.543  3879  5007 I HwLauncher: Launcher.LauncherProvider  launcher call - method:setAppBadgeCount arg:null extras:[app_shortcut_custom_id=[shortcut_c3a551c28e1ac387c29ec290c2b278c2aa62c3b1c284c3acc291117ec3adc3b9]][app_shortcut_class_name=com.tencent.mm.ui.LauncherUI][app_badge_count=0] uid =10105 pid =4492
12-18 14:13:24.645  3626  4877 I NCCHR_NcLogCollectServiceImpl: getUserType = 3
12-17 21:23:22.118  3626  3753 I UserSpecification: handleOverSize()
12-17 23:39:32.204  1795  2778 I AlarmManager: set(PendingIntent{ee90a7b: PendingIntentRecord{8d2098 com.tencent.mm broadcastIntent}}) : type=2 triggerAtTime=457728563 win=14997 tElapsed=457728563 maxElapsed=457743560 interval=0 flags=0x8
12-18 19:49:28.488  1795  2685 D ConnectivityService: Sending SUSPENDED broadcast for type 0 NetworkAgentInfo [MOBILE (UNKNOWN) - 318] isDefaultNetwork=true
12-18 09:12:03.557  3168  3168 I CHR_TelStatusListenr1: writeSummaryFromParcelLocked, IType:5, mGsmCsCallTimeLen:0
12-17 20:11:45.286  1795  2778 D HwConnectivityService: CtrlSocket processCtrlSocket pid = 7194 cmd = 1 para = 55
12-18 10:46:18.007  1795  2671 D PowerManagerService: ready=true,policy=0,wakefulness=0,wksummary=0x1,uasummary=0x0,bootcompleted=true,boostinprogress=false,waitmodeenable=false,mode=true,manual=33,auto=-1,adj=0.0userId=0
12-17 20:18:54.844   835  2385 E libteec : receive data len = 192
12-18 15:27:32.119  7741  7741 I NewMessageContentObserver :  handle update icon message
12-18 10:45:03.181   606  2379 E libteec : receive data len = 128
12-17 19:55:46.933   835  2385 E libteec : begin
12-18 09:25:58.165  2852  2852 D StatusBar: applyInPlace=true shouldPeek=false alertAgain=true
12-17 23:37:42.586 31949 31967 I TCP     : tcp.conn{4787} TcpSocket.connect_i(TcpSocket.java:84) connecting to ip address uc.huawei.com/45.249.213.63
12-18 08:40:39.025   633 31870 I SDK     : 
12-17 21:26:10.609  1795  2377 I AwareLog: AwareMem_PollingTimer: time event abandond because of activity starting
12-18 07:15:22.608  3180  3578 I ash     : Unproxy wakelock uid = 10029 pid = 31558
12-17 21:32:26.178  3626  3626 E PTM.FileNodeInfo: getTempInfo error: null, 0
12-17 21:53:32.447  2852  2852 I PhoneStatusBar: removeNotificationChildren
12-17 19:35:55.938  5215  5215 D wpa_supplicant: wlan0: First radio work item in the queue - schedule start immediately
12-17 19:32:30.291  7741  7741 D Mms_TX_NOTIFY: Get no-perm notification callback android.intent.action.SCREEN_ON
12-18 10:56:29.063  1046  9753 I Huawei_audio_cust: get_spk_pa_type: pa is max98925
12-17 22:31:33.657  4492  4492 W IInputConnectionWrapper: finishComposingText on inactive InputConnection
12-17 22:28:19.749  1795  2671 D WifiStateMachine:  DefaultState !CMD_ENABLE_RSSI_POLL  rt=127997166/453436112 1 0
12-17 23:32:54.600   633   692 I TCP     : tcp.recv{4488} TcpClientThread.onReceiverWork(TcpClientThread.java:307) get tcp message 5740
12-17 22:25:20.038  2883  2883 I HwSystemManager: AutoCleanReceiveServer:checkToStartCleanService,phone is use state,phone is use,need not start clean service
12-18 12:39:37.660  2852  2852 I TrafficPanelManager: hideTraffic
12-18 14:12:22.830  5157  5157 D test    : sending:{"handlerName":"getRegisteredJsHandler","callbackId":"java_cb_1","data":null}
12-17 21:32:40.977  1795  2685 D HwPFWLogger: AutoStartupDataMgr:retrieveStartupSettings type 0 of com.ss.android.article.news is 0
12-17 23:45:02.178  1795  2376 I ActivityManager_service: retrieveServiceLocked, callerApp: null, flags: 10000400
12-18 12:39:44.247  1795  2737 I QosMonitor: postEventFromNative: msg=100,arg1=0,arg2=9
12-17 19:57:04.965   835  2385 E libteec : begin
12-18 15:28:05.628  5994  5994 D wpa_supplicant: wlan0: nl80211: scan request
12-18 09:46:19.156  3218 13036 I PhoneInterfaceManager: shouldBlockLocation  ret:false
12-17 19:58:33.320  5215  5215 D wpa_supplicant: CTRL-DEBUG: global_ctrl_sock-sendto: sock=16 sndbuf=229376 outq=0 send_len=1
12-18 18:51:10.692  2852  2852 W AppHandler: sendMessage with obj100
12-18 17:32:11.438  2852  2925 I EventCenter: ContentChange for slot: 1
12-18 12:39:04.665  2852  2852 D HwCustMobileSignalControllerImpl: isCurrentBySim()=false
12-17 19:42:27.922   633 20919 I SDK     : 
12-17 21:49:20.027  1795  2323 E UsbDeviceManager: 	at android.os.FileUtils.readTextFile(FileUtils.java:267)
12-17 21:53:19.183   835  2385 E libteec : begin
12-17 22:21:13.184  1795  5350 I MQoS    : MSG_QUERY_TCP_INFO called,count:432
12-18 00:00:00.025  3626  3626 E PTM.FileNodeInfo: getTempInfo error: null, 0
12-17 22:51:38.437  1795  2396 I Sensor  : updateLightsLocked --> level:80, status:2
12-18 17:27:06.939  3782  3782 E DpmApi  : enableTriggerMethod 
12-18 04:56:30.452  1795 17831 D PowerManagerService: ready=true,policy=0,wakefulness=0,wksummary=0x0,uasummary=0x0,bootcompleted=true,boostinprogress=false,waitmodeenable=false,mode=true,manual=33,auto=-1,adj=0.0userId=0
12-17 19:33:42.135  2852  2852 I HwPowerUI: processLowerBatteryLevel plugged:false batteryLevel:78 intent:act:android.intent.action.BATTERY_CHANGED  flag:1610612752 technology=Li-ion icon-small=17303220 max_charging_voltage=0 health=2 max_charging_current=0 status=3 plugged=0 present=true charge_counter=0 level=78 scale=100 temperature=275 voltage=4076 invalid_charger=0 
12-18 17:41:37.661 25067 25067 E HW-JPEG-DEC: [HME_JPEG_DEC_Delete](3298): HME_JPEG_DEC_Delete: decoder_ctx=null
12-17 22:29:31.516  1795  2750 D PowerManagerService: Setting HAL auto-suspend mode to true
12-17 23:07:26.071  2852  2852 I ActivatableNotificationView: setOverlap mOverlap:false, mDimmed:false
12-18 08:14:12.870  1046  1125 D ACDB-LOADER: ACDB -> send_adm_topology
12-18 09:09:45.291  2852  2852 I TrafficPanelManager: hideTraffic
12-18 08:25:42.845  2852  3556 I NetworkController.MobileSignalController(0): Change in state from: connected=true,enabled=true,level=5,inetCondition=1,iconGroup=IconGroup(4G),activityIn=true,activityOut=true,rssi=0,lastModified=12-18 08:25:36,isRoaming=false,dataSim=true,networkName=中国移动,networkNameData=中国移动,dataConnected=true,isDefault=true,isEmergency=false,airplaneMode=false,carrierNetworkChangeMode=false,userSetup=true
12-18 15:30:22.327  1795  2381 D PowerManagerService: ready=true,policy=3,wakefulness=3,wksummary=0x0,uasummary=0x1,bootcompleted=true,boostinprogress=false,waitmodeenable=false,mode=true,manual=33,auto=-1,adj=0.0userId=0
12-18 13:06:03.255  1795  1795 I MQoS    : received cell-signal:5
12-18 19:25:28.638  2852  2852 I ToggleSlider:  mSeekListener onProgressChanged progress:3400 fromUser:false
12-17 22:27:55.096  3608  3608 D HwCust  : Create obj success use class android.app.HwCustNotificationImpl
12-18 12:38:44.203   633 31870 I SDK     : <2016-12-18 12:38:44> [WARN] SDK: UE-SeC 2016-12-18 12:38:44:203 Level[WARN] magic[3362781472 684]:PubEvt_Close Getting a socket[191] from the Socket-table Failed!
12-17 22:56:42.266  2852  2852 D NetWorkUtils: is3GCalling is false,mCdmaSlot is -1
12-17 21:47:30.649  1795  1809 I WindowManager: Application requested orientation 1, got rotation 0 which has compatible metrics
12-18 08:34:25.407  2852  2852 D HwCustMobileSignalControllerImpl: isCurrentBySim()=false
12-18 12:55:53.195  1795  1813 E BatteryStatsService: power: Missing API
12-18 08:20:09.791  2852  2852 D HwCustMobileSignalControllerImpl: isCurrentBySim()=false
12-17 20:23:22.410  1795  3121 I SendBroadcastPermission: action:android.intent.action.SIG_STR, mPermissionType:0
12-18 07:29:22.624  1795  2326 W FingerprintService: onAcquired 2
12-17 20:11:42.276  5215  5215 D wpa_supplicant: WPS: attr type=0x1049 len=6
12-18 17:36:21.979  3626  3770 I LSC_903001011: process buffer and get message
12-18 14:12:40.249  5994  5994 D wpa_supplicant: WPS: attr type=0x1042 len=4
12-18 02:56:26.230   828 19063 D QC-time-services: Daemon: delta 1478169112114 genoff 1478169112114 
12-18 17:30:13.238  1795 13420 D hwGnssLog_gnsschrlog: UserType = 3
12-17 20:30:58.818  3782  3862 W QCNEJ   : |CORE| CNE received unexpected action: android.intent.action.BATTERY_CHANGED
12-18 14:09:18.922  2883  2895 I HwSystemManager: HoldService:locationInfo switch is on . pid = 5157
12-17 23:01:06.004  2852  2852 V KeyguardStatusView: Enable transport text marquee
12-18 15:32:57.862 10334 10334 D wpa_supplicant: wlan0: Control interface command 'GET_NETWORK 0 phase2'
12-18 14:11:33.312   633 31870 I SDK     : <2016-12-18 14:11:33> [WARN] SDK: UE-SeC 2016-12-18 14:11:33:312 Level[WARN] magic[3362781472 684]:PubEvt_Close Getting a socket[104] from the Socket-table Failed!
12-17 20:38:39.395  2852  2852 I HwSignalClusterView: getOrInflateState subId:0
12-18 15:36:16.524  3626  4889 E PTM.FileNodeInfo: getTempInfo error: null, 0
12-18 07:50:42.725   633 31870 I SDK     : 
12-18 09:17:27.348  2852  2852 I FingerprintController: FpPerformance after onFingerAuthenticated, will wakeup
12-18 08:20:52.036  1795  5350 I TrafficMonitor: getStatic,count:0,work status:false
12-18 15:34:47.956  1795  1809 I WindowManager: rotationForOrientationLw(orient=-1, last=0); user=0 
12-17 19:56:05.175  2852  2852 I HwBrightnessController: updateSlider2 seekBarProgress:1474
12-18 19:49:57.961  1795 16232 I HwActivityManagerService: Split enqueueing broadcast [callerApp]:ProcessRecord{580cfb2 5224:com.huawei.health:DaemonService/u0a99}
12-18 15:33:21.508  1795 11745 D HwConnectivityService: CtrlSocket processCtrlSocket pid = 7194 cmd = 1 para = 55
12-17 20:39:54.998 24266 24266 V chaunce : org.iqiyi.video.vote.b.aux.a()<-1> : checkVoteShowTime-->1458732
12-18 14:15:19.849   816  7696 D DnsProxyListener: GetAddrInfoHandler addr: uc.huawei.com {314, 917818, 10102} 45.249.213.63
12-18 17:41:18.466  1795  3139 I DisplayManagerService: stopWifiDisplayScanLocked mWifiDisplayScanRequestCount=0
12-18 08:14:49.369  2852  2852 I HwSignalClusterView: setMobileDataIndicatorsHuawei subId:0 visible:true strengthIcon:2130839311 typeIcon:2130839197 contentDescription:手机信号满格。 typeContentDescription:LTE isTypeIconWide:true showActivity:true activityIn:true activityOut:true isRoaming:false
12-18 19:32:14.874  2852  2852 I EventCenter: EventCenter Get :android.com.huawei.bone.NOTIFY_SPORT_DATA
12-17 21:42:50.242  2852  2852 I HwPowerUI: doTemperatueWarning, health:2
12-17 22:32:53.310  2852  2852 D HwCustMobileSignalControllerImpl: sub =0,strMccMnc =null,hashMccMnc =[],strPlmn =hw_show_4_5G_for_mcc
12-18 07:38:39.492  2852  2852 D HwCustMobileSignalControllerImpl: isCurrentBySim()=false
12-18 15:33:25.800 10699 10862 I ChinaUploader: Uploader
12-18 08:14:47.336  2852  2852 D HwCustMobileSignalControllerImpl: isCurrentBySim()=false
12-18 08:16:11.638  2852  2914 I SimCardMethod: isCardAbsent slot:0 slotState:5
12-18 17:31:44.287  1795  6986 I NotificationManager: enqueueNotificationInternal: pkg=com.huawei.health id=10010 notification=Notification(pri=0 contentView=null vibrate=null sound=null defaults=0x0 flags=0x2 color=0x00000000 vis=PRIVATE)
12-17 21:52:11.068  1795  1825 I PowerManager_screenOn: PowerManagerService Waking up from sleep (uid 1000)...
12-17 21:02:18.971  2852  2852 I HwSignalClusterView: apply hwPhoneState.mSubId:0 anyMobileVisible:false mIsAirplaneMode:false, mobileGroupVisible=true
12-17 21:51:26.788  2852  2852 I StackScrollAlgorithm: overlapAmount:763.6, previousNotificationEnd:607.0, newYTranslation:-156.59998, location:2, i:1, getTopPadding:499.0, getLocationOnScreen():-36
12-17 20:18:53.469 16628 27121 I TotemWeather: WeatherParserFactorys:type is 1
12-17 23:13:48.187   633 31870 I SDK     : 
12-17 22:28:49.237  1046  1046 V msm8916_platform: platform_set_parameters: exit with code(0)
12-18 19:49:59.355  2852  2852 W StatusBarWindowManager: Apply window without WALLPAPER
12-18 10:51:56.465  1795 16499 D HwNetworkStatsService: mActiveIface: null
12-17 20:33:46.910  1795  2748 D HwAmbientLuxFilterAlgo: t=123980607,BT=123981607,DT=123984607,BT1=123984607,DT1=123988607,Bn=false,Dn=false,lx=[8.0/123979103, 8.0/123979404, 8.0/123979705, 8.0/123980006, 8.0/123980307, 8.0/123980607],mLx=5.0,s=5.0,ss=0.008264462,AuIntervened=false,mProximityState=false,bLux=15.0,dLux=0.0,bLux1=15.0,dLux1=0.0
12-17 22:54:59.001   633 31868 E SDK     : 
12-17 21:07:40.679 24266 24266 I qiyippsplay: org.iqiyi.video.ui.bf.h()<-1> : 当前时间624623
12-17 20:27:08.687  3879  3879 E HW-JPEG-DEC: [HME_JPEG_DEC_Delete](3298): HME_JPEG_DEC_Delete: decoder_ctx=null
12-18 14:11:16.458  5157  5157 I chromium: [INFO:CONSOLE(1)] "Uncaught ReferenceError: WebViewJavascriptBridge is not defined", source:  (1)
12-17 23:48:33.001  4492  4512 W System.err: fix xml header from 64
12-17 20:01:46.037  2852  2852 I StatusBarIconView: updateTint: tint=0
12-18 19:25:34.699  5224  5283 I Step_HSNH: 20002302|rebuild notification
12-18 15:36:13.844 12127 12477 V AudioManager: getStreamMaxVolume  treamType: 1
12-17 19:31:45.477  3180  3578 I ash     : ash->screen off
12-18 17:41:34.042  3879  4201 I TotemWeather: WidgetDataManager:my location is 58185
12-17 22:13:26.420  1795  3139 D PowerManagerService: release:lock=42544674, flg=0x0, tag="WakerLock:14509116", name=com.tencent.mm", ws=null, uid=10105, pid=25103
12-18 08:22:57.508  1795  1808 I ActivityManager: new Process app=ProcessRecord{966b44c 0:com.huawei.camera/u0a20}, name: com.huawei.camera, euid: 0
12-17 21:36:45.759  2852  2852 D StepCounterView: onStepCounterChange stepsNum:8382
12-18 08:27:16.463  2852  2852 I HwSignalClusterView: getOrInflateState subId:0
12-17 22:55:52.352  1795 16500 I SendBroadcastPermission: action:android.intent.action.SIG_STR, mPermissionType:0
12-18 09:11:00.875  2852  2925 I EventCenter: ContentChange for slot: 1
12-18 13:05:56.505  7194  7208 W PushLog2824: 	at android.os.Handler.handleCallback(Handler.java:755)
12-17 23:25:59.804  2852  2852 D HwCustMobileSignalControllerImpl: isCurrentBySim()=false
12-18 17:02:05.036  3626  3729 D NCCHR_LogDatabaseNc: metricFileReportProcess move 0 log file to done dir for metricId = 15
12-17 23:01:07.911  3879  3879 I HwLauncher: Launcher this view's parent is not SearchGridView , so no need to reportRecentApp.
12-18 14:15:12.710  3626  3626 E PTM.FileNodeInfo: getTempInfo error: null, 0
12-18 11:11:25.797  1795  2323 E UsbDeviceManager: Error reading charge file
12-17 21:53:32.650  2852  2852 I HwBrightnessUtils: APS brightness=14.0,ConvertToPercentage=0.16687968
12-18 10:58:06.771  2852  2852 I StackScroller: generateAddAnimation:null, false
12-18 14:09:29.928  3218  4070 I PhoneInterfaceManager: shouldBlockLocation  ret:false
12-18 14:12:49.903  5157  5157 W cr_BindingManager: Cannot call determinedVisibility() - never saw a connection for the pid: 5157
12-17 21:48:20.887  3168  3309 I CHR_ProtocolLogManager: notifyModemInfoRegistrants, faultID:2, modemId: 0, sub: 0
12-17 19:57:05.755  2852  2852 E BokehDrawable: BlurBitmap  draw super 0.0
12-17 21:27:12.781  2852  2852 I StatusBarIconView: updateTint: tint=0
12-18 07:50:42.714   633 31870 I SDK     : <2016-12-18 07:50:42> [WARN] SDK: UE-SeC 2016-12-18 7:50:42:714 Level[WARN] magic[3362781472 684]:PubEvt_Close Getting a socket[57] from the Socket-table Failed!
12-17 20:24:13.798  2852  2852 I HwSignalClusterView: getOrInflateState subId:0
12-18 10:52:06.098   808   459 D QCameraParameters: HAL init parameters face beauty leve 0-10
12-18 07:42:42.444 21841 21942 W PackageParser: Ignoring duplicate uses-permissions/uses-permissions-sdk-m: android.permission.WRITE_EXTERNAL_STORAGE in package: com.yodo1.skisafari2.UC_02 at: Binary XML file line #72
12-17 22:27:30.087  3180  3578 I ThermalStateManager: handle action thermal policy:208
12-18 14:11:30.332  5157  5157 W cr_BindingManager: Cannot call determinedVisibility() - never saw a connection for the pid: 5157
12-18 15:40:02.337  1795  2381 D libfingersense_wrapper: Calling fingersense_touch_up()
12-18 14:09:53.058  2852  2852 I BarTransitions.HwNavigationBarView: transitionTo: mode=MODE_OPAQUE, animate=false
12-18 15:27:44.361   836  2387 I knuckle_sensor: Sending SAM_ENABLE to fs_data
12-18 10:44:41.563  2852  2852 D StatusBar: applyInPlace=true shouldPeek=false alertAgain=true
12-18 14:14:31.488  1046  1125 D audio_hw_primary: disable_snd_device: snd_device(2: speaker)
12-18 10:52:07.378   808   547 D [HWCamera] IppAlgoSmartAE: int android::IppAlgoSmartAE::doSmartAEAlgo(unsigned char *, void *, int, int, int) faceNumber = 0
12-17 21:52:24.131  1795  1795 D DeviceIdleController: Moved from LIGHT_STATE_ACTIVE to LIGHT_STATE_INACTIVE
12-18 18:47:47.823   633   692 I eSpaceService: Watch Thread{4481} WatchThread.onLoop(WatchThread.java:98) watch thread onLoop...--》 iWatched.doWatch() 
12-18 15:34:17.664  2852  2852 D TintTextView: #B3000000 com.android.systemui.tint.TintTextView{f83e2df V.ED..... ......ID 0,1-66,43 #7f1401be app:id/battery_outside_percent}
12-18 15:33:01.359  1795  1809 I MultiTaskManagerService: onProcessDied pid = 8883, uid = 1000
12-18 15:34:18.291 10228 10228 I HwSystemManager: BootBroadcastReceiver:BootBroadcastReceiver action =android.intent.action.PACKAGE_REMOVED
12-18 07:15:23.160   835  2385 E libteec : begin
12-18 19:25:21.256  2852  2852 I HwSignalClusterView: setMobileDataIndicatorsHuawei subId:0 visible:true strengthIcon:2130839311 typeIcon:2130839197 contentDescription:手机信号满格。 typeContentDescription:LTE isTypeIconWide:true showActivity:true activityIn:true activityOut:true isRoaming:false
12-17 21:48:09.214   633 31867 I SDK     : 
12-17 20:01:32.573  1795  2709 I ActivityManager_service: retrieveServiceLocked, callerApp: ProcessRecord{34bf34f 0:system/1000}, flags: 10000400
12-18 10:58:06.407   818  1089 I iMonitor: create: 902500004
12-17 20:01:32.604  1795  1805 I HwActivityManagerService: Split enqueueing broadcast [callerApp]:ProcessRecord{580cfb2 5224:com.huawei.health:DaemonService/u0a99}
12-18 12:20:51.341   597   597 I rmt_storage: rmt_storage_connect_cb: clnt_h=0x15d conn_h=0x7f8862a370
12-18 14:11:39.056  5157  5157 W cr_BindingManager: Cannot call determinedVisibility() - never saw a connection for the pid: 5157
12-18 00:17:51.998  3218  3517 I QImsService: ImsSenderRxr : [UNSL]< UNSOL_SSAC_CHANGED org.codeaurora.ims.ImsQmiIF$SsacInfo@d4f3666[SUB0]
12-17 22:34:10.024  1795  2323 D HwBatteryService: onUEvent fcpStatus = 0,scpStatus =0,ovpStatus=0
12-18 14:12:40.284  5157  5157 W cr_BindingManager: Cannot call determinedVisibility() - never saw a connection for the pid: 5157
12-17 23:04:56.326  3218  3218 I SendBroadcastPermission: action:org.codeaurora.VOIP_VOPS_SSAC_STATUS, mPermissionType:0
12-18 14:14:56.320  1795  1795 I NotificationManager: cancelNotification,index:-1
12-17 23:16:22.142   633   692 I ECS     : Heartbeat timer.timers{6611} SimpleThread.onDeath_i(SimpleThread.java:133) thread end
12-17 23:12:35.785  1795 20747 W ActivityManager: getRunningAppProcesses: caller 10105 does not hold REAL_GET_TASKS; limiting output
12-18 08:04:07.412   818  1152 I logserver: handle_exception_events enter
12-18 15:38:08.541 10334 10334 D wpa_supplicant: WPS: attr type=0x103b len=1
12-17 20:11:44.189  1795  2671 D WifiStateMachine:  SupplicantStoppingState !NETWORK_DISCONNECTION_EVENT  rt=123416448/445240552 20:f4:1b:a1:d1:18 nid=1 reason=3
12-17 22:36:46.696   612   612 I SDM     : DisplayBase::SetDisplayState: Set state = 0, display 0
12-17 20:15:42.771   633 31870 I SDK     : <2016-12-17 20:15:42> [WARN] SDK: UE-SeC 2016-12-17 20:15:42:771 Level[WARN] magic[3362781472 684]:PubEvt_Close Getting a socket[133] from the Socket-table Failed!
12-17 20:38:39.147  1795  3237 W ActivityManager: getTasks: caller 10140 does not hold REAL_GET_TASKS; limiting output
12-18 14:07:32.401   633 31868 I SDK     : <2016-12-18 14:07:32> [NOTICE] SDK: UE-SeC 2016-12-18 14:7:32:400 Level[NOTICE] magic[3365677344 1541]:FSM_Tool_Tree_Enc_Path =>Access [/mnt/sdcard/sandbox/AnyOfficeSDK/sdk/QDJ7lEGuRlJb2r2mqrSExBTDjN4QhUgEPVptBL0HnX4=] real path  ok 
12-18 14:10:50.883  1795  2671 E WifiHW  : wifi_start_supplicant: last serial = 117440712
12-18 08:26:56.261  1795 15988 D PowerManagerService: ready=true,policy=3,wakefulness=1,wksummary=0x1,uasummary=0x1,bootcompleted=true,boostinprogress=false,waitmodeenable=false,mode=true,manual=33,auto=-1,adj=0.0userId=0
12-18 10:39:38.018   606  2379 E libteec : QSEECom_send_cmd return!
12-18 17:30:16.297   633 15369 I SDK     : 
12-17 20:44:24.848  1795  2737 W WifiProJNI: poll before: g_monitor_fd =310
12-18 15:33:01.357  1795  1807 I AwareLog: AwareAppMngSort: 2835,1000,1,0,-800;2852,10033,1,0,-800;2883,1000,2,0,0;3168,1000,1,0,-800;3180,1000,1,0,-800;3197,10119,1,0,-800;3218,1001,1,0,-800;3382,1001,2,0,100;3608,1001,2,0,100;3626,1000,2,0,100
12-17 20:54:24.313 24266 24266 D VideoPlayerImpl: org.iqiyi.video.player.cv.ag()<-1> : current progress: progress= 2328122
12-17 21:03:11.629  2852  2852 D HwCustMobileSignalControllerImpl: sub =0,strMccMnc =null,hashMccMnc =[],strPlmn =hw_show_4g
12-18 19:51:53.823  1795  2380 D PowerManagerService: ready=true,policy=3,wakefulness=1,wksummary=0x0,uasummary=0x1,bootcompleted=true,boostinprogress=false,waitmodeenable=false,mode=true,manual=33,auto=-1,adj=0.0userId=0
12-17 21:05:24.857   633   692 I eSpaceService: Watch Thread{4481} WatchThread.onLoop(WatchThread.java:94) watch thread onLoop... 
12-18 15:27:46.047  2852  3556 I HwWifiSignalController: wifi handleBroadcast action:android.net.wifi.STATE_CHANGEwifi state: mCurrentState.inetCondition:0 mCurrentState.level:2 mCurrentState.rssi:-77 mCurrentState.ssid:null mCurrentState.time:1482041718177 mCurrentState.activityIn:true mCurrentState.activityOut:true mCurrentState.connected:false mCurrentState.enabled:true mIsWifiCharged:false mIsWifiNoInternet:false
12-18 17:33:00.997  2852  2852 D HwCustMobileSignalControllerImpl: isCurrentBySim()=false
12-18 09:35:12.005  1795  2323 E UsbDeviceManager: java.io.FileNotFoundException: sys/class/hw_power/charger/charge_data/water_intrused (No such file or directory)
12-17 20:01:46.951  1795  3884 I HwActivityManagerService: Split enqueueing broadcast [callerApp]:ProcessRecord{580cfb2 5224:com.huawei.health:DaemonService/u0a99}
12-17 22:33:28.878 31532  5864 W OpenGLRenderer: Points are too far apart 4.000000
12-18 18:46:03.990  3180  3578 I ash     : Unproxy wakelock uid = 10102 pid = 31949
12-18 17:31:03.974  1795  2748 D AutomaticBrightnessController: updateAutoBrightness: mScreenAutoBrightness=96, newScreenAutoBrightness=56
12-18 09:45:18.964  3858  4126 I amsnl   : c: true, w: false, t: false, l: false
12-18 16:01:09.055  2852  2852 W ScrimController: startScrimAnimation 0.0 @ com.android.systemui.statusbar.ScrimView{3dd6b4a V.ED..... ......ID 0,0-1080,1920 #7f1403fc app:id/scrim_behind}
12-17 20:37:34.535  1795  2737 I QosMonitor: postEventFromNative: msg=100,arg1=0,arg2=9
12-18 19:31:04.760  3180  3578 I ash     : perform running actions!
12-18 14:11:32.580  1795  3225 I ActivityManager_broadcast: ordered broadcast[background] head:BroadcastRecord{e88b69a u-1 android.net.conn.CONNECTIVITY_CHANGE}
12-18 14:12:35.826  1795  2671 V HwWifiServiceFactory: get AllImpl object = com.android.server.wifi.HwWifiServiceFactoryImpl@c332618
12-18 09:17:04.533  1795  1819 D NetworkManagement: notifyInterfaceClassActivity: client is com.android.server.ethernet.EthernetNetworkFactory$InterfaceObserver@fccfd35
12-18 14:11:32.208   633 31875 I SDK     : <2016-12-18 14:11:32> [NOTICE] SDK: UE-SeC 2016-12-18 14:11:32:207 Level[NOTICE] magic[3359111456 1541]:FSM_Tool_Tree_Enc_Path =>Access [/mnt/sdcard/sandbox/AnyOfficeSDK/sdk/QDJ7lEGuRlJb2r2mqrSExBTDjN4QhUgEPVptBL0HnX4=] real path  ok 
12-18 18:18:03.171  2852  2852 I PhoneStatusBar: updateNotificationShade
12-18 07:56:33.469   633   692 I ECS     : msg.recv{4490} TcpSocket.setDSCP(TcpSocket.java:297) set dscp = 0
12-18 19:25:33.525  1795  6985 D PowerManagerService: acquire lock=230301592, flags=0x1, tag="*launch*", name=android, ws=WorkSource{10061}, uid=1000, pid=1795
12-18 19:52:33.176  2852  2852 I HwSignalClusterView: getOrInflateState subId:0
12-18 09:19:14.580  2852  2852 D HwCustMobileSignalControllerImpl: sub =0,strMccMnc =null,hashMccMnc =[],strPlmn =hw_hspap_show_4g
12-18 19:45:15.141   633   692 I TCP     : 	at com.huawei.ecs.mip.proxy.TcpSocket.connect_i(TcpSocket.java:87)
12-18 09:45:30.571  2852  2852 D NetWorkUtils: mVSimCurCardType is -1
12-18 18:51:59.873  7194  7208 W PushLog2824: java.lang.NullPointerException: Attempt to invoke interface method 'int com.huawei.android.bastet.IBastetManager.prepareHeartbeatProxy(int, com.huawei.android.bastet.IBastetListener)' on a null object reference
12-18 08:44:06.364   633 31870 I SDK     : 
12-18 11:55:29.762  3626  3626 D PTM.ThermalCommonInfo: Action: BatChange
12-18 14:15:08.275  1795  2323 E UsbDeviceManager: 	at java.io.FileInputStream.open(Native Method)
12-18 15:32:51.946 16628 27121 I TotemWeather: TaskController:handleTask citycode= nullstate= 3
12-18 15:43:36.592 14129 14177 E HW-JPEG-DEC: [HME_JPEG_DEC_Delete](3298): HME_JPEG_DEC_Delete: decoder_ctx=null
12-18 11:20:52.944  1795  3083 D PowerManagerService: release:lock=58029568, flg=0x0, tag="NetworkTimeUpdateService", name=android", ws=null, uid=1000, pid=1795
12-17 21:47:39.407  1795  1809 I WindowManager: Application requested orientation 1, got rotation 0 which has compatible metrics
12-18 10:53:51.691  3218  3218 D HwCust  : Create obj success use class com.android.settings.deviceinfo.HwCustStatusImpl
12-17 21:50:28.340  1795  3111 D Sensors : batch called handle:2 sample_ns:200000000 latency_ns:0
12-17 21:26:42.698  2852  2852 W HwPhoneLayoutInflater: onCreateView : ClassNotFoundException, In this case we want to let the base class take a crack at it
12-18 14:12:40.226  5994  5994 D wpa_supplicant: 88:25:93:48:47:0c freq=2462 qual=0 noise=-89~ level=-67 snr=22 flags=0x2b age=0 est=54000
12-17 19:47:16.487 16354 21005 I HwSystemManager: PowerStatsHelper:minAveragePowerForCpu= 115.0
12-18 11:26:03.818   633 31870 I SDK     : <2016-12-18 11:26:03> [WARN] SDK: UE-SeC 2016-12-18 11:26:3:818 Level[WARN] magic[3362781472 684]:PubEvt_Close Getting a socket[187] from the Socket-table Failed!
12-17 21:32:17.301   633 31870 I SDK     : 
12-17 19:31:43.326  2852  2852 D StatusBar: No peeking: unimportant notification: 0|com.android.incallui|2|null|1001
12-18 07:53:03.535   633 31868 I SDK     : 
12-18 08:19:01.780  2852  2852 I BarTransitions.HwPhoneStatusBarView: transitionTo: mode=MODE_TRANSPARENT, animate=false
12-18 18:26:52.102  1795  3253 I AlarmManager: remove(PendingIntent{2a8a541: PendingIntentRecord{bb2510b com.sankuai.meituan startService}}) changed bounds; rebatching
12-18 07:32:57.043  2852  2852 D HwCustMobileSignalControllerImpl: sub =0,strMccMnc =null,hashMccMnc =[],strPlmn =hw_mcc_mnc
12-17 22:28:19.727  3626  3626 E PTM.FileNodeInfo: getTempInfo error: null, 0
12-18 08:09:07.552  1795  2376 D PowerManagerService: Acquiring suspend blocker "PowerManagerService.WakeLocks".
12-17 23:02:50.286   633   692 I TCP     : msg.recv{4490} TcpClientThread.onRecv(TcpClientThread.java:515) TCP Msg 1718TCP_OK
12-18 09:35:15.367  2883  2996 I HwSystemManager: ITrafficInfo:ITrafficInfo create 301updateBytes = 1795689089
12-18 09:31:01.938  2852  2852 I TrafficPanelManager: hideTraffic
12-17 20:54:03.664   802   802 E Thermal-daemon: [Thermal_Hw] temperature_valid, battery : temperature is invalid, invalid temperatrue is 26
12-18 19:01:10.997   633 31870 I SDK     : <2016-12-18 19:01:10> [WARN] SDK: UE-SeC 2016-12-18 19:1:10:997 Level[WARN] magic[3362781472 684]:PubEvt_Close Getting a socket[138] from the Socket-table Failed!
12-17 22:11:34.451  3858  4126 I amsnl   : m1: false
12-17 20:39:49.470 24266 24266 I push_msg_log: [qiyi_LOG_INFO IfacePushMsgPingback] requestUrl = http://ifacelog.iqiyi.com/api/log_module/msgpush?type=1&udid=db72ce0a35db8d3b&openudid=db72ce0a35db8d3b&uniqid=0f607264fc6318a92b9e13c65db7cd3c&msgpush=1000074453%09373040509053ca21%09868404020067521%09GPhone%097.0%09MLA-AL00%09591a3d5e95c34d3f4e2373d2df3fd506%097.11%091%091%09%7B%22data%22%3A%7B%22showType%22%3A1%2C%22mid%22%3A0%2C%22subType%22%3A0%2C%22extinfo%22%3A%22%22%2C%22err%22%3A0%2C%22gid%22%3A0%2C%22loc%22%3A%22zh%22%2C%22keeperstatus%22%3A0%2C%22pos%22%3A%221%22%2C%22uid%22%3A%22%22%2C%22fc%22%3A%22%22%7D%7D
12-17 21:34:29.210   633   692 E HW_DEBUG: pool-3-thread-1{4478} 10.run(RecentConversationFunc.java:2177) <<< ERROR(6) >>> not connect!
12-18 11:22:58.830  1795  2323 E UsbDeviceManager: Error reading charge file
12-17 23:34:56.121  1795  2750 D HW_DISPLAY_EFFECT: presently, hw_update_color_temp_for_rg_led interface not achieved.
12-18 18:24:13.902  1795 16499 D WindowManager: interceptKeyTq keycode=4 interactive=true keyguardActive=false policyFlags=2b000002 down false canceled false
12-18 16:01:29.744 10334 10334 D wpa_supplicant: nl80211: Associated on 2462 MHz
12-18 08:42:52.215   633 31870 I SDK     : <2016-12-18 08:42:52> [WARN] SDK: UE-SeC 2016-12-18 8:42:52:215 Level[WARN] magic[3362781472 684]:PubEvt_Close Getting a socket[162] from the Socket-table Failed!
12-18 09:45:30.720  5224  5224 I Step_LSC: 20002302|onStandStepChanged 74688
12-18 08:26:50.324  1795  2381 D libfingersense_wrapper: fingersense_touch_up() finished
12-18 13:53:07.536  2852  2852 W HwLockScreenPanel: Handle message: 100
12-17 21:37:46.989   633 31870 I SDK     : 
12-17 21:06:49.113  1795  2748 D lux trace:: [6.0/125958426, 5.0/125959136, 7.0/125959490, 6.0/125960558, 7.0/125961272, 6.0/125961627, 7.0/125962694]
12-18 14:15:18.357  2852  2852 I HwSignalClusterView: getOrInflateState subId:0
12-17 23:29:33.283  1795  2750 D HW_DISPLAY_EFFECT: presently, hw_update_color_temp_for_rg_led interface not achieved.
12-17 20:18:52.930  2852  2852 W StatusBarWindowManager: Apply window Height MATCH_PARENT
12-18 07:42:26.185  2852  3556 D NetworkController.MobileSignalController(0): mSimSubId:0 onDataActivity: direction=4
12-17 23:27:10.466  1795  3110 I ActivityManager_broadcast: Enqueueing ordered broadcast[background] BroadcastRecord{fef7329 u0 com.tencent.mm.plugin.openapi.Intent.ACTION_HANDLE_APP_REGISTER}: prev had 0
12-18 09:02:46.365  7194  7208 I PushLog2824: [ReceiverDispatcher-336]receive the channal closed action.(android/null:-1)
12-17 23:11:42.160  2852  2852 D HwCustMobileSignalControllerImpl: sub =0,strMccMnc =null,hashMccMnc =[],strPlmn =hw_show_4_5G_for_mcc
12-17 21:12:57.462  2852  3556 I NetworkController.MobileSignalController(0): onSignalStrengthsChanged signalStrength=SignalStrength: -1 0 -1 255 -1 255 -1 255 255 20 -103 -10 26 2147483647 2147483647 false gw|lte level=4 isSuspend=false levelOld=4,mSignalStrength level=4
12-17 20:59:50.731 24266 24266 D NativePlayer: org.qiyi.android.coreplayer.NativePlayer.isVRSource()<-1> : 通过内核获取是否是全景视频：GetVideoInfo().pano_type = 1
12-17 20:23:47.503  2852  2852 I StatusBarIconView: updateTint: tint=0
12-18 11:27:05.574  2852  2852 W HwPhoneLayoutInflater: onCreateView : ClassNotFoundException, In this case we want to let the base class take a crack at it
12-18 02:26:24.696  3382  3399 D QcrilMsgTunnelSocket: Rcvd UNSOL response with 28 bytes data for SUB0
12-17 22:36:06.231  1795 15988 D PowerManagerService: Releasing suspend blocker "PowerManagerService.WakeLocks".
12-18 00:01:06.950  1795 17831 W ActivityManager: Sending non-protected broadcast org.codeaurora.VOIP_VOPS_SSAC_STATUS from system 3218:com.android.phone/1001 pkg com.android.phone
12-18 08:18:08.706  2852  2852 I PhoneStatusBar: setSystemUiVisibility vis=8708 mask=ffffffff oldVal=708 newVal=8708 diff=8000
12-18 17:44:34.993  2852  2852 D HwCustMobileSignalControllerImpl: isCurrentBySim()=false
12-18 18:18:02.955  3382  3399 I SendBroadcastPermission: action:qualcomm.intent.action.ACTION_RAC_CHANGED, mPermissionType:0
12-17 19:42:45.043  3218  3218 I QImsService: ImsServiceSub : type = 1 status = 0 isValid = true
12-18 10:46:17.638   606  2379 E libteec : send data return = 128
12-17 20:38:11.701 24266 24266 V chaunce : org.iqiyi.video.vote.b.aux.a()<-1> : checkVoteShowTime--hideVoteView
12-17 21:04:21.646  1795  2748 D HwAmbientLuxFilterAlgo: t=125815344,BT=125816344,DT=125819344,BT1=125819344,DT1=125823344,Bn=false,Dn=false,lx=[7.0/125813839, 6.0/125814140, 6.0/125814441, 6.0/125814742, 6.0/125815043, 6.0/125815344],mLx=5.0,s=5.0,ss=0.033434644,AuIntervened=false,mProximityState=false,bLux=15.0,dLux=0.0,bLux1=15.0,dLux1=0.0
12-17 23:48:36.279  1795  2736 E hwintelligencewifi: DisabledState cellid = 4600022651650
12-18 14:11:33.305   633 31870 I SDK     : <2016-12-18 14:11:33> [WARN] SDK: UE-SeC 2016-12-18 14:11:33:305 Level[WARN] magic[3362781472 684]:PubEvt_Close Getting a socket[79] from the Socket-table Failed!
12-17 21:20:41.171   633 31868 I SDK     : 
12-18 15:34:26.440  3218  3422 I PhoneInterfaceManager: shouldBlockLocation  ret:false
12-18 15:37:34.324 12846 12846 D HwIntelligent3_BitmapUtil: bmp is null : false
12-18 07:34:28.019  1795  2737 D WifiProJNI: Received kernel message payload: event 0
12-17 22:27:13.382  1795  2665 D NetdConnector: RCV <- {200 11938 Tethering stats list completed}
12-18 15:28:03.126  1795 15982 D PowerManagerService: ready=true,policy=3,wakefulness=1,wksummary=0x1,uasummary=0x1,bootcompleted=true,boostinprogress=false,waitmodeenable=false,mode=true,manual=33,auto=-1,adj=0.0userId=0
12-18 11:44:07.095  1795 15987 D PowerManagerService: release:lock=170506577, flg=0x0, tag="RILJ_ACK_WL", name=com.android.phone", ws=null, uid=1001, pid=3218
12-18 08:02:47.251  1795  2376 I ActivityManager_broadcast: Enqueueing ordered broadcast[bgkeyapp] BroadcastRecord{861acd1 u0 ALARM_ACTION(25103)}: prev had 0
12-18 18:23:26.144  5224  5283 I Step_SharedPerferenceUtils: 20002302| getTodayTotalDetailSteps from Prefence success and todaySendorSteps= 1482056400000##14353##185354##0##0##525043939
12-18 02:26:24.705  3168  3307 W System.err: 	at com.huawei.android.chr.ProtocolLogManager.handleReportChrAPCommonPara(ProtocolLogManager.java:595)
12-18 14:13:31.715  1795  6038 D WifiMonitor: Dispatching event to interface: wlan0
12-17 22:50:42.727  2852  3556 I HwMobileSignalController: mExtDataOld:ExtData [mMasterNetWorkType=3, mSlaveNetWorkType=0, mMasterNetWorkLevel=4, mSlaveNetWorkLevel=-1, mDataState=2, mDataActivity=4, mDataNetType=13] mExtData:ExtData [mMasterNetWorkType=3, mSlaveNetWorkType=0, mMasterNetWorkLevel=4, mSlaveNetWorkLevel=-1, mDataState=2, mDataActivity=0, mDataNetType=13]
12-17 22:32:43.567  2852  2852 D HwCustMobileSignalControllerImpl: isCurrentBySim()=false
12-17 21:50:13.923   633   692 I TCP     : tcp.recv{4488} TcpClientThread.onRecv(TcpClientThread.java:522) tcp connection event TCP_CLOSED
12-18 14:12:00.424  5994  5994 D wpa_supplicant: WPS: attr type=0x103c len=1
12-17 23:13:48.974  1795  2748 D HwAmbientLuxFilterAlgo: earliestValidTime + POWER_ON_BRIGHTENING_LIGHT_DEBOUNCE
12-18 14:12:51.241  5157  5157 I chromium: [INFO:CONSOLE(1)] "Uncaught ReferenceError: WebViewJavascriptBridge is not defined", source:  (1)
12-17 20:36:27.145 24266 24266 V chaunce : org.iqiyi.video.vote.b.aux.a()<-1> : checkVoteShowTime--hideVoteView
12-18 14:13:30.930  3218  4070 W PhoneInterfaceManager: shouldBlockLocation running ...
12-17 23:48:15.286  1795  3139 I SendBroadcastPermission: action:android.intent.action.SIG_STR, mPermissionType:0
12-17 22:07:58.042  2852  2866 D KeyguardService: KGSvcCall onScreenTurningOn.
12-17 23:44:59.023   633 31870 I SDK     : <2016-12-17 23:44:59> [WARN] SDK: UE-SeC 2016-12-17 23:44:59:23 Level[WARN] magic[3362781472 684]:PubEvt_Close Getting a socket[58] from the Socket-table Failed!
12-18 08:46:01.352 31949 31967 I ECS     : WatchThread{4786} TcpClient.disconnect_i(TcpClient.java:202) ==================== TCP CLIENT DISCONNECT ====================
12-17 21:27:04.081  1795  3884 I Telecom : CallsManager:  entered manageMSimInCallTones : CSW.sD@E0g
12-18 15:33:24.340 10699 10862 D UploadFile: key:fileName value:MLA-AL00_MLA-AL00C00B318-log_D470C2EF_20161218153322638_ALL.zip
12-17 20:11:44.130  1795  2671 D WifiNative-HAL: stopRssiMonitoring, cmdId 0
12-18 14:08:46.105  1795  1806 D PowerManagerService: Acquiring suspend blocker "PowerManagerService.WakeLocks".
12-17 21:52:24.765  2852  2852 I TintManager: updateBarBgColor:emuiStyle=0,statusBarColor=#00000000,navigationBarColor=#00000000, isEmuiLight=-1
12-18 19:49:28.860 25067 25067 I UX      : CollectorManager--isCollectorEnabled--getBoolean: false
12-18 18:29:13.563  1795 20929 I AwareLog: AwareMem_EventTracker: [POLLING_TIMEOUT_142348114] kill uid:10146, proc:com.sankuai.meituan:dppushservice
12-18 14:14:15.206  1795  3225 D PowerManagerService: Acquiring suspend blocker "PowerManagerService.WakeLocks".
12-17 22:28:53.326   633 31868 I SDK     : <2016-12-17 22:28:53> [NOTICE] SDK: UE-SeC 2016-12-17 22:28:53:326 Level[NOTICE] magic[3365677344 1210]:waiting for useful network..........
12-18 08:09:25.850  1795  1795 I MQoS    : received cell-signal:5
12-17 21:26:39.919  5224  5283 I Step_DataCache: 20002302|getTodayTotalSteps 7030
12-18 14:13:36.847  1795 11745 D HwActivityManagerService: handleANRFilterFIFO,uid = 10113cmd = 0
