12-18 19:52:12.734  2852  2852 I HwBrightnessController: onChange selfChange:false uri.toString():content://settings/system/screen_auto_brightness mIsObserveAutoBrightnessChange:true
12-17 22:30:33.939  2852  2914 I HwMobileSignalController: updateSignalStrength: signalStrength=SignalStrength: -1 0 -1 255 -1 255 -1 255 255 23 -98 -10 136 2147483647 2147483647 false gw|lte
12-18 10:51:18.370  1795  3238 D PowerManagerService: ready=true,policy=0,wakefulness=0,wksummary=0x1,uasummary=0x0,bootcompleted=true,boostinprogress=false,waitmodeenable=false,mode=true,manual=33,auto=-1,adj=0.0userId=0
12-17 21:59:19.759  2852  2852 W HwPhoneLayoutInflater: onCreateView : ClassNotFoundException, In this case we want to let the base class take a crack at it
12-17 21:13:11.891   633 31868 I SDK     : <2016-12-17 21:13:11> [NOTICE] SDK: UE-SeC 2016-12-17 21:13:11:891 Level[NOTICE] magic[3365677344 8044]:Tunnel is offline: user ID is invalid !
12-17 19:35:02.854  4492  4492 D CubicBezierInterpolator: CubicBezierInterpolator  mControlPoint1x = 0.6, mControlPoint1y = 0.9, mControlPoint2x = 0.8, mControlPoint2y = 1.0
12-18 15:36:03.928  1795  3247 D HwActivityManagerService: handleANRFilterFIFO,uid = 10146cmd = 0
12-17 22:07:58.017   835  2385 E libteec : begin
12-17 21:18:10.302   802   802 E Thermal-daemon: [Thermal_Hw] temperature_filter: get invalid temperature, use old temp
12-18 06:26:32.513  3382  3399 I SendBroadcastPermission: action:qualcomm.intent.action.ACTION_RAC_CHANGED, mPermissionType:0
12-17 19:36:02.540  3180  3578 I ScreenLockClean: has active widget app : com.android.gallery3d
12-17 23:26:00.013  2852  2852 I HwDateUtils: begin of formatChinaDateRange chinaDate:半夜11:26
12-17 21:32:17.317  1795  2323 E UsbDeviceManager: 	at android.os.UEventObserver$UEventThread.run(UEventObserver.java:187)
12-18 15:34:27.971 10334 10334 D wpa_supplicant: wlan0: Add radio work 'scan'@0x7f9a42f480
12-18 19:50:56.798  2852  2852 I NotificationGroupManager: onEntryUpdated:0|com.huawei.health|10010|null|10099
12-17 20:46:25.117 24266 24266 D VideoPlayerImpl: org.iqiyi.video.player.cv.ag()<-1> : current progress: progress= 1848900
12-17 21:52:11.127  1795  1825 I WindowManger_keyguard: Setting mDismissKeyguard true by win Window{e6a6b5e u0 com.android.incallui/com.android.incallui.InCallActivity}
12-17 19:35:15.932  1795  2671 I WifiConnectivityManager: periodicScanTimerHandler mScreenOn true
12-18 09:29:53.785  2852  2852 I HwDateUtils: begin of formatChinaDateRange chinaDate:上午9:29
12-18 14:11:31.602  5994  5994 D wpa_supplicant: WPS: attr type=0x1054 len=8
12-18 15:33:28.894 10334 10334 D wpa_supplicant: c8:3a:35:4b:c9:90 freq=2462 qual=0 noise=-89~ level=-88 snr=1 flags=0xb age=0 est=6500
12-18 19:01:05.909  2852  2852 W AppHandler: sendMessage 4
12-18 19:49:37.540  1795  1825 D DisplayPowerController: Animating brightness: target=9, rate=40
12-18 14:11:30.863  5157  5157 W cr_BindingManager: Cannot call determinedVisibility() - never saw a connection for the pid: 5157
12-17 21:59:19.450  3608  3608 D InCall  : StatusBarNotifier - Will show "hang-up" action in the ongoing active call Notification
12-17 19:57:15.515  1795 15982 W ActivityManager: getRunningAppProcesses: caller 10102 does not hold REAL_GET_TASKS; limiting output
12-18 16:01:04.058  3626 14363 I iMonitor: create: 903001007
12-17 19:33:42.278  2852  2852 I StackScrollAlgorithm: updateDimmedActivatedHideSensitive overlap:true
12-18 15:35:25.724  1795  2750 D HW_DISPLAY_EFFECT: presently, hw_update_color_temp_for_rg_led interface not achieved.
12-18 08:20:28.855   802   802 E Thermal-daemon: [Thermal_Hw] temperature_filter: get invalid temperature, use old temp
12-18 14:13:08.672  2852  2852 D TintTextView: #B3FFFFFF com.android.systemui.tint.TintTextView{88b1de7 V.ED..... ......ID 0,11-144,60 #7f14004e app:id/msim_status_bar_operators_card_one_id}
12-17 20:59:50.682  1795  3225 W ActivityManager: getTasks: caller 10140 does not hold REAL_GET_TASKS; limiting output
12-18 17:41:20.227   606  2379 E libteec : QSEECom_send_cmd return!
12-17 23:51:34.562  1795  3249 D PowerManagerService: ready=true,policy=0,wakefulness=0,wksummary=0x1,uasummary=0x0,bootcompleted=true,boostinprogress=false,waitmodeenable=false,mode=true,manual=33,auto=-1,adj=0.0userId=0
12-18 18:21:18.076  1795  1819 D NetworkManagement: notifyInterfaceClassActivity: client is android.net.INetworkManagementEventObserver$Stub$Proxy@c0acf8b
12-18 08:23:05.720  2852  2852 I BitmapUtils: 	at android.app.ActivityThread.main(ActivityThread.java:6524)
12-18 11:45:20.542  2852  2852 V KeyguardUpdateMonitor: RefreshBatteryInfo isBatteryLow: 94
12-18 15:29:13.027  3626 14848 I NCCHR_NcLogCollectServiceImpl: getUserType = 3
12-18 14:20:50.164  3382  3399 D QcrilMsgTunnelSocket: Rcvd UNSOL response with 28 bytes data for SUB0
12-18 07:47:53.960  1795 17831 D PowerManagerService: ready=true,policy=0,wakefulness=0,wksummary=0x1,uasummary=0x0,bootcompleted=true,boostinprogress=false,waitmodeenable=false,mode=true,manual=33,auto=-1,adj=0.0userId=0
12-17 20:14:40.219  5224  5283 I Step_DataCache: 20002302|getTodayTotalSteps 5957
12-17 22:24:52.414   606  2379 E libteec : receive data len = 128
12-18 15:36:34.148  1795  2737 D WifiProJNI: Received kernel message payload: event 4
12-18 08:07:14.731  1795  1819 D NetworkManagement: notifyInterfaceClassActivity: client is com.android.server.net.NetworkPolicyManagerService$13@4df0feb
12-18 14:15:21.852   633 31869 E SDK     : <2016-12-18 14:15:21> [ERR] SDK: UE-SeC 2016-12-18 14:15:21:852 Level[ERR] magic[3367250208 2890]:listing available engine types
12-18 14:13:01.214  5157  5157 W cr_BindingManager: Cannot call determinedVisibility() - never saw a connection for the pid: 5157
12-17 19:35:09.671  2852  2852 I HwBrightnessController: onChange selfChange:false uri.toString():content://settings/system/screen_auto_brightness mIsObserveAutoBrightnessChange:true
12-17 19:34:56.235  3168  3168 I CHR_TelStatusListenr: onCallStateChanged: MT_CALL_NORMAL ++
12-17 20:49:06.425   633 31870 I SDK     : <2016-12-17 20:49:06> [WARN] SDK: UE-SeC 2016-12-17 20:49:6:425 Level[WARN] magic[3362781472 684]:PubEvt_Close Getting a socket[34] from the Socket-table Failed!
12-18 07:33:39.523  2852  2852 I HwSignalClusterView: apply hwPhoneState.mSubId:0 anyMobileVisible:false mIsAirplaneMode:false, mobileGroupVisible=true
12-18 14:11:30.442  5157  5157 I chromium: [INFO:CONSOLE(1)] "Uncaught SyntaxError: Unexpected token var", source:  (1)
12-18 08:04:14.329  5224  5283 I Step_DataCache: 20002302|getTodayTotalSteps 612
12-18 15:27:48.179   633 31870 I SDK     : <2016-12-18 15:27:48> [WARN] SDK: UE-SeC 2016-12-18 15:27:48:179 Level[WARN] magic[3362781472 684]:PubEvt_Close Getting a socket[178] from the Socket-table Failed!
12-18 18:30:41.014  2852  2852 W HwPhoneLayoutInflater: onCreateView : ClassNotFoundException, In this case we want to let the base class take a crack at it
12-18 09:40:15.316  2852  2852 W PanelView: set notification panel padding = 1675
12-17 20:32:23.029  2852  2852 I HwSignalClusterView: getOrInflateState subId:0
12-18 14:14:10.023   816  7397 D DnsProxyListener: GetAddrInfoHandler addr: loc.map.baidu.com {313, 917817, 10113} 14.215.177.33
12-17 21:59:19.477  1795  1795 D DeviceIdleController: stopMonitoringMotionLocked()
12-17 23:05:16.687  1795  2371 E LightSensor: read Events lux: 19.0
12-18 15:37:20.928  1795  3110 D PowerManagerService: ready=true,policy=3,wakefulness=1,wksummary=0x1,uasummary=0x1,bootcompleted=true,boostinprogress=false,waitmodeenable=false,mode=true,manual=33,auto=-1,adj=0.0userId=0
12-17 19:34:56.491  1795 20747 I ActivityManager_broadcast: dispatch ordered broadcast [background] BroadcastRecord{8e94d95 u-1 android.net.wifi.SCAN_RESULTS}, has 1 receivers
12-18 15:29:13.056  3626  3729 D NCCHR_LogDatabaseNc: flushQueueInfo enter.
12-18 10:52:07.510   808   547 D [HWCamera] IppAlgoSmartAE: int android::IppAlgoSmartAE::doSmartAEAlgo(unsigned char *, void *, int, int, int)  enter
12-18 16:01:41.614  2883  2883 I HwSystemManager: AntiMalManager:receive Broadcast ACTION_SCREEN_OFF mOnTimeSum:270973639 onTime:32337 isPowerConnected:false
12-18 08:31:59.899  3782 27681 V AudioManager: isMusicActive...
12-17 23:09:01.609  1795  1795 I MQoS    : onSignal: mSubId=0,currDataSubID=0
12-17 20:31:00.716  2883  3125 I HwSystemManager: StartupResidentService:InnerHandler Message:7
12-17 19:59:03.326   633 31875 E SDK     : <2016-12-17 19:59:03> [ERR] SDK: UE-SeC 2016-12-17 19:59:3:326 Level[ERR] magic[3359111456 10969]:FSM_Tool_LibcAccess ==> call access err path:</data/user/0/com.huawei.espacev2/AnyOfficeSDKWorkPath/Tracker/jGiJ9c5HnkSFPV5xq49XhmycAytJoT7fL+30Wc8YlLk=>, errno:<2>
12-18 07:32:49.284   802   802 E Thermal-daemon: [Thermal_Hw] temperature_valid, battery : temperature is invalid, invalid temperatrue is 25
12-17 21:50:47.929   633   692 I eSpaceService: main{1} TcpCirChannel.shutdown(TcpCirChannel.java:257) Login_By_Step-> shut down now connect
12-18 09:51:03.204  2852  2852 D HwCust  : Create obj success use class android.app.HwCustNotificationImpl
12-17 19:33:11.030  5215  5215 D wpa_supplicant: IEs - hexdump(len=194): 00 0f 48 75 61 77 65 69 2d 45 6d 70 6c 6f 79 65 65 01 08 82 84 0b 16 0c 12 18 24 03 01 01 05 04 ...
12-17 21:34:29.208   633 31870 I SDK     : 
12-17 22:42:51.587   633   692 I eSpaceService: msg.recv{4490} TupHelper.configSip(TupHelper.java:975) getLocalIp = 10.21.98.163
12-17 23:29:29.705  1795  2750 D HW_DISPLAY_EFFECT: presently, hw_update_color_temp_for_rg_led interface not achieved.
12-17 19:57:07.047  3858  4126 I amsnl   : m1: false
12-17 21:48:18.977  1795  1795 I NotificationManager: enqueueNotificationInternal: n.getKey = 0|com.huawei.health|10010|null|10099
12-18 07:32:59.951   818  1086 E iMonitor: setTracingEnabled:1
12-18 01:37:38.031  3218  3422 I PhoneInterfaceManager: shouldBlockLocation  ret:false
12-17 21:32:40.406  3608  3608 W ViewRootImpl[InCallActivity]: Dropping event due to no window focus: MotionEvent { action=ACTION_MOVE, actionButton=0, id[0]=0, x[0]=710.64935, y[0]=1347.0, toolType[0]=TOOL_TYPE_FINGER, buttonState=0, metaState=0, flags=0x0, edgeFlags=0x0, pointerCount=1, historySize=2, eventTime=127119574, downTime=127118744, deviceId=10, source=0x1002 }
12-18 17:42:26.862  1795  2380 I TransactionProcessor: HwDPMS received transaction_isHwFrameworkAdminAllowed, the ret: false
12-17 23:41:23.045   633 31870 I SDK     : <2016-12-17 23:41:23> [WARN] SDK: UE-SeC 2016-12-17 23:41:23:45 Level[WARN] magic[3362781472 684]:PubEvt_Close Getting a socket[189] from the Socket-table Failed!
12-18 14:12:26.203  5157  5157 I chromium: [INFO:CONSOLE(1)] "Uncaught ReferenceError: WebViewJavascriptBridge is not defined", source:  (1)
12-18 18:23:30.006  1795  1809 D HwPhoneWindowManager: Transact:setSystemUIColor to status bar service
12-18 19:49:37.969  1795  2671 D WifiStateMachine:  InitialState CMD_ENABLE_RSSI_POLL  rt=142855391/530316696 0 0
12-18 19:25:14.230  3180  4303 I AwareLog: MemoryRecoveryDMEPlugin: receive sceen on event
12-17 20:32:17.502 24266 24266 I QiyiDownloadManager: [qiyi_LOG_INFO QiyiDownloadManager] ACTION_DOWNLOAD_CHECK_HAS_DOWNLOADED_BY_AID_AND_TVID
12-18 15:42:12.050  3382  3399 D QcrilMsgTunnelSocket: readRilMessage: Buffer = [B@204bb9f HexData = [010000000404000012000000514f454d484f4f4b1d04080002000000ffff]
12-18 08:15:52.115  2852  2852 D NetWorkUtils: is3GCalling is false,mCdmaSlot is -1
12-17 21:20:26.669  1795  1795 D WifiProJNI: send_cmd_kernel: cmd=1
12-18 17:56:01.232  1795 16499 D PowerManagerService: acquire lock=7748061, flags=0x1, tag="hibernation", name=com.huawei.powergenie, ws=null, uid=1000, pid=3180
12-18 00:16:17.086  2852  2852 D HwCustMobileSignalControllerImpl: isCurrentBySim()=false
12-17 20:12:26.606  1795  1795 I NotificationManager: enqueueNotificationInternal: n.getKey = 0|com.huawei.health|10010|null|10099
12-17 23:12:05.746  1795  2381 D libfingersense_wrapper: fingersense_touch_up() finished
12-17 21:40:12.545  2852  2852 D HwCustMobileSignalControllerImpl: isCurrentBySim()=false
12-18 19:49:53.963   835  2385 E libteec : begin
12-18 18:24:56.602  1795  2748 D HwAmbientLuxFilterAlgo: t=142091192,BT=142092192,DT=142095192,BT1=142095192,DT1=142099192,Bn=false,Dn=false,lx=[9.0/142089689, 9.0/142089990, 9.0/142090290, 10.0/142090591, 9.0/142090892, 10.0/142091192],mLx=10.0,s=5.0,ss=0.0425532,AuIntervened=false,mProximityState=false,bLux=29.0,dLux=0.0,bLux1=29.0,dLux1=0.0
12-18 10:56:27.742  2883  2883 I HwSystemManager: AntiMalManager:receive Broadcast ACTION_SCREEN_OFF mOnTimeSum:269381811 onTime:269763 isPowerConnected:false
12-18 04:56:30.190  3218  3218 I QImsService: ImsServiceSub : StatusForAccessTech networkMode = -1 registered = 2 status = 0 restrictCause = 0
12-18 19:41:03.155 31949 31967 I TCP     : 	at java.net.AbstractPlainSocketImpl.connectToAddress(AbstractPlainSocketImpl.java:196)
12-18 09:22:57.860  1795  2323 E UsbDeviceManager: java.io.FileNotFoundException: sys/class/hw_power/charger/charge_data/water_intrused (No such file or directory)
12-17 22:02:01.656  3608  3608 E InCall  : StatusBarNotifier - getNotificationBuilder
12-18 14:08:19.390  2883  2949 I HwSystemManager: HoldService:locationInfo switch is on . pid = 5157
12-18 00:15:54.800  2852  2852 I HwSignalClusterView: apply hwPhoneState.mSubId:0 anyMobileVisible:false mIsAirplaneMode:false, mobileGroupVisible=true
12-18 10:57:04.363  2852  2852 E KeyguardUpdateMonitor: isSimPinSecure mSimDatas is null or empty 
12-18 15:57:42.540   633 31868 I SDK     : 
12-18 00:06:40.404  2852  2852 D NetWorkUtils: mVSimCurCardType is -1
12-18 17:33:03.659  1795  1804 I art     : Background partial concurrent mark sweep GC freed 53181(3MB) AllocSpace objects, 15(1784KB) LOS objects, 13% free, 52MB/60MB, paused 3.521ms total 256.255ms
12-18 10:50:57.019  2852  2852 I KgBattery: BatteryInfo updated:  3lpc-1
12-18 12:40:26.856  3858  4126 I amsnl   : t:false, fl: false, p: 2147483647000, ce: true, we: false
12-18 14:11:29.448  5994  5994 D wpa_supplicant:   key_mic - hexdump(len=16): 00 00 00 00 00 00 00 00 00 00 00 00 00 00 00 00
12-18 09:17:27.072  3382  3399 D QcrilMsgTunnelSocket: Rcvd UNSOL response with 28 bytes data for SUB0
12-18 19:53:36.688  2852  2852 I HwSignalClusterView: getOrInflateState subId:0
12-18 10:40:58.423   814 31802 W SimpleSoftOMXComponent: checkTransitions port buf count is not zero
12-18 07:34:56.779  2852  2852 D HwCustMobileSignalControllerImpl: isCurrentBySim()=false
12-18 12:08:12.439  1795  2323 E UsbDeviceManager: 	at java.io.FileInputStream.<init>(FileInputStream.java:146)
12-17 20:56:41.736   633 31875 E SDK     : 
12-18 10:49:52.185  1795  2323 E UsbDeviceManager: 	at android.os.FileUtils.readTextFile(FileUtils.java:267)
12-18 08:29:55.707  1795  2381 I PowerManager_screenOn: HwPhoneWindowManager has intercept Key : 26, isdown : false, flags : 8
12-17 20:31:44.595 24266 24690 D ApplicationPackageManager: queryBroadcastReceivers blocked, Intent { act=com.baidu.android.pushservice.action.notification.CLICK pkg=com.qiyi.video }
12-17 21:32:22.294 25067 25067 D BetaClub: [LogCapReceiver.startSendSocketService]Receive action:android.intent.action.PHONE_STATE
12-18 09:24:55.150  1795 16500 D PowerManagerService: ready=true,policy=0,wakefulness=0,wksummary=0x0,uasummary=0x0,bootcompleted=true,boostinprogress=false,waitmodeenable=false,mode=true,manual=33,auto=-1,adj=0.0userId=0
12-18 19:49:50.829  1795  1825 D HW_DISPLAY_EFFECT: hw_set_colortemperature: end--
12-18 07:29:23.378  1795  2750 I PowerManager_screenOn: DisplayPowerState Updating screen state: state=ON, backlight=235
12-18 14:12:43.845   633 31867 I SDK     : 
12-17 23:55:55.342 31949 31967 I TCP     : tcp.recv{4790} TcpClientThread.onReceiverWork(TcpClientThread.java:314) disconnected
12-18 05:56:31.535  3382  3399 I SendBroadcastPermission: action:qualcomm.intent.action.ACTION_RAC_CHANGED, mPermissionType:0
12-18 09:11:56.382  2852  2925 I EventCenter: ContentChange for slot: 1
12-18 10:39:39.496  1795  2748 D HwAmbientLuxFilterAlgo: earliestValidTime + POWER_ON_BRIGHTENING_LIGHT_DEBOUNCE
12-17 22:26:55.546  1795  2736 E hwintelligencewifi:  DefaultState MSG_SCREEN_OFF mIsAutoOpenSearch = false
12-18 00:13:18.081 16664 16664 I         : power log dlsym ok
12-18 18:51:32.759  2852  2852 D HwCustMobileSignalControllerImpl: isCurrentBySim()=false
12-17 20:36:22.137 24266 24266 D VideoPlayerImpl: org.iqiyi.video.player.cv.ag()<-1> : current progress: progress= 1246003
12-18 09:51:03.593  1795  3121 D ActivityManager: cleanUpApplicationRecord -- 31039
12-17 22:31:12.420  3858  4126 I amsnl   : t:false, fl: false, p: 2147483647000, ce: true, we: false
12-18 07:41:04.414  1795  2381 D libfingersense_wrapper: Calling fingersense_classify_touch()
12-17 20:59:11.513  3626  3626 E PTM.FileNodeInfo: getTempInfo error: null, 0
12-18 08:39:33.923   633   692 I eSpaceService: msg.recv{4490} LoginC.onLoginOk(LoginC.java:1326) Login_By_Step->LoginOK 0
12-18 15:37:56.966   633 31875 I SDK     : 
12-17 22:08:00.791   832  1841 E Parcel  : Reading a NULL string not supported here.
12-18 14:37:26.003  2852  2852 I StatusBar: onNotificationPosted: StatusBarNotification(pkg=com.huawei.health user=UserHandle{0} id=10010 tag=null key=0|com.huawei.health|10010|null|10099: Notification(pri=0 contentView=null vibrate=null sound=null defaults=0x0 flags=0x62 color=0x00000000 vis=PRIVATE)) important=2, post=1482043045995, when=1481531589202, vis=0, userid=0
12-18 15:37:15.266  1795  2728 E HwCHRWebMonitor: WebMonitor [mNetWorkIsSuck=0 mUIDIsSuck=]  WebSpeed [WEBSENDSEGS=9  WEBRESENDSEGS=3  WEBRECVSEGS=2  WEBERRSEGS=0  WEBOUTRSTS=0  WEBESTABLISRST=0  WEBRTTDURATION=9  WEBRTTSEGS=2  WEBSRTT=400  WEBSNDDUPACKS=0  SENDSEGS=0  RESENDSEGS=0  RECVSEGS=0  ERRSEGS=0  OUTRSTS=0  ESTABLISRST=0  RTTDURATION=0  RTTSEGS=0  SNDDUPACKS=0  suckTimes=0 recovage_times=0]
12-17 21:11:10.828  2852  2852 D NetWorkUtils: is3GCalling is false,mCdmaSlot is -1
12-18 14:13:25.676  3218 13114 I PhoneInterfaceManager: shouldBlockLocation  ret:false
12-18 07:46:58.284  3626  3626 E PTM.FileNodeInfo: getTempInfo error: null, 0
12-18 18:29:58.205  2852  2852 D HwCust  : Create obj success use class android.app.HwCustNotificationImpl
12-17 20:22:42.393  1795  1795 I NotificationManager: cancelNotification,index:-1
12-18 09:19:05.782  5224  5283 I Step_DataCache: 20002302|getTodayTotalSteps 1624
12-18 14:15:20.257   633 31870 I SDK     : 
12-18 18:32:46.195  1795 23052 D ActivityManager: cleanUpApplicationRecord -- 22873
12-17 21:53:27.841  1795  2323 E UsbDeviceManager: 	at java.io.FileInputStream.open(Native Method)
12-18 10:55:57.289  1795  2750 D HW_DISPLAY_EFFECT: presently, hw_update_color_temp_for_rg_led interface not achieved.
12-17 22:46:38.201   633 31870 I SDK     : <2016-12-17 22:46:38> [WARN] SDK: UE-SeC 2016-12-17 22:46:38:201 Level[WARN] magic[3362781472 684]:PubEvt_Close Getting a socket[248] from the Socket-table Failed!
12-18 08:39:10.770   633 31870 I SDK     : 
12-18 06:56:32.285  3626  3626 E PTM.FileNodeInfo: getTempInfo error: null, 0
12-18 12:46:02.738  1795  3110 D HwPowerManagerService: remove pxy wl, pid: 633, uid: 10102 from pxy process list.
12-18 17:38:22.909  1046  9753 I APM_AudioPolicyManager: getOutputForDevice() returns output 13
12-18 09:18:03.966  1795  2736 E hwintelligencewifi: isMonitorCellId mInfos.size() = 132
12-17 21:48:24.550  1795  1809 I MultiTaskManagerService: onProcessDied pid = 1632, uid = 10103
12-18 15:36:21.983 12127 12127 D CubicBezierInterpolator: CubicBezierInterpolator  mControlPoint1x = 0.6, mControlPoint1y = 0.9, mControlPoint2x = 0.8, mControlPoint2y = 1.0
12-17 23:05:15.931  1795  2748 D HwAmbientLuxFilterAlgo: earliestValidTime + POWER_ON_DARKENING_LIGHT_DEBOUNCE
12-17 21:33:09.067  1795  2381 D libfingersense_wrapper: Calling fingersense_touch_up()
12-18 14:08:01.500  3879  4071 I HwLauncher: WeatherDynamicUpdater update before : mDrawingData[3] = tempc:96, 192, 0
12-17 21:14:40.091   633 31870 I SDK     : 
12-18 18:32:57.447  2852  2852 D TintTextView: #B3FFFFFF com.android.systemui.tint.TintTextView{7ea3fda V.ED..... ......ID 0,0-0,0 #7f1403e3 app:id/speed}
12-17 21:19:14.560 24266 24266 D VideoPlayerImpl: org.iqiyi.video.player.cv.ag()<-1> : current progress: progress= 1318503
12-17 20:11:46.743   633 31870 I SDK     : <2016-12-17 20:11:46> [WARN] SDK: UE-SeC 2016-12-17 20:11:46:743 Level[WARN] magic[3362781472 684]:PubEvt_Close Getting a socket[203] from the Socket-table Failed!
12-18 14:14:00.312  5157  5157 I chromium: [INFO:CONSOLE(1)] "Uncaught ReferenceError: WebViewJavascriptBridge is not defined", source:  (1)
12-18 18:32:23.559  2852  2852 I HwMobileSignalController: notifyListenerHuawei::origin typeIcon:2130839197 icons.mName:4GPLUS isSuspend:false, showDataIcon=true, dataConnected=true, isRoaming=false
12-18 00:24:25.685  3168  3168 I CHR_TelStatusListenr0: writeSummaryFromParcelLocked, IType:9, mGsmCsCallTimeLen:0
12-17 21:50:55.124  1046  9753 D audio_hw_extn: audio_extn_set_anc_parameters: anc_enabled:0
12-17 21:42:34.361   633 31870 I SDK     : 
12-17 21:47:45.053  5224  5283 I SendBroadcastPermission: action:android.com.huawei.bone.NOTIFY_SPORT_DATA, mPermissionType:0
12-18 19:31:06.117  1795  1795 I MQoS    : onSignal: mSubId=0,currDataSubID=0
12-18 09:45:30.565  1795  6985 D PowerManagerService: ready=true,policy=0,wakefulness=0,wksummary=0x1,uasummary=0x0,bootcompleted=true,boostinprogress=false,waitmodeenable=false,mode=true,manual=33,auto=-1,adj=0.0userId=0
12-17 21:47:25.019  1795  1795 I MQoS    : onSignal: mSubId=0,currDataSubID=0
12-17 21:58:49.112  1795  1795 D HwConnectivityService: TurnOffDCState: false
12-17 19:55:47.043  1795 15982 D HwPFWLogger: AutoStartupDataMgr:isUnderControll third party not in whitelist: cn.wps.moffice_eng
12-17 21:44:45.722  1795 16499 D PowerManagerService: ready=true,policy=0,wakefulness=0,wksummary=0x1,uasummary=0x0,bootcompleted=true,boostinprogress=false,waitmodeenable=false,mode=true,manual=33,auto=-1,adj=0.0userId=0
12-18 14:10:51.933  6050  6050 W art     : JIT profile information will not be recorded: profile file does not exits.
12-18 19:49:15.682   633   692 I ECS     : msg.recv{4490} XmlMsg.decodeBuf(XmlMsg.java:237) RECV 83 bytes [12]_00_03_02_01_1D_05_8C_2F_FB_7E_69_1A cmdCode(CC_KeyExchange.0x011D)msgType(MT_ACK.2)msgClass(MC_PersonalInformation.1)sender(ST_Mobile.0)crypted(true)zipped(false)nobase64(true)length(79)version(3)sno(8C2F)
12-17 20:32:15.783 24266 25028 I DEVICE_MD5_QYID: org.qiyi.android.corejar.utils.DeviceUtils.getImeiV2()<-1> : getImeiV2 memory:868404020067521
12-17 23:47:38.957   633 31870 I SDK     : 
12-18 15:37:21.131  1795  2380 I TransactionProcessor: HwDPMS received transaction_isHwFrameworkAdminAllowed, the ret: false
12-17 21:13:16.107 24266 24266 D VideoPlayerImpl: org.iqiyi.video.player.cv.ag()<-1> : current progress: progress= 960051
12-18 16:01:11.243  2852  2852 I StackScrollAlgorithm: updateDimmedActivatedHideSensitive overlap:true
12-17 21:26:04.106  5224  5224 I Step_LSC: 20002302|onStandStepChanged 68347
12-17 21:06:00.388  2852  2852 D HwCustMobileSignalControllerImpl: sub =0,strMccMnc =null,hashMccMnc =[],strPlmn =hw_customized_networkType_entry
12-18 17:33:00.073  3879  3879 I HwLauncher: Model  onReceive user=UserHandle{0}
12-17 23:01:54.851  2852  2914 I HwMobileSignalController: subId:0 phoneType:1 networktype:13 targetClass:3 masterLevel:4 slaveLevel:-1
12-18 11:03:30.599  3218  3218 D QC_RIL_OEM_HOOK: Received Broadcast Intent ACTION_UNSOL_RESPONSE_OEM_HOOK_RAW
12-18 09:22:44.395  1795  2323 E UsbDeviceManager: 	at android.os.UEventObserver$UEventThread.sendEvent(UEventObserver.java:210)
12-17 22:01:47.072  3626  3626 I iMonitor: send: 903001010
12-17 20:24:30.897  1795  1819 D NetworkManagement: notifyInterfaceClassActivity: client is com.android.server.ethernet.EthernetNetworkFactory$InterfaceObserver@fccfd35
12-17 22:36:05.817  2852  2852 I QSContainer: updateQsState:false
12-17 23:19:32.876   633   692 I Hw_Fluent: RecentLogic{4456} RecentLogic.addConversationEntity(RecentLogic.java:906) add chat recent!
12-17 22:21:15.864  3180  3332 I DeviceMonitor:  uid:10105 pid:25103 flags:1 tag:WakerLock:14509116 wakeup time:253691
12-18 07:42:28.955  1795  2326 W FingerprintService: onAcquired 2
12-18 19:43:15.011  3382  3399 D QcrilMsgTunnelSocket: To broadcast an Intent via the notifier to external apps
12-17 23:24:03.216  2852  2852 W KgBattery: getCharge info with type: text
12-17 22:28:19.915  2852  2852 D NetWorkUtils: mVSimCurCardType is -1
12-18 08:11:05.395   816 24670 D DnsProxyListener: GetAddrInfoHandler addr: ss1.baidu.com {309, 917813, 10029} 183.232.22.33
12-18 14:14:03.262  1795  2739 D HuaweiWifiWatchdogStateMachine: high data flow scenario: 0 --> 0 rx bytes =807KB
12-18 19:49:51.231  2883  2996 I HwSystemManager: TafficState:default sub id = 0slotIndex = 0 subscriptionId = 0
12-18 14:12:35.493  5157  5157 I chromium: [INFO:CONSOLE(1)] "Uncaught SyntaxError: Unexpected token var", source:  (1)
12-18 08:22:39.097  2852  2852 D HwCustMobileSignalControllerImpl: isCurrentBySim()=false
12-17 23:00:58.361   633 31870 I SDK     : <2016-12-17 23:00:58> [WARN] SDK: UE-SeC 2016-12-17 23:0:58:361 Level[WARN] magic[3362781472 684]:PubEvt_Close Getting a socket[185] from the Socket-table Failed!
12-17 23:19:09.097  1795  2670 D WifiController: DefaultState what=155651
12-17 23:09:39.155  2852  2852 D HwCustMobileSignalControllerImpl: sub =0,strMccMnc =null,hashMccMnc =[],strPlmn =hw_show_4_5G_for_mcc
12-17 19:31:51.464  3180  3578 D HwMultiWindowEx: isInMultiWindowMode ret: 0
12-18 09:17:05.786  1795  3249 D PowerManagerService: ready=true,policy=0,wakefulness=0,wksummary=0x1,uasummary=0x0,bootcompleted=true,boostinprogress=false,waitmodeenable=false,mode=true,manual=33,auto=-1,adj=0.0userId=0
12-18 07:29:23.687   633 19817 I SDK     : <2016-12-18 07:29:23> [NOTICE] SDK: UE-SeC 2016-12-18 7:29:23:687 Level[NOTICE] magic[2251057440 1019]:SDK:end nativeForceTunnelReconnect
12-17 20:48:30.009  2852  2852 D HwCustMobileSignalControllerImpl: isCurrentBySim()=false
12-17 21:33:57.585  5224  5283 I Step_HSNH: 20002302|upDateHealthNotification()|171|5.69|8075
12-18 08:36:02.706   633 31870 I SDK     : 
12-18 15:27:56.245  5994  5994 D wpa_supplicant: 14:75:90:c3:8c:62 freq=2437 qual=0 noise=-89~ level=-82 snr=7 flags=0xb age=0 est=18000
12-17 21:44:41.913  1795  2736 E hwintelligencewifi: DisabledState cellid = 4600022651650
12-18 15:43:35.074   835  2385 E libteec : begin
12-18 00:07:15.467  2852  2852 D HwCustMobileSignalControllerImpl: isCurrentBySim()=false
12-17 21:53:17.603  3180  3578 I ash     : 1795 binder call 2852
12-18 17:36:20.562   802   802 E Thermal-daemon: [Thermal_Hw] temperature_valid, battery : temperature is invalid, invalid temperatrue is 29
12-17 21:37:46.020  2852  2852 I NotificationContentView: transferRemoteInputFocus: 0
12-18 19:47:23.953  2852  2852 I TrafficPanelViewContent: onShowStatusChange show:false
12-18 07:32:28.996  1795  2380 D PowerManagerService: ready=true,policy=3,wakefulness=1,wksummary=0x0,uasummary=0x1,bootcompleted=true,boostinprogress=false,waitmodeenable=false,mode=true,manual=33,auto=-1,adj=0.0userId=0
12-18 14:12:16.136  5157  5157 I chromium: [INFO:CONSOLE(1)] "Uncaught ReferenceError: WebViewJavascriptBridge is not defined", source:  (1)
12-18 08:24:00.407  3858  4126 I amsnl   : m1: false
12-18 10:46:18.184  2883  2996 I HwSystemManager: ITrafficInfo:ITrafficInfo create 301updateBytes = 1796216608
12-17 21:48:24.255   633 31868 I SDK     : <2016-12-17 21:48:24> [NOTICE] SDK: UE-SeC 2016-12-17 21:48:24:255 Level[NOTICE] magic[3365677344 8933]:Set local private port is:[47364]
12-18 18:02:47.143   633 31868 I SDK     : 
12-18 15:36:07.710  1795  2380 I PowerManager_screenOn: PowerManagerNotifier onUserActivity: event=2, uid=1000
12-18 07:57:03.112  1795 17831 I ActivityManager_service: retrieveServiceLocked, callerApp: ProcessRecord{bc1cd93 25067:com.huawei.betaclub/1000}, flags: 10000400
12-17 21:53:39.101  2852  2852 W HwPhoneLayoutInflater: onCreateView : ClassNotFoundException, In this case we want to let the base class take a crack at it
12-17 21:26:57.051  1046  1467 I Huawei_audio_cust: huawei_audio huawei_choose_HandsFree_device_incall_forHWtest: test Type =4
12-17 21:50:48.593   633 31870 I SDK     : <2016-12-17 21:50:48> [WARN] SDK: UE-SeC 2016-12-17 21:50:48:593 Level[WARN] magic[3362781472 684]:PubEvt_Close Getting a socket[183] from the Socket-table Failed!
12-17 19:35:55.688  1795  1825 D PowerManagerService: handleUserActivityTimeout
12-17 21:13:05.147  3858  4126 I amsnl   : t:false, fl: false, p: 2147483647000, ce: true, we: false
12-18 17:36:21.965  3626  3626 E PTM.FileNodeInfo: getTempInfo error: null, 0
12-17 19:33:43.396   835  2385 E libteec : qsc_decode end
12-18 17:56:01.179  1795  2736 E hwintelligencewifi: isMonitorCellId mInfos.size() = 134
12-17 21:22:41.040 24266 24312 D QYVideoLib: org.qiyi.android.corejar.QYVideoLib.getSid()<-1> : getSid: lk3lkzqc2nae7bue
12-18 08:08:50.369  2852  3556 I NetworkController.MobileSignalController(0): onDataActivity: direction=4
12-17 21:50:57.915  1795  1795 V NotificationService: disableEffects=null canInterrupt=false once update: false
12-17 19:57:15.351  7194  7208 W PackageManager: STAHP USING HIDDEN APIS KTHX
12-17 22:34:01.849  2852  3556 I NetworkController.MobileSignalController(0): Change in state from: connected=true,enabled=true,level=4,inetCondition=1,iconGroup=IconGroup(4G),activityIn=false,activityOut=false,rssi=0,lastModified=12-17 10:33:59,isRoaming=false,dataSim=true,networkName=中国移动,networkNameData=中国移动,dataConnected=true,isDefault=true,isEmergency=false,airplaneMode=false,carrierNetworkChangeMode=false,userSetup=true
12-17 22:53:09.369   633   692 I Hw_Fluent: RecentLogic{4456} RecentLogic.addConversationEntity(RecentLogic.java:906) add chat recent!
12-18 15:28:03.292  1795 16232 W ActivityManager: getTasks: caller 10105 does not hold REAL_GET_TASKS; limiting output
12-18 09:11:08.048   633 29066 D SvnSocket: SvnSocket close, closed = false
12-18 14:11:40.358  5994  5994 E wpa_supplicant: bssid=88:25:93:48:47:0c;freq=2462;level=-66;flags=43;ssid=CSDJ-01;
12-18 00:01:35.036  2852  2852 I StackScrollAlgorithm: updateClipping isOverlap:false
12-18 19:53:44.389  1795  1795 D HuaweiWifiWatchdogStateMachine:  not in link monitoring mode, ignore TCP result .
12-17 23:07:22.785  2852  2852 I StackScrollAlgorithm: overlapAmount:919.6, previousNotificationEnd:156.0, newYTranslation:-763.6, location:2, i:1, getTopPadding:499.0, getLocationOnScreen():-643
12-18 14:46:02.699  2883  3125 I HwSystemManager: StartupResidentService:InnerHandler Message:7
12-18 14:11:01.755  1795  2671 I ActivityManager_broadcast: collectReceiverComponents, callerApp: ProcessRecord{34bf34f 0:system/1000}, intent:android.net.wifi.STATE_CHANGE, receiver size:5, flags: 10000400
12-18 12:00:30.754  2852  2852 I HwDateUtils: formatChinaDateTime, change to China normalTime:中午12:00
12-18 18:41:58.457  1795  3121 D PowerManagerService: release:lock=244069520, flg=0x0, tag="dispatcher", name=android", ws=null, uid=1000, pid=7194
12-18 08:08:01.538  2852  2852 D KeyguardUpdateMonitor: Fingerprint timeout
12-18 19:50:05.838  1795  1825 W huawei_ProximitySensor_CPP_Test: ProximitySensor, enable, 249: mEnabled=0
12-18 19:50:46.138  1795  1809 I WindowManager: onProposedRotationChanged, rotation=0
12-18 19:25:16.500   633 31870 I SDK     : <2016-12-18 19:25:16> [WARN] SDK: UE-SeC 2016-12-18 19:25:16:500 Level[WARN] magic[3362781472 684]:PubEvt_Close Getting a socket[44] from the Socket-table Failed!
12-17 20:39:59.759  2852  2852 W ExpandableNotificationRow: setActionsBackground,null == view,mPublicLayout
12-18 14:10:45.837  2852  2852 I StackScrollAlgorithm: updateClipping isOverlap:false
12-18 00:24:23.072   633 31870 I SDK     : <2016-12-18 00:24:23> [WARN] SDK: UE-SeC 2016-12-18 0:24:23:72 Level[WARN] magic[3362781472 684]:PubEvt_Close Getting a socket[112] from the Socket-table Failed!
12-17 20:27:13.179  2852  2852 I HwSignalClusterView: getOrInflateState subId:0
12-17 19:56:07.854  2852  2852 I StackScrollAlgorithm: updateDimmedActivatedHideSensitive overlap:false
12-18 12:48:55.433  2852  2852 I EventCenter: EventCenter Get :android.com.huawei.bone.NOTIFY_SPORT_DATA
12-18 10:57:03.565  1795  2381 D InputReader: processEventsLocked code=116
12-18 09:11:05.585   633 31870 I SDK     : <2016-12-18 09:11:05> [WARN] SDK: UE-SeC 2016-12-18 9:11:5:585 Level[WARN] magic[3362781472 684]:PubEvt_Close Getting a socket[240] from the Socket-table Failed!
12-18 15:29:50.660   633 31868 I SDK     : 
12-18 15:38:25.022  1795  2380 D PowerManagerService: ready=true,policy=3,wakefulness=1,wksummary=0x0,uasummary=0x1,bootcompleted=true,boostinprogress=false,waitmodeenable=false,mode=true,manual=33,auto=-1,adj=0.0userId=0
12-18 19:41:07.982  2852  2852 I HwPhoneStatusBar: updateNotificationShade
12-18 00:24:20.494  2852  2852 D BarTransitions.HwNavigationBarView: applyModeBackground oldMode=MODE_OPAQUE newMode=MODE_TRANSLUCENT animate=false
12-18 08:26:55.349  1795 11746 D PowerManagerService: ready=true,policy=3,wakefulness=1,wksummary=0x1,uasummary=0x1,bootcompleted=true,boostinprogress=false,waitmodeenable=false,mode=true,manual=33,auto=-1,adj=0.0userId=0
12-17 21:39:52.453   633 31870 I SDK     : 
12-17 23:11:26.816   633 31870 I SDK     : 
12-17 19:31:45.969  2852  2852 I PhoneStatusBar: removeNotificationChildren
12-18 17:50:22.569  1795  1795 V NotificationService: disableEffects=null canInterrupt=false once update: false
12-18 14:08:29.005  2852  3556 I NetworkController.MobileSignalController(0): 	to: connected=true,enabled=true,level=5,inetCondition=1,iconGroup=IconGroup(4G),activityIn=false,activityOut=false,rssi=0,lastModified=12-18 02:08:23,isRoaming=false,dataSim=true,networkName=中国移动,networkNameData=中国移动,dataConnected=true,isDefault=true,isEmergency=false,airplaneMode=false,carrierNetworkChangeMode=false,userSetup=true
12-17 22:33:26.198  2852  2852 I com.android.systemui.SwipeHelper: onInterceptTouchEvent: MotionEvent { action=ACTION_DOWN, actionButton=0, id[0]=0, x[0]=687.0, y[0]=1050.0, toolType[0]=TOOL_TYPE_FINGER, buttonState=0, metaState=0, flags=0x0, edgeFlags=0x0, pointerCount=1, historySize=0, eventTime=128294495, downTime=128294495, deviceId=10, source=0x1002 }
12-18 07:15:23.909  1795 19557 I AwareLog: AwareMem_Kill: execute: killing count=1
12-18 08:14:12.629  2852  3556 D NetworkController.MobileSignalController(0): mSimSubId:0 onDataActivity: direction=0
12-18 15:57:09.217   633 14333 I SDK     : 
12-18 14:14:13.073  5994  5994 D wpa_supplicant: WPS: attr type=0x1044 len=1
12-18 19:26:36.346  2852  2852 D HwCustMobileSignalControllerImpl: isCurrentBySim()=false
12-18 18:41:48.008  1795  2323 E UsbDeviceManager: Error reading charge file
12-17 20:54:17.227 24266 25031 D JOBS    : didn't allow me to die, re-running Thread-95
12-17 20:11:46.745   633 31870 I SDK     : <2016-12-17 20:11:46> [WARN] SDK: UE-SeC 2016-12-17 20:11:46:745 Level[WARN] magic[3362781472 684]:PubEvt_Close Getting a socket[224] from the Socket-table Failed!
12-17 23:25:34.551  1795 16498 D Sensors : pa2240-proximity calling driver setDelay 200 ms
12-18 07:55:08.311  2852  2852 I HwSignalClusterView: getOrInflateState subId:0
12-18 19:25:21.782  2852  2852 I NotificationContentView: transferRemoteInputFocus: 0
12-18 14:12:14.794  5157  5157 I chromium: [INFO:CONSOLE(1)] "Uncaught ReferenceError: WebViewJavascriptBridge is not defined", source:  (1)
12-18 10:52:52.099  2852  2852 I TrafficPanelViewContent: onShowStatusChange show:false
12-18 15:36:48.097 10334 10334 D wpa_supplicant: WPS: attr type=0x1021 len=4
12-18 17:35:21.458  3626  4889 E PTM.FileNodeInfo: getTempInfo error: null, 0
12-18 15:33:23.088 10334 10334 E wpa_supplicant: RSSI=-51;LINKSPEED=72;NOISE=9999;FREQUENCY=2462;
12-17 20:23:56.318  5224  5283 I Step_DataCache: 20002302|getTodayTotalSteps 6371
12-18 14:08:43.087  2852  2852 D HwCustMobileSignalControllerImpl: isCurrentBySim()=false
12-18 10:59:21.867  3218  3218 I SendBroadcastPermission: action:android.intent.action.LTE_CA_STATE, mPermissionType:0
12-18 15:35:32.356  1795  1795 D HwConnectivityService: CtrlSocket processCtrlSocket pid = 1000 cmd = 100 param = 0 ret = 0
12-18 18:24:57.527  1795 11746 V InputMethodManagerService: Client requesting input be hidden, pid=4492
12-18 09:18:00.974  1795  1795 I WifiProJNI: ######### CMD_QUERY_PKTS ########
12-17 21:26:56.297  5224  5283 I Step_LSC: 20002302| ## MSG_DEAL_SYSTEM_EVENT android.intent.action.SCREEN_ON
12-18 08:30:30.800  1795  2323 E UsbDeviceManager: 	at java.io.FileInputStream.<init>(FileInputStream.java:146)
12-18 18:57:22.923  4492  4512 W System.err: text not in xml format
12-18 08:38:00.025  2852  2852 W AppHandler: sendSingleMessage 10
12-17 21:58:33.775  2852  2852 I HwNavigationBarTransitions: transitionTo:mode=2, isEmuiStyle=true
12-17 21:54:59.699  2883  2883 D HwKeyguardManagerImpl: isLockScreenDisabled HwKeyguardManagerImpl result = false
12-18 09:10:58.257  2852  2852 D TintTextView: #B3FFFFFF com.android.systemui.tint.TintTextView{29531d0 V.ED..... ......I. 0,0-144,49 #7f14004e app:id/msim_status_bar_operators_card_one_id}
12-17 20:22:10.552   633 31870 I SDK     : <2016-12-17 20:22:10> [WARN] SDK: UE-SeC 2016-12-17 20:22:10:552 Level[WARN] magic[3362781472 684]:PubEvt_Close Getting a socket[112] from the Socket-table Failed!
12-18 07:15:48.910  1795  3884 D PowerManagerService: Releasing suspend blocker "PowerManagerService.WakeLocks".
12-17 21:42:37.056  3180  3578 I ash     : add listener com.huawei.espacev2 net packet OK !,uid:10102
12-18 17:36:34.978  2852  2852 I HwSignalClusterView: getOrInflateState subId:0
12-18 18:28:02.068  2852  2852 I HwSignalClusterView: getOrInflateState subId:0
12-18 16:01:37.607  3180  3578 I ash     : running package: com.android.browser, visible: false
12-17 21:52:48.019  3180  3578 I ash     : screen off inputmethod, delay to hibernation
12-17 20:18:56.839  2852  2852 I ToggleSlider:  mSeekListener onProgressChanged progress:855 fromUser:false
12-17 21:02:08.125  2852  2852 D HwCustMobileSignalControllerImpl: sub =0,strMccMnc =null,hashMccMnc =[],strPlmn =hw_hspap_show_4g
12-18 07:54:10.215  1795 15987 D PowerManagerService: release:lock=140419657, flg=0x0, tag="eventloop", name=android", ws=null, uid=1000, pid=7194
12-17 20:25:12.990  2852  2852 D HwCustMobileSignalControllerImpl: sub =0,strMccMnc =null,hashMccMnc =[],strPlmn =hw_show_lte
12-18 15:35:29.966  2852  2852 I HwNotificationIconAreaController: showNotificationAll
12-18 14:13:05.975  1795  1795 I NotificationManager: cancelNotification,index:-1
12-18 10:51:02.278  5224  5283 I Step_FlushableStepDataCache: 20002302|upLoadOneMinuteDataToEngine time=24700458 step=35 altitude=0 motion=20002
12-18 14:13:24.791  1795  3238 D HwActivityManagerService: handleANRFilterFIFO,uid = 10113cmd = 1
12-18 00:12:01.266  1795  1795 I MQoS    : received cell-signal:5
12-17 21:36:43.694   633 31868 E SDK     : <2016-12-17 21:36:43> [ERR] SDK: UE-SeC 2016-12-17 21:36:43:694 Level[ERR] magic[3365677344 223]:L4VPN notify callback :Status[2], ErrorCode[0]!
12-18 07:37:39.392  1795  2709 D HwPFWLogger: HsmCacheData:flushCacheDataToDisk
12-18 15:38:50.035  1795  3304 E LocSvc_eng: I/<=== status_cb line 2243 GPS_STATUS_ENGINE_ON
12-17 23:21:48.865  4690  4690 V InputMethodService: showSoftInput()
12-17 23:05:51.802  2852  2852 I HwSignalClusterView: getOrInflateState subId:0
12-18 12:41:50.696  5224  5283 I Step_ExtendStepDataManager: 20002302|after compensate: cache step_6919
12-18 15:32:58.681  9017  9017 D CubicBezierInterpolator: CubicBezierInterpolator  mControlPoint1x = 0.23, mControlPoint1y = 0.06, mControlPoint2x = 0.09, mControlPoint2y = 0.97
12-17 23:07:19.156  1795  3304 E LocSvc_api_v02: I/---> locClientSendReq line 2069 QMI_LOC_GET_BEST_AVAILABLE_POSITION_REQ_V02
12-18 16:01:09.389  3626  3626 I HourObserver: enter into handleScrnOnOffTimeStats, scrnOn = true, mIsPreScrnOn = false, mScrnSwitchTime = 1482048063723, occurTime = 1482048069388, delta = 5665, mScrnOffAccTime = 0, mScrnOnAccTime = 0
12-18 18:23:32.829  2852  2852 I HwPhoneStatusBar: updateNotificationShade
12-17 21:32:42.210  2852  2852 I HwSignalClusterView: setMobileDataIndicatorsHuawei subId:0 visible:true strengthIcon:2130839311 typeIcon:2130839195 contentDescription:手机信号满格。 typeContentDescription:4G isTypeIconWide:true showActivity:true activityIn:true activityOut:true isRoaming:false
12-18 09:20:21.685  2852  2852 W PanelView: set notification panel padding = 1675
12-18 10:51:58.567   816   367 D DnsProxyListener: GetAddrInfoHandler addr: app-inter.huawei.com {310, 917814, 10102} 45.249.212.91
12-18 10:42:10.853  5224  5283 I SendBroadcastPermission: action:android.com.huawei.bone.NOTIFY_SPORT_DATA, mPermissionType:0
12-17 23:54:44.033   633 31868 E SDK     : <2016-12-17 23:54:44> [ERR] SDK: UE-SeC 2016-12-17 23:54:44:33 Level[ERR] magic[3365677344 2897]:end of list
12-17 21:26:10.322  3180  3332 I PGServer: report state:4 event type:1 pid:20 uid:10119 pkg:null to pid: 1795
12-18 18:28:04.475  2852  2852 I StackScrollAlgorithm: overlapAmount:763.6, previousNotificationEnd:607.0, newYTranslation:-156.59998, location:2, i:1, getTopPadding:499.0, getLocationOnScreen():-36
12-17 20:02:51.700  1795  1795 I NotificationManager: enqueueNotificationInternal: n.getKey = 0|com.huawei.health|10010|null|10099
12-17 23:55:54.339   633 31870 I SDK     : <2016-12-17 23:55:54> [WARN] SDK: UE-SeC 2016-12-17 23:55:54:339 Level[WARN] magic[3362781472 684]:PubEvt_Close Getting a socket[25] from the Socket-table Failed!
12-18 17:12:46.278  3626  3753 I LogCollectService: msg = 103 received
12-18 07:36:39.863  2852  2852 I HwSignalClusterView: getOrInflateState subId:0
12-18 08:24:26.326  2852  3556 I NetworkController.MobileSignalController(0): onDataActivity: direction=3
12-17 20:37:04.511  1795  2737 D WifiProJNI: Received kernel message payload: event 0
12-17 21:05:15.492  2852  2852 D HwCustMobileSignalControllerImpl: isCurrentBySim()=false
12-17 23:34:01.042   633 31870 I SDK     : <2016-12-17 23:34:01> [WARN] SDK: UE-SeC 2016-12-17 23:34:1:42 Level[WARN] magic[3362781472 684]:PubEvt_Close Getting a socket[39] from the Socket-table Failed!
12-17 21:47:17.936  1795  1795 I WifiProJNI: ######### NOTIFY_MCC:460 ########
12-17 21:50:50.682  1046  9753 I msm8916_platform: platform_get_input_snd_device: enter: out_device(0x1) in_device(0)
12-17 20:11:41.813  1795  2748 D HwAmbientLuxFilterAlgo: earliestValidTime + POWER_ON_BRIGHTENING_LIGHT_DEBOUNCE
12-17 19:40:23.597  2852  2852 D KeyguardViewMediator: adjustStatusBarLocked: mShowing=false mOccluded=false isSecure=true --> flags=0x0
12-18 17:47:38.173  1795  2323 E UsbDeviceManager: 	at com.android.server.usb.UsbDeviceManager$2.onUEvent(UsbDeviceManager.java:328)
12-18 19:50:10.720  5224  5283 I Step_ExtendStepDataManager: 20002302|after compensate: cache step_16941
12-18 07:57:02.604  1795  3225 D PowerManagerService: release:lock=184063844, flg=0x0, tag="NetworkStats", name=android", ws=null, uid=1000, pid=1795
12-17 21:28:17.371 31949 31967 E TCP     : tcp.recv{4790} TcpClientThread.readSocket(TcpClientThread.java:452) <<< ERROR(6) >>> socket read length failure -104
12-17 20:23:28.568  1795  2750 D HW_DISPLAY_EFFECT: presently, hw_update_color_temp_for_rg_led interface not achieved.
12-17 22:07:58.512  1795  1825 I PowerManager_screenOn: PowerManagerNotifier onWakefulnessChangeStarted: wakefulness=0, reason=2, interactive=false, mInteractive=false, mInteractiveChanging=true
12-18 08:38:00.797   633 31870 I SDK     : <2016-12-18 08:38:00> [WARN] SDK: UE-SeC 2016-12-18 8:38:0:797 Level[WARN] magic[3362781472 684]:PubEvt_Close Getting a socket[210] from the Socket-table Failed!
12-17 20:12:03.699  1795  3253 D PowerManagerService: Releasing suspend blocker "PowerManagerService.WakeLocks".
12-17 21:58:46.834  2852  2852 I PhoneStatusBar: notifyUiVisibilityChanged:vis=0x80000300, SystemUiVisibility=0x80000300
12-18 11:23:44.227  1795  2323 E UsbDeviceManager: Error reading charge file
12-18 00:01:40.531  2852  2852 I HwSignalClusterView: setMobileDataIndicatorsHuawei subId:0 visible:true strengthIcon:2130839311 typeIcon:2130839195 contentDescription:手机信号满格。 typeContentDescription:4G isTypeIconWide:true showActivity:true activityIn:false activityOut:false isRoaming:false
12-18 17:32:20.062  5224  5224 I Step_LSC: 20002302|onStandStepChanged 85382
12-17 19:57:32.909  5215  5215 D wpa_supplicant: CTRL-DEBUG: global_ctrl_sock-sendto: sock=16 sndbuf=229376 outq=0 send_len=3
12-17 23:25:13.321   835  2385 E libteec : begin
12-17 23:25:58.817  3168 11522 D HwRepairHelper: getRcvData() TimeGsmLevelOther :  0
12-17 23:32:50.711   633 31870 I SDK     : <2016-12-17 23:32:50> [WARN] SDK: UE-SeC 2016-12-17 23:32:50:711 Level[WARN] magic[3362781472 684]:PubEvt_Close Getting a socket[203] from the Socket-table Failed!
12-18 17:44:14.880  2852  2852 D HwCustMobileSignalControllerImpl: sub =0,strMccMnc =null,hashMccMnc =[],strPlmn =hw_show_lte
12-17 21:48:20.977  3168  3168 I CHR_ChrMessage: handleMessage msg.what = 10000
12-17 23:23:47.897   633 31870 I SDK     : <2016-12-17 23:23:47> [WARN] SDK: UE-SeC 2016-12-17 23:23:47:897 Level[WARN] magic[3362781472 684]:PubEvt_Close Getting a socket[17] from the Socket-table Failed!
12-18 14:13:30.782  2852  2852 I BadgedIconHelper: isCloneProcess = false
12-18 14:08:26.673  2883  3107 I HwSystemManager: PermissionDbVisitor:insertHistoryRecord:HistoryRecord[packageName:com.sankuai.meituanhd,permissionType:8,action:11,dateStartTime:1481990400000,timestamp:1482041306672]
12-18 08:09:20.081  1795  1808 I ActivityManager_broadcast: dispatch ordered broadcast [background] BroadcastRecord{899393c u0 android.intent.action.LTE_CA_STATE}, has 1 receivers
12-18 08:32:03.415  7194 27749 I PushLog2824: [SocketRead_08:32:03-14309]connect cost 252 ms, result:true(android/null:-1)
12-17 20:44:12.995  1795 15988 D PowerManagerService: ready=true,policy=3,wakefulness=1,wksummary=0x23,uasummary=0x4,bootcompleted=true,boostinprogress=false,waitmodeenable=false,mode=true,manual=33,auto=-1,adj=0.0userId=0
12-18 00:10:54.237  1795  1809 D NavigationBarPolicy: onFling::not valid gesture or touch plus on, false, return!
12-18 02:56:26.251  3218  3218 I QImsService: ImsServiceSub : disabledFeature = 1
12-18 00:04:58.980  1795  1795 I DeviceIdleController: updateChargingLocked: charging=false
12-17 21:51:24.842  1795  1795 V NotificationService: disableEffects=null canInterrupt=false once update: false
12-18 07:50:58.839  1795  2737 I QosMonitor: postEventFromNative: msg=100,arg1=0,arg2=9
12-18 15:36:58.075 12127 12127 E HW-JPEG-DEC: [HME_JPEG_DEC_Delete](3298): HME_JPEG_DEC_Delete: decoder_ctx=null
12-18 09:51:02.911  1795  1795 I AlarmManager: scheduleTimeTickEvent triggerAtTime = 494458727
12-18 11:26:03.776   633 31870 I SDK     : 
12-18 17:44:20.578  1795  2748 D lux trace:: [8.0/141823315, 9.0/141824041, 8.0/141824418, 9.0/141825523, 8.0/141826265, 9.0/141826972]
12-17 21:32:12.076  2852  2852 I NotificationContentView: transferRemoteInputFocus: 0
12-17 21:32:14.599   633   692 I eSpaceService: Thread-1684{6339} TcpCirChannel.shutdown(TcpCirChannel.java:257) Login_By_Step-> shut down now connect
12-17 20:50:18.851 24266 24266 D seekbar : org.iqiyi.video.ui.ci.onProgressChanged()<-1> : 当前进度：2082699 缓冲大小:685573 缓冲进度：2768272
12-17 19:31:42.633  1795  3225 D StubTelephonyRegistry: uid:10028 pid:16628 PhoneStateListener.LISTEN_CELL_LOCATION:16 events:16
12-17 22:30:32.576  1046  1125 I Huawei_audio_cust: huawei_audio huawei_choose_Handset_device_incall_forHWtest: test Type =4
12-18 09:17:27.303  1795 16498 I WindowManger_windowChange: oldFocusWindow: Window{e050fd4 u0 StatusBar}, currentFocusWindow: null, currentFocusApp: AppWindowToken{dcf0cd7 token=Token{1e09e71 ActivityRecord{930e418 u0 com.huawei.android.launcher/.unihome.UniHomeLauncher t297}}}
12-18 18:24:15.033  1795  1806 I HwActivityManagerService: Split enqueueing broadcast [callerApp]:ProcessRecord{5299443 4690:com.baidu.input_huawei/u0a74}
12-17 19:56:23.240  1795  2750 D HW_DISPLAY_EFFECT: presently, hw_update_color_temp_for_rg_led interface not achieved.
12-18 12:50:13.963  3382  3399 I SendBroadcastPermission: action:qualcomm.intent.action.ACTION_RAC_CHANGED, mPermissionType:0
12-18 19:35:27.907  1795 16501 D PowerManagerService: ready=true,policy=0,wakefulness=0,wksummary=0x1,uasummary=0x0,bootcompleted=true,boostinprogress=false,waitmodeenable=false,mode=true,manual=33,auto=-1,adj=0.0userId=0
12-18 14:07:39.508  5157  5320 D fingerprint: {"gyro":null,"app_version":"240","baseband_version":"00038,00038","build_fingerprint":"HUAWEI/MLA-AL00/HWMLA:7.0/HUAWEIMLA-AL00/C00B318:user/release-keys","build_number":"MLA-AL00C00B318-log","build_serial":"d470c2ef","cell":[{"cid":23166210,"lac":9084,"mcc":460,"mnc":0,"rt":"wcdma"}],"ch":"baidumobile","dm":"MLA-AL00","sc":"1800,1080","elapsed_time":1481531461,"iccid":"89860011191407483029","photo_hash":[{"hash":"4ac516f556eaad56afae93fb97428197","ts":1480582790},{"hash":"dc404ffda0a2f4ed0453bb4bf5e64e31","ts":1480582828},{"hash":"05a5796db38c4eb7bd3349cbfd1b66ca","ts":1480836856},{"hash":"77370df3994dd0795cfe22acab83045f","ts":1480836862},{"hash":"cd68fb877d956d5791e93d9ed8bcf55c","ts":1480837235}],"imei":"868404020067521","imsi":"460028186258296","kernel_version":"3.18.31-perf-ga731cda\njenkins@huawei-RH #2\nSat Dec 10 05:08:38 CST 2016","location":{"latitude":22.80793,"longitude":114.082713},"mac":"cc:bb:aa:2a:34:13","magic":428410883,"utm_medium":"android","net":"LTE","mno":"46000","os":"7.0","sim_mobile":"+8615818568208","dtk_token":"9e2de3846fa3538fe2e69df732c007ef8bc3caa51f0ac5b3a632120f2424c95c103b4d6d4a8cb7a6cd70f822f26ffff9","ts":1482041259,"touchEvents":{},"ua":"AiMeiTuan/HUAWEI-7.0-MLA-AL00-1800x1080-480-5.4-240-868404020067521-baidumobile","version":"3.14159","wifimac":null}
12-17 21:59:19.090 16628 16628 I TotemWeather: RetryTaskController:Screen is off or Network is unable
