12-18 08:11:55.603  2852  3556 I NetworkController.MobileSignalController(0): onDataActivity: direction=0
12-18 19:49:54.667  1795  1795 I MQoS    : onSignal: mSubId=0,currDataSubID=0
12-18 17:42:20.656  1795  1795 I MQoS    : onSignal: mSubId=0,currDataSubID=0
12-17 21:33:34.686  2852  2852 D HwCustMobileSignalControllerImpl: sub =0,strMccMnc =null,hashMccMnc =[],strPlmn =hw_hspap_show_4g
12-18 18:36:11.109  1795 15987 D PowerManagerService: ready=true,policy=0,wakefulness=0,wksummary=0x1,uasummary=0x0,bootcompleted=true,boostinprogress=false,waitmodeenable=false,mode=true,manual=33,auto=-1,adj=0.0userId=0
12-18 15:28:36.212  5994  5994 D wpa_supplicant: wlan0: BSS: Start scan result update 24
12-17 21:27:20.918  2852  2852 I NotificationContentView: transferRemoteInputFocus: 0
12-18 15:51:03.989  1795  2323 E UsbDeviceManager: 	at java.io.FileInputStream.open(Native Method)
12-18 15:29:03.925  9659  9659 E HW-JPEG-DEC: [HME_JPEG_DEC_Delete](3298): HME_JPEG_DEC_Delete: decoder_ctx=null
12-18 19:25:18.226   633 24622 I SDK     : <2016-12-18 19:25:18> [NOTICE] SDK: UE-SeC 2016-12-18 19:25:18:226 Level[NOTICE] magic[2046163232 1541]:FSM_Tool_Tree_Enc_Path =>Access [/mnt/sdcard/sandbox/AnyOfficeSDK/sdk/QDJ7lEGuRlJb2r2mqrSExBTDjN4QhUgEPVptBL0HnX4=] real path  ok 
12-18 09:19:47.253  1795  3249 D PowerManagerService: acquire lock=108688675, flags=0x1, tag="eventloop", name=android, ws=null, uid=1000, pid=7194
12-17 22:48:18.792  3858  4126 I amsnl   : csr
12-18 08:05:16.228   633 31868 I SDK     : 
12-17 23:05:16.828  3180  4303 I AwareLog: MemoryRecoveryDMEPlugin: reportScene typeId = 2002
12-18 15:37:58.158 10334 10334 D wpa_supplicant: WPS: attr type=0x103b len=1
12-18 10:42:05.067  1795  2665 D NetdConnector: RCV <- {613 IfaceClass active 0 497463792966892 10105}
12-18 04:56:29.568  1795  2323 E UsbDeviceManager: 	at android.os.UEventObserver$UEventThread.sendEvent(UEventObserver.java:210)
12-18 19:49:49.353  2852  2852 D HwCust  : Create obj success use class android.app.HwCustNotificationImpl
12-17 20:13:10.404  2852  2852 I PhoneStatusBar: updateNotificationShade
12-17 19:42:27.920   633 31875 E SDK     : <2016-12-17 19:42:27> [ERR] SDK: UE-SeC 2016-12-17 19:42:27:920 Level[ERR] magic[3359111456 1552]:FSM_Tool_Tree_Enc_Path 1 fail(-1000) continue
12-18 18:32:41.416  2852  2852 D HwCustMobileSignalControllerImpl: isCurrentBySim()=false
12-18 10:40:22.534 18503 18503 D HwIntelligent3_IntelligentReceiver: onReceive ,intent:Intent { act=com.android.systemui.statusbar.visible.change flg=0x10 cmp=com.huawei.intelligent/.main.receiver.IntelligentReceiver (has extras) }
12-18 17:56:09.719  2852  2852 I HwNavigationBarTransitions: transitionTo:mode=4, isEmuiStyle=false
12-17 21:22:55.992 24266 24266 I DownloadEpisodeAdapter: [qiyi_LOG_INFO DownloadEpisodeAdapter] setEpisodeTitle
12-18 19:25:35.555  2852  2852 V KeyguardSecurityView: showPrimarySecurityScreen(turningOff=false)
12-17 19:31:56.721   606  2379 E libteec : receive data len = 128
12-18 15:36:58.183 12127 12127 W FlurryAgent: Start session
12-18 11:23:37.275  1795  1819 D NetworkManagement: notifyInterfaceClassActivity: client is com.android.server.connectivity.Tethering@ff4a50f
12-17 21:33:28.733  2852  2852 D NetworkController.MobileSignalController(0): mSimSubId:0 onDataActivity: direction=1
12-18 08:17:51.407  2852  2852 I HwSignalClusterView: getOrInflateState subId:0
12-17 23:48:33.373  1046  1125 D audio_hw_primary: enable_audio_route: apply mixer and update path: low-latency-playback speaker
12-18 17:30:15.650   633 15349 I SDK     : <2016-12-18 17:30:15> [NOTICE] SDK: UE-SeC 2016-12-18 17:30:15:649 Level[NOTICE] magic[2081044768 2512]:API_CreateTunnel : begin to create tunnel
12-17 19:55:55.134  4492  4492 D HwCust  : Create obj success use class android.app.HwCustActivityImpl
12-18 18:36:21.561  2852  2852 D HwCustMobileSignalControllerImpl: isCurrentBySim()=false
12-18 08:09:09.779  2852  2852 I HwSystemIcons: onLayout:left=684, top=0, right=1056, bottom=72, offset=0
12-17 21:28:17.353  2852  2852 I HwSignalClusterView: getOrInflateState subId:0
12-17 22:30:34.215  1795  1795 D PowerManagerService: ready=true,policy=3,wakefulness=1,wksummary=0x1,uasummary=0x1,bootcompleted=true,boostinprogress=false,waitmodeenable=false,mode=true,manual=33,auto=-1,adj=0.0userId=0
12-17 22:27:15.434  1795  2332 I qti_sensors_hal: [ACC]processReportInd: X: 5.676084 Y: 6.680289 Z: 4.420343  x_offset:0.160831 y_offset:0.184366 z_offset:0.985027
12-18 08:27:34.573  2852  2852 D HwCustMobileSignalControllerImpl: isCurrentBySim()=false
12-18 19:25:18.221   633 24620 I SDK     : <2016-12-18 19:25:18> [NOTICE] SDK: UE-SeC 2016-12-18 19:25:18:221 Level[NOTICE] magic[2049296672 166]:Detect id is [1] when login ,this time!
12-18 07:53:03.532   633 31870 I SDK     : 
12-17 21:26:50.806  3608  3608 I InCall  : InCallActivity - bgCallTwinkingSwitch is truemIsForegroundActivity is true
12-18 18:36:36.879  1795  2323 E UsbDeviceManager: 	at java.io.FileInputStream.<init>(FileInputStream.java:146)
12-18 19:25:29.433  2852  2852 I HwBrightnessUtils:  getSeekBarProgress isAutoMode:true current brightness:30 percentage:0.28375545
12-17 20:31:05.280   633 24123 I SDK     : 
12-18 08:49:14.440   633 31870 I SDK     : <2016-12-18 08:49:14> [WARN] SDK: UE-SeC 2016-12-18 8:49:14:440 Level[WARN] magic[3362781472 684]:PubEvt_Close Getting a socket[137] from the Socket-table Failed!
12-17 20:43:38.817  1795  3884 D PowerManagerService: acquire lock=45737345, flags=0x1, tag="RILJ_ACK_WL", name=com.android.phone, ws=null, uid=1001, pid=3218
12-18 14:12:56.120  5157  5157 I chromium: [INFO:CONSOLE(1)] "Uncaught ReferenceError: WebViewJavascriptBridge is not defined", source:  (1)
12-17 19:34:56.883  1795  2332 I qti_sensors_hal: [ACC]processReportInd: X: -0.369723 Y: 3.760031 Z: 7.603089  x_offset:0.160831 y_offset:0.184366 z_offset:0.985027
12-18 07:51:28.862  1795  1795 D WifiProJNI: send_cmd_kernel: cmd=1
12-17 21:15:05.451  3858  4126 I amsnl   : csr
12-17 20:19:34.719  2852  2925 W ExifData: The tag is null error!
12-18 14:13:21.666  3218 13036 W PhoneInterfaceManager: shouldBlockLocation running ...
12-18 15:37:58.176 10334 10334 D wpa_supplicant: WPS: attr type=0x104a len=1
12-18 17:31:37.299  1795  1795 I NotificationManager: enqueueNotificationInternal: n.getKey = 0|com.huawei.health|10010|null|10099
12-17 19:55:48.033  1795  1795 I AlarmManager: scheduleTimeTickEvent triggerAtTime = 444296364
12-18 10:52:06.195   827   540 I mm-camera: <CPP   >< INFO> 1720: cpp_module_handle_stream_cfg_event: frame_offset=3, input_fps=30.00, identity=0x1000f
12-17 20:20:47.463  3879  3879 I HwLauncher: Model  onReceive intent=Intent { act=android.intent.action.TIME_TICK flg=0x50000014 (has extras) }
12-18 15:43:34.797  1795  2381 D WindowManager: interceptKeyTq keycode=26 interactive=true keyguardActive=false policyFlags=22000000 down true canceled false
12-17 21:42:34.367   633 31870 I SDK     : 
12-17 19:31:55.372  1795  3238 W FingerprintService: onError 1
12-18 15:33:46.019  1795  5350 I MQoS    : QOS_level:0(0),DataDisable;use level-0
12-17 23:00:58.352   633 31870 I SDK     : <2016-12-17 23:00:58> [WARN] SDK: UE-SeC 2016-12-17 23:0:58:352 Level[WARN] magic[3362781472 684]:PubEvt_Close Getting a socket[131] from the Socket-table Failed!
12-18 09:22:15.268  1795  2665 D NetdConnector: RCV <- {613 IfaceClass active 0 492673966942489 0}
12-17 23:26:44.667  2852  2852 D HwCustMobileSignalControllerImpl: isCurrentBySim()=false
12-18 09:20:49.487  3382  3399 D QcrilMsgTunnelSocket: Rac Change (PDC) data: [-1, -1]
12-18 15:37:38.583 10334 10334 D wpa_supplicant: nl80211: Received scan results (9 BSSes)
12-17 20:56:39.926  3180  3578 I ash     : Application com.tencent.mm is im app and connected ok, delay to H!
12-17 21:26:59.204  1795  1795 D DeviceIdleController: becomeInactiveIfAppropriateLocked()
12-17 19:31:38.305  3608  3608 I InCall  : CallList - hasAnyLiveCall call = [Call_10, ACTIVE, [Capabilities: CAPABILITY_HOLD CAPABILITY_SUPPORT_HOLD CAPABILITY_MUTE CAPABILITY_CANNOT_DOWNGRADE_VIDEO_TO_AUDIO], children:[], parent:null, conferenceable:[], videoState:Audio Only, mSessionModificationState:0, VideoSettings:(CameraDir:-1)]
12-17 20:12:41.922  1795 20747 V InputMethodManagerService: Client requesting input be hidden, pid=4492
12-18 15:36:12.477  1795  6988 D HwActivityManagerService: handleANRFilterFIFO,uid = 10146cmd = 0
12-17 19:57:15.396  7194  7208 I PushLog2824: [ReceiverDispatcher-336]no network, use no network heartbeat(android/null:-1)
12-18 07:58:08.170  1795  1809 I WindowManager: MyOrientationListener: updateRotation.
12-17 20:13:03.332  3382  3399 D QcrilMsgTunnelSocket: Rcvd UNSOL response with 28 bytes data for SUB0
12-18 03:56:27.691  3626  3753 I UserSpecification: handleOverSize()
12-18 18:27:04.117  3626  3626 E PTM.FileNodeInfo: getTempInfo error: null, 0
12-18 18:26:01.181  1795  3247 D PowerManagerService: ready=true,policy=3,wakefulness=1,wksummary=0x1,uasummary=0x1,bootcompleted=true,boostinprogress=false,waitmodeenable=false,mode=true,manual=33,auto=-1,adj=0.0userId=0
12-17 20:23:29.690  1795  2381 D libfingersense_wrapper: fingersense_classify_touch() finished
12-18 00:05:02.860   835  2385 E libteec : receive data len = 128
12-17 20:39:10.943 24266 24266 V chaunce : org.iqiyi.video.vote.b.aux.a()<-1> : checkVoteShowTime--hideVoteView
12-17 23:56:25.094   633 14434 I SDK     : 
12-18 08:42:52.148   633 31870 I SDK     : 
12-18 17:33:21.155  1795 16501 I ActivityManager_broadcast: collectReceiverComponents, callerApp: ProcessRecord{24cdca7 3218:com.android.phone/1001}, intent:android.intent.action.LTE_CA_STATE, receiver size:1, flags: 10000400
12-18 18:31:35.194  2852  2852 I HwPhoneStatusBar: updateNotificationShade
12-17 21:58:48.597   633 31868 I SDK     : 
12-18 08:44:39.113  2852  2914 I HwMobileSignalController: updateSignalStrength: signalStrength=SignalStrength: -1 0 -1 255 -1 255 -1 255 255 31 -79 -8 180 2147483647 2147483647 false gw|lte
12-18 17:43:36.995  1795 11747 I HwBroadcastQueue: com.huawei.camera drop actions:null
12-17 22:27:01.915  1795  1825 W LightSensor: LightSensor, enable, 283: en=1
12-18 07:51:56.251   633   692 I ECS     : msg.recv{4490} XmlMsg.decodeBuf(XmlMsg.java:237) RECV 83 bytes [12]_00_03_02_01_1D_05_8A_9D_F8_E4_B8_02 cmdCode(CC_KeyExchange.0x011D)msgType(MT_ACK.2)msgClass(MC_PersonalInformation.1)sender(ST_Mobile.0)crypted(true)zipped(false)nobase64(true)length(79)version(3)sno(8A9D)
12-17 20:18:56.671  2852  2852 I HwBrightnessController: updateSlider1 seekBarProgress:2957
12-18 08:08:29.518  1795  1819 D NetworkManagement: notifyInterfaceClassActivity: client is com.android.server.connectivity.Vpn$2@e40aefb
12-18 15:27:56.269  5994  5994 D wpa_supplicant: WPS: attr type=0x1054 len=8
12-18 19:26:04.483  5224  5283 I Step_ExtendStepDataManager: 20002302|before compensate: cache step_14646
12-18 14:12:24.024  5157  5157 W cr_BindingManager: Cannot call determinedVisibility() - never saw a connection for the pid: 5157
12-18 08:36:02.699   633 31870 I SDK     : <2016-12-18 08:36:02> [WARN] SDK: UE-SeC 2016-12-18 8:36:2:699 Level[WARN] magic[3362781472 684]:PubEvt_Close Getting a socket[73] from the Socket-table Failed!
12-18 14:09:29.741  1795  3253 D HwActivityManagerService: handleANRFilterFIFO,uid = 10113cmd = 0
12-18 14:11:33.696  5157  5157 I chromium: [INFO:CONSOLE(1)] "Uncaught ReferenceError: WebViewJavascriptBridge is not defined", source:  (1)
12-17 21:41:29.955   633 31869 I SDK     : <2016-12-17 21:41:29> [NOTICE] SDK: UE-SeC 2016-12-17 21:41:29:955 Level[NOTICE] magic[3367250208 2316]:Send register tunnel request msg ok!
12-18 19:49:15.410   633 31870 I SDK     : 
12-18 18:24:30.547  1795  1795 V NotificationService: disableEffects=null canInterrupt=false once update: false
12-17 21:52:14.944  1046 26554 V audio_hw_primary: adev_set_parameters: exit with code(0)
12-17 21:42:50.242  3626  3626 E PTM.FileNodeInfo: getTempInfo error: null, 0
12-18 18:23:46.565  1795 16501 D HwActivityManagerService: handleANRFilterFIFO,uid = 10146cmd = 0
12-18 14:14:07.042  3218 13036 I PhoneInterfaceManager: shouldBlockLocation  ret:false
12-17 23:58:02.104  2852  3556 I NetworkController.MobileSignalController(0): onSignalStrengthsChanged signalStrength=SignalStrength: -1 0 -1 255 -1 255 -1 255 255 19 -101 -7 130 2147483647 2147483647 false gw|lte level=4 isSuspend=false levelOld=4,mSignalStrength level=4
12-18 18:27:15.062  1795  2381 D libfingersense_wrapper: fingersense_touch_up() finished
12-18 19:49:14.743  3218 13125 W PhoneInterfaceManager: shouldBlockLocation running ...
12-18 18:13:06.784  2852  2852 D HwCustMobileSignalControllerImpl: isCurrentBySim()=false
12-18 19:49:51.224  3180  3332 I BatteryMonitor: screen off: 0s, awake: 0s wakeups: 0, battery changed: 0
12-18 19:49:36.333  2852  2852 D HwCust  : Create obj success use class android.app.HwCustNotificationImpl
12-18 08:36:02.705   633 31870 I SDK     : <2016-12-18 08:36:02> [WARN] SDK: UE-SeC 2016-12-18 8:36:2:705 Level[WARN] magic[3362781472 684]:PubEvt_Close Getting a socket[124] from the Socket-table Failed!
12-18 14:09:30.739  2883  3033 I HwSystemManager: PermissionDbVisitor:insertHistoryRecord:HistoryRecord[packageName:com.sankuai.meituanhd,permissionType:8,action:11,dateStartTime:1481990400000,timestamp:1482041370738]
12-18 18:31:13.119  5224  5224 I Step_LSC: 20002302|compensate received
12-18 10:41:01.046  1795  1821 I ActivityManager_activity: windowsGone(): ActivityRecord{5f12a6a u0 com.tencent.mm/.ui.LauncherUI t383}
12-17 21:52:55.135  3608  3608 I InCall  : VideoCallFragment - onPause:
12-18 14:08:24.602  1795 16232 D HwActivityManagerService: handleANRFilterFIFO,uid = 10113cmd = 1
12-18 15:29:12.801  9659  9659 W cr_BindingManager: Cannot call determinedVisibility() - never saw a connection for the pid: 9659
12-17 21:30:21.396  1795 15988 I AlarmManager: set(PendingIntent{cd0dadb: PendingIntentRecord{7f86237 com.huawei.espacev2 broadcastIntent}}) : type=0 triggerAtTime=1481981721395 win=0 tElapsed=450257759 maxElapsed=450257759 interval=300000 flags=0x1
12-17 21:51:00.602   835   835 E libteec : begin
12-17 23:07:00.029  2852  2852 E DateLunarView: mDateString is: 12月17日星期六
12-17 21:48:26.541  3626  3754 I LogDatabase:  radio restrainFileNum = 128
12-17 22:25:18.522  3180  4303 I AwareLog: MemoryRecoveryDMEPlugin: receive sceen off event
12-17 20:12:16.640  3879  4071 I HwLauncher: Launcher.LauncherProvider  queried count: 1
12-18 17:30:31.403  5224  5283 I Step_ExtendStepDataManager: 20002302|before compensate: cache step_13648
12-17 21:32:57.857  2852  2852 I EventCenter: EventCenter Get :android.com.huawei.bone.NOTIFY_SPORT_DATA
12-18 19:35:22.494  1795  2376 W AlarmManager: mIsScreenOn is: false, WAKEUP alarm trigger action = com.huawei.action.CONNECT_PUSHSRV package name is: android
12-17 21:51:00.991  3608  3608 D InCall  : AnswerPresenter - onCallListChange callList=com.android.incallui.CallList@86c7f97
12-17 20:32:59.761  1795  6988 I SendBroadcastPermission: action:android.intent.action.SIG_STR, mPermissionType:0
12-18 10:51:55.628  2852  2852 I StackScrollAlgorithm: updateClipping isOverlap:true
12-18 15:28:42.668  5994  5994 D wpa_supplicant: P2P: Channels - hexdump(len=13): 01 02 03 04 05 06 07 08 09 0a 0b 0c 0d
12-18 17:41:33.150  3879  3879 D HwIntelligent3_HiBoardHwIntelligentManager: homekey
12-18 08:10:22.252  3218  3218 E HW-JPEG-DEC: [HME_JPEG_DEC_Delete](3298): HME_JPEG_DEC_Delete: decoder_ctx=null
12-18 15:33:24.002 10699 10752 I ChinaUploader: skip0
12-17 20:32:17.699 24266 24266 I qiyippsplay: org.iqiyi.video.ui.bf.h()<-1> : 当前时间0
12-18 07:42:39.062   832   933 W AwareLog:defragd: delay_us exceeds max timeout: 589999437 us
12-17 21:26:10.001   633 31870 I SDK     : <2016-12-17 21:26:10> [WARN] SDK: UE-SeC 2016-12-17 21:26:10:1 Level[WARN] magic[3362781472 684]:PubEvt_Close Getting a socket[107] from the Socket-table Failed!
12-17 21:51:00.748  3626  3753 I LogCollectService: msg = 103 received
12-18 19:20:46.487  1795  2670 D WifiController: DefaultState what=155652
12-18 08:17:51.304  3858  4126 I amsnl   : c: true, w: false, t: false, l: false
12-17 23:46:44.221  1795  2396 D PowerManagerService: ready=true,policy=0,wakefulness=0,wksummary=0x0,uasummary=0x0,bootcompleted=true,boostinprogress=false,waitmodeenable=false,mode=true,manual=33,auto=-1,adj=0.0userId=0
12-17 22:26:52.614  1795  2332 I qti_sensors_hal: [ACC]processReportInd: X: 5.401502 Y: 6.774436 Z: 4.721716  x_offset:0.160831 y_offset:0.184366 z_offset:0.985027
12-18 15:37:46.447 12919 12981 E HW-JPEG-DEC: [HME_JPEG_DEC_Delete](3298): HME_JPEG_DEC_Delete: decoder_ctx=null
12-17 20:40:44.058 24266 24266 V chaunce : org.iqiyi.video.vote.b.aux.a()<-1> : checkVoteShowTime-->1507917
12-18 08:04:14.188  1795 15987 D PowerManagerService: ready=true,policy=0,wakefulness=0,wksummary=0x1,uasummary=0x0,bootcompleted=true,boostinprogress=false,waitmodeenable=false,mode=true,manual=33,auto=-1,adj=0.0userId=0
12-17 21:48:14.208  3858  4126 I amsnl   : m1: false
12-17 20:50:22.944  1795  1795 I MQoS    : onSignal: mSubId=1,currDataSubID=0
12-17 23:39:23.395  2852  2914 I HwMobileSignalController: subId:0 phoneType:1 networktype:13 targetClass:3 masterLevel:4 slaveLevel:-1
12-17 21:48:24.009   633  1628 I SDK     : <2016-12-17 21:48:24> [NOTICE] SDK: UE-SeC 2016-12-17 21:48:24:9 Level[NOTICE] magic[2407741728 102]:Begin get cur device netstatus
12-17 21:19:04.307  3858  4126 I amsnl   : m1: false
12-18 14:12:14.326  5157  5157 W cr_BindingManager: Cannot call determinedVisibility() - never saw a connection for the pid: 5157
12-18 09:12:03.803  2852  2852 D HwCustMobileSignalControllerImpl: isCurrentBySim()=false
12-18 08:18:04.577  1046  1125 D ACDB-LOADER: ACDB -> audstrm_cal->cal_type.cal_data.cal_size = 16
12-18 19:51:27.654  2852  2852 I HwBrightnessController: onChange selfChange:false uri.toString():content://settings/system/screen_auto_brightness mIsObserveAutoBrightnessChange:true
12-18 14:10:58.985  5157  5157 D test    : sending:{"handlerName":"getRegisteredJsHandler","callbackId":"java_cb_1","data":null}
12-18 15:33:22.970   633 31875 I SDK     : 
12-18 14:18:40.946   633   692 I eSpaceService: Watch Thread{4481} LoginC.doWatch(LoginC.java:1459) Login_By_Step-> watch count =  0
12-18 14:12:23.747  1795  2750 D HW_DISPLAY_EFFECT: presently, hw_update_color_temp_for_rg_led interface not achieved.
12-17 21:28:16.948  1795  3110 I ActivityManager_broadcast: collectReceiverComponents, callerApp: ProcessRecord{506ad58 2852:com.android.systemui/u0a33}, intent:com.android.systemui.statusbar.visible.change, receiver size:1, flags: 10000400
12-17 23:47:48.564  1795 15982 W ActivityManager: getRunningAppProcesses: caller 10102 does not hold REAL_GET_TASKS; limiting output
12-18 12:38:52.439  1795  6988 I ActivityManager_service: retrieveServiceLocked, callerApp: ProcessRecord{c5c29c4 3879:com.huawei.android.launcher/u0a61}, flags: 10000400
12-17 22:31:33.616  1795  1795 I NotificationManager: cancelNotification,index:-1
12-17 22:56:07.150  1795  6985 D PowerManagerService: Releasing suspend blocker "PowerManagerService.WakeLocks".
12-17 20:29:06.771   633 31868 I SDK     : <2016-12-17 20:29:06> [NOTICE] SDK: UE-SeC 2016-12-17 20:29:6:770 Level[NOTICE] magic[3365677344 1070]:Tunnel is online!
12-17 23:30:21.206  2852  2852 D HwCustMobileSignalControllerImpl: isCurrentBySim()=false
12-18 08:18:34.611   814 26003 V NuPlayer: kWhatSetAudioSink
12-18 08:28:56.714  2852  2852 D HwCustMobileSignalControllerImpl: sub =0,strMccMnc =null,hashMccMnc =[],strPlmn =hw_mcc_mnc
12-18 09:14:03.734   633 31870 I SDK     : 
12-18 14:14:30.897  1046  2703 D Huawei_audio_cust: huawei_cust_get_parameters: returns 
12-18 13:11:03.823  1795  1809 I MultiTaskManagerService: onProcessDied pid = 4692, uid = 1000
12-17 21:32:14.664  1795  2685 D HwPFWLogger: AutoStartupDataMgr:isUnderControll third party not in whitelist: com.huawei.remoteassistant
12-18 07:29:39.864  4492  4492 I SendBroadcastPermission: action:com.tencent.mm.ui.ACTION_ACTIVE, mPermissionType:0
12-18 19:44:55.902  3782 24718 V AudioManager: isMusicActive...
12-18 19:50:02.895  1795  3253 I WindowManger_windowChange: oldFocusWindow: Window{4d792ec u0 com.android.mms/com.android.mms.ui.ConversationList}, currentFocusWindow: null, currentFocusApp: AppWindowToken{dcec692 token=Token{7a2e4f4 ActivityRecord{43bf6c7 u0 com.android.mms/.ui.ConversationList t390}}}
12-17 23:06:18.959  2852  3556 I HwMobileSignalController: mExtDataOld:ExtData [mMasterNetWorkType=3, mSlaveNetWorkType=0, mMasterNetWorkLevel=4, mSlaveNetWorkLevel=-1, mDataState=2, mDataActivity=3, mDataNetType=13] mExtData:ExtData [mMasterNetWorkType=3, mSlaveNetWorkType=0, mMasterNetWorkLevel=4, mSlaveNetWorkLevel=-1, mDataState=2, mDataActivity=0, mDataNetType=13]
12-18 19:53:45.444  1795 15988 I NotificationManager: Show pkg=com.huawei.betaclub callback=android.app.ITransientNotification$Stub$Proxy@28784b6
12-18 14:10:35.877  5157  5157 I chromium: [INFO:CONSOLE(1)] "Uncaught ReferenceError: WebViewJavascriptBridge is not defined", source:  (1)
12-17 20:52:13.267  3858  4126 I amsnl   : t:false, fl: false, p: 2147483647000, ce: true, we: false
12-18 15:38:02.405 10699 10752 I ChinaUploader: startPos1048576
12-17 22:30:34.440  5199  5199 I art     : Starting a blocking GC AddRemoveAppImageSpace
12-18 10:52:05.662  2852  2852 I PhoneStatusBar: setSystemUiVisibility vis=8608 mask=ffffffff oldVal=8708 newVal=8608 diff=100
12-18 09:17:28.038  1046  1125 D aud_dev_arbi: releaseOneDevice: not sending command, device argument (2) does not match any registered device
12-18 14:11:31.553  5994  5994 D wpa_supplicant: WPS: attr type=0x1023 len=7
12-17 23:34:35.186  2852  2852 D HwCustMobileSignalControllerImpl: isCurrentBySim()=false
12-17 19:31:55.746  3218  3422 I PhoneInterfaceManager: shouldBlockLocation  ret:false
12-18 14:12:56.143  5157  5157 I chromium: [INFO:CONSOLE(1)] "Uncaught ReferenceError: WebViewJavascriptBridge is not defined", source:  (1)
12-18 19:49:50.713  1795  2671 D PowerManagerService: ready=true,policy=0,wakefulness=0,wksummary=0x11,uasummary=0x0,bootcompleted=true,boostinprogress=false,waitmodeenable=false,mode=true,manual=33,auto=-1,adj=0.0userId=0
12-18 08:34:48.576  3382  3399 D QcrilMsgTunnelSocket: readRilMessage: Buffer = [B@204bb9f HexData = [010000000404000011000000514f454d484f4f4bfa0308000100000000]
12-18 09:11:05.427  3879  4071 I HwLauncher: Launcher.Utilities  unread scaledHeight = 55;sBigIconSize = 175
12-18 17:30:41.700  2852  2852 I HwSignalClusterView: getOrInflateState subId:0
12-17 20:34:51.716   633   692 I eSpaceService: Watch Thread{4481} WatchThread.onLoop(WatchThread.java:98) watch thread onLoop...--》 iWatched.doWatch() 
12-17 20:12:18.678  2852  2852 I StatusBarIconView: updateTint: tint=0
12-18 14:10:57.441  1795  6988 D HwActivityManagerService: handleANRFilterFIFO,uid = 10113cmd = 0
12-17 23:13:37.510  1795  3225 I ActivityManager_service: ServiceNeeded not bring down service:ServiceRecord{f63a5f2 u0 euid: 0 com.baidu.input_huawei/.ImeService}
12-17 21:54:59.659  1795  2671 D PowerManagerService: Releasing suspend blocker "PowerManagerService.WakeLocks".
12-18 19:53:09.927  5224  5283 I Step_DataCache: 20002302|getTodayTotalSteps 17250
12-18 09:10:52.695  1046  1125 D ACDB-LOADER: ACDB -> AUDIO_SET_AFE_CAL
12-18 00:15:20.974  2852  2852 D HwCustMobileSignalControllerImpl: isCurrentBySim()=false
12-17 23:46:25.042  2852  2852 D HwCustMobileSignalControllerImpl: isCurrentBySim()=false
12-18 14:11:31.639  5157  5157 W cr_BindingManager: Cannot call determinedVisibility() - never saw a connection for the pid: 5157
12-18 00:11:03.779 16105 16105 I MultiDex: VM has multidex support, MultiDex support library is disabled.
12-17 21:47:25.213  1795  1809 I WindowManager: Finished screen turning on...
12-17 20:12:36.649  1795 16498 I AlarmManager: set(PendingIntent{e24f4fe: PendingIntentRecord{2d5e45f com.tencent.mm broadcastIntent}}) : type=2 triggerAtTime=445563011 win=202499 tElapsed=445563011 maxElapsed=445765510 interval=0 flags=0x8
12-17 23:09:30.925  3180  3578 I PacketsControl: not 3G net type. do nothing.
12-17 20:12:22.243  2852  2852 I HwBrightnessUtils:  getSeekBarProgress isAutoMode:true current brightness:22 percentage:0.23132445
12-17 21:58:22.453  3608  3608 I SendBroadcastPermission: action:InCallScreenIsForegroundActivity, mPermissionType:0
12-18 00:00:34.529  2852  2852 I HwSignalClusterView: apply hwPhoneState.mSubId:0 anyMobileVisible:false mIsAirplaneMode:false, mobileGroupVisible=true
12-17 22:49:57.862   633 31868 E SDK     : <2016-12-17 22:49:57> [ERR] SDK: UE-SeC 2016-12-17 22:49:57:862 Level[ERR] magic[3365677344 223]:L4VPN notify callback :Status[2], ErrorCode[0]!
12-18 17:30:13.553   633 31875 I SDK     : <2016-12-18 17:30:13> [NOTICE] SDK: UE-SeC 2016-12-18 17:30:13:553 Level[NOTICE] magic[3359111456 6458]:FSM_Tool_TreatFolderEncEx => [START]: pcFileName [20161218_155601.log] 
12-18 09:23:32.123  1795  1819 D NetworkManagement: notifyInterfaceClassActivity: client is com.android.server.net.NetworkPolicyManagerService$13@4df0feb
12-18 15:33:22.041 10334 10334 D wpa_supplicant: WPS: attr type=0x1044 len=1
12-18 15:35:33.284 10334 10334 D wpa_supplicant: WPS: attr type=0x1008 len=2
12-18 14:12:27.237  5157  5157 W cr_BindingManager: Cannot call determinedVisibility() - never saw a connection for the pid: 5157
12-17 20:19:34.681  2852  2925 W ExifData: The tag is null error!
12-18 17:56:01.009  3180  3578 D PgedBinderAdapter: unfrz ok, pid: [10530]
12-18 15:33:15.499  1795  2380 I PowerManager_screenOn: PowerManagerNotifier onUserActivity: event=2, uid=1000
12-18 18:47:48.756  2852  2852 I HwSignalClusterView: getOrInflateState subId:0
12-17 21:32:17.266  3180  3578 I ash     : start process:huawei.w3 reason:content provider pid:32039 uid:10103 pkgs:null
12-18 14:12:59.948  2852  2852 I HwNotificationIconAreaController: showNotificationAll
12-17 20:49:10.430  2852  2852 D NetWorkUtils: mVSimCurCardType is -1
12-18 11:21:46.348   606  2289 E libteec : receive data len = 128
12-17 19:59:02.544  3858  4126 I amsnl   : we: true
12-18 00:10:31.803  1795  2380 D PowerManagerService: userActivityNoUpdateLocked: eventTime=134120108, event=2, flags=0x0, uid=1000
12-18 17:35:20.962  3382  3399 D QcrilMsgTunnelSocket: Broadcasting intent ACTION_RAC_CHANGED
12-17 21:12:00.029  2852  2852 I HwDateUtils: begin of formatChinaDateRange chinaDate:晚上9:12
12-18 17:41:21.028  1795  1809 I WindowManager: Application requested orientation 1, got rotation 0 which has compatible metrics
12-18 08:15:10.246  2852  2852 D HwCustMobileSignalControllerImpl: sub =0,strMccMnc =null,hashMccMnc =[],strPlmn =hw_mcc_mnc
12-18 08:08:03.127  2852  2852 D HwCustMobileSignalControllerImpl: sub =0,strMccMnc =null,hashMccMnc =[],strPlmn =hw_show_4g
12-17 23:22:37.496   633 31870 I SDK     : 
12-18 17:56:11.812  1795  3247 I DisplayManagerService: stopWifiDisplayScanLocked mWifiDisplayScanRequestCount=0
12-18 19:52:41.951  3218  3218 I QImsService: ImsServiceSubHandler : Message received: what = 27
12-18 11:44:06.190  3118 12766 I ctaifs<系统用户界面>[系统用户界面][com.android.systemui]: [queryLocal] Query Contacts
12-17 23:20:34.705  3626  3626 E PTM.FileNodeInfo: getTempInfo error: null, 0
12-17 23:10:17.164   633 31870 I SDK     : <2016-12-17 23:10:17> [WARN] SDK: UE-SeC 2016-12-17 23:10:17:163 Level[WARN] magic[3362781472 684]:PubEvt_Close Getting a socket[192] from the Socket-table Failed!
12-17 22:53:18.445  2852  2852 D HwCustMobileSignalControllerImpl: isCurrentBySim()=false
12-18 18:26:02.620  1795  2737 W WifiProJNI: poll before: g_monitor_fd =310
12-18 08:38:00.801   633 31870 I SDK     : <2016-12-18 08:38:00> [WARN] SDK: UE-SeC 2016-12-18 8:38:0:801 Level[WARN] magic[3362781472 684]:PubEvt_Close Getting a socket[246] from the Socket-table Failed!
12-18 10:52:06.977   808   547 D QCameraParameters: int qcamera::QCameraParameters::getActualExposure(const void*, int*) const exp = 33
12-18 07:57:55.467  2852  2852 D HwCustMobileSignalControllerImpl: sub =0,strMccMnc =null,hashMccMnc =[],strPlmn =hw_customized_networkType_entry
12-18 19:49:53.508   835  2385 E libteec : begin
12-17 22:05:42.462  1795  2668 D WifiP2pService: DefaultState{ when=-1ms what=143466 target=com.android.internal.util.StateMachine$SmHandler }
12-17 21:36:43.908   633 31868 I SDK     : <2016-12-17 21:36:43> [NOTICE] SDK: UE-SeC 2016-12-17 21:36:43:908 Level[NOTICE] magic[3365677344 2734]:ReHandShake to SVN was done.
12-18 08:10:38.402  2852  2852 I HwSignalClusterView: setMobileDataIndicatorsHuawei subId:0 visible:true strengthIcon:2130839311 typeIcon:2130839195 contentDescription:手机信号满格。 typeContentDescription:4G isTypeIconWide:true showActivity:true activityIn:false activityOut:false isRoaming:false
12-18 19:49:17.188   633 31868 I SDK     : <2016-12-18 19:49:17> [NOTICE] SDK: UE-SeC 2016-12-18 19:49:17:188 Level[NOTICE] magic[3365677344 2326]:FSM_OpenFile => [START],Mode[w]
12-18 19:50:00.164  1795  1808 I ActivityManager: new Process app=ProcessRecord{2ce252 0:com.huawei.camera/u0a20}, name: com.huawei.camera, euid: 0
12-18 17:44:32.089  1795  2381 D libfingersense_wrapper: Calling fingersense_classify_touch()
12-17 20:59:50.374 24266 24266 D OKHttpRequestAdapter: org.iqiyi.video.v.a.con.onResponse()<-1> :  workThread callback size :0
12-18 18:33:01.824  2852  2852 I StackScroller: generateAddAnimation:null, false
12-18 08:38:01.952   633 31869 I SDK     : 
12-17 23:49:34.661   633 31867 I SDK     : 
12-18 08:18:22.846  3626  4889 E PTM.FileNodeInfo: getTempInfo error: null, 0
12-18 10:55:55.199  1795  2750 I HwLightsService: back light level before map = 944
12-18 07:26:33.063  3218  3218 I QImsService: ImsServiceSub : type = 3 status = 0 isValid = true
12-18 00:16:36.509  2852  2852 D HwCustMobileSignalControllerImpl: sub =0,strMccMnc =null,hashMccMnc =[],strPlmn =hw_show_4_5G_for_mcc
12-18 00:02:56.291  3218  3517 I QImsService: ImsSenderRxr :  Tag -1 3 219 0[SUB0]
12-18 08:13:41.354  5224  5283 I Step_LSC: 20002302|REPORT : 963 20532 684 0
12-18 19:35:22.495  1795  2323 E UsbDeviceManager: 	at android.os.UEventObserver$UEventThread.run(UEventObserver.java:187)
12-18 07:41:45.915  3858  4126 I amsnl   : csr
12-17 20:34:54.114  3218  3517 I QImsService: ImsSenderRxr : [UNSL]< UNSOL_SSAC_CHANGED org.codeaurora.ims.ImsQmiIF$SsacInfo@644fb45[SUB0]
12-17 21:53:29.558  2883  2883 D HwKeyguardManagerImpl: isLockScreenDisabled HwKeyguardManagerImpl result = false
12-18 09:18:18.061  2852  2852 I StatusBarIconView: updateTint: tint=0
12-18 18:34:26.405  2852  2852 D HwCustMobileSignalControllerImpl: sub =0,strMccMnc =null,hashMccMnc =[],strPlmn =hw_customized_networkType_entry
12-17 23:02:47.131   633 31870 I SDK     : <2016-12-17 23:02:47> [WARN] SDK: UE-SeC 2016-12-17 23:2:47:131 Level[WARN] magic[3362781472 684]:PubEvt_Close Getting a socket[41] from the Socket-table Failed!
12-18 07:41:58.977  4585  4599 I HiApp.AppUpgradeManager: IntentService[RepeatingTaskManager]{8146} searchUpdatableApk()
12-18 09:35:27.161  1795  1808 V HwBroadcastQueue: trim and enqueue background Parallel:(3) Ordered:(0)(BroadcastRecord{98b130 u-1 android.intent.action.BATTERY_CHANGED})
12-17 21:51:49.579  2852  2852 I HwPowerUI: processLowerBatteryLevel plugged:false batteryLevel:70 intent:act:android.intent.action.BATTERY_CHANGED  flag:1610612752 technology=Li-ion icon-small=17303220 max_charging_voltage=0 health=2 max_charging_current=0 status=3 plugged=0 present=true charge_counter=0 level=70 scale=100 temperature=245 voltage=3971 invalid_charger=0 
12-17 22:26:26.201   835  2385 E fpc_fingerprint_hal: capture_image failed -4
12-17 21:28:25.332  2852  2852 W HwLockScreenPanel: Handle message: 10
12-17 19:31:55.842  2852  2867 D KeyguardService: Caller checkPermission fail
12-18 19:50:09.244  1046  1125 V msm8916_platform: platform_get_backend_index:napb: backend port - 0 device - 2 
12-18 00:11:55.947  2852  2852 D HwCustMobileSignalControllerImpl: isCurrentBySim()=false
12-18 17:35:21.029  3218 13125 W PhoneInterfaceManager: shouldBlockLocation running ...
12-18 12:46:02.847   633 31870 I SDK     : 
12-17 21:14:50.297 24766 29315 D GlobalPush: [iQiyiPushService] System.currentTimeMillis = 1481980490297 lastOutboundActivity = 1481980490203 lastInboundActivity = 1481980490285
12-18 15:32:57.849 10334 10373 D wpa_supplicant: registering for notification codes
12-17 23:48:08.162  1795 15987 I SendBroadcastPermission: action:android.intent.action.SIG_STR, mPermissionType:0
12-17 20:00:19.217  5215  5215 D wpa_supplicant: OpenSSL: Message - hexdump(len=262): [REMOVED]
12-18 14:10:00.111  1795 15982 D HwActivityManagerService: handleANRFilterFIFO,uid = 10113cmd = 0
12-18 18:26:01.607  1795 11747 V SecInputMethodManagerService: Client requesting input be hidden, pid=4492
12-18 19:49:59.500  2852  2852 D StatusBar: updateNotification(StatusBarNotification(pkg=com.huawei.health user=UserHandle{0} id=10010 tag=null key=0|com.huawei.health|10010|null|10099: Notification(pri=0 contentView=null vibrate=null sound=null defaults=0x0 flags=0x62 color=0x00000000 vis=PRIVATE)))
12-18 15:28:20.719  4492  4492 I SendBroadcastPermission: action:com.tencent.mm.ui.ACTION_ACTIVE, mPermissionType:0
12-17 19:58:56.757  5215  5215 D wpa_supplicant: nl80211: Register frame type=0xd0 (WLAN_FC_STYPE_ACTION) nl_handle=0x7fb504d600 match=040e
12-18 07:42:34.118  1795 17832 I Sensor  : updateLightsLocked --> level:97, status:2
12-18 17:33:19.849  1795 11745 D PowerManagerService: ready=true,policy=0,wakefulness=0,wksummary=0x1,uasummary=0x0,bootcompleted=true,boostinprogress=false,waitmodeenable=false,mode=true,manual=33,auto=-1,adj=0.0userId=0
12-18 09:46:16.660  3858  4126 I amsnl   : t:false, fl: false, p: 2147483647000, ce: true, we: false
12-17 23:12:35.653   633 31870 I SDK     : 
12-18 18:29:09.485  2852  2852 D HwCustMobileSignalControllerImpl: isCurrentBySim()=false
12-17 23:35:17.623  3858  4126 I amsnl   : t:false, fl: false, p: 2147483647000, ce: true, we: false
12-17 21:52:12.855  3858  4126 I amsnl   : m1: false
12-18 08:05:15.781   633 31870 I SDK     : <2016-12-18 08:05:15> [WARN] SDK: UE-SeC 2016-12-18 8:5:15:781 Level[WARN] magic[3362781472 684]:PubEvt_Close Getting a socket[54] from the Socket-table Failed!
12-17 21:15:20.816  3858  4126 I amsnl   : m1: false
12-18 14:12:34.115  5157  5157 I chromium: [INFO:CONSOLE(1)] "Uncaught SyntaxError: Unexpected token var", source:  (1)
12-18 12:41:50.337  1795 15988 E HsmCoreServiceImpl: onTransact in code is: 102
12-18 00:07:16.459  1795 15591 I ActivityManager: cleanUpApplicationRecordLocked, pid: 15194, restart: false
12-18 17:43:00.017  2852  2852 I HwDateUtils:  formatChinaDateTime equals.
12-17 22:33:32.736  1795  3247 I ActivityManager_service: retrieveServiceLocked, callerApp: ProcessRecord{c5c29c4 3879:com.huawei.android.launcher/u0a61}, flags: 10000400
12-18 14:12:38.838  1795  1795 D HuaweiWifiWatchdogStateMachine: setSampleRtt: rtt=840,rtt_pkts =612,rtt_when=0
12-17 19:33:00.887  2852  2852 D StatusBar: No peeking: unimportant notification: 0|com.huawei.health|10010|null|10099
12-17 23:22:13.169  1795  2750 D HW_DISPLAY_EFFECT: presently, hw_update_color_temp_for_rg_led interface not achieved.
12-18 14:10:45.386  5943  5959 E HW-JPEG-DEC: [HME_JPEG_DEC_Delete](3298): HME_JPEG_DEC_Delete: decoder_ctx=null
12-18 09:06:01.873  1795  1812 V HwBroadcastQueue: trim and enqueue bgkeyapp Parallel:(0) Ordered:(2)(BroadcastRecord{63bffcb u0 com.tencent.mm.TrafficStatsReceiver})
12-18 08:15:09.541 25329 25329 D wpa_supplicant: CTRL-DEBUG: global_ctrl_sock-sendto: sock=16 sndbuf=229376 outq=0 send_len=5
12-17 19:50:31.221  1795 15987 I SendBroadcastPermission: action:android.intent.action.SIG_STR, mPermissionType:0
12-17 22:28:53.888  3608  3608 D InCall  : AnswerPresenter - onCallListChange callList=com.android.incallui.CallList@86c7f97
12-17 23:25:43.744  1795  1809 D NavigationBarPolicy: onFling::not valid gesture or touch plus on, false, return!
12-18 08:42:52.167   633 31870 I SDK     : 
12-18 13:06:03.713  3382  3399 I SendBroadcastPermission: action:qualcomm.intent.action.ACTION_RAC_CHANGED, mPermissionType:0
12-17 23:48:40.920   802   802 E Thermal-daemon: [Thermal_Hw] temperature_valid, battery : temperature is invalid, invalid temperatrue is 25
12-18 15:38:09.927  3858  4126 I amsnl   : m1: false
12-17 19:31:56.249  5215  5215 D wpa_supplicant: Beacon IEs - hexdump(len=194): 00 0f 48 75 61 77 65 69 2d 45 6d 70 6c 6f 79 65 65 01 08 82 84 0b 16 0c 12 18 24 03 01 09 05 04 ...
12-17 21:47:58.021  2852  2852 I EventCenter: EventCenter Get :android.com.huawei.bone.NOTIFY_SPORT_DATA
12-18 15:32:56.577   633 31870 I SDK     : 
12-17 19:56:43.721  1795 17832 D ActivityManager: Skipping, withExcluded: false, tr.intent:Intent { flg=0x10804000 cmp=com.android.systemui/.recents.RecentsActivity bnds=[48,1199][1032,2447] }
12-18 12:10:45.960   597   780 I rmt_storage: rmt_storage_client_thread: /boot/modem_fs2: clnt_h=0x15c: req_h=0x15c msg_id=3: Bytes written = 1572864
12-17 22:55:37.523   818  1152 I logserver: handle_exception_events enter
12-17 19:32:26.553  1795  1795 D DeviceIdleController: becomeInactiveIfAppropriateLocked()
12-17 20:24:14.749  2852  2852 I HwBrightnessController: updateSlider2 seekBarProgress:2313
12-18 14:13:11.558  5157  5157 I chromium: [INFO:CONSOLE(1)] "Uncaught SyntaxError: Unexpected token var", source:  (1)
12-17 20:11:04.656  1795  2376 D PowerManagerService: ready=true,policy=0,wakefulness=0,wksummary=0x1,uasummary=0x0,bootcompleted=true,boostinprogress=false,waitmodeenable=false,mode=true,manual=33,auto=-1,adj=0.0userId=0
12-18 08:49:14.434   633 31870 I SDK     : <2016-12-18 08:49:14> [WARN] SDK: UE-SeC 2016-12-18 8:49:14:434 Level[WARN] magic[3362781472 684]:PubEvt_Close Getting a socket[101] from the Socket-table Failed!
12-17 23:38:14.684  1795  1795 I MQoS    : received cell-signal:1
12-17 21:17:28.950  3218  3218 I SendBroadcastPermission: action:org.codeaurora.VOIP_VOPS_SSAC_STATUS, mPermissionType:0
12-18 14:38:30.652  2852  2852 D NetWorkUtils: mVSimCurCardType is -1
12-18 10:54:49.840  1795  2750 D HW_DISPLAY_EFFECT: presently, hw_update_color_temp_for_rg_led interface not achieved.
12-18 14:24:33.257  2852  2852 D KeyguardUpdateMonitor: received broadcast android.intent.action.TIME_TICK
12-17 21:47:24.509   633   692 I eSpaceService: Watch Thread{4481} WatchThread.onLoop(WatchThread.java:94) watch thread onLoop... 
12-18 14:14:09.961  5994  5994 D wpa_supplicant: WPS: WFA subelement id=0 len=1
12-18 15:29:35.570  1795  1795 I MQoS    : rtt=13950,tcp_tx_pkts=1536896,tcp_rx_pkts=1801773
12-18 07:29:37.763  2852  2852 I NetworkController.MobileSignalController(0): need to force refresh view
12-17 22:31:25.987  3626  3626 E PTM.FileNodeInfo: getTempInfo error: null, 0
12-17 21:32:34.198  1795  2380 D InputDispatcher: channel 'WindowManager (server)' ~ enqueueDispatchEntryLocked: skipping inconsistent motion event
12-18 17:44:34.214  3879  3879 W HwIntelligent3_CardRootView50:  var is null at CardRootView50 dismissPopMenu 209
12-18 09:18:34.370  2852  2852 D HwCustMobileSignalControllerImpl: sub =0,strMccMnc =null,hashMccMnc =[],strPlmn =hw_show_lte
12-18 15:33:21.441 25067 25067 I UX      : CollectorManager--isCollectorEnabled--getBoolean: false
12-17 21:13:41.349  2852  2852 I HwSignalClusterView: getOrInflateState subId:0
12-18 08:29:58.668  3466  3466 I Contacts: DialpadFragment mBroadcastReceiver action:android.intent.action.SCREEN_ON
12-18 14:07:29.543  2852  3556 I HwNetworkControllerImpl: onReceive: action = android.net.conn.INET_CONDITION_ACTION
12-18 08:09:47.784  3858  4126 I amsnl   : t:false, fl: false, p: 2147483647000, ce: true, we: false
12-17 21:23:17.725   533  3739 E ANDR-PERF-MPCTL: Invalid profile no. 0, total profiles 0 only
12-18 19:49:12.960  1795  2750 D PowerManagerService: Setting HAL auto-suspend mode to false
12-18 17:46:42.080  3382  3399 D QcrilMsgTunnelSocket: Rcvd UNSOL response with 28 bytes data for SUB0
12-18 18:26:54.666  2852  2852 D HwCustMobileSignalControllerImpl: isCurrentBySim()=false
12-18 12:38:58.953  7741  7741 V Mms_UI_CMA: ### CMA.loadMessagesAndDraft: START_TYPE_NONE. shouldLoadDraft=true
12-17 20:01:32.458  5224  5224 I Step_LSC: 20002302|onStandStepChanged 65966
12-18 15:36:38.111 10334 10334 D wpa_supplicant: random pool - hexdump(len=128): [REMOVED]
12-17 22:26:05.440  2852  2852 W HwPhoneLayoutInflater: onCreateView : ClassNotFoundException, In this case we want to let the base class take a crack at it
12-18 15:28:49.436  9659  9738 E hwaps   : APS: SSR : The platform cannot support SSR !: 0x0,0x0,4
12-18 19:53:31.391  1795  1809 D NavigationBarPolicy: onFling::not valid gesture or touch plus on, false, return!
12-18 19:49:13.587   606  2379 E libteec : QSEECom_send_cmd return!
12-18 07:36:00.006  2852  2852 I HwDateUtils: formatChinaDateTime, change to China normalTime:早上7:36
12-17 21:05:39.140  1795 28479 W AwareLog: AwareMem_Kill: empty group list!
12-18 14:09:59.530  2852  2852 D NetWorkUtils: mVSimCurCardType is -1
12-18 00:24:22.561  1795  2380 D PowerManagerService: userActivityNoUpdateLocked: eventTime=134950860, event=2, flags=0x0, uid=1000
12-17 23:11:55.425  2852  3556 I NetworkController.MobileSignalController(0): onDataActivity: direction=1
12-17 21:52:47.747  1795  1809 I qti_sensors_hal: 0x55, 0x0, 0x0, 0x0
12-17 20:25:12.982  3382  3399 I SendBroadcastPermission: action:qualcomm.intent.action.ACTION_RAC_CHANGED, mPermissionType:0
12-17 21:32:22.265  1046  9753 V APM_AudioPolicyManager: selectOutput() commonFlags for output 13, 0000
12-17 21:52:31.871  1795  2748 D HwAmbientLuxFilterAlgo: earliestValidTime + POWER_ON_BRIGHTENING_LIGHT_DEBOUNCE
12-17 23:29:15.383  3858  4126 I amsnl   : csr
12-17 21:53:02.343  1795  1795 D HwConnectivityService: CtrlSocket restoreScrOnStatus
12-17 19:31:45.436  1795  2670 D WifiController: set idle timer: 1800000 ms
12-18 15:33:00.725   606 10509 E libteec : send data return = 128
12-18 18:13:26.181  1795  2736 E hwintelligencewifi: isMonitorCellId mInfos.size() = 134
12-17 21:21:02.711 24266 24266 V chaunce : org.iqiyi.video.vote.b.aux.a()<-1> : checkVoteShowTime-->1426625
12-18 00:07:26.015  1795 15591 D ActivityManager: cleanUpApplicationRecord -- 13939
12-17 22:26:53.612  3626  3626 I iMonitor: create: 903001010
12-17 23:00:58.145   633 31870 I SDK     : 
12-18 17:30:14.265   633 31870 I SDK     : 
12-18 07:51:52.169  1795  1819 I InputDispatcher: frozenCheckLocked mDispatchFrozen=0 mNextUnblockedEvent=0
12-18 17:40:46.698  1795  2377 E ProcessInfoCollector: getProcessInfo: failed to find this proc 
12-18 14:07:28.931   606  2379 E libteec : receive data len = 128
12-18 12:38:55.898  2852  2852 I PanelBar: panelExpansionChanged 0.0, false
12-17 23:48:37.322  2852  2852 W PanelView: set notification panel padding = 1668
12-18 12:49:09.283  1795 11746 D PowerManagerService: acquire lock=83621653, flags=0x1, tag="RILJ_ACK_WL", name=com.android.phone, ws=null, uid=1001, pid=3218
12-18 15:35:52.753 10334 10334 D wpa_supplicant: wlan0: radio_work_free('scan'@0x7f9a42f480: num_active_works --> 0
12-17 22:00:00.695  3626  3626 D PTM.ObserverManager: Failed to get BdatManager
12-18 12:38:49.515   633  3537 I SDK     : 
12-18 17:30:13.296  2883  3125 I HwSystemManager: StartupResidentService:InnerHandler Message:7
12-18 15:35:32.239  1795  3238 W ActivityManager: getRunningAppProcesses: caller 10009 does not hold REAL_GET_TASKS; limiting output
12-18 17:56:00.994  1046  1125 I Huawei_audio_cust: huawei_audio huawei_choose_HandsFree_device_incall_forHWtest: test Type =4
12-17 21:19:55.625 24266 24266 I qiyippsplay: org.iqiyi.video.ui.bf.h()<-1> : 当前时间1359651
12-17 22:51:19.243   814 23382 D NuPlayer: codec of amr-wb is disabled!
12-18 17:41:53.939 25067 25067 D HwWidgetFactoryImpl: getAppDefinedPrimaryColor has Color=0xff1a93d2 set by setStatusBarColor()
12-18 09:47:34.599  1795  6988 D PowerManagerService: acquire lock=267860745, flags=0x1, tag="RILJ_ACK_WL", name=com.android.phone, ws=null, uid=1001, pid=3218
12-18 19:49:30.056  1795  6986 D PowerManagerService: acquire lock=184063844, flags=0x1, tag="NetworkStats", name=android, ws=null, uid=1000, pid=1795
12-18 07:56:29.587   633 31870 I SDK     : 
12-18 15:33:00.935 10334 10334 D wpa_supplicant: OKC-Native: Append done!
12-18 15:36:32.945 10334 10334 D wpa_supplicant: WPS: attr type=0x1011 len=9
12-17 21:48:20.804  1795  2685 D ConnectivityService:  network has: [ Transports: CELLULAR Capabilities: SUPL&INTERNET&NOT_RESTRICTED&TRUSTED&NOT_VPN&VALIDATED LinkUpBandwidth>=51200Kbps LinkDnBandwidth>=102400Kbps Specifier: <0>]
12-18 17:42:38.675  1795  3111 D ActivityManager: Skipping, withExcluded: false, tr.intent:Intent { act=com.android.deskclock.ALARM_ALERT flg=0x10800004 cmp=com.android.deskclock/.alarmclock.LockAlarmFullActivity (has extras) }
12-17 19:33:11.207   606  2379 E libteec : receive data len = 128
12-18 19:16:30.283  3168 24254 D HwRepairHelper: update()   updated:  00
12-17 22:27:54.321   835  2385 E libteec : qsc_decode end
12-18 08:21:55.212  2852  2852 D NetWorkUtils: mVSimCurCardType is -1
12-18 18:30:28.956  2852  3556 I HwNetworkControllerImpl: onReceive: action = android.intent.action.LTE_CA_STATE
12-18 14:12:23.601  1795  1795 I HwNormalizedManualBrightnessThresholdDetector: fist sensor lux and filteredlux=1350.0,time=510082327
12-17 23:27:37.165  1795  1795 I MQoS    : received cell-signal:5
12-17 20:11:41.875  2852  2852 I StackScrollAlgorithm: updateClipping isOverlap:false
12-17 21:47:30.118  2852  2852 I NotificationContentView: transferRemoteInputFocus: 0
12-18 07:15:35.971  1795  2748 D HwAmbientLuxFilterAlgo: earliestValidTime + POWER_ON_BRIGHTENING_LIGHT_DEBOUNCE
12-18 19:50:14.375  2852  2852 I HwBrightnessController: onChange selfChange:false uri.toString():content://settings/system/screen_auto_brightness mIsObserveAutoBrightnessChange:true
12-18 14:11:55.420  2883  2996 I HwSystemManager: NatTrafficNotifyService:delta byte = 0 no traffic delta = 0Traffic state is 301
12-18 09:10:57.958  3218  3218 D VideoCall_LowBattery:  allowVideoCallsInLowBattery: false isCarrierOneSupported: false mIsLowbattery: false
12-17 23:32:51.012   633 12261 I SDK     : <2016-12-17 23:32:51> [NOTICE] SDK: UE-SeC 2016-12-17 23:32:51:12 Level[NOTICE] magic[2309794080 6458]:FSM_Tool_TreatFolderEncEx => [START]: pcFileName [anyofficeuserorgcode] 
12-18 14:45:42.281  2852  2852 W PanelView: set notification panel padding = 1328
12-17 21:26:09.934  2883  4316 I HwSystemManager: CallIntelligentHelper:queryNumberMark called, numberMarkUseNetwork:true
12-17 21:14:44.480  1795  3110 I AlarmManager: set(PendingIntent{7a896ba: PendingIntentRecord{3c38496 android broadcastIntent}}) : type=0 triggerAtTime=1481980484658 win=0 tElapsed=449025843 maxElapsed=449025843 interval=0 flags=0x9
12-17 20:25:52.763  1795 15988 I AlarmManager: remove(PendingIntent{d490ca2: PendingIntentRecord{5a2aba3 android broadcastIntent}}) changed bounds; rebatching
12-17 23:05:16.614  1046  9752 I APM_AudioPolicyManager: startOutput() output 13, stream 1, session 3113
12-17 22:30:35.850   633 31868 E SDK     : <2016-12-17 22:30:35> [ERR] SDK: UE-SeC 2016-12-17 22:30:35:850 Level[ERR] magic[3365677344 4977]:CMTM_RestoreEnv!
12-18 00:00:52.616   633 31868 I SDK     : <2016-12-18 00:00:52> [NOTICE] SDK: UE-SeC 2016-12-18 0:0:52:616 Level[NOTICE] magic[3365677344 2756]:WriteSdkGroupItem: hash has same item[w00290667_keyServiceTicket]
12-18 14:12:22.658  1795 17832 I ActivityManager: ActivityRecord info: ActivityInfo{56fc93a com.tencent.mm.plugin.offline.ui.WalletOfflineEntranceUI}, euid: 0
12-18 14:11:43.176  1795  1795 I TrafficMonitor: no expired. level:3
12-17 19:58:38.971  5215  5215 D wpa_supplicant: EAP: Received EAP-Request id=33 method=13 vendor=0 vendorMethod=0
12-17 21:52:29.327  1795  1795 I AlarmManager: remove(PendingIntent{b57d719: PendingIntentRecord{e4663de android broadcastIntent}}) changed bounds; rebatching
12-18 07:30:44.449  1795 20747 I TransactionSponsor: Transact:getHwAdminCachedListto device policy manager service.
12-18 15:33:23.320  1795  2381 I InputReader: Reconfiguring input devices.  changes=0x00000004
12-18 14:09:29.891  2883  2949 I HwSystemManager: HoldService:locationInfo switch is on . pid = 5157
12-17 22:08:03.452  1795 16232 W ActivityManager: getRunningAppProcesses: caller 10102 does not hold REAL_GET_TASKS; limiting output
12-17 20:46:05.920  2852  3556 I NetworkController.MobileSignalController(0): onDataActivity: direction=3
12-17 23:10:20.440   835  2385 E libteec : qsc_decode end
12-18 14:11:36.274   633   692 I ECS     : msg.recv{4490} XmlMsg.decodeBuf(XmlMsg.java:237) RECV 112 bytes [12]_00_03_02_06_0E_05_8B_7D_EC_C4_98_5B cmdCode(CC_ReqCircleState.0x060E)msgType(MT_ACK.2)msgClass(MC_FriendsCircle.6)sender(ST_Mobile.0)crypted(true)zipped(false)nobase64(true)length(108)version(3)sno(8B7D)
12-18 03:25:54.830   800  1015 D         : oem-qmi: recv_id_l = 15 recv_id=15
12-17 22:30:35.348   633   692 I eSpaceService: pool-3-thread-1{4478} BaseBroadcast.sendBroadcast(BaseBroadcast.java:131) no receiver for action#local_voicemessage_updatestatus
12-18 10:45:03.031  1795  1795 E hwintelligencewifi: onCellLocationChanged
12-18 09:17:31.532  1795  2380 I PowerManager_screenOn: PowerManagerNotifier onUserActivity: event=2, uid=1000
12-18 18:26:01.159  4492  4544 D 2DSDR   : APS: 2DSDR: CanvasContext::setSDRZoomout(), the SDR ratio from ViewRootImpl is -1.000000, native window width = 1080, height = 1920
12-17 21:27:09.811  2852  2852 I StatusBarIconView: updateTint: tint=0
12-18 15:32:56.563   633 31870 I SDK     : <2016-12-18 15:32:56> [WARN] SDK: UE-SeC 2016-12-18 15:32:56:563 Level[WARN] magic[3362781472 684]:PubEvt_Close Getting a socket[192] from the Socket-table Failed!
12-18 07:30:47.398   816 20435 D DnsProxyListener: GetAddrInfoHandler addr: vs4.gzcm.u3.ucweb.com {309, 917813, 10029} 183.232.47.14
12-17 22:27:02.190  5224  5283 I Step_LSC: 20002302|REPORT : 10165 217650 7257 0
