12-18 11:24:03.417  1795  2323 E UsbDeviceManager: 	at android.os.FileUtils.readTextFile(FileUtils.java:267)
12-17 21:27:20.181  1795  2381 I PowerManagerService: Going to sleep due to power button (uid 1000)...
12-17 21:48:10.798  1795  1809 I WindowManager: updateRotationUnchecked(alwaysSendConfiguration=false)
12-18 07:57:12.194  1795  2381 D InputReader: processEventsLocked code=116
12-18 08:38:00.128  2852  2867 D KeyguardService: Caller checkPermission fail
12-18 12:39:48.246  1795  1808 I ActivityManager_broadcast: dispatch ordered broadcast [background] BroadcastRecord{87dadc u0 com.huawei.android.action.alarm_weather}, has 1 receivers
12-17 20:18:52.903  1795 15988 I ActivityManager_broadcast: Enqueueing ordered broadcast[background] BroadcastRecord{52c7265 u0 android.intent.action.USER_PRESENT}: prev had 0
12-17 21:01:20.090  2852  2852 I HwSignalClusterView: setMobileDataIndicatorsHuawei subId:0 visible:true strengthIcon:2130839311 typeIcon:2130839195 contentDescription:手机信号满格。 typeContentDescription:4G isTypeIconWide:true showActivity:true activityIn:false activityOut:false isRoaming:false
12-17 23:28:53.146  1795  2380 D PowerManagerService: userActivityNoUpdateLocked: eventTime=131621443, event=2, flags=0x0, uid=1000
12-17 19:56:36.418  3626  3753 I SentLogNumThreshold: clearData
12-17 21:58:02.253  2852  2852 W HwPhoneLayoutInflater: onCreateView : ClassNotFoundException, In this case we want to let the base class take a crack at it
12-18 17:43:36.473  2883  3916 I HwSystemManager: HoldService:locationInfo switch is on . pid = 18160
12-18 15:43:46.748  1795  2323 E UsbDeviceManager: Error reading charge file
12-17 21:50:48.658  2883  4316 I HwSystemManager: HarassmentInterceptionService:handleInComingCallAndGetNumberMark  presentation = 1, subId:0
12-17 21:34:38.759  3626  4889 E PTM.FileNodeInfo: getTempInfo error: null, 0
12-18 14:12:29.585  5157  5157 D test    : sending:{"handlerName":"getRegisteredJsHandler","callbackId":"java_cb_1","data":null}
12-17 22:01:42.364  3608  3608 I InCall  : InCallActivity - onResume()...
12-17 21:27:20.952  3180  3578 I ash     : ash->screen off
12-18 15:35:37.140 11759 11759 D ActivityThread: ActivityThread,attachApplication
12-17 22:05:39.095  1795  2323 E UsbDeviceManager: 	at android.os.FileUtils.readTextFile(FileUtils.java:267)
12-17 23:31:32.486  2852  2852 I HwSignalClusterView: getOrInflateState subId:0
12-18 18:34:45.517  1795  3110 D PowerManagerService: acquire lock=213739095, flags=0x1, tag="RILJ_ACK_WL", name=com.android.phone, ws=null, uid=1001, pid=3218
12-18 01:26:22.203   828 18868 D QC-time-services: Daemon:genoff_persistent_update: Writing genoff = 1478169112140 to memory
12-18 10:45:51.244  1795  3238 V SecInputMethodManagerService: Client requesting input be hidden, pid=4492
12-18 15:33:07.710  1795  6985 I MediaProcessHandler: playingUids: 
12-18 09:10:59.481 29006 29020 E SQLiteDatabase: 	at android.database.sqlite.SQLiteConnection.open(SQLiteConnection.java:203)
12-17 20:11:52.909  2852  2852 I HwMobileSignalController: notifyListenerHuawei::origin typeIcon:2130839197 icons.mName:4GPLUS isSuspend:false, showDataIcon=true, dataConnected=true, isRoaming=false
12-17 22:05:42.485  2852  2852 I BarTransitions.HwPhoneStatusBarView: transitionTo: mode=MODE_TRANSLUCENT, animate=false
12-17 22:24:52.440  2883  2883 D HwKeyguardManagerImpl: isLockScreenDisabled HwKeyguardManagerImpl result = false
12-17 19:31:50.900  1795  2371 E huawei_ProximitySensor_CPP_Test: ProximitySensor: 9 is far event,0 is close event,value = 0.000000
12-17 21:26:45.928  1795 31097 D PFW.HwPFWAppWakeLockPolicy: getUidWakeLock uid: 10028 wakelock(minutes): 0
12-17 21:58:07.719  2883  3040 I HwSystemManager: TrafficNotifyAfterLocked:mLockStartTraffic = 1094612;mLockStartTrafficList = {1000=com.huawei.netassistant.common.ParcelableAppItem@dca62ca, 10017=com.huawei.netassistant.common.ParcelableAppItem@b81cc3b, 10028=com.huawei.netassistant.common.ParcelableAppItem@3201f58, 10053=com.huawei.netassistant.common.ParcelableAppItem@44a58b1, 10074=com.huawei.netassistant.common.ParcelableAppItem@493e196, 10102=com.huawei.netassistant.common.ParcelableAppItem@1b6f117, 10103=com.huawei.netassistant.common.ParcelableAppItem@723d904, 10105=com.huawei.netassistant.common.ParcelableAppItem@37aceed, 10140=com.huawei.netassistant.common.ParcelableAppItem@ea48122}
12-18 18:27:18.791  1795  6985 I HwBroadcastQueue: com.huawei.camera drop actions:[]
12-18 08:29:13.550  1795  2396 D PowerManagerService: ready=true,policy=3,wakefulness=1,wksummary=0x0,uasummary=0x1,bootcompleted=true,boostinprogress=false,waitmodeenable=false,mode=true,manual=33,auto=-1,adj=0.0userId=0
12-18 09:18:40.408  2852  2914 I SimCardMethod: isCardAbsent slot:0 slotState:5
12-18 14:12:26.909  5157  5157 D test    : sending:{"handlerName":"getRegisteredJsHandler","callbackId":"java_cb_1","data":null}
12-18 17:35:20.881  1795  2323 E UsbDeviceManager: 	at java.io.FileInputStream.<init>(FileInputStream.java:146)
12-18 17:30:39.400 15531 15544 E SQLiteDatabase: 	at com.baidu.location.g.a.b(Unknown)
12-18 07:57:02.895 31949 31985 I PushService: connect :true
12-17 20:45:22.712  1795  3253 D PowerManagerService: ready=true,policy=3,wakefulness=1,wksummary=0x23,uasummary=0x4,bootcompleted=true,boostinprogress=false,waitmodeenable=false,mode=true,manual=33,auto=-1,adj=0.0userId=0
12-17 22:30:32.433  3218  3218 D Telephony: TelephonyConferenceController: recalc - 6 [TelephonyConnection objId:27908626 telecomCallID:TC@15 type:gsm state:DISCONNECTED capabilities:[Capabilities: CAPABILITY_HOLD CAPABILITY_SUPPORT_HOLD CAPABILITY_MUTE CAPABILITY_CANNOT_DOWNGRADE_VIDEO_TO_AUDIO CAPABILITY_SPEED_UP_MT_AUDIO] properties:[Properties:] address:xxxxxxxxxxxxxxxx originalConnection: callId: TC@15 incoming: true state: DISCONNECTED post dial state: NOT_STARTED partOfConf:N] supportsConf? true
12-17 20:14:16.250  5224  5283 I Step_LSC: 20002302|calculateAltitudeWithCache datas.size=8414
12-18 15:11:31.383  3168  3307 D QmiChr_Native: GetProtocolInfo, result =1, outputLen =16
12-17 21:52:24.647  1795  1795 I PowerManager_screenOn: PowerManagerNotifier Sending wake up broadcast.
12-18 14:11:19.759  5157  6215 D fingerprint: QEOtoUMUuV0MzCoXxK58ehzMEaMv9Fan49OJJ3TYhJd7gIV9SohKPsJBQKZ3k09UXbpRrjhxJo2P
12-18 11:20:33.710  3218  3234 D PhoneInterfaceManager: [PhoneIntfMgr] getDataEnabled: subId=0 retVal=true
12-18 08:14:12.580  1795  2396 D PowerManagerService: ready=false,policy=3,wakefulness=1,wksummary=0x1,uasummary=0x1,bootcompleted=true,boostinprogress=false,waitmodeenable=true,mode=true,manual=33,auto=-1,adj=0.0userId=0
12-17 20:05:57.849  2852  2852 I StatusBarIconView: updateTint: tint=0
12-18 15:28:46.317  1795  3111 I WindowManger_windowChange: oldFocusWindow: Window{773320 u0 com.huawei.android.launcher/com.huawei.android.launcher.unihome.UniHomeLauncher}, currentFocusWindow: null, currentFocusApp: AppWindowToken{70a3c89 token=Token{ee6a653 ActivityRecord{4207642 u0 com.sankuai.meituanhd/com.sankuai.meituan.activity.Welcome t397}}}
12-18 12:38:56.416  1795  3490 I AwareLog: AwareMem_EventTracker: [POLLING_TIMEOUT_139398895] kill uid:1000, proc:com.huawei.indexsearch
12-18 18:28:37.274  2852  3556 I NetworkController.MobileSignalController(0): 	to: connected=true,enabled=true,level=5,inetCondition=1,iconGroup=IconGroup(4GPLUS),activityIn=true,activityOut=true,rssi=0,lastModified=12-18 06:28:36,isRoaming=false,dataSim=true,networkName=中国移动,networkNameData=中国移动,dataConnected=true,isDefault=true,isEmergency=false,airplaneMode=false,carrierNetworkChangeMode=false,userSetup=true
12-17 21:25:54.109   835  2385 E libteec : begin
12-18 00:24:25.841  2852  2852 I BarTransitions.HwPhoneStatusBarView: transitionTo: mode=MODE_TRANSPARENT, animate=false
12-18 14:10:51.772  1795  2739 I HuaweiWifiWatchdogStateMachine: Update current BSSID to null
12-17 21:18:04.659  2852  2914 I HwMobileSignalController: subId:0 phoneType:1 networktype:13 targetClass:3 masterLevel:4 slaveLevel:-1
12-18 18:32:45.391  1795  1825 I PowerManager_screenOn: DisplayPowerStatesetColorFadeLevel: level=0.5936906
12-18 07:30:48.874 20349 20349 E HW-JPEG-DEC: [HME_JPEG_DEC_Delete](3298): HME_JPEG_DEC_Delete: decoder_ctx=null
12-17 23:48:51.112  2852  2852 I HwSignalClusterView: setMobileDataIndicatorsHuawei subId:0 visible:true strengthIcon:2130839311 typeIcon:2130839195 contentDescription:手机信号满格。 typeContentDescription:4G isTypeIconWide:true showActivity:true activityIn:true activityOut:true isRoaming:false
12-17 21:04:38.456 24266 24266 V chaunce : org.iqiyi.video.vote.b.aux.a()<-1> : checkVoteShowTime--hideVoteView
12-17 23:01:05.764   835  2385 E libteec : qsc_decode end
12-18 14:09:53.276  2883  6116 I HwSystemManager: HoldService:locationInfo switch is on . pid = 5157
12-18 08:14:15.392  1795  2748 D HwAmbientLuxFilterAlgo: earliestValidTime + POWER_ON_DARKENING_LIGHT_DEBOUNCE
12-17 20:46:04.931  2852  2852 I HwSignalClusterView: getOrInflateState subId:0
12-18 14:14:03.596  1795  6284 W ActivityManager: Scheduling restart of crashed service com.huawei.camera/.controller.BootDaemonService in 1000ms
12-18 09:12:03.568  2883  2996 E HwSystemManager: SimCardMethod:/getSimCardInfo: imsi is null
12-18 10:52:06.477   808   547 D [HWCamera] HwAlgorithmicInformation: void android::HwAlgorithmicInformation::setSmartAeInfo(int, int*, SmartAE_EXIF_INFO_t*), frameNum = 0, expo = 0xeca78de0, set smartAE output hdr values to default
12-18 09:45:37.220  2852  2852 I NotificationGroupManager: onEntryAdded:0|com.huawei.health|10010|null|10099, group=0|com.huawei.health|10010|null|10099
12-18 19:25:15.140  1795  3225 D PowerManagerService: ready=true,policy=3,wakefulness=1,wksummary=0x1,uasummary=0x1,bootcompleted=true,boostinprogress=false,waitmodeenable=false,mode=true,manual=33,auto=-1,adj=0.0userId=0
12-18 17:46:47.940  3382  3399 D QcrilMsgTunnelSocket: Broadcasting intent ACTION_RAC_CHANGED
12-18 16:01:09.206   633 14398 E SDK     : 
12-18 12:51:02.132  2883  2883 I HwSystemManager: ScheduleRecordPowerConsumeReceiver:onReceive: Action = com.huawei.hwsystemmanager.power.SCHEDULE_RECORD_REMAING_TIME_SCENE
12-18 08:47:00.383  2852  2852 D NetWorkUtils: mVSimCurCardType is -1
12-17 20:00:20.381  1795  2323 E UsbDeviceManager: 	at java.io.FileInputStream.open(Native Method)
12-18 14:09:32.427  1795  3341 E LocSvc_ApiV02: I/<--- void globalEventCb(locClientHandleType, uint32_t, const locClientEventIndUnionType, void *) line 114 QMI_LOC_EVENT_POSITION_REPORT_IND_V02
12-18 10:39:38.423  3218  3517 I QImsService: ImsSenderRxr :  Tag -1 3 219 0[SUB0]
12-18 15:36:32.357 10334 10334 D wpa_supplicant: wlan0: Add radio work 'scan'@0x7f9a42f420
12-18 08:09:46.618  2852  2852 I HwSignalClusterView: setMobileDataIndicatorsHuawei subId:0 visible:true strengthIcon:2130839311 typeIcon:2130839195 contentDescription:手机信号满格。 typeContentDescription:4G isTypeIconWide:true showActivity:true activityIn:false activityOut:false isRoaming:false
12-17 22:33:33.722  3466  3466 I Contacts: PLog CallLogFragment refreshData
12-18 14:11:30.619  3180  3578 I PGServer: report state:6 event type:1 pid:0 uid:10020 pkg:com.huawei.camera to pid: 1795
12-18 07:46:34.953  3782 21931 V AudioManager: isWiredHeadsetOn...
12-17 20:31:41.371 24266 24266 I         : power log dlsym ok
12-17 23:58:52.287   633 31870 I SDK     : 
12-18 11:07:06.081  3168  3307 E         : ######  output 0
12-17 20:47:06.150  1795  1819 D NetworkManagement: notifyInterfaceClassActivity: client is com.android.server.connectivity.Tethering@ff4a50f
12-17 21:57:58.321   612   612 I SDM     : DisplayBase::SetDisplayState: Set state = 1, display 0
12-18 10:45:04.736   633 32131 E SDK     : 
12-18 18:23:25.886  1795  1825 W LightSensor: LightSensor, enable, 284: flags=1
12-17 21:33:10.803  2852  2852 D HwCust  : Create obj success use class android.app.HwCustNotificationImpl
12-18 16:11:49.360   800  1015 D         : oem-qmi: Connection accepted
12-17 22:34:49.429  1795  3121 D ApplicationPackageManager: queryIntentActivitiesAsUser size results:1, for package:com.huawei.espacev2
12-17 20:28:59.610  1795  1819 D NetworkManagement: notifyInterfaceClassActivity: client is android.net.INetworkManagementEventObserver$Stub$Proxy@af226
12-17 21:20:56.969  2852  2852 D HwCustMobileSignalControllerImpl: isCurrentBySim()=false
12-18 13:29:16.132  1795  1808 V HwBroadcastQueue: trim and enqueue background Parallel:(4) Ordered:(0)(BroadcastRecord{7783413 u-1 android.intent.action.BATTERY_CHANGED})
12-17 20:31:45.656  1795  6988 E HsmCoreServiceImpl: onTransact in code is: 102
12-17 23:31:11.872  2852  2914 I HwMobileSignalController: subId:0 phoneType:1 networktype:13 targetClass:3 masterLevel:4 slaveLevel:-1
12-17 23:30:56.742  1795  1825 I qti_sensors_hal: activate: 295 activate sensors is 2000000000000
12-17 20:58:03.305  1795  1819 D NetworkManagement: notifyInterfaceClassActivity: client is android.net.INetworkManagementEventObserver$Stub$Proxy@af226
12-17 20:25:58.657  2852  2852 I NotificationGroupManager: onEntryUpdated:0|com.huawei.health|10010|null|10099
12-18 08:27:20.944  3858  4126 I amsnl   : csr
12-18 15:40:42.784 10334 10334 E wpa_supplicant: RSSI=-46;LINKSPEED=72;NOISE=9999;FREQUENCY=2462;
12-18 00:18:39.506   533  3739 E ANDR-PERF-MPCTL: Invalid profile no. 0, total profiles 0 only
12-17 21:52:24.703  1795 16500 D PowerManagerService: ready=false,policy=3,wakefulness=1,wksummary=0x10,uasummary=0x1,bootcompleted=true,boostinprogress=false,waitmodeenable=false,mode=true,manual=33,auto=-1,adj=0.0userId=0
12-17 21:39:53.634  3382  3399 D QcrilMsgTunnelSocket: Broadcasting intent ACTION_RAC_CHANGED
12-17 23:06:15.708  3858  4126 I amsnl   : c: true, w: false, t: false, l: false
12-18 07:35:39.747  3858  4126 I amsnl   : t:false, fl: false, p: 2147483647000, ce: true, we: false
12-17 19:36:01.986  1795  1795 I TrafficMonitor: expired arrive. level:-1
12-17 20:36:38.161 24266 24266 D seekbar : org.iqiyi.video.ui.ci.onProgressChanged()<-1> : 当前进度：1261965 缓冲大小:1506307 缓冲进度：2768272
12-17 21:32:39.721  1795  3364 I Telecom : CallAudioModeStateMachine: Message received: NO_MORE_RINGING_CALLS.: CSW.sD->CAMSM.pM_1002@E4Q_1
12-17 23:40:03.852   633   692 I TCP     : msg.recv{4490} TcpClientThread.onRecv(TcpClientThread.java:515) TCP Msg 5740TCP_OK
12-18 14:12:56.836  5224  5283 I Step_ExtendStepDataManager: 20002302|before compensate: cache step_8088
12-17 19:32:23.898 31949 31967 I eSpaceService: WatchThread{4786} TcpCirChannel.connect(TcpCirChannel.java:219) Connect to server  address = [uc.huawei.com,]  port = 7801
12-18 12:39:10.972  1795  2748 D HwAmbientLuxFilterAlgo: t=139413479,BT=139414479,DT=139417479,BT1=139417479,DT1=139421479,Bn=false,Dn=false,lx=[522.0/139411976, 512.0/139412277, 504.0/139412578, 503.0/139412878, 503.0/139413179, 497.0/139413479],mLx=858.0,s=5.0,ss=0.18186352,AuIntervened=false,mProximityState=false,bLux=1776.0,dLux=322.41382,bLux1=1776.0,dLux1=322.41382
12-18 11:27:05.699   633   692 I TCP     : tcp.conn{4485} TcpSocket.close(TcpSocket.java:170) shutdown input: java.net.SocketException: Socket is not connected
12-17 21:32:17.217  1795 26208 D NumberLocationUtil: getGeoNumLocation geolocation: xxxxxxx
12-18 14:12:00.421  5994  5994 D wpa_supplicant: CTRL_IFACE monitor sent successfully to /data/misc/wifi/sockets/wpa_ctrl_1795-202\x00
12-17 23:06:00.007  2852  2852 I HwDateUtils: formatChinaDateTime, change to China normalTime:半夜11:06
12-18 16:01:09.029  1795  2736 E hwintelligencewifi: inlineAddCurrentApInfo mInfos.size()=134
12-18 19:50:15.680  1795 16232 I HwPFWLogger: AppAutoStartupPolicy:prevent start receiver of package cn.wps.moffice_eng for action android.intent.action.USER_PRESENT
12-18 12:38:52.304  4492  4492 V AudioManager: isBluetoothScoOn...
12-17 23:07:49.916  3858  4126 I amsnl   : m1: false
12-18 14:13:24.629  5994  5994 D wpa_supplicant: WPS: attr type=0x1044 len=1
12-17 22:30:34.875  2852  2852 I HwBrightnessController: updateSlider2 seekBarProgress:1474
12-18 00:21:57.989  1795  2748 D HwAmbientLuxFilterAlgo: t=134806299,BT=134807299,DT=134810299,BT1=134810299,DT1=134814299,Bn=false,Dn=false,lx=[0.0/134804795, 0.0/134805096, 0.0/134805397, 0.0/134805697, 0.0/134805998, 0.0/134806299],mLx=0.0,s=5.0,ss=0.0,AuIntervened=false,mProximityState=false,bLux=6.0,dLux=-1.0,bLux1=6.0,dLux1=-1.0
12-18 12:39:09.662  7741  7741 W View    : requestLayout() improperly called by com.huawei.mms.ui.HwComposeBottomEditView{a366392 V.E...... ......ID 0,1440-1080,1584 #7f0b005f app:id/mms_message_edit_layout} during layout: running second layout pass
12-18 14:11:34.857  5157  5157 I chromium: [INFO:CONSOLE(1)] "Uncaught SyntaxError: Unexpected token var", source:  (1)
12-17 21:33:57.582  5224  5283 I SendBroadcastPermission: action:android.com.huawei.bone.NOTIFY_SPORT_DATA, mPermissionType:0
12-17 20:23:22.047  3168 23392 D HwRepairHelper: getRcvData() TimeTdsLevelOther :  0
12-17 23:43:57.744  1795  2737 I QosMonitor: postEventFromNative: msg=100,arg1=0,arg2=9
12-17 23:12:39.276  2852  2852 I HwMobileSignalController: notifyListenerHuawei::origin typeIcon:2130839195 icons.mName:4G isSuspend:false, showDataIcon=true, dataConnected=true, isRoaming=false
12-18 03:56:27.633  3218  3218 I QImsService: ImsServiceSubHandler : handleImsStateChanged
12-18 19:49:58.916   633 31870 I SDK     : <2016-12-18 19:49:58> [WARN] SDK: UE-SeC 2016-12-18 19:49:58:916 Level[WARN] magic[3362781472 684]:PubEvt_Close Getting a socket[195] from the Socket-table Failed!
12-17 21:52:46.687  1795  1825 I PowerManager_screenOn: PowerManagerNotifier onWakefulnessChangeFinished mInteractiveChanging=true, mInteractive=false
12-17 20:32:22.024  2852  2852 D HwCustMobileSignalControllerImpl: sub =0,strMccMnc =null,hashMccMnc =[],strPlmn =hw_show_lte
12-18 14:11:29.755  1795  6280 I AlarmManager: set(null) : type=2 triggerAtTime=510029564 win=0 tElapsed=510033482 maxElapsed=510033482 interval=0 flags=0x9
12-18 09:50:33.798  3626  3626 E PTM.FileNodeInfo: getTempInfo error: null, 0
12-18 14:09:25.264  2883  7070 I HwSystemManager: HoldService:locationInfo switch is on . pid = 5157
12-18 14:15:21.820   633  7829 E SDK     : 
12-18 17:33:00.943  5224  5224 I Step_LSC: 20002302|compensate received
12-17 21:22:29.818  2852  2852 D HwCustMobileSignalControllerImpl: sub =0,strMccMnc =null,hashMccMnc =[],strPlmn =hw_mcc_mnc
12-18 19:49:45.825  5224  5283 I SendBroadcastPermission: action:android.com.huawei.bone.NOTIFY_SPORT_DATA, mPermissionType:0
12-18 18:23:57.957  1795  2381 D libfingersense_wrapper: fingersense_touch_up() finished
12-18 19:50:06.755  1795  2371 E LightSensor: read Events lux:  4.0
12-18 15:33:07.954 10334 10334 D wpa_supplicant: wlan0: Event SCAN_STARTED (47) received
12-17 23:01:39.947  1795  2750 D HW_DISPLAY_EFFECT: presently, hw_update_color_temp_for_rg_led interface not achieved.
12-18 17:41:31.554  2852  2852 I HwBrightnessController: onChange selfChange:false uri.toString():content://settings/system/screen_auto_brightness mIsObserveAutoBrightnessChange:true
12-18 15:33:54.013  1795  1795 I TrafficMonitor: update:rxPkts:178,txPkts:208,rxBytes:129928,txBytes:156441
12-17 21:40:12.505  1795  2323 E UsbDeviceManager: 	at android.os.UEventObserver$UEventThread.sendEvent(UEventObserver.java:210)
12-18 17:32:56.379  1795  2381 D libfingersense_wrapper: Calling fingersense_touch_up()
12-18 15:27:44.454  3168  3168 I CHR_TelStatusListenr: onCellLocationChanged: cellInfo = [9084,172659971,-1]
12-17 19:32:06.419  5215  5215 D wpa_supplicant: Beacon IEs - hexdump(len=194): 00 0f 48 75 61 77 65 69 2d 45 6d 70 6c 6f 79 65 65 01 08 82 84 0b 16 0c 12 18 24 03 01 09 05 04 ...
12-17 21:50:28.327  2852  2852 I KeyguardUpdateMonitor: SystemUI may crashed at earlier time. 127372897
12-18 10:40:48.013  1795  1805 D FpDataCollector: receive finger press down
12-17 23:44:59.024   633 31870 I SDK     : 
12-18 14:12:00.422  5994  5994 D wpa_supplicant: CTRL-DEBUG: ctrl_sock-sendmsg: sock=16 sndbuf=229376 outq=0 send_len=24
12-18 08:08:57.502  3858  4126 I amsnl   : m1: false
12-18 00:15:20.427   818  1086 E iMonitor: dropped event (cpu0) 
12-18 14:12:22.319  5157  5157 D test    : sending:{"handlerName":"getRegisteredJsHandler","callbackId":"java_cb_1","data":null}
12-17 20:35:55.632  2852  2852 D NetWorkUtils: mVSimCurCardType is -1
12-18 15:27:02.761  3180  3578 I AppManager: check dependency pid: 4690 is depended by pid: 1795
12-18 10:52:08.875   808   549 D [HWCamera] HwAlgorithmicInformation: setAlgoInfoFromDrv E  iso:64  exp_time:100  mean_y:46, gain:1.200295 settled:1
12-17 21:27:04.254  1795  2778 I HwActivityManagerService: Split enqueueing broadcast [callerApp]:ProcessRecord{34bf34f 0:system/1000}
12-18 07:41:42.215  3180 19874 I PGServer: report state:5 event type:2 pid:0 uid:10029 pkg:null to pid: 1795
12-17 21:04:50.512  3858  4126 I amsnl   : m1: false
12-17 21:19:00.006  2852  2852 I TimeManager: chinaDateTime:晚上9:19
12-18 19:49:54.637  7741  7741 E Mms_TXM_SVC: startService end 
12-17 21:34:35.457  3180  3578 I ash     : pkg null calling: com.huawei.espacev2, pid: 0 ,type: acquire_provider
12-17 21:57:58.304   606  2379 E libteec : qsc_send_cmd finish
12-17 20:27:11.900  3382  3399 D QcrilMsgTunnelSocket: Rcvd UNSOL response with 28 bytes data for SUB0
12-18 19:50:10.811   835  2385 E libteec : qsc_decode end
12-17 21:01:30.157  2852  3556 I NetworkController.MobileSignalController(0): 	to: connected=true,enabled=true,level=4,inetCondition=1,iconGroup=IconGroup(4G),activityIn=true,activityOut=true,rssi=0,lastModified=12-17 09:01:28,isRoaming=false,dataSim=true,networkName=中国移动,networkNameData=中国移动,dataConnected=true,isDefault=true,isEmergency=false,airplaneMode=false,carrierNetworkChangeMode=false,userSetup=true
12-18 07:30:07.464  1795 17831 D ActivityManager: getRecentTasks: topActivity=ComponentInfo{com.tencent.mm/com.tencent.mm.ui.LauncherUI}
12-18 19:47:30.711   803 25453 E Pged-NetworkMonitor: open file error
12-18 18:31:21.820  3168  3168 I CHR_TelStatusListenr: onCellLocationChanged: cellInfo = [9374,47309925,-1]
12-18 15:32:51.795  1795 15988 I ActivityManager: Start proc 10151:com.huawei.android.totemweather:remote/u0a28 for service com.huawei.android.totemweather/com.baidu.location.f
12-17 22:28:00.476  1795  6985 D PowerManagerService: ready=true,policy=0,wakefulness=0,wksummary=0x11,uasummary=0x0,bootcompleted=true,boostinprogress=false,waitmodeenable=false,mode=true,manual=33,auto=-1,adj=0.0userId=0
12-17 21:58:02.367   606  2379 E libteec : receive data len = 128
12-18 07:28:55.737  3626  3729 D NCCHR_LogDatabaseNc: metricFileReportProcess enter for metricId = 19
12-18 18:28:22.157 21425 21425 D HwCust  : Create obj success use class android.app.HwCustNotificationImpl
12-18 00:19:00.342  2852  2914 I HwMobileSignalController: updateSignalStrength: signalStrength=SignalStrength: -1 0 -1 255 -1 255 -1 255 255 21 -102 -11 116 2147483647 2147483647 false gw|lte
12-18 16:01:39.624  1795 16501 I ActivityManager: cleanUpApplicationRecordLocked, reset pid: 10699, euid: 0
12-18 14:12:55.559  5157  5157 D test    : sending:{"handlerName":"getRegisteredJsHandler","callbackId":"java_cb_1","data":null}
12-18 19:50:22.990  2852  2852 I HwSignalClusterView: apply hwPhoneState.mSubId:0 anyMobileVisible:false mIsAirplaneMode:false, mobileGroupVisible=true
12-18 15:33:32.440  1795  3884 E libteec : receive data len = 108
12-17 21:13:11.864   633 31870 I SDK     : <2016-12-17 21:13:11> [WARN] SDK: UE-SeC 2016-12-17 21:13:11:864 Level[WARN] magic[3362781472 684]:PubEvt_Close Getting a socket[106] from the Socket-table Failed!
12-17 20:11:45.288  7194 22170 I PushLog2824: [SocketRead_20:11:45-13179]ctrlSocket success(android/null:-1)
12-18 15:32:57.984  1795  2668 I SendBroadcastPermission: action:android.net.wifi.p2p.PERSISTENT_GROUPS_CHANGED, mPermissionType:0
12-18 17:30:56.323  5224  5283 I Step_DataCache: 20002302|getTodayTotalSteps 13690
12-18 18:32:57.826  1046  1053 V APM_AudioPolicyManager: setOutputDevice() prevDevice 0x0002
12-18 15:29:25.503  9659  9878 D fingerprint: 3Rc+6asaHGuWMtazTx81YfnEHFC06jEEwEvUdqxs/I8Cuwk2KFNKJRPSo/lCMA2YaFbW8P9a0gTi
12-17 23:01:45.651   835  2385 E libteec : begin
12-18 17:50:22.232  1795  2323 E UsbDeviceManager: 	at java.io.FileInputStream.<init>(FileInputStream.java:146)
12-18 14:36:02.750  3626  3626 E PTM.FileNodeInfo: getTempInfo error: null, 0
12-17 22:44:47.472  2852  2852 W HwLockScreenPanel: Handle message: 100
12-17 23:41:38.916  3180  3578 I PacketsControl: not 3G net type. do nothing.
12-18 14:12:13.477  5157  5157 I chromium: [INFO:CONSOLE(1)] "Uncaught SyntaxError: Unexpected token var", source:  (1)
12-18 09:17:29.363  1795 16500 W ActivityManager: getRunningAppProcesses: caller 10102 does not hold REAL_GET_TASKS; limiting output
12-18 07:30:43.991  1795  2380 I PowerManager_screenOn: PowerManagerNotifier onUserActivity: event=2, uid=1000
12-17 23:39:54.763  1795 11747 D PowerManagerService: ready=true,policy=0,wakefulness=0,wksummary=0x1,uasummary=0x0,bootcompleted=true,boostinprogress=false,waitmodeenable=false,mode=true,manual=33,auto=-1,adj=0.0userId=0
12-18 14:36:03.461  5994  5994 E wpa_supplicant: bssid=14:e6:e4:e9:d4:fc;freq=2462;level=-94;flags=11;ssid=TW2006;
12-18 08:29:07.802 25067 27434 I ret     :     window.open(redirect, "_self"); 
12-17 19:34:58.952 20602 20616 E SQLiteDatabase: 	at com.baidu.location.g.a.b(Unknown)
12-18 07:59:09.642  3180 19874 I PGServer: report state:5 event type:1 pid:0 uid:10102 pkg:null to pid: 1795
12-18 17:30:14.563   633 31870 I SDK     : <2016-12-18 17:30:14> [WARN] SDK: UE-SeC 2016-12-18 17:30:14:563 Level[WARN] magic[3362781472 684]:PubEvt_Close Getting a socket[56] from the Socket-table Failed!
12-17 20:56:04.421  2852  2852 I HwSignalClusterView: apply hwPhoneState.mSubId:0 anyMobileVisible:false mIsAirplaneMode:false, mobileGroupVisible=true
12-17 22:31:25.987  3626  3626 E PTM.FileNodeInfo: getTempInfo error: null, 0
12-17 23:25:41.540  2852  2852 I PhoneStatusBar: notifyUiVisibilityChanged:vis=0x8608, SystemUiVisibility=0x8608
12-17 21:51:01.893  1795  2750 D HW_DISPLAY_EFFECT: presently, hw_update_color_temp_for_rg_led interface not achieved.
12-18 12:00:31.098  2852  2852 I NotificationContentView: transferRemoteInputFocus: 0
12-17 23:22:24.059  1795 16499 I WindowManager: Destroying surface Surface(name=NavigationBar) called by com.android.server.wm.WindowStateAnimator.destroySurface:2056 com.android.server.wm.WindowStateAnimator.destroySurfaceLocked:907 com.android.server.wm.WindowState.destroyOrSaveSurface:2174 com.android.server.wm.WindowManagerService.tryStartExitingAnimation:3280 com.android.server.wm.WindowManagerService.relayoutWindow:3160 com.android.server.wm.Session.relayout:215 android.view.IWindowSession$Stub.onTransact:286 com.android.server.wm.Session.onTransact:136 
12-17 20:32:53.812  2852  2852 D HwCustMobileSignalControllerImpl: isCurrentBySim()=false
12-18 18:32:57.554  2852  2852 I HwBrightnessController: updateSlider2 seekBarProgress:2012
12-18 17:40:11.390  1795  1821 D CubicBezierInterpolator: CubicBezierInterpolator  mControlPoint1x = 0.3, mControlPoint1y = 0.15, mControlPoint2x = 0.1, mControlPoint2y = 0.85
12-18 14:15:19.579  7194  7208 W PackageManager: STAHP USING HIDDEN APIS KTHX
12-18 15:38:18.659 10334 10334 D wpa_supplicant: Beacon IEs - hexdump(len=191): 00 0e 54 50 2d 4c 49 4e 4b 5f 43 35 37 42 43 45 01 08 82 84 8b 96 0c 12 18 24 03 01 01 05 07 00 ...
12-17 23:28:34.689   633 31870 I SDK     : <2016-12-17 23:28:34> [WARN] SDK: UE-SeC 2016-12-17 23:28:34:689 Level[WARN] magic[3362781472 684]:PubEvt_Close Getting a socket[219] from the Socket-table Failed!
12-18 18:16:03.515  3168 19695 D HwRepairHelper: update()   updated:  00
12-17 21:33:04.846  2852  2852 W PanelView: set notification panel padding = 1675
12-18 19:49:12.909  1795  3110 D HwPowerManagerService: setColorTemperatureAccordingToSetting
12-17 23:05:59.859  1795  2748 D HwAmbientLuxFilterAlgo: t=130248169,BT=130249169,DT=130252169,BT1=130252169,DT1=130256169,Bn=false,Dn=false,lx=[19.0/130246664, 19.0/130246965, 19.0/130247266, 18.0/130247567, 19.0/130247868, 19.0/130248169],mLx=14.0,s=5.0,ss=0.006827734,AuIntervened=false,mProximityState=false,bLux=113.0,dLux=2.0,bLux1=113.0,dLux1=2.0
12-17 23:01:06.321  1046  1053 I APM_AudioPolicyManager: stopOutput() output 13, stream 1, session 3113
12-18 08:22:56.555  1795  2665 D NetdConnector: RCV <- {200 12121 Firewall command succeeded}
12-17 20:29:09.879  2852  2852 D StepCounterView: onStepCounterChange stepsNum:6838
12-17 20:31:48.241 24266 24266 I DownloadEpisodeAdapter: [qiyi_LOG_INFO DownloadEpisodeAdapter] 锦绣未央第29集 = 下载完成
12-18 14:15:18.045   816  1572 V IdletimerController: runCmd(/system/bin/ip6tables -w -t raw -D idletimer_raw_PREROUTING -i wlan0 -j IDLETIMER --timeout 15 --label 1 --send_nl_msg 1) res_ipv4=0, res_ipv6=0
12-18 07:35:19.726  1795  2748 D HwAmbientLuxFilterAlgo: earliestValidTime + POWER_ON_BRIGHTENING_LIGHT_DEBOUNCE
12-17 20:49:50.559 24266 24266 D seekbar : org.iqiyi.video.ui.ci.onProgressChanged()<-1> : 当前进度：2054308 缓冲大小:713964 缓冲进度：2768272
12-18 14:14:12.873  1795 16498 D HwActivityManagerService: handleANRFilterFIFO,uid = 10113cmd = 1
12-18 10:45:03.792   633 31868 I SDK     : 
12-18 08:08:01.813  3168  3168 I CHR_ChrDataServiceTracker: handledataswitchchanged
12-18 17:31:12.667  1795  1809 D NavigationBarPolicy: onFling::not valid gesture or touch plus on, false, return!
12-17 20:14:35.924  3180  3578 I AppManager: check dependency pid: 4690 is depended by pid: 1795
12-17 20:36:51.657  2852  2852 D HwCustMobileSignalControllerImpl: sub =0,strMccMnc =null,hashMccMnc =[],strPlmn =hw_show_4g
12-17 23:07:31.137  3858  4126 I amsnl   : csr
12-17 19:58:57.111  5215  5215 D wpa_supplicant: l2_packet_receive: src=80:38:bc:0b:22:41 len=1028
12-18 09:45:49.814  3218  3422 I PhoneInterfaceManager: shouldBlockLocation  ret:false
12-18 19:02:19.215  2852  2914 I HwMobileSignalController: subId:0 phoneType:1 networktype:13 targetClass:3 masterLevel:5 slaveLevel:-1
12-17 21:51:50.371  2852  2852 I BackgrounCallingLayout: updateCallLayout:isBackground=false, isInteractive=false
12-17 21:26:39.030  2852  2852 I StatusBarIconView: updateTint: tint=0
12-17 19:56:29.215  1795 16499 I ActivityManager_broadcast: collectReceiverComponents, callerApp: ProcessRecord{6be12e7 4634:com.tencent.mm:push/u0a105}, intent:com.tencent.mm.plugin.report.service.KVCommCrossProcessReceiver, receiver size:1, flags: 10000400
12-17 22:02:01.187  1795  1795 I AlarmManager: sending alarm Alarm{3c82c47 type 3 when 451856364 android},repeatInterval = 0,listenerTag =time_tick
12-18 12:46:02.889   633 31870 I SDK     : 
12-17 22:28:49.290  2852  2852 I HwSignalClusterView: getOrInflateState subId:0
12-18 14:07:35.647  2883  3076 I HwSystemManager: PermissionDbVisitor:insertHistoryRecord:HistoryRecord[packageName:com.sankuai.meituanhd,permissionType:8,action:11,dateStartTime:1481990400000,timestamp:1482041255646]
12-17 23:11:26.768  1795  1819 D NetworkManagement: notifyInterfaceClassActivity: client is com.android.server.connectivity.Vpn$2@e40aefb
12-17 21:41:31.023   633 31868 I SDK     : <2016-12-17 21:41:31> [NOTICE] SDK: UE-SeC 2016-12-17 21:41:31:23 Level[NOTICE] magic[3365677344 2549]:Send switch tunnel msg ok,mode is [3],now mode is[3]!
12-18 15:35:57.885  1795  1795 I NotificationManager: cancelAllNotificationsInt called
12-18 09:01:58.213  1795  2323 E UsbDeviceManager: java.io.FileNotFoundException: sys/class/hw_power/charger/charge_data/water_intrused (No such file or directory)
12-18 13:11:03.904  5224  5224 I Step_LSC: 20002302|compensate received
12-17 22:25:36.463  2852  2852 D KeyguardViewMediator: handleNotifyFinishedGoingToSleep
12-17 22:27:13.343   835  2385 E libteec : qsc_decode end
12-17 20:11:44.956  2883  2996 E HwSystemManager: SimCardMethod:/getSimCardInfo: imsi is null
12-18 14:14:08.924  1795  3077 D HwGnssLocationProvider: existLocationMap state is not change,ignor! isLastExistMapLocation:false
12-18 09:11:05.320   633 31868 E SDK     : <2016-12-18 09:11:05> [ERR] SDK: UE-SeC 2016-12-18 9:11:5:320 Level[ERR] magic[3365677344 2890]:listing available engine types
12-17 23:47:27.911  1795  1795 I WifiProJNI: ######### CMD_QUERY_PKTS ########
12-18 08:19:32.983  1795  1795 I MQoS    : onSignal: mSubId=0,currDataSubID=0
12-18 08:08:55.010  1795  2737 W WifiProJNI: poll before: g_monitor_fd =310
12-18 10:50:47.331  1795  3225 D PowerManagerService: acquire lock=215546670, flags=0x1, tag="RILJ_ACK_WL", name=com.android.phone, ws=null, uid=1001, pid=3218
12-17 21:32:22.947  1795  1795 I EyeProtectionControllerImpl: onReceive intent action = android.intent.action.SCREEN_ON
12-18 08:34:25.346  2852  2914 I HwMobileSignalController: updateSignalStrength: signalStrength=SignalStrength: -1 0 -1 255 -1 255 -1 255 255 31 -79 -10 176 2147483647 2147483647 false gw|lte
12-18 14:10:51.282  5994  5994 D wpa_supplicant: Priority group 2
12-17 23:26:24.736   835  2385 I fpc_tac : fpc_tac_begin_identify---need_liveness_authentication: 0
12-18 07:35:45.626  1795  2748 D HwAmbientLuxFilterAlgo: earliestValidTime + POWER_ON_BRIGHTENING_LIGHT_DEBOUNCE
12-17 23:28:34.664  2852  2852 I HwSignalClusterView: getOrInflateState subId:0
12-17 22:34:14.342  2852  2852 I BitmapUtils: 	at com.huawei.keyguard.support.magazine.MagazineWallpaper$3.onMagazinePicLoaded(MagazineWallpaper.java:733)
12-18 15:34:46.740  2852  2852 D HwPhoneStatusBar: No peeking: not allowed notification: 0|com.android.browser|1610612739|null|10029
12-17 21:48:24.215   633 31868 I SDK     : 
12-18 18:26:21.195  3858  4126 I amsnl   : csr
12-18 15:33:31.556  1795  2380 I PowerManager_screenOn: PowerManagerNotifier onUserActivity: event=2, uid=1000
12-18 14:12:12.225  5157  5157 I chromium: [INFO:CONSOLE(1)] "Uncaught SyntaxError: Unexpected token var", source:  (1)
12-18 08:10:02.451  1795  2380 I PowerManager_screenOn: PowerManagerNotifier onUserActivity: event=2, uid=1000
12-18 10:52:01.370  2852  2852 I ToggleSlider:  mSeekListener onProgressChanged progress:6064 fromUser:false
12-17 23:37:38.653   633 31870 I SDK     : 
12-17 20:37:11.342  1795 17832 D PowerManagerService: release:lock=90001833, flg=0x0, tag="RILJ_ACK_WL", name=com.android.phone", ws=null, uid=1001, pid=3218
12-18 14:13:07.309   792   979 I ThermalEngine: [set_point] 510000000
12-18 07:30:38.612  3879  3879 I HwLauncher: DynamicUpdater call updateFolder
12-17 21:54:58.875  1795  1825 D HwNormalizedAutomaticBrightnessController: mWakeupFromSleep= true,currentTime=127532958,mLightSensorEnableTime=127532949
12-17 23:01:11.608  1795  2380 D PowerManagerService: userActivityNoUpdateLocked: eventTime=129959912, event=2, flags=0x0, uid=1000
12-17 19:56:54.035  5215  5215 D wpa_supplicant: SSL: SSL_connect:error in SSLv3 read change cipher spec
12-17 19:36:01.846  2852  2852 I StackScrollAlgorithm: overlapAmount:763.6, previousNotificationEnd:607.0, newYTranslation:-156.59998, location:2, i:1, getTopPadding:499.0, getLocationOnScreen():-36
12-18 14:11:39.455  5157  5157 W cr_BindingManager: Cannot call determinedVisibility() - never saw a connection for the pid: 5157
12-17 21:54:59.983  3180  3332 I BatteryMonitor: screen off: 0s, awake: 0s wakeups: 0, battery changed: 0
12-18 15:36:13.370  2883  3062 I HwSystemManager: PermissionDbVisitor:insertHistoryRecord:HistoryRecord[packageName:com.sankuai.meituan,permissionType:8,action:11,dateStartTime:1481990400000,timestamp:1482046573369]
12-18 19:49:13.327  3879  3879 I HwLauncher: DynamicUpdater registerReceiver
12-17 19:57:33.001  5215  5215 D wpa_supplicant: nl80211: Add PMKID for 80:38:bc:0a:f9:e1
12-18 15:38:28.618 10334 10334 D wpa_supplicant: WPS: attr type=0x103b len=1
12-17 21:32:39.706  1795  2381 D libfingersense_wrapper: fingersense_classify_touch() finished
12-17 21:25:59.140  5224  5283 I Step_DataCache: 20002302|getTodayTotalSteps 6966
12-17 23:27:25.628  2852  3556 I HwMobileSignalController: mExtDataOld:ExtData [mMasterNetWorkType=3, mSlaveNetWorkType=0, mMasterNetWorkLevel=4, mSlaveNetWorkLevel=-1, mDataState=2, mDataActivity=0, mDataNetType=13] mExtData:ExtData [mMasterNetWorkType=3, mSlaveNetWorkType=0, mMasterNetWorkLevel=4, mSlaveNetWorkLevel=-1, mDataState=2, mDataActivity=3, mDataNetType=13]
12-17 23:34:28.247  1046  1053 I APM_AudioPolicyManager: setOutputDevice() setting same device 0x0000 or null device
12-18 14:12:03.457  5157  5157 D test    : sending:{"handlerName":"getRegisteredJsHandler","callbackId":"java_cb_1","data":null}
12-18 19:41:03.266  2852  2852 I TrafficPanelManager: hideTraffic
12-18 07:42:29.297  1795  2668 D HwWifiP2pService: SleepPolicy:1
12-17 20:15:42.786   633 31870 I SDK     : 
12-17 22:58:07.146  1795  1819 D NetworkManagement: notifyInterfaceClassActivity: client is android.net.INetworkManagementEventObserver$Stub$Proxy@af226
12-18 07:30:07.731  2852 20239 D WeatherHelper: homeWeatherInfo = com.huawei.keyguard.events.weather.WeatherInfo@c7c9a94
12-18 07:37:18.623  2852  3556 I NetworkController.MobileSignalController(0): onSignalStrengthsChanged signalStrength=SignalStrength: -1 0 -1 255 -1 255 -1 255 255 20 -99 -8 168 2147483647 2147483647 false gw|lte level=4 isSuspend=false levelOld=4,mSignalStrength level=4
12-17 22:55:11.710  1795  1805 W ActivityManager: getRunningAppProcesses: caller 10102 does not hold REAL_GET_TASKS; limiting output
12-18 14:15:18.232  1795  1808 I ActivityManager_broadcast: dispatch ordered broadcast [background] BroadcastRecord{beb6d2c u-1 android.net.conn.CONNECTIVITY_CHANGE}, has 18 receivers
12-18 09:11:48.884  5224  5283 I Step_DataCache: 20002302|getTodayTotalSteps 1413
12-17 22:35:38.060   633 31867 I SDK     : <2016-12-17 22:35:38> [NOTICE] SDK: UE-SeC 2016-12-17 22:35:38:59 Level[NOTICE] magic[3368294688 1998]:keep alive: detect and reconnect end
12-18 17:33:02.977  1046  1125 V msm8916_platform: platform_get_output_snd_device: exit: snd_device(speaker)
12-18 08:08:45.116  1795  2381 D libfingersense_wrapper: Calling fingersense_touch_up()
12-18 14:12:38.243  5157  5157 W cr_BindingManager: Cannot call determinedVisibility() - never saw a connection for the pid: 5157
12-17 19:32:06.419  5215  5215 D wpa_supplicant: IEs - hexdump(len=194): 00 0f 48 75 61 77 65 69 2d 45 6d 70 6c 6f 79 65 65 01 08 82 84 0b 16 0c 12 18 24 03 01 09 05 04 ...
12-18 07:52:09.512  2852  3556 I NetworkController.MobileSignalController(0): onSignalStrengthsChanged signalStrength=SignalStrength: -1 0 -1 255 -1 255 -1 255 255 18 -101 -8 142 2147483647 2147483647 false gw|lte level=4 isSuspend=false levelOld=4,mSignalStrength level=4
12-17 21:52:12.851  1795  1795 I MQoS    : onSignal: mSubId=0,currDataSubID=0
12-18 01:37:35.084  1795  3975 E LocSvc_libulp: I/===> int ulp_brain_turn_onoff_dr_provider() line 848 
12-18 12:50:19.738  1795 17832 D PowerManagerService: acquire lock=83621653, flags=0x1, tag="RILJ_ACK_WL", name=com.android.phone, ws=null, uid=1001, pid=3218
12-18 12:48:50.367  3626  3626 E PTM.FileNodeInfo: getTempInfo error: null, 0
12-18 18:52:11.408  1795  2376 D PowerManagerService: ready=true,policy=0,wakefulness=0,wksummary=0x1,uasummary=0x0,bootcompleted=true,boostinprogress=false,waitmodeenable=false,mode=true,manual=33,auto=-1,adj=0.0userId=0
12-17 20:51:05.666   633 31870 I SDK     : 
12-18 09:14:33.407  1795  2323 E UsbDeviceManager: Error reading charge file
12-18 18:29:23.540  2852  2852 D HwCustMobileSignalControllerImpl: sub =0,strMccMnc =null,hashMccMnc =[],strPlmn =hw_show_lte
12-17 22:24:50.483  3218  3422 W PhoneInterfaceManager: shouldBlockDataSwitch running ...
12-18 14:12:13.408  1795  2728 D HwArpVerifier: reportArpDetail: 192.168.1.1  f4:83:cd:66:c8:16   2   wlan0
12-18 10:52:45.906  2852  2852 V MusicInfo: showing music false  false
12-18 08:08:02.029  3218  3234 I PhoneInterfaceManager: shouldBlockLocation  ret:false
12-18 07:35:44.708  3218  3218 I QImsService: ImsServiceSub : broadcastVopsSsacIntent Vops = true , Ssac = false
12-18 12:39:36.832  1795  6988 D PowerManagerService: ready=false,policy=3,wakefulness=1,wksummary=0x1,uasummary=0x1,bootcompleted=true,boostinprogress=false,waitmodeenable=true,mode=true,manual=33,auto=-1,adj=0.0userId=0
12-17 19:31:37.812  2852  2852 I EventCenter: EventCenter Get :android.com.huawei.bone.NOTIFY_SPORT_DATA
12-18 14:11:30.561   633 31868 I SDK     : <2016-12-18 14:11:30> [WARN] SDK: UE-SeC 2016-12-18 14:11:30:561 Level[WARN] magic[3365677344 1556]:Receive remote data error , ready to resume! err:103, iRetValue:-1, iErrorCode=5
12-18 17:31:25.060  1795  2381 D libfingersense_wrapper: fingersense_classify_touch() finished
12-18 17:56:16.072  1795  1825 I PowerManager_screenOn: DisplayPowerStatesetColorFadeLevel: level=0.035111785
12-18 16:04:27.170  3180  3578 I ash     : perform hibernation actions!
12-18 10:39:37.950   633 30962 I SDK     : 
12-17 23:55:58.539   633 14403 W imssdk_CloudRecord: CloudRecordGetCfgInfoRspNotify leave
12-17 20:33:50.002 24802 24802 I nativeProcess: iqiyi message: create--runOnSubprocess isProcessExist true
12-17 21:50:28.504  1795  3139 I ActivityManager_service: retrieveServiceLocked, callerApp: ProcessRecord{bc1cd93 25067:com.huawei.betaclub/1000}, flags: 10000400
12-18 14:11:34.710   633 31869 I SDK     : 
12-17 22:42:47.760   633 31870 I SDK     : <2016-12-17 22:42:47> [WARN] SDK: UE-SeC 2016-12-17 22:42:47:760 Level[WARN] magic[3362781472 684]:PubEvt_Close Getting a socket[251] from the Socket-table Failed!
12-18 07:29:39.068   633 31870 I SDK     : <2016-12-18 07:29:39> [WARN] SDK: UE-SeC 2016-12-18 7:29:39:68 Level[WARN] magic[3362781472 684]:PubEvt_Close Getting a socket[148] from the Socket-table Failed!
12-17 20:11:47.394   802   802 E Thermal-daemon: [Thermal_Hw] temperature_valid, battery : temperature is invalid, invalid temperatrue is 27
12-17 23:25:13.350   606  2379 E libteec : send data return = 128
12-17 21:21:30.530   802   802 E Thermal-daemon: [pa_0] temp_new :26  temp_old :25
12-18 13:01:12.367  1795  2323 E UsbDeviceManager: 	at com.android.server.usb.UsbDeviceManager$2.onUEvent(UsbDeviceManager.java:328)
12-17 21:00:00.462  3626  3770 I LSC_903001007: process buffer and get message
12-17 22:27:00.592  5224  5283 I Step_LSC: 20002302| ## MSG_DEAL_SYSTEM_EVENT android.intent.action.TIME_TICK
12-18 15:37:38.587 10334 10334 D wpa_supplicant: WPS: attr type=0x103c len=1
12-18 19:01:06.071  3626 23941 I iMonitor: send: 903001009
12-18 14:13:00.095  5157  5157 I chromium: [INFO:CONSOLE(1)] "Uncaught SyntaxError: Unexpected token var", source:  (1)
12-17 21:59:21.149  1795  1809 I WindowManger_keyguard: Setting mDismissKeyguard true by win Window{e6a6b5e u0 com.android.incallui/com.android.incallui.InCallActivity}
12-18 17:43:01.923   816 18036 D DnsProxyListener: GetAddrInfoHandler addr: sp0.baidu.com {317, 917821, 10029} 183.232.231.173
12-18 15:29:26.598  3218  8966 W PhoneInterfaceManager: shouldBlockLocation running ...
12-18 00:10:36.254  2852  2852 D HwCustMobileSignalControllerImpl: isCurrentBySim()=false
12-17 21:22:41.651 24266 24266 I DownloadEpisodeAdapter: [qiyi_LOG_INFO DownloadEpisodeAdapter] 锦绣未央第29集 = 下载完成
12-18 10:40:11.583  2852  2852 I PanelBar: panelExpansionChanged 0.0, false
12-18 19:49:58.923   633 31868 I SDK     : <2016-12-18 19:49:58> [NOTICE] SDK: UE-SeC 2016-12-18 19:49:58:923 Level[NOTICE] magic[3365677344 730]:Proc tunnel status notify: status not changed!
12-17 19:34:56.457  3858  4126 I amsnl   : m1: false
12-18 00:08:48.262  2852  2914 I HwMobileSignalController: subId:0 phoneType:1 networktype:13 targetClass:3 masterLevel:4 slaveLevel:-1
12-17 20:31:46.156 24266 24312 I Utility : [qiyi_LOG_INFO Utility] isQiyiPackage ret:true
12-17 23:22:15.273  1795  2750 D HW_DISPLAY_EFFECT: presently, hw_update_color_temp_for_rg_led interface not achieved.
12-18 17:32:21.976  2852  3556 D NetworkController.MobileSignalController(0): mSimSubId:0 onDataActivity: direction=0
12-18 14:24:33.275  3879  3879 I HwLauncher: Model  onReceive intent=Intent { act=android.intent.action.TIME_TICK flg=0x50000014 (has extras) }
12-17 23:46:09.358   633 31870 I SDK     : <2016-12-17 23:46:09> [WARN] SDK: UE-SeC 2016-12-17 23:46:9:358 Level[WARN] magic[3362781472 684]:PubEvt_Close Getting a socket[70] from the Socket-table Failed!
12-18 10:56:02.432  2852  2852 D NetWorkUtils: mVSimCurCardType is -1
12-18 14:19:45.288   633 31868 E SDK     : <2016-12-18 14:19:45> [ERR] SDK: UE-SeC 2016-12-18 14:19:45:288 Level[ERR] magic[3365677344 342]:svn_closeAll begin!!!![1]
12-17 21:23:17.511  1795 17832 D PowerManagerService: Releasing suspend blocker "PowerManagerService.WakeLocks".
12-17 21:21:14.307  1795  2396 D PowerManagerService: acquire lock=122750998, flags=0x1, tag="RILJ_ACK_WL", name=com.android.phone, ws=null, uid=1001, pid=3218
12-18 17:51:02.870   633 31870 I SDK     : <2016-12-18 17:51:02> [WARN] SDK: UE-SeC 2016-12-18 17:51:2:870 Level[WARN] magic[3362781472 684]:PubEvt_Close Getting a socket[118] from the Socket-table Failed!
12-18 15:33:18.602 10334 10334 D wpa_supplicant: WPS: attr type=0x1008 len=2
12-17 23:11:29.027   606  2379 E libteec : qsc_send_cmd finish
12-18 19:49:37.211  2852  2852 I PhoneStatusBar: onStartedWakingUp
12-17 21:58:45.268  1795  1821 I WindowManger_keyguard: Setting mDismissKeyguard true by win Window{e6a6b5e u0 com.android.incallui/com.android.incallui.InCallActivity}
12-17 20:22:10.449  3626  3626 E PTM.FileNodeInfo: getTempInfo error: null, 0
12-17 23:55:58.634   633   692 I TCP     : msg.recv{4490} TcpClientThread.onRecv(TcpClientThread.java:515) TCP Msg 636TCP_OK
12-17 21:50:48.584   633 31870 I SDK     : <2016-12-17 21:50:48> [WARN] SDK: UE-SeC 2016-12-17 21:50:48:584 Level[WARN] magic[3362781472 684]:PubEvt_Close Getting a socket[167] from the Socket-table Failed!
12-18 07:34:08.804  1795  3237 W ActivityManager: Sending non-protected broadcast org.codeaurora.VOIP_VOPS_SSAC_STATUS from system 3218:com.android.phone/1001 pkg com.android.phone
12-17 21:59:51.245  3180  3578 I ash     : com.android.browser broadcast notify, H to R!
12-18 14:12:45.155  5157  5157 I chromium: [INFO:CONSOLE(1)] "Uncaught ReferenceError: WebViewJavascriptBridge is not defined", source:  (1)
12-18 16:01:10.152 10334 10334 D wpa_supplicant: wlan0: First radio work item in the queue - schedule start immediately
12-18 09:20:58.342  2852  2852 D HwCustMobileSignalControllerImpl: sub =0,strMccMnc =null,hashMccMnc =[],strPlmn =hw_show_4_5G_for_mcc
12-17 23:01:05.917  1795  2750 I HwLightsService: back light level before map = 980
12-17 23:09:36.061  1795  1795 D WifiProJNI: send_cmd_kernel: cmd=1
12-17 20:23:32.453  1795  1809 I WindowManager: updateRotationUnchecked(alwaysSendConfiguration=false)
12-18 17:51:02.861   633 31870 I SDK     : 
12-18 14:10:44.212  2883  2996 I HwSystemManager: TafficState:default sub id = 0slotIndex = 0 subscriptionId = 0
12-18 15:38:28.611 10334 10334 D wpa_supplicant: random pool - hexdump(len=128): [REMOVED]
12-18 14:12:26.079  5157  5157 W cr_BindingManager: Cannot call determinedVisibility() - never saw a connection for the pid: 5157
12-17 23:24:02.532  1795  1806 D FpDataCollector: receive finger press down
12-18 07:41:58.920 19970 19970 I HwOUC   : [main-1]WifiAutoDownloadManageService onCreate()(hwouc/WifiAutoDownloadManageService.java:41)
12-18 12:39:32.646  3218  3517 I QImsService: ImsSenderRxr : [UNSL]< UNSOL_SSAC_CHANGED org.codeaurora.ims.ImsQmiIF$SsacInfo@2b97839[SUB0]
12-17 21:35:42.193   633 31870 I SDK     : 
12-17 21:28:17.355  2852  2852 I HwSignalClusterView: setMobileDataIndicatorsHuawei subId:0 visible:true strengthIcon:2130839311 typeIcon:2130839195 contentDescription:手机信号满格。 typeContentDescription:4G isTypeIconWide:true showActivity:true activityIn:false activityOut:false isRoaming:false
12-18 19:49:55.500   606  2379 E libteec : receive data len = 192
12-17 19:33:01.045  1795  2670 D WifiController: DefaultState what=155651
12-17 20:40:16.502  3858  4126 I amsnl   : m1: false
12-18 08:18:04.563  1046  1125 V msm8916_platform: platform_get_native_support:napb: ui Prop enabled(0) version(0)
12-17 20:32:17.793 24266 24312 I DEVICE_MD5_QYID: org.qiyi.android.corejar.utils.DeviceUtils.getAndroidIdV2()<-1> : getAndroidIdV2 memory:db72ce0a35db8d3b
12-18 19:33:10.475  3858  4126 I amsnl   : csr
12-18 14:11:33.548   633 31870 I SDK     : 
12-18 19:50:00.638  2852  2914 I SimCardMethod: isCardAbsent slot:0 slotState:5
12-17 20:46:16.165  2852  3556 I NetworkController.MobileSignalController(0): onSignalStrengthsChanged signalStrength=SignalStrength: -1 0 -1 255 -1 255 -1 255 255 23 -93 -7 194 2147483647 2147483647 false gw|lte level=5 isSuspend=false levelOld=5,mSignalStrength level=5
12-17 21:34:18.397  5224  5283 I Step_ExtendStepDataManager: 20002302|after compensate: cache step_8112
12-18 14:11:22.484  5157  5157 I chromium: [INFO:CONSOLE(1)] "Uncaught ReferenceError: WebViewJavascriptBridge is not defined", source:  (1)
12-18 15:32:40.212  1046  9753 I AudioMixer: NumTracks(3)
12-17 22:41:42.722   633   692 I eSpaceApp: main{1} MultipleGroupAdapter.setDataSource(MultipleGroupAdapter.java:146) [groupmemlist] --> setDataSource
12-18 14:24:36.849   633 31875 I SDK     : <2016-12-18 14:24:36> [NOTICE] SDK: UE-SeC 2016-12-18 14:24:36:849 Level[NOTICE] magic[3359111456 2421]:FileSec: have right to open file due to cur app sec level = 0 is higher than file app(&5ߢ[@ñ?z]) sec level = 0.
12-18 14:12:59.649  5157  5157 I chromium: [INFO:CONSOLE(1)] "Uncaught ReferenceError: WebViewJavascriptBridge is not defined", source:  (1)
12-17 21:32:35.142  1795  2380 D InputDispatcher: channel 'WindowManager (server)' ~ enqueueDispatchEntryLocked: skipping inconsistent motion event
12-18 14:36:03.487  1795  1795 D HwKeyguardManagerImpl: isLockScreenDisabled HwKeyguardManagerImpl result = false
12-17 23:18:24.182  2852  2914 I HwMobileSignalController: updateSignalStrength: signalStrength=SignalStrength: -1 0 -1 255 -1 255 -1 255 255 16 -101 -10 80 2147483647 2147483647 false gw|lte
12-17 21:58:30.396  1795  1809 I PowerManager_screenOn: finishKeyguardDrawn -> waitForAllWindowsDrawn
