12-17 21:51:00.912  1795  1825 D FpDataCollector: DisplayPowerState :ON
12-17 19:59:38.013  5215  5215 D wpa_supplicant: CTRL-DEBUG: ctrl_sock-sendmsg: sock=16 sndbuf=229376 outq=0 send_len=42
12-17 20:33:12.684  3218  3218 I QImsService: ImsServiceSub : handleSsac voice = 100
12-18 09:35:06.233  1795  2778 I ActivityManager_broadcast: collectReceiverComponents, callerApp: ProcessRecord{34bf34f 0:system/1000}, intent:android.intent.action.SERVICE_STATE, receiver size:3, flags: 10000400
12-17 21:54:59.733   835  2385 D fingerprintd: onAcquired(2001)
12-17 20:49:16.467  2852  2852 D HwCustMobileSignalControllerImpl: isCurrentBySim()=false
12-18 19:49:14.586  1795  1809 I MultiTaskManagerService: onProcessDied pid = 25514, uid = 1000
12-18 08:22:12.933  2852  3556 I NetworkController.MobileSignalController(0): onDataActivity: direction=3
12-18 19:50:14.483  1046  1125 D audio_hw_primary: out_set_parameters: enter: usecase(1: low-latency-playback) kvpairs: routing=2
12-17 23:11:30.004   633 31868 I SDK     : 
12-18 00:15:56.282  1795  1795 I MQoS    : onSignal: mSubId=0,currDataSubID=0
12-18 17:56:00.961  1795  1825 I PowerManager_screenOn: DisplayPowerController updatePowerState mPendingRequestLocked=policy=BRIGHT, useProximitySensor=false, useProximitySensorbyPhone=true, screenBrightness=33, screenAutoBrightnessAdjustment=0.0, brightnessSetByUser=true, useAutoBrightness=true, blockScreenOn=false, lowPowerMode=false, boostScreenBrightness=false, dozeScreenBrightness=-1, dozeScreenState=UNKNOWN, useTwilight=false, useSmartBacklight=true, brightnessWaitMode=false, brightnessWaitRet=true, screenAutoBrightness=-1, userId=0
12-18 19:53:36.676  2852  3556 I NetworkController.MobileSignalController(0): 	to: connected=true,enabled=true,level=5,inetCondition=1,iconGroup=IconGroup(4G),activityIn=true,activityOut=true,rssi=0,lastModified=12-18 07:53:35,isRoaming=false,dataSim=true,networkName=中国移动,networkNameData=中国移动,dataConnected=true,isDefault=true,isEmergency=false,airplaneMode=false,carrierNetworkChangeMode=false,userSetup=true
12-18 18:23:30.264  2852  2852 I StackScrollAlgorithm: overlapAmount:525.3814, previousNotificationEnd:258.0, newYTranslation:-267.3814, location:8, i:1, getTopPadding:499.0, getLocationOnScreen():-745
12-18 00:06:36.505  1795  1805 I AlarmManager: set(PendingIntent{afc4596: PendingIntentRecord{3c38496 android broadcastIntent}}) : type=0 triggerAtTime=1481991396504 win=0 tElapsed=459932867 maxElapsed=459932867 interval=0 flags=0x9
12-18 19:51:11.908  2852  2852 I HwSignalClusterView: setMobileDataIndicatorsHuawei subId:0 visible:true strengthIcon:2130839311 typeIcon:2130839195 contentDescription:手机信号满格。 typeContentDescription:4G isTypeIconWide:true showActivity:true activityIn:true activityOut:false isRoaming:false
12-17 22:51:18.902  1795  2323 E UsbDeviceManager: 	at android.os.UEventObserver$UEventThread.sendEvent(UEventObserver.java:210)
12-18 07:30:44.829 20349 20369 E hwaps   : APS: SSR : The platform cannot support SSR !: 0x0,0x0,4
12-17 19:35:51.617  1795  1795 I MQoS    : onSignal: mSubId=1,currDataSubID=0
12-17 19:58:33.278  5215  5215 D wpa_supplicant: CTRL_IFACE: Failed to get network variable 'wep_key3'
12-18 19:25:35.351  1795  1825 I PowerManager_screenOn: PowerManagerNotifier onWakefulnessChangeFinished mInteractiveChanging=true, mInteractive=false
12-17 21:47:19.026  3218  3218 D QC_RIL_OEM_HOOK: Oem ID in QCRILHOOK UNSOL RESP is QOEMHOOK
12-17 22:28:00.948  1795  2377 V HwPackageManagerService: Returning system default Launcher 
12-17 23:16:36.146  2852  2852 D HwCustMobileSignalControllerImpl: isCurrentBySim()=false
12-18 12:22:30.699  1795  2376 I ActivityManager_service: retrieveServiceLocked, callerApp: null, flags: 10000400
12-18 09:19:39.782  5224  5283 I Step_LSC: 20002302|MSG_RECORD_DATA_TO_FILE_DELAY,mCache com.huawei.health.manager.a.c@d8a737
12-18 17:31:14.270  5224  5283 I Step_DataCache: 20002302|getTodayTotalSteps 13720
12-18 15:28:03.354  1795 15987 D ActivityManager: Skipping, withExcluded: false, tr.intent:Intent { act=android.media.action.STILL_IMAGE_CAMERA_SECURE flg=0x34800000 pkg=com.huawei.camera cmp=com.huawei.camera/.controller.SecureCameraActivity (has extras) }
12-18 14:11:31.107  1795  3121 I ActivityManager_service: retrieveServiceLocked, callerApp: ProcessRecord{2080b89 3626:com.huawei.imonitor/1000}, flags: 10000400
12-18 10:51:55.700  1046  1467 D HuaweiAudioFlinger: AudioException do not check.now is not communication state!
12-17 21:25:57.680  1795  2748 D HwAmbientLuxFilterAlgo: earliestValidTime + POWER_ON_DARKENING_LIGHT_DEBOUNCE
12-18 15:29:21.859  3180  9033 I DownloadState: @@@@@@@@@@@@ uid :10113 download :false
12-18 09:20:19.211  1795  3884 I ActivityManager_broadcast: Enqueueing ordered broadcast[background] BroadcastRecord{fab2c58 u0 android.intent.action.LTE_CA_STATE}: prev had 0
12-18 14:13:05.612  5157  5157 I chromium: [INFO:CONSOLE(1)] "Uncaught SyntaxError: Unexpected token var", source:  (1)
12-17 22:27:13.298  1795  1795 I qti_sensors_hal: 0x55, 0x0, 0x0, 0x0
12-18 17:33:04.926  5224  5283 I Step_DataCache: 20002302|getTodayTotalSteps 13897
12-17 21:19:05.364   802   802 E Thermal-daemon: [Thermal_Hw] temperature_filter: get invalid temperature, use old temp
12-18 14:12:56.885  1795  2671 V HwWifiServiceFactory: get AllImpl object = com.android.server.wifi.HwWifiServiceFactoryImpl@c332618
12-17 20:25:12.384  3879  4071 I HwResourcesImpl: icon : com.huawei.espacev2 found in app
12-17 19:45:00.507  1795  1795 I MQoS    : onSignal: mSubId=1,currDataSubID=0
12-17 21:28:25.239  1795  2396 D PowerManagerService: ready=true,policy=0,wakefulness=0,wksummary=0x1,uasummary=0x0,bootcompleted=true,boostinprogress=false,waitmodeenable=false,mode=true,manual=33,auto=-1,adj=0.0userId=0
12-18 14:08:24.995  1795  2778 D PowerManagerService: Acquiring suspend blocker "PowerManagerService.WakeLocks".
12-18 19:51:15.885  3218  3517 I QImsService: ImsSenderRxr : Response data: [12, 13, -1, -1, -1, -1, 16, 3, 24, -37, 1, 32, 0, 13, 100, 0, 0, 0, 21, 10, 0, 0, 0, 29, 100, 0, 0, 0, 37, 0, 0, 0, 0, 45, -1, 0, 0, 0, 53, -1, -1, 0, 0, 61, -1, 0, 0, 0, 69, -1, -1, 0, 0][SUB0]
12-18 19:25:38.061  2852  2852 D HwCustMobileSignalControllerImpl: isCurrentBySim()=false
12-18 18:01:02.127 31949 31967 I PushService: main{1} PushService.onStartCommand(PushService.java:87) Push Service Start by  alarmCheck
12-18 10:40:54.648  3180  3578 I PacketsControl: not 3G net type. do nothing.
12-18 09:31:40.838  3180  3578 I ash     : Proxy wakelock uid = 10102 pid = 31949
12-17 21:59:05.509  3782  3221 V AudioManager: isMusicActive...
12-17 22:59:29.914  2852  2852 I HwSignalClusterView: apply hwPhoneState.mSubId:0 anyMobileVisible:false mIsAirplaneMode:false, mobileGroupVisible=true
12-18 10:52:39.243  3218  3218 I SendBroadcastPermission: action:android.intent.action.LTE_CA_STATE, mPermissionType:0
12-18 08:12:08.575 31949 31967 I eSpaceService: WatchThread{4786} TcpCirChannel.connect(TcpCirChannel.java:219) Connect to server  address = [uc.huawei.com,]  port = 7801
12-18 11:27:13.162  1795  2670 D WifiController: ApStaDisabledState what=155652
12-18 08:29:17.213   633 31859 I ANYOFFICE: <2016-12-18 08:29:17> [WARN] ANYOFFICE: jni/..//jni/..//software/log/anyoffice_log.c-->2426 AnyOffice_SDK_Service_ReadLogLevel fopen is err! 
12-18 15:38:08.553 10334 10334 D wpa_supplicant: WPS: attr type=0x103c len=1
12-18 14:15:17.916  5157  6780 W System.err: 	at java.io.BufferedReader.read1(BufferedReader.java:221)
12-18 14:07:29.900   633   692 I eSpaceService: LoginThread{7104} LoginC.doLoginByStep(LoginC.java:203) Login_By_Step-> at Connected
12-18 08:10:09.921  1795  3249 D PowerManagerService: ready=true,policy=3,wakefulness=1,wksummary=0x1,uasummary=0x1,bootcompleted=true,boostinprogress=false,waitmodeenable=false,mode=true,manual=33,auto=-1,adj=0.0userId=0
12-18 10:39:47.447  1795  2750 D HW_DISPLAY_EFFECT: presently, hw_update_color_temp_for_rg_led interface not achieved.
12-17 20:13:03.072  2852  2925 I EventCenter: ContentChange for slot: 1
12-17 21:21:41.890  2852  3556 I NetworkController.MobileSignalController(0): onDataActivity: direction=0
12-18 10:54:49.297  2852  2852 D KeyguardViewMediator: handleNotifyScreenTurnedOn
12-18 15:29:31.110  3879  3879 I HwLauncher: FPSMonitor  [Launcher , dispatchTouchEvent end, false, true] down event  x = 771 y = 1403
12-18 08:44:05.856  1795 15982 D PowerManagerService: acquire lock=2441946, flags=0x1, tag="RILJ_ACK_WL", name=com.android.phone, ws=null, uid=1001, pid=3218
12-18 00:19:21.452  2852  2852 I HwSignalClusterView: getOrInflateState subId:0
12-17 23:23:58.867  1795  1806 E HsmCoreServiceImpl: onTransact in code is: 102
12-17 20:11:47.758   633 22257 E SDK     : <2016-12-17 20:11:47> [ERR] SDK: UE-SeC 2016-12-17 20:11:47:758 Level[ERR] magic[2505931040 781]:AnyOffice_API_JudgePathCallBack111 /mnt/sdcard/sandbox/AnyOfficeSDK/sdk/cffb628ad277b3e98d6e9ae9dceca2a7_ticketInfo /data/data/com.huawei.svn.hiwork/config/smime /mnt/sdcard/AnyOffice/MailContent/flags
12-18 00:02:41.411   633 31870 I SDK     : <2016-12-18 00:02:41> [WARN] SDK: UE-SeC 2016-12-18 0:2:41:410 Level[WARN] magic[3362781472 684]:PubEvt_Close Getting a socket[212] from the Socket-table Failed!
12-18 02:23:40.892  3626  3626 E PTM.FileNodeInfo: getTempInfo error: null, 0
12-17 23:13:45.301  1046  1125 D aud_dev_arbi: releaseOneDevice: device 2 owner is 0
12-18 14:12:51.550  5157  5157 I chromium: [INFO:CONSOLE(1)] "Uncaught ReferenceError: WebViewJavascriptBridge is not defined", source:  (1)
12-18 15:33:29.998  1795  1795 D HuaweiWifiWatchdogStateMachine: setSampleRtt: rtt=760,rtt_pkts =280,rtt_when=0
12-18 12:38:43.802  2852  2852 D PhoneStatusBar: disable: < expand icons* alerts system_info* back home recent clock navigationbar search quick_settings >
12-17 21:26:59.546  3608  3608 D InCall  : ProximitySensor - Turning on proximity sensor
12-17 22:09:33.675  1795  2323 E UsbDeviceManager: 	at android.os.UEventObserver$UEventThread.sendEvent(UEventObserver.java:210)
12-17 23:35:38.102  1795 17832 W ActivityManager: getRunningAppProcesses: caller 10102 does not hold REAL_GET_TASKS; limiting output
12-17 23:24:02.661  1795  1825 D DisplayPowerController: Animating brightness: target=0, rate=0
12-17 22:25:57.449  1795  1806 W ActivityManager: getRunningAppProcesses: caller 10102 does not hold REAL_GET_TASKS; limiting output
12-18 10:40:06.760  3180  3332 I PGServer: report state:2 event type:2 pid:4492 uid:10105 pkg:null to pid: 1795
12-18 10:51:57.769  1795  1819 I EventHub: monitor check touch devices
12-17 20:23:23.628  2852  2914 I HwMobileSignalController: updateSignalStrength: signalStrength=SignalStrength: -1 0 -1 255 -1 255 -1 255 255 31 -64 -7 300 2147483647 2147483647 false gw|lte
12-18 14:07:34.933  1795  3111 D ActivityManager: getRecentTasks: num=10,flags=62,totalTasks=48
12-17 22:36:11.061  2852  2852 D HwCustMobileSignalControllerImpl: isCurrentBySim()=false
12-18 08:18:04.525  4492 11997 D MediaPlayer: Message: MEDIA_PREPARED(1), ext1=0, ext2=0x0
12-17 20:39:49.483 24766 24830 D CHECKSD : getInternalStorageFilesDir>>>internal storage files path: /storage/emulated/0/Android/data/com.qiyi.video/files
12-17 22:34:15.931  2852  2852 I HwSignalClusterView: getOrInflateState subId:0
12-18 08:44:05.094   633 31870 I SDK     : 
12-17 21:53:17.888  1795  1821 I WindowManger_keyguard: Setting mDismissKeyguard true by win Window{e6a6b5e u0 com.android.incallui/com.android.incallui.InCallActivity}
12-18 08:14:43.024  1795 15988 W ActivityManager: getRunningAppProcesses: caller 10102 does not hold REAL_GET_TASKS; limiting output
12-18 18:27:07.907  1795  2380 D PowerManagerService: userActivityNoUpdateLocked: eventTime=142222494, event=1, flags=0x0, uid=1000
12-18 17:44:24.548  1795  2380 I PowerManager_screenOn: PowerManagerNotifier onUserActivity: event=2, uid=1000
12-18 00:05:02.639   835  2385 E libteec : begin
12-17 20:39:07.113  2852  2852 I HwSignalClusterView: apply hwPhoneState.mSubId:0 anyMobileVisible:false mIsAirplaneMode:false, mobileGroupVisible=true
12-17 23:17:30.970  1795 15987 D PowerManagerService: ready=true,policy=3,wakefulness=1,wksummary=0x1,uasummary=0x1,bootcompleted=true,boostinprogress=false,waitmodeenable=false,mode=true,manual=33,auto=-1,adj=0.0userId=0
12-17 21:50:32.406  3879  4071 D ApplicationPackageManager: queryIntentActivitiesAsUser size results:1, for package:com.huawei.espacev2
12-18 15:34:18.993   606 11444 D QSEECOMAPI: QSEECom_dealloc_memory 
12-17 22:29:35.845  1795  1825 D AutomaticBrightnessController: ambient lux=8.0,timeStamp =453512206973000
12-17 23:13:48.851   633   692 I Contact : pool-1-thread-1{4483} Helper.onSaveTimestamp(MainActivity.java:2193) set timestamp = 20161217155855
12-18 09:46:25.163  2852  2852 I HwSignalClusterView: apply hwPhoneState.mSubId:0 anyMobileVisible:false mIsAirplaneMode:false, mobileGroupVisible=true
12-17 19:59:03.488  4492  4512 W System.err: text not in xml format
12-17 22:01:05.102  7741  7758 D TmoMonitor: Cache monitor msg as screen_off
12-17 19:56:45.111  1795  3253 I ActivityManager_activity: Moving to STOPPING: ActivityRecord{8f9a9f9 u0 com.tencent.mm/.plugin.luckymoney.ui.LuckyMoneyPrepareUI t383 f} (finish requested)
12-17 19:31:43.327  2852  2852 I HwPhoneStatusBar: updateNotificationShade
12-17 22:41:10.940  1795  2670 D WifiController: ApStaDisabledState what=155652
12-17 23:01:10.113  4690  4690 I SendBroadcastPermission: action:com.tencent.mm.plugin.openapi.Intent.ACTION_HANDLE_APP_REGISTER, mPermissionType:0
12-17 20:22:10.921   633   692 I SsoLogin: LoginThread{6194} LoginRequester.getRequestData(LoginRequester.java:120) [Aynoffice SSO] --> getStrAnyofficeSsoTicket failed, set no sso login., setAuthType = 1
12-17 20:33:55.239  1795  1819 D NetworkManagement: notifyInterfaceClassActivity: client is android.net.INetworkManagementEventObserver$Stub$Proxy@af226
12-18 15:37:07.688  2852  2852 I HwSignalClusterView: getOrInflateState subId:0
12-18 12:38:48.215   633  3148 I SDK     : 
12-18 08:29:55.405  2852  2852 D HwCust  : Create obj success use class android.app.HwCustNotificationImpl
12-17 19:58:05.931  1795  2323 E UsbDeviceManager: 	at java.io.FileInputStream.<init>(FileInputStream.java:146)
12-17 23:21:03.342  1046  9753 V msm8916_platform: platform_set_parameters: enter: - screen_state=on
12-17 21:34:13.547  2852  2852 D StatusBar: No peeking: not in use: 0|com.huawei.health|10010|null|10099
12-18 15:27:56.247  1795  6038 D WifiMonitor: Dispatching event to interface: wlan0
12-17 20:11:46.458   633 31870 I SDK     : 
12-18 08:44:05.113   633 31870 I SDK     : 
12-18 12:38:44.207   633 31870 I SDK     : <2016-12-18 12:38:44> [WARN] SDK: UE-SeC 2016-12-18 12:38:44:207 Level[WARN] magic[3362781472 684]:PubEvt_Close Getting a socket[204] from the Socket-table Failed!
12-18 07:23:02.541  3218  3517 I QImsService: ImsSenderRxr : Response data: [12, 13, -1, -1, -1, -1, 16, 3, 24, -46, 1, 32, 0, 18, 12, 8, 1, 24, 10, 58, 6, 16, 0, 34, 2, 8, 2, 18, 12, 8, 1, 24, 0, 58, 6, 16, 0, 34, 2, 8, 2, 18, 12, 8, 1, 24, 3, 58, 6, 16, 0, 34, 2, 8, 2, 18, 12, 8, 1, 24, 1, 58, 6, 16, 0, 34, 2, 8, 2, 18, 12, 8, 1, 24, 2, 58, 6, 16, 0, 34, 2, 8, 2, 18, 14, 8, 1, 24, 11, 58, 8, 8, 14, 16, 0, 34, 2, 8, 2][SUB0]
12-18 18:27:13.027  1795  2377 I AwareLog: AwareMem_EventTracker: [POLLING_TIMEOUT_142227617] is abandoned for memory critical 789852 but policy can not execute
12-18 00:12:52.765  1795  3253 D PowerManagerService: Releasing suspend blocker "PowerManagerService.WakeLocks".
12-17 19:35:30.639  2852  2852 I NotificationContentView: transferRemoteInputFocus: 0
12-17 19:33:14.261  1795  2671 D WifiStateMachine:  SupplicantStartedState !CMD_SCREEN_STATE_CHANGED  rt=123077947/442930624 0 0
12-18 00:08:40.438  3858  4126 I amsnl   : c: true, w: false, t: false, l: false
12-17 21:48:02.205  2852  2914 I HwMobileSignalController: updateSignalStrength: signalStrength=SignalStrength: -68 0 -1 255 -1 255 -1 255 255 99 2147483647 2147483647 2147483647 2147483647 2147483647 false gw|lte
12-17 19:35:17.483  1795 16500 V SecInputMethodManagerService: Client requesting input be hidden, pid=4492
12-18 10:39:37.872 16628 16628 I TotemWeather: RetryTaskController:Screen is off or Network is unable
12-17 22:25:36.581  3180  3578 I ash     : screen off inputmethod, delay to hibernation
12-18 14:12:23.047  3858  4126 I amsnl   : c: true, w: true, t: false, l: false
12-18 15:29:46.934  2852  2852 D HwCustMobileSignalControllerImpl: sub =0,strMccMnc =null,hashMccMnc =[],strPlmn =hw_show_4g
12-17 20:23:22.093  3168 23396 D HwRepairHelper: getRcvData() TimeLteLevel2 :  0
12-17 20:19:14.622  2852  2852 I HwSystemIcons: onLayout:left=662, top=0, right=1056, bottom=72, offset=0
12-17 21:23:17.952  1795  1808 I ActivityManager_broadcast: dispatch ordered broadcast [background] BroadcastRecord{fc5673b u-1 com.android.systemui.statusbar.visible.change}, has 1 receivers
12-17 20:22:12.616  1795  2381 D libfingersense_wrapper: fingersense_touch_up() finished
12-17 21:32:23.131  1795  3237 D PowerManagerService: ready=false,policy=3,wakefulness=1,wksummary=0x2b,uasummary=0x1,bootcompleted=true,boostinprogress=false,waitmodeenable=false,mode=true,manual=33,auto=-1,adj=0.0userId=0
12-18 19:49:31.127  2852  2852 D HwCust  : Create obj success use class android.app.HwCustNotificationImpl
12-18 18:24:49.841  2852  2852 I PhoneStatusBar: addNotification key=0|com.sankuai.meituan|2147483647|null|10146
12-17 19:44:55.367  1795  2323 E UsbDeviceManager: 	at android.os.UEventObserver$UEventThread.run(UEventObserver.java:187)
12-18 10:42:10.892  2852  2852 I StackScrollAlgorithm: updateClipping isOverlap:false
12-18 08:04:15.310   633 31868 I SDK     : 
12-18 09:21:23.473  1795  1806 I HwActivityManagerService: Split enqueueing broadcast [callerApp]:ProcessRecord{4ff57fc 3382:com.qualcomm.qcrilmsgtunnel/1001}
12-18 18:16:03.375  1795  2323 D HwBatteryService: onUEvent fcpStatus = 0,scpStatus =0,ovpStatus=0
12-18 19:49:37.424  1795  1825 D DisplayPowerController: Animating brightness: target=9, rate=0
12-17 22:27:50.507  1795  2736 E hwintelligencewifi:  DefaultState MSG_SCREEN_OFF mIsAutoOpenSearch = false
12-18 00:10:59.925  2852  2852 D HwCustMobileSignalControllerImpl: isCurrentBySim()=false
12-18 07:49:00.240  1795  1819 D NetworkManagement: notifyInterfaceClassActivity: client is com.android.server.ConnectivityService$1@e0f099c
12-18 10:40:48.847 31750 31750 W ContextImpl: Calling a method in the system process without a qualified user: android.app.ContextImpl.stopService:1533 android.content.ContextWrapper.stopService:618 com.huawei.logupload.util.Utils$MyHandler.handleMessage:588 android.os.Handler.dispatchMessage:102 android.os.Looper.loop:199 
12-18 09:51:03.579  1795 16498 W ActivityManager: Sending non-protected broadcast com.huawei.betaclub.UPLOAD_PROGRESS from system 31039:com.huawei.betaclub:loguploadservice/1000 pkg com.huawei.betaclub
12-18 08:19:51.983  1795  2737 W WifiProJNI: poll before: g_monitor_fd =310
12-18 07:56:29.563   633 31870 I SDK     : <2016-12-18 07:56:29> [WARN] SDK: UE-SeC 2016-12-18 7:56:29:563 Level[WARN] magic[3362781472 684]:PubEvt_Close Getting a socket[34] from the Socket-table Failed!
12-18 08:29:56.144  1795  2750 D PowerManagerService: Setting HAL auto-suspend mode to true
12-18 00:19:19.789  3218  3218 I QImsService: ImsServiceSubHandler : Message received: what = 27
12-17 20:31:28.017  1795 11746 I DisplayManagerService: stopWifiDisplayScanLocked record.mWifiDisplayScanRequested=false
12-18 15:28:32.777  3879  9498 W HwLauncher: Launcher.MotionManager stopMotionAppsReco service flg 403 is unavailable
12-17 22:02:02.238  3180  4303 I AwareLog: MemoryRecoveryDMEPlugin: receive sceen off event
12-18 18:31:50.805   533  3739 E ANDR-PERF-MPCTL: Invalid profile no. 0, total profiles 0 only
12-17 20:30:52.793  5224  5283 I Step_LSC: 20002302|calculateCaloriesWithCache datas.size=8431
12-17 23:54:44.134   633 31868 I SDK     : 
12-18 18:13:19.335  1795  2323 E UsbDeviceManager: 	at android.os.UEventObserver$UEventThread.sendEvent(UEventObserver.java:210)
12-18 12:39:33.754  2852  2852 D NetWorkUtils: is3GCalling is false,mCdmaSlot is -1
12-17 21:26:02.856  1795  1821 I WindowManger_keyguard: Setting mDismissKeyguard true by win Window{b9c771f u0 com.huawei.espacev2/com.huawei.espace.module.media.ui.CallOutActivity}
12-17 21:52:46.475   832  1840 E Parcel  : Reading a NULL string not supported here.
12-18 13:06:03.333  3218  3536 E SharedPreferencesImpl: Couldn't create directory for SharedPreferences file /data/user_de/0/com.android.settings/shared_prefs/caStatePreferences.xml
12-17 21:05:51.440  3626  3626 E PTM.FileNodeInfo: getTempInfo error: null, 0
12-17 23:10:19.164  1795  3975 E LocSvc_libulp: I/===> int ulp_brain_turn_onoff_dr_provider() line 848 
12-17 19:40:23.811  3218 13036 E HW-JPEG-DEC: [HME_JPEG_DEC_Delete](3298): HME_JPEG_DEC_Delete: decoder_ctx=null
12-17 22:30:32.462  3608  3608 D InCall  : InCallActivity - dismiss redial dialog
12-17 23:01:10.384  2883  3076 I HwSystemManager: PermissionDbVisitor:insertHistoryRecord:HistoryRecord[packageName:com.tencent.mm,permissionType:16,action:11,dateStartTime:1481904000000,timestamp:1481986870384]
12-18 17:39:16.820  2852  2852 I HwSignalClusterView: getOrInflateState subId:0
12-17 22:05:42.542  1795  1795 D WifiService: onReceive, action:android.intent.action.SCREEN_ON
12-17 23:07:28.750  2852  2852 D HwCustMobileSignalControllerImpl: sub =0,strMccMnc =null,hashMccMnc =[],strPlmn =hw_show_lte
12-17 21:23:17.747  1795  2671 D WifiStateMachine:  InitialState !CMD_SCREEN_STATE_CHANGED  rt=126951444/449534110 0 0
12-18 15:29:28.010  3858  4126 I amsnl   : m1: false
12-18 00:05:02.801  3626  4889 E PTM.FileNodeInfo: getTempInfo error: null, 0
12-18 19:50:14.365  1795  1825 I PowerManager_screenOn: DisplayPowerController updatePowerState mPendingRequestLocked=policy=BRIGHT, useProximitySensor=false, useProximitySensorbyPhone=true, screenBrightness=33, screenAutoBrightnessAdjustment=0.0, brightnessSetByUser=true, useAutoBrightness=true, blockScreenOn=false, lowPowerMode=false, boostScreenBrightness=false, dozeScreenBrightness=-1, dozeScreenState=UNKNOWN, useTwilight=false, useSmartBacklight=true, brightnessWaitMode=false, brightnessWaitRet=true, screenAutoBrightness=-1, userId=0
12-17 21:32:33.972  3608  3608 D InCall  : InCallPresenter - onDeviceOrientationChange: orientation= 0
12-17 20:23:53.347  5224  5283 I Step_DataCache: 20002302|getTodayTotalSteps 6367
12-18 17:41:35.383   816 17572 D DnsProxyListener: GetAddrInfoHandler addr: time.asia.apple.com {317, 917821, 10146} 17.253.54.125
12-18 08:18:20.719  1795  2381 D libfingersense_wrapper: Calling fingersense_classify_touch()
12-18 08:41:48.175   633 31870 I SDK     : 
12-18 19:25:15.618   633 24447 E SDK     : 
12-18 19:49:48.741  2852  2925 I EventCenter: ContentChange for slot: 1
12-17 19:58:43.186  5215  5215 D wpa_supplicant: nl80211: 63720-65880 @ 2160 MHz 28 mBm
12-18 19:49:57.089   835  2385 E libteec : begin
12-17 21:13:11.495   633 31870 I SDK     : 
12-17 21:47:19.170  5224  5224 I Step_LSC: 20002302|onStandStepChanged 71134
12-18 18:24:07.276  2852  2852 D HwCustMobileSignalControllerImpl: isCurrentBySim()=false
12-17 21:10:15.301 24802 24802 I nativeProcess: iqiyi message: ==== isProcesssExist: stat=0, errno=13
12-17 21:53:30.445  1046 26554 D audio_hw_primary: adev_set_parameters: enter: screen_state=on
12-18 18:32:57.458  2852  2852 D BarTransitions.HwPhoneStatusBarView: MODE_TRANSLUCENT -> MODE_TRANSPARENT animate=false
12-17 23:10:17.494   633 31870 I SDK     : <2016-12-17 23:10:17> [WARN] SDK: UE-SeC 2016-12-17 23:10:17:494 Level[WARN] magic[3362781472 684]:PubEvt_Close Getting a socket[93] from the Socket-table Failed!
12-17 19:33:04.340  1795  1795 I AlarmManager: set(PendingIntent{2f9e644: PendingIntentRecord{527f32d android broadcastIntent}}) : type=2 triggerAtTime=447180704 win=300000 tElapsed=447180704 maxElapsed=447480704 interval=0 flags=0x8
12-18 10:52:06.442   827   532 E mm-camera: <STATS_AIS ><ERROR> 1056: dsps_process_response_gyro: Query request denied, error code = 5, QId_valid = 1, QueryId = 0x70a, AckNak_valid = 1, AckNak = 3
12-18 18:28:25.343  1795  2377 W AwareLog: AwareMem_Kill: kill action canBeExecuted waiting next operation, real interval=5283
12-17 23:09:49.834  1795 17832 D WindowManager: interceptKeyBeforeQueueing: key 4 , result : 1
12-18 14:11:15.093  5157  5157 D test    : sending:{"handlerName":"getRegisteredJsHandler","callbackId":"java_cb_1","data":null}
12-18 15:41:16.996  1795  2380 D PowerManagerService: ready=true,policy=3,wakefulness=1,wksummary=0x0,uasummary=0x1,bootcompleted=true,boostinprogress=false,waitmodeenable=false,mode=true,manual=33,auto=-1,adj=0.0userId=0
12-18 19:52:21.328  2852  2852 D StatusBar: No peeking: unimportant notification: 0|com.huawei.health|10010|null|10099
12-17 23:24:02.592  1795  2750 D libfingersense_wrapper: Calling fingersense_on_resume()
12-18 19:44:41.863  5224  5283 I Step_ExtendStepDataManager: 20002302|compensate 24701024 70
12-17 21:37:45.437  1795 17831 D PowerManagerService: ready=true,policy=0,wakefulness=0,wksummary=0x0,uasummary=0x0,bootcompleted=true,boostinprogress=false,waitmodeenable=false,mode=true,manual=33,auto=-1,adj=0.0userId=0
12-18 15:43:11.865  1795  2381 D libfingersense_wrapper: Calling fingersense_classify_touch()
12-18 15:29:29.863  2883  3062 I HwSystemManager: PermissionDbVisitor:insertHistoryRecord:HistoryRecord[packageName:com.sankuai.meituanhd,permissionType:8,action:11,dateStartTime:1481990400000,timestamp:1482046169863]
12-18 17:33:15.373  2852  2852 D HwCust  : Create obj success use class android.app.HwCustNotificationImpl
12-17 21:27:04.067  3118 23619 I ctaifs<通话管理>[通话管理][com.android.server.telecom]: [delete] Delete CallLog
12-17 21:08:14.593  2852  2914 I HwMobileSignalController: subId:0 phoneType:1 networktype:13 targetClass:3 masterLevel:4 slaveLevel:-1
12-18 19:49:13.420  1795  1795 D WifiProStatisticsManager: sendScreenOnEvent enter.
12-18 09:18:13.581  1795 20747 D PowerManagerService: ready=true,policy=3,wakefulness=1,wksummary=0x1,uasummary=0x1,bootcompleted=true,boostinprogress=false,waitmodeenable=false,mode=true,manual=33,auto=-1,adj=0.0userId=0
12-18 08:22:25.108  3180  3332 I ScenarioAction: new ScenarioAction sPoolSize: 0
12-18 09:01:03.075  2852  2852 D StatusBar: applyInPlace=true shouldPeek=false alertAgain=true
12-18 12:39:35.233 18503  3942 I HwIntelligent3_IntelligentProvider: Provider.call: getPrefString
12-18 00:09:53.917  2852  2852 I HwSignalClusterView: getOrInflateState subId:0
12-17 23:25:34.541  1795  6985 D FpDataCollector: case 001, wait for unlock screen on report
12-18 07:50:42.696   633 31870 I SDK     : <2016-12-18 07:50:42> [WARN] SDK: UE-SeC 2016-12-18 7:50:42:696 Level[WARN] magic[3362781472 684]:PubEvt_Close Getting a socket[14] from the Socket-table Failed!
12-18 15:36:28.641 10334 10334 D wpa_supplicant: random_mix_pool - hexdump(len=5): [REMOVED]
12-18 14:12:39.730  5157  5157 W cr_BindingManager: Cannot call determinedVisibility() - never saw a connection for the pid: 5157
12-17 19:36:02.451  1795  1819 D NetworkManagement: notifyInterfaceClassActivity: client is com.android.server.ConnectivityService$1@e0f099c
12-18 16:11:49.329  3168  3369 I CHR_ChrVolteStatisticInfoUtil: setVoLTECallStatisResult: chrVolteStatisticInfo= mCount=0, mAvgValue=0, mMaxValue=0, mMinValue=0
12-18 15:33:00.170  1795  3111 W ActivityManager: getRunningAppProcesses: caller 10105 does not hold REAL_GET_TASKS; limiting output
12-18 18:35:30.975  1795  2323 E UsbDeviceManager: 	at com.android.server.usb.UsbDeviceManager$2.onUEvent(UsbDeviceManager.java:328)
12-17 19:57:26.981  5224  5283 I Step_DataCache: 20002302|getTodayTotalSteps 4290
12-17 19:35:51.772  1795  2750 D HW_DISPLAY_EFFECT: presently, hw_update_color_temp_for_rg_led interface not achieved.
12-17 23:17:30.892  1795  1795 D HwConnectivityService: mIntentReceiver begin
12-18 08:17:28.660   802   802 E Thermal-daemon: Report temperature: [charger_ic] temp :29  report_threshold:1
12-17 21:58:54.400  2852  2852 I StatusBarIconView: updateTint: tint=0
12-18 17:56:01.649  1046  1125 V audio_hw_primary: stop_output_stream: exit: status(0)
12-17 21:52:15.653  1795  2750 D HW_DISPLAY_EFFECT: presently, hw_update_color_temp_for_rg_led interface not achieved.
12-18 15:28:20.217  1795  2380 I TransactionSponsor: Transact:getHwAdminCachedValue to device policy manager service.
12-18 00:05:02.828  1795  3237 I HwActivityManagerService: keyAppBroadcastQueueForIntent intent Intent { act=com.tencent.mm.ui.ACTION_ACTIVE flg=0x10 (has extras) } on bgkeyapp queue
12-18 08:35:36.975  7194 27864 W PushLog2824: [SocketRead_08:34:30-14355]read -1 from inputstream(android/null:-1)
12-17 20:23:45.682  2852  2852 D NetWorkUtils: mVSimCurCardType is -1
12-17 21:47:18.116  3168  3330 D QmiChr_Native: GetProtocolInfo, max Size is 1024.
12-17 23:14:10.304  1795  2380 D PowerManagerService: ready=true,policy=3,wakefulness=1,wksummary=0x0,uasummary=0x1,bootcompleted=true,boostinprogress=false,waitmodeenable=false,mode=true,manual=33,auto=-1,adj=0.0userId=0
12-17 20:32:15.255  2883  6521 I HwSystemManager: HoldService:PHONE_CODE_PERMISSION  is allowed  . packagename =  com.qiyi.video
12-18 18:23:30.183  1046  9752 V msm8916_platform: platform_get_parameters: exit: returns - 
12-18 08:16:41.820  1795  5350 I MQoS    : MSG_QUERY_TCP_INFO called,count:218
12-17 22:25:41.522  2852  2852 I HwPhoneStatusBar: mNotifyStateChangedReceiver::onReceive:action=InCallScreenIsForegroundActivity, mBackgroundState=false
12-18 14:09:48.335  3626  3626 E PTM.FileNodeInfo: getTempInfo error: null, 0
12-18 00:05:45.190  2852  2852 D HwCustMobileSignalControllerImpl: isCurrentBySim()=false
12-17 19:31:43.372  2852  2852 I StackScrollAlgorithm: updateDimmedActivatedHideSensitive overlap:true
12-17 21:32:41.597  3608  3608 W ViewRootImpl[InCallActivity]: Dropping event due to no window focus: MotionEvent { action=ACTION_MOVE, actionButton=0, id[0]=0, x[0]=699.39874, y[0]=1342.7975, toolType[0]=TOOL_TYPE_FINGER, buttonState=0, metaState=0, flags=0x0, edgeFlags=0x0, pointerCount=1, historySize=2, eventTime=127120766, downTime=127118744, deviceId=10, source=0x1002 }
12-18 19:25:22.632  5224  5224 I Step_LSC: 20002302|onStandStepChanged 86135
12-18 09:17:13.815  2852  2852 D NetWorkUtils: is3GCalling is false,mCdmaSlot is -1
12-18 09:17:04.461  1795  2323 E UsbDeviceManager: 	at com.android.server.usb.UsbDeviceManager$2.onUEvent(UsbDeviceManager.java:328)
12-17 22:36:46.676  2852  2852 D HwCustMobileSignalControllerImpl: isCurrentBySim()=false
12-17 22:32:54.880  3180  3578 I AppManager: check dependency pid: 4690 is depended by pid: 1795
12-17 19:45:27.753  3626  3626 E PTM.FileNodeInfo: getTempInfo error: null, 0
12-18 18:27:50.947  5224  5224 I Step_LSC: 20002302|standStepCounter report 100 steps,write fe
12-17 23:52:18.161  1795  2737 I QosMonitor: postEventFromNative: msg=100,arg1=0,arg2=9
12-17 19:56:03.336  2852  2852 I HwBrightnessController: updateSlider2 seekBarProgress:3072
12-17 19:32:11.353   802   802 E Thermal-daemon: [Thermal_Hw] temperature_filter: get invalid temperature, use old temp
12-18 11:20:45.412  3168  3309 D QmiChr_Native: GetProtocolFailCause, log_id is 8, max Size is 40.
12-17 22:48:41.726   802   802 E Thermal-daemon: [Thermal_Hw] temperature_filter: get invalid temperature, use old temp
12-17 21:58:37.868  2852  2852 I BackgrounCallingLayout: updateCallLayout:isBackground=false, isInteractive=true
12-18 09:13:02.425   633 31870 I SDK     : 
12-17 19:40:23.472  1795  1825 D HwNormalizedAutomaticBrightnessController: mAmbientLuxValid=true,mWakeupFromSleep= false
12-18 17:35:21.182  2852  3565 I DataSwitchTile: isMobileDataEnable::dateEnable=true, cotrollerEnable=true
12-17 23:45:02.940   633   692 I eSpaceService: msg.recv{4490} LoginC.onLoginOk(LoginC.java:1326) Login_By_Step->LoginOK 0
12-18 18:26:53.661  2852  2852 I HwSignalClusterView: getOrInflateState subId:0
12-18 19:50:43.866  1795 17831 I NotificationManager: enqueueNotificationInternal: pkg=com.huawei.health id=10010 notification=Notification(pri=0 contentView=null vibrate=null sound=null defaults=0x0 flags=0x2 color=0x00000000 vis=PRIVATE)
12-17 20:50:23.772  3180  3578 I AppManager: check dependency pid: 4690 is depended by pid: 1795
12-17 20:38:00.038  2852  2852 E DateLunarView: mDateString is: 12月17日星期六
12-18 00:24:14.891  1795  2670 D WifiController: DefaultState what=155652
12-17 23:18:20.033  3626  3753 I UserSpecification: handleOverSize()
12-17 21:40:07.275  1795  6985 I HwActivityManagerService: Split enqueueing broadcast [callerApp]:ProcessRecord{4ff57fc 3382:com.qualcomm.qcrilmsgtunnel/1001}
12-18 17:32:15.455  2852  2852 D NetWorkUtils: is3GCalling is false,mCdmaSlot is -1
12-18 19:02:13.606  2852  3556 I HwNetworkControllerImpl: onReceive: action = android.intent.action.LTE_CA_STATE
12-17 21:26:58.498  1795  1809 I qti_sensors_hal: batch:load_acc_oeminf_data x_offset:0.160831 y_offset:0.184366 z_offset:0.985027
12-17 23:26:41.801  1046  1125 D ACDB-LOADER: ACDB -> audstrm_cal->cal_type.cal_data.cal_size = 16
12-17 19:55:48.402   633 21104 E SDK     : 
12-18 10:41:04.970  1795  3111 I AlarmManager: set(PendingIntent{3d2f2da: PendingIntentRecord{601e5f3 com.huawei.indexsearch.observer broadcastIntent}}) : type=2 triggerAtTime=498003696 win=60000 tElapsed=498003696 maxElapsed=498063696 interval=0 flags=0x8
12-17 20:58:17.421  1795 11745 D PowerManagerService: ready=true,policy=3,wakefulness=1,wksummary=0x23,uasummary=0x4,bootcompleted=true,boostinprogress=false,waitmodeenable=false,mode=true,manual=33,auto=-1,adj=0.0userId=0
12-18 00:09:49.066  1795  2737 D WifiProJNI: Received kernel message payload: event 0
12-17 22:07:58.879  1795 16501 W FingerprintService: onAcquired 1
12-18 14:11:19.839  5157  5157 D test    : sending:{"handlerName":"getRegisteredJsHandler","callbackId":"java_cb_1","data":null}
12-17 20:11:41.372   633 31875 I SDK     : 
12-17 21:52:15.460  1795  1795 D HwConnectivityService: mFilterMsgFlag: 0,msg.arg1: 3
12-18 02:35:08.857   818  1089 I iMonitor: create: 902500004
12-17 20:11:45.045  1795  2685 D HwConnectivityService: [enter]handleLteMobileDataStateChange type=0,subType=13
12-18 08:26:56.616  1795 11745 D PowerManagerService: ready=true,policy=3,wakefulness=1,wksummary=0x1,uasummary=0x1,bootcompleted=true,boostinprogress=false,waitmodeenable=false,mode=true,manual=33,auto=-1,adj=0.0userId=0
12-17 21:27:06.168  1795  1795 D PowerManagerService: Releasing suspend blocker "PowerManagerService.Broadcasts".
12-17 23:14:50.466  1795 15982 I AlarmManager: remove(PendingIntent{e21b0db: PendingIntentRecord{16b6f78 com.android.phone broadcastIntent}}) changed bounds; rebatching
12-18 15:43:36.277 14129 14129 D HwIntelligent3_BitmapUtil: bmp is null : false
12-18 08:33:14.573  1795  1819 I InputDispatcher: InputDispatcher::monitor frozen check!
12-17 20:55:13.044  1795 27499 I AwareLog: AwareUserHabit: getTopList is called
12-18 14:13:04.793  1795  1825 I PowerManager_screenOn: DisplayPowerController updatePowerState mPendingRequestLocked=policy=BRIGHT, useProximitySensor=false, useProximitySensorbyPhone=true, screenBrightness=33, screenAutoBrightnessAdjustment=0.0, brightnessSetByUser=true, useAutoBrightness=true, blockScreenOn=false, lowPowerMode=false, boostScreenBrightness=false, dozeScreenBrightness=-1, dozeScreenState=UNKNOWN, useTwilight=false, useSmartBacklight=true, brightnessWaitMode=false, brightnessWaitRet=true, screenAutoBrightness=-1, userId=0
12-17 23:29:49.820  1795  3121 I ActivityManager_service: retrieveServiceLocked, callerApp: ProcessRecord{bc1cd93 25067:com.huawei.betaclub/1000}, flags: 10000400
12-17 23:12:42.292  2852  2852 D HwCustMobileSignalControllerImpl: sub =0,strMccMnc =null,hashMccMnc =[],strPlmn =hw_mcc_mnc
12-17 22:33:43.017  2852  2852 D KeyguardUpdateMonitor: received broadcast android.intent.action.BATTERY_CHANGED
12-18 13:53:07.604  1795  3253 I ActivityManager_broadcast: dispatch ordered broadcast [background] BroadcastRecord{9f7c428 u0 com.huawei.hwsystemmanager.power.SCHEDULE_RECORD_REMAING_TIME_SCENE}, has 1 receivers
12-17 21:48:10.882  5224  5283 I Step_LSC: 20002302|MSG_RECORD_DATA_TO_FILE 
12-18 17:56:16.114  2852  2852 I HwBrightnessController: updateSlider2 seekBarProgress:0
12-17 22:13:16.672  1795  5350 I MQoS    : QOS_level:4(4),use RTTLvl:4;RATLvl:2
12-18 15:39:30.312  1795  2376 D PowerManagerService: ready=true,policy=3,wakefulness=1,wksummary=0x1,uasummary=0x1,bootcompleted=true,boostinprogress=false,waitmodeenable=false,mode=true,manual=33,auto=-1,adj=0.0userId=0
12-17 23:10:26.372  7194  7208 W PushLog2824: 	at android.os.Looper.loop(Looper.java:156)
12-17 23:57:41.870   633 31870 I SDK     : <2016-12-17 23:57:41> [WARN] SDK: UE-SeC 2016-12-17 23:57:41:870 Level[WARN] magic[3362781472 684]:PubEvt_Close Getting a socket[154] from the Socket-table Failed!
12-17 19:57:21.776  1795  2671 D HwWifiStateMachine: isWifiProEvaluatingAP, connectedConfig = null, selectedConfig = "Huawei-Employee"
12-18 19:50:01.650  2852  2852 D HwCustMobileSignalControllerImpl: sub =0,strMccMnc =null,hashMccMnc =[],strPlmn =hw_show_4_5G_for_mcc
12-17 20:05:58.818  1795  1795 I NotificationManager: enqueueNotificationInternal: n.getKey = 0|com.huawei.health|10010|null|10099
12-17 22:39:57.544   633 31870 I SDK     : 
12-18 19:49:50.507  2852  2852 I PhoneStatusBar: updateNotificationShade
12-17 21:25:54.694  1795  2709 I ActivityManager_service: retrieveServiceLocked, callerApp: ProcessRecord{34bf34f 0:system/1000}, flags: 10000400
12-17 21:28:16.963  2852  2852 W StatusBarWindowManager: Apply window Height MATCH_PARENT
12-18 02:26:24.729  2852  2852 I HwStatusBarIconController: applyIconTint
12-18 08:44:05.125   633 31870 I SDK     : 
12-17 20:22:58.758  5224  5283 I Step_HSNH: 20002302|rebuild notification
12-18 18:25:31.911  2852  2852 D HwCustMobileSignalControllerImpl: sub =0,strMccMnc =null,hashMccMnc =[],strPlmn =hw_show_lte
12-18 15:28:33.045  2852  2852 D TintTextView: #B3000000 com.android.systemui.tint.TintTextView{88b1de7 V.ED..... ......I. 0,11-144,60 #7f14004e app:id/msim_status_bar_operators_card_one_id}
12-17 23:10:20.901  3180  3578 I PacketsControl: not 3G net type. do nothing.
12-18 19:50:00.054  1795  3237 D HwPowerManagerService: wakeUpNoUpdateWithoutInteractiveLocked: eventTime=142877475, uid=10033
12-18 07:46:23.919  1795  3249 I SendBroadcastPermission: action:android.intent.action.SIG_STR, mPermissionType:0
12-18 10:45:44.470  1795  1809 I WindowManager: rotationForOrientationLw(orient=1, last=0); user=0 
12-17 23:26:48.856  1795  2381 D libfingersense_wrapper: Calling fingersense_touch_up()
12-18 14:08:22.036  1795  3139 D PowerManagerService: Releasing suspend blocker "PowerManagerService.WakeLocks".
12-18 17:56:16.870  2852  2852 I PhoneStatusBar: removeNotificationChildren
12-18 17:30:47.164  3218  7071 I PhoneInterfaceManager: shouldBlockLocation  ret:false
12-17 19:31:36.789   835   835 I fingerprintd: FingerprintDaemonProxyEx::onTransact, code:7
12-18 14:12:29.083  5157  5157 W cr_BindingManager: Cannot call determinedVisibility() - never saw a connection for the pid: 5157
12-18 19:49:37.275  1795  1825 I PowerManager_screenOn: PowerManagerServiceonProximityPositivebyPhone -> updatePowerStateLocked
12-17 20:26:47.846  3382  3399 D QcrilMsgTunnelSocket: readRilMessage: Buffer = [B@204bb9f HexData = [010000000404000012000000514f454d484f4f4b1d04080002000000ffff]
12-18 08:06:53.226  3218  3375 I SendBroadcastPermission: action:com.huawei.android.intent.action.RAC_CHANGED, mPermissionType:0
12-18 15:27:47.315  2852  2852 I StackScrollAlgorithm: updateDimmedActivatedHideSensitive overlap:true
12-17 23:35:00.398  2883  3269 I HwSystemManager: ChangeMode:readSaveMode, old function, it does not work from 5.0
12-17 23:32:50.508  3218  3218 I SendBroadcastPermission: action:org.codeaurora.VOIP_VOPS_SSAC_STATUS, mPermissionType:0
12-18 15:28:41.955  2852  2914 I PanelBar: INTENT_STATUSBAR_VISIBLE_CHANGE sended, EXTRA_VISIBLE = true
12-18 07:41:59.091  1046  1125 D ACDB-LOADER: ACDB -> send_adm_topology
12-18 08:23:06.153  3466  3466 I Contacts: DialpadFragment mBroadcastReceiver action:android.intent.action.SCREEN_OFF
12-17 20:11:44.521  5215  5215 D wpa_supplicant: nl80211: Remove monitor interface: refcount=0
12-17 21:08:18.720  2852  2852 I HwSignalClusterView: setMobileDataIndicatorsHuawei subId:0 visible:true strengthIcon:2130839311 typeIcon:2130839195 contentDescription:手机信号满格。 typeContentDescription:4G isTypeIconWide:true showActivity:true activityIn:true activityOut:true isRoaming:false
12-18 12:51:02.180   633   692 I eSpaceService: tcp.conn{4485} LoginC.resultNotify(LoginC.java:508) Login_By_Step->CONNECT_ERROR
12-18 14:15:17.904  1795  2733 D WiFi_PRO_WifiProStateMachine: WiFiLinkMonitorState is Exit
12-18 15:39:40.532  1795  1795 I TrafficMonitor: start expired. level:-1
12-17 23:49:59.740  1795  2381 D libfingersense_wrapper: fingersense_classify_touch() finished
12-18 14:11:31.544  5994  5994 D wpa_supplicant: WPS: WFA subelement id=0 len=1
12-17 21:17:29.039  2852  2852 I HwSignalClusterView: apply hwPhoneState.mSubId:0 anyMobileVisible:false mIsAirplaneMode:false, mobileGroupVisible=true
12-18 17:30:14.683 15296 15317 I HwOUC   : [CheckNewVersionThread-6393]getBackColorOfPhoe is (hwouc/HwOucUtility.java:2193)
12-18 15:36:20.588  1795  6988 D HwActivityManagerService: handleANRFilterFIFO,uid = 10146cmd = 1
12-17 19:31:46.213  5215  5215 D wpa_supplicant: CTRL-DEBUG: ctrl_sock-sendmsg: sock=16 sndbuf=229376 outq=768 send_len=44
12-18 15:32:57.154  1795 16499 D Tethering: upstreamIfaceTypes.add:7
12-17 19:57:15.330  1795  1819 D NetworkManagement: notifyInterfaceClassActivity: client is com.android.server.ConnectivityService$1@e0f099c
12-18 08:09:22.646  3168  3168 I CHR_TelStatusListenr: onCellLocationChanged: cellInfo = [10138,176128769,-1]
12-17 20:23:51.229  1795  2380 D PowerManagerService: ready=true,policy=3,wakefulness=1,wksummary=0x0,uasummary=0x1,bootcompleted=true,boostinprogress=false,waitmodeenable=false,mode=true,manual=33,auto=-1,adj=0.0userId=0
12-17 21:59:46.087   633 31868 I SDK     : <2016-12-17 21:59:46> [NOTICE] SDK: UE-SeC 2016-12-17 21:59:46:86 Level[NOTICE] magic[3365677344 1210]:waiting for useful network..........
12-18 10:39:40.403 28113 31335 D HsmJoinRequest: Release wakeLock now
12-18 17:38:33.414  3382  3399 I SendBroadcastPermission: action:qualcomm.intent.action.ACTION_RAC_CHANGED, mPermissionType:0
12-18 14:25:33.081  1795  2323 E UsbDeviceManager: 	at android.os.UEventObserver$UEventThread.run(UEventObserver.java:187)
12-18 14:11:13.800  5157  5157 W cr_BindingManager: Cannot call determinedVisibility() - never saw a connection for the pid: 5157
12-18 15:27:56.268  5994  5994 D wpa_supplicant: WPS: attr type=0x1021 len=24
12-18 14:14:12.520  2883  3756 I HwSystemManager: PermissionDbVisitor:insertHistoryRecord:HistoryRecord[packageName:com.sankuai.meituanhd,permissionType:8,action:11,dateStartTime:1481990400000,timestamp:1482041652520]
12-18 11:26:03.744   633 31870 I SDK     : <2016-12-18 11:26:03> [WARN] SDK: UE-SeC 2016-12-18 11:26:3:744 Level[WARN] magic[3362781472 684]:PubEvt_Close Getting a socket[5] from the Socket-table Failed!
12-18 10:39:47.307   633 31869 I SDK     : 
12-18 09:50:33.785  1795  1795 I DeviceIdleController: updateChargingLocked: charging=false
12-17 20:32:17.385 24266 24266 I DeliverHelper: [qiyi_LOG_INFO DeliverHelper] name =dragon_qos
12-18 14:12:55.711  1795 11747 V SecInputMethodManagerService: Client requesting input be hidden, pid=4492
12-18 17:30:25.521  2852  2852 D StepCounterView: onStepCounterChange stepsNum:13639
12-18 07:29:36.503  2852  2852 I SignalClusterView: applyIconTint ignore
12-18 15:51:04.404  5224  5283 I Step_LSC: 20002302|calculateCaloriesWithCache datas.size=9592
12-18 18:32:23.542  2852  3556 D NetworkController.MobileSignalController(0): mSimSubId:0 onDataActivity: direction=3
12-18 14:37:06.779  1795  2323 E UsbDeviceManager: 	at com.android.server.usb.UsbDeviceManager$2.onUEvent(UsbDeviceManager.java:328)
12-17 23:24:18.404  2852  2852 D HwCustMobileSignalControllerImpl: sub =0,strMccMnc =null,hashMccMnc =[],strPlmn =hw_customized_networkType_entry
12-18 08:50:49.253  1795  1795 I MQoS    : received cell-signal:1
12-18 15:37:56.968   633 31875 I SDK     : <2016-12-18 15:37:56> [NOTICE] SDK: UE-SeC 2016-12-18 15:37:56:968 Level[NOTICE] magic[3359111456 2487]:FSM_OpenFile => [END]
12-18 09:40:14.290  1795  1795 I NotificationManager: enqueueNotificationInternal: n.getKey = 0|com.huawei.health|10010|null|10099
12-18 14:11:30.712   633 31870 I SDK     : <2016-12-18 14:11:30> [WARN] SDK: UE-SeC 2016-12-18 14:11:30:712 Level[WARN] magic[3362781472 684]:PubEvt_Close Getting a socket[234] from the Socket-table Failed!
12-17 23:02:51.226  1795  3121 I ActivityManager_broadcast: dispatch ordered broadcast [bgkeyapp] BroadcastRecord{c5a9b71 u0 ALARM_ACTION(25103)}, has 1 receivers
12-17 23:17:31.117  3218  4070 I PhoneInterfaceManager: shouldBlockLocation  ret:false
12-18 07:55:46.046  3626  3626 E PTM.FileNodeInfo: getTempInfo error: null, 0
12-18 17:56:17.216 19310 19310 E HW-JPEG-DEC: [HME_JPEG_DEC_Delete](3298): HME_JPEG_DEC_Delete: decoder_ctx=null
12-18 19:51:51.477  1795  1795 I NotificationManager: enqueueNotificationInternal: n.getKey = 0|com.huawei.health|10010|null|10099
12-18 07:29:43.036  2852  2852 I BarTransitions.HwPhoneStatusBarView: transitionTo: mode=MODE_TRANSPARENT, animate=false
12-18 19:04:54.766  5224  5283 I Step_HSNH: 20002302|rebuild notification
12-18 17:30:35.493  1795  3238 I HwActivityManagerService: Split enqueueing broadcast [callerApp]:ProcessRecord{580cfb2 5224:com.huawei.health:DaemonService/u0a99}
12-17 22:31:03.582  2852  2852 I HwSignalClusterView: getOrInflateState subId:0
12-18 13:29:16.132  1795  2323 E UsbDeviceManager: 	at android.os.UEventObserver$UEventThread.sendEvent(UEventObserver.java:210)
12-18 17:40:26.421  2852  2852 D HwCustMobileSignalControllerImpl: sub =0,strMccMnc =null,hashMccMnc =[],strPlmn =hw_hspap_show_4g
12-18 07:45:33.993  3858  4126 I amsnl   : t:false, fl: false, p: 2147483647000, ce: true, we: false
12-17 20:13:17.652  5224  5283 I Step_LSC: 20002302|REPORT : 5805 123640 4123 0
12-18 15:33:00.381  1795  2728 D wifi_tcp: state_smg
12-17 20:23:19.623  5224  5283 I Step_LSC: 20002302|REPORT : 6341 135523 4519 0
12-18 18:27:34.877  2852  2852 D HwCustMobileSignalControllerImpl: sub =0,strMccMnc =null,hashMccMnc =[],strPlmn =hw_hspap_show_4g
12-18 17:42:59.622  1795  1795 I MQoS    : onSignal: mSubId=0,currDataSubID=0
12-17 21:13:13.632   633 31875 I SDK     : <2016-12-17 21:13:13> [NOTICE] SDK: UE-SeC 2016-12-17 21:13:13:631 Level[NOTICE] magic[3359111456 2487]:FSM_OpenFile => [END]
12-18 08:18:43.624  2852  2852 I HwSignalClusterView: setMobileDataIndicatorsHuawei subId:0 visible:true strengthIcon:2130839311 typeIcon:2130839197 contentDescription:手机信号满格。 typeContentDescription:LTE isTypeIconWide:true showActivity:true activityIn:false activityOut:false isRoaming:false
12-18 15:38:51.399 10334 10334 D wpa_supplicant: Add randomness: count=307 entropy=273
12-17 19:35:11.820  1795  2750 D HW_DISPLAY_EFFECT: presently, hw_update_color_temp_for_rg_led interface not achieved.
12-18 14:37:06.875  2852  2852 I TrafficPanelManager: hideTraffic
12-17 23:10:17.165   633 31870 I SDK     : 
12-18 19:49:57.143   606  2379 E libteec : receive data len = 192
12-17 21:13:13.629   633 29114 I SDK     : 
12-18 09:11:48.017  2852  2852 I NotificationGroupManager: onEntryUpdated:0|com.huawei.health|10010|null|10099
12-18 19:52:57.137  2852  2852 I NotificationContentView: transferRemoteInputFocus: 0
12-18 15:32:40.221  2852  2822 W HwLockScreenReporter: report result = falsereport type:122 msg:
12-18 17:38:22.927  1046  1125 I Huawei_audio_cust: huawei_common_get_output_device_FM: huawei_audio select fm(0) device(0x2)exit
12-17 22:38:56.515  7194  7208 W PushLog2824: 	at android.os.Handler.handleCallback(Handler.java:755)
12-18 19:51:07.734  1795  3121 I HwActivityManagerService: Split enqueueing broadcast [callerApp]:ProcessRecord{580cfb2 5224:com.huawei.health:DaemonService/u0a99}
12-18 10:11:17.852  5224 17475 I Step_LSC: 20002302|uploadStaticsToDB success 
12-17 23:46:09.365   633 31870 I SDK     : <2016-12-17 23:46:09> [WARN] SDK: UE-SeC 2016-12-17 23:46:9:365 Level[WARN] magic[3362781472 684]:PubEvt_Close Getting a socket[134] from the Socket-table Failed!
12-18 19:49:16.477   633 25609 I SDK     : 
12-18 07:37:37.639  2852  3556 I NetworkController.MobileSignalController(0): onDataActivity: direction=4
12-17 20:23:46.515  2852  2852 I PhoneStatusBar: updateNotificationShade
12-17 20:14:16.297  2852  2852 I NotificationContentView: transferRemoteInputFocus: 0
12-18 17:45:47.560  3382  3399 I SendBroadcastPermission: action:qualcomm.intent.action.ACTION_RAC_CHANGED, mPermissionType:0
12-17 22:27:13.285  2852  2852 I BackgrounCallingLayout: mCallingStatusReceiver:onReceive::action=InCallScreenIsForegroundActivity, isForegroundActivity=false, mPhoneState=2
12-18 17:35:21.643  1046  1053 I APM_AudioPolicyManager: stopOutput() output 13, stream 1, session 4177
12-18 00:11:54.951  2852  2852 I HwSignalClusterView: setMobileDataIndicatorsHuawei subId:0 visible:true strengthIcon:2130839311 typeIcon:2130839195 contentDescription:手机信号满格。 typeContentDescription:4G isTypeIconWide:true showActivity:true activityIn:false activityOut:false isRoaming:false
12-18 15:35:13.193  1795  2377 E IO.IOStatsHistory: uid:10143subtractFirstEntry,both the number of Writting and Reading are emtpy
12-18 19:49:26.567  3608  3608 D InCall  : CallerInfoAsyncQuery - contactsProviderQueryCompleteListener done
12-17 20:11:45.979 22206 22227 I HwOUC   : [CheckNewVersionThread-5736]Support HwGemini(hwouc/MultiCardFactory.java:81)
12-17 21:08:38.246  1795  1795 I MQoS    : onSignal: mSubId=0,currDataSubID=0
