12-17 23:48:39.244   835  2385 E libteec : receive data len = 128
12-18 07:29:37.786  2852  2852 I HwMobileSignalController: notifyListenerHuawei::origin typeIcon:2130839195 icons.mName:4G isSuspend:false, showDataIcon=true, dataConnected=true, isRoaming=false
12-17 23:34:29.119  2852  2852 D HwCustMobileSignalControllerImpl: isCurrentBySim()=false
12-18 15:33:10.503   606  2379 E libteec : qsc_send_cmd finish
12-18 12:48:50.673  1795  3253 I NotificationManager: enqueueNotificationInternal: pkg=com.huawei.health id=10010 notification=Notification(pri=0 contentView=null vibrate=null sound=null defaults=0x0 flags=0x2 color=0x00000000 vis=PRIVATE)
12-17 21:27:03.614  1795  1821 I WindowManger_keyguard: Setting mDismissKeyguard true by win Window{e6a6b5e u0 com.android.incallui/com.android.incallui.InCallActivity}
12-18 14:08:20.409  1795  1805 D HwActivityManagerService: handleANRFilterFIFO,uid = 10113cmd = 1
12-17 23:28:58.479  3626  3626 E PTM.FileNodeInfo: getTempInfo error: null, 0
12-17 22:27:55.512  3626  3626 I iMonitor: send: 903001010
12-18 10:51:57.920   633   692 I ECS     : msg.recv{4490} XmlMsg.decodeBuf(XmlMsg.java:237) RECV 1722 bytes [12]_00_03_02_00_01_04_8B_4E_78_FA_E1_FE cmdCode(CC_VersionCheck.0x0001)msgType(MT_ACK.2)msgClass(MC_VersionCheck.0)sender(ST_Mobile.0)crypted(false)zipped(false)nobase64(true)length(1718)version(3)sno(8B4E)
12-17 22:26:09.606  1795  1795 D PowerManagerService: Releasing suspend blocker "PowerManagerService.Broadcasts".
12-18 09:22:30.087  2852  2852 I HwDateUtils: begin of formatChinaDateRange chinaDate:上午9:22
12-18 19:25:23.020 24589 24614 I CalendarSync: deInit mIsReceiverRegistered : true
12-18 17:44:02.910  1795  3238 W ActivityManager: getRunningAppProcesses: caller 10146 does not hold REAL_GET_TASKS; limiting output
12-18 17:41:35.462  1795  6988 I ActivityManager_service: bindServiceLocked, r: ServiceRecord{20aa7a9 u0 euid: 0 com.huawei.betaclub/.receiver.RouteService}, euid: 0
12-18 17:41:39.759 25067 25067 E HW-JPEG-DEC: [HME_JPEG_DEC_Delete](3298): HME_JPEG_DEC_Delete: decoder_ctx=null
12-18 19:52:48.342  1795  2750 D HW_DISPLAY_EFFECT: presently, hw_update_color_temp_for_rg_led interface not achieved.
12-18 08:04:13.364   633   692 W eSpaceService: Thread-2198{6914} VPNWork.onNetChanged(VPNWork.java:336) <<< WARN(5) >>> SVN get Other error -10
12-18 09:35:06.708  1795  2736 E hwintelligencewifi: DisabledState cellid = 4600020362
12-18 14:22:44.329  1795  1819 D NetworkManagement: notifyInterfaceClassActivity: client is com.android.server.ConnectivityService$1@e0f099c
12-18 19:53:47.602  2852  2925 I EventCenter: ContentChange for slot: 1
12-17 21:58:30.400  3608  3608 I InCall  : InCallActivity - bgCallTwinkingSwitch is truemIsForegroundActivity is true
12-17 20:27:00.557  1795  2665 D NetdConnector: RCV <- {613 IfaceClass idle 0 446156916672672}
12-18 07:38:00.809  1795  2748 D HwAmbientLuxFilterAlgo: earliestValidTime + POWER_ON_BRIGHTENING_LIGHT_DEBOUNCE
12-18 07:39:33.519  1795  2380 I PowerManager_screenOn: PowerManagerNotifier onUserActivity: event=2, uid=1000
12-17 19:31:36.836   606  2379 E libteec : receive data len = 192
12-18 18:11:22.836   633 31870 I SDK     : <2016-12-18 18:11:22> [WARN] SDK: UE-SeC 2016-12-18 18:11:22:836 Level[WARN] magic[3362781472 684]:PubEvt_Close Getting a socket[69] from the Socket-table Failed!
12-17 22:31:00.036  2852  2852 E DateLunarView: mDateString is: 12月17日星期六
12-18 08:44:06.353   633 31870 I SDK     : <2016-12-18 08:44:06> [WARN] SDK: UE-SeC 2016-12-18 8:44:6:353 Level[WARN] magic[3362781472 684]:PubEvt_Close Getting a socket[122] from the Socket-table Failed!
12-18 08:51:12.725  3382  3399 D QcrilMsgTunnelSocket: readRilMessage: Buffer = [B@204bb9f HexData = [010000000404000012000000514f454d484f4f4b1d04080002000000ffff]
12-17 21:26:53.709  1795  1795 I NotificationManager: mIntentReceiver-ACTION_SCREEN_OFF
12-18 15:32:56.548  2852  2852 D HwCustMobileSignalControllerImpl: isCurrentBySim()=false
12-18 16:01:05.569   814 14365 I NuPlayerRenderer: This video has played 0 frames
12-17 20:29:07.119  3879  3879 I HwLauncher: Launcher.Folder childCount: 6
12-18 19:44:41.795  3382  3399 D QcrilMsgTunnelSocket: readRilMessage: Buffer = [B@204bb9f HexData = [010000000404000012000000514f454d484f4f4b1d04080002000000ffff]
12-18 14:08:54.600  1795  2381 D libfingersense_wrapper: fingersense_classify_touch() finished
12-17 21:56:46.424  1795  1795 V AlarmManager: Received TIME_TICK alarm; rescheduling
12-17 23:20:19.763  1795 15987 D PowerManagerService: ready=true,policy=0,wakefulness=0,wksummary=0x0,uasummary=0x0,bootcompleted=true,boostinprogress=false,waitmodeenable=false,mode=true,manual=33,auto=-1,adj=0.0userId=0
12-18 07:40:55.472   533  3739 E ANDR-PERF-MPCTL: Invalid profile no. 0, total profiles 0 only
12-18 09:22:37.453  3858  4126 I amsnl   : csr
12-18 07:15:52.183  2852  2852 V MagazineUtils: Is User Assigned Wallpaper? : 0  false
12-17 23:46:25.122   633 31868 E SDK     : <2016-12-17 23:46:25> [ERR] SDK: UE-SeC 2016-12-17 23:46:25:122 Level[ERR] magic[3365677344 692]:Decoder message type is invalidation;invalidation MMTP_MSG_ENABLE_EXTEND is [36]
12-17 20:18:54.483   606  2379 E libteec : qsc_send_cmd finish
12-18 13:11:06.873  5224  5283 I Step_ExtendStepDataManager: 20002302|after compensate: cache step_7850
12-17 23:01:41.621  1795  2750 D HW_DISPLAY_EFFECT: presently, hw_update_color_temp_for_rg_led interface not achieved.
12-18 14:16:26.114  1795 15987 D PowerManagerService: release:lock=21657233, flg=0x0, tag="dispatcher", name=android", ws=null, uid=1000, pid=7194
12-17 23:54:52.674  2852  2914 I HwMobileSignalController: subId:0 phoneType:1 networktype:13 targetClass:3 masterLevel:4 slaveLevel:-1
12-17 21:52:14.942  1795  1795 I NotificationManager: cancelNotification,index:0
12-17 19:59:03.322   633   692 I ECS     : msg.recv{4490} XmlMsg.encodeBuf(XmlMsg.java:215) SEND 288 bytes [16]_00_00_01_1C_00_03_01_07_01_05_87_60_DD_63_B2_2A cmdCode(CC_ExtendRequest.0x0701)msgType(MT_ARG.1)msgClass(MC_JsonExtend.7)sender(ST_Mobile.0)crypted(true)zipped(false)nobase64(true)length(284)version(3)sno(8760)
12-17 20:20:00.634  1795  2323 D HwBatteryService: onUEvent fcpStatus = 0,scpStatus =0,ovpStatus=0
12-17 21:32:39.827  1795  1821 I WindowManager: Destroying surface Surface(name=com.android.incallui/com.android.incallui.InCallActivity) called by com.android.server.wm.WindowStateAnimator.destroySurface:2056 com.android.server.wm.WindowStateAnimator.destroySurfaceLocked:907 com.android.server.wm.WindowState.destroyOrSaveSurface:2174 com.android.server.wm.AppWindowToken.destroySurfaces:366 com.android.server.wm.WindowStateAnimator.finishExit:587 com.android.server.wm.WindowStateAnimator.stepAnimationLocked:513 com.android.server.wm.WindowAnimator.updateWindowsLocked:311 com.android.server.wm.WindowAnimator.animateLocked:738 
12-17 21:38:56.811  2852  3556 I NetworkController.MobileSignalController(0): onSignalStrengthsChanged signalStrength=SignalStrength: -1 0 -1 255 -1 255 -1 255 255 27 -73 -9 192 2147483647 2147483647 false gw|lte level=5 isSuspend=false levelOld=5,mSignalStrength level=5
12-18 15:29:24.706  2852  2852 D HwCustMobileSignalControllerImpl: isCurrentBySim()=false
12-18 10:49:44.257   802   802 E Thermal-daemon: [Thermal_Hw] temperature_filter: get invalid temperature, use old temp
12-17 20:23:05.749  1795  2381 D libfingersense_wrapper: fingersense_touch_up() finished
12-18 15:27:45.027  1046  1125 D ACDB-LOADER: ACDB -> AUDIO_SET_AUDPROC_CAL
12-18 16:01:40.092 12096 12111 D ConnectivityManager: getMobileDataEnabled()+ subId=0
12-18 09:51:05.549  5224  5283 I SendBroadcastPermission: action:android.com.huawei.bone.NOTIFY_SPORT_DATA, mPermissionType:0
12-18 14:11:27.531  5157  5157 I chromium: [INFO:CONSOLE(1)] "Uncaught SyntaxError: Unexpected token var", source:  (1)
12-18 15:37:34.503 12846 12874 I PRController: setModuleOn ENTER_OFFICE_REMINDER on : true
12-17 21:52:14.894  1795  1825 I PowerManager_screenOn: PowerManagerService Waking up from sleep (uid 1000)...
12-18 12:48:55.521  1795 15987 W ActivityManager: Sending non-protected broadcast com.huawei.android.push.intent.SOCKET_INFO from system 7194:com.huawei.android.pushagent.PushService/1000 pkg android
12-18 14:13:34.060  2883  3107 I HwSystemManager: PermissionDbVisitor:insertHistoryRecord:HistoryRecord[packageName:com.sankuai.meituanhd,permissionType:8,action:11,dateStartTime:1481990400000,timestamp:1482041614060]
12-18 00:02:41.398   633 31870 I SDK     : <2016-12-18 00:02:41> [WARN] SDK: UE-SeC 2016-12-18 0:2:41:398 Level[WARN] magic[3362781472 684]:PubEvt_Close Getting a socket[132] from the Socket-table Failed!
12-18 08:14:12.820  1795  1825 D DisplayPowerController: Animating brightness: target=50, rate=40
12-17 23:46:14.597  2852  2914 I HwMobileSignalController: subId:0 phoneType:1 networktype:13 targetClass:3 masterLevel:3 slaveLevel:-1
12-17 23:25:52.937  2852  2852 D HwCustMobileSignalControllerImpl: isCurrentBySim()=false
12-17 23:08:01.415  1795  2748 D lux trace:: [17.0/130365572, 18.0/130366297, 19.0/130369559]
12-17 19:31:50.573  1795  1825 W LightSensor: LightSensor, enable, 284: flags=1
12-17 20:12:31.471  1795  2381 D libfingersense_wrapper: fingersense_classify_touch() finished
12-17 23:47:15.219  1795  1795 I MQoS    : onSignal: mSubId=1,currDataSubID=0
12-18 12:08:12.615  3168  2916 D HwRepairHelper: getRcvData() TimeGsmLevelOther :  0
12-18 14:36:08.007 31949 31967 I TCP     : WatchThread{4786} TcpClientThread.disconnectSocket(TcpClientThread.java:369) disconnecting to uc.huawei.com:7801
12-18 07:43:51.580  3858  4126 I amsnl   : t:false, fl: false, p: 2147483647000, ce: true, we: false
12-18 14:11:26.817  5157  5157 W cr_BindingManager: Cannot call determinedVisibility() - never saw a connection for the pid: 5157
12-17 23:02:51.230  1795  2396 I AlarmManager: set(PendingIntent{80a68e2: PendingIntentRecord{7f86237 com.huawei.espacev2 broadcastIntent}}) : type=0 triggerAtTime=1481987271170 win=0 tElapsed=455807534 maxElapsed=455807534 interval=300000 flags=0x1
12-17 20:03:32.933  2852  2852 D StatusBar: applyInPlace=true shouldPeek=false alertAgain=true
12-18 11:11:39.788  3626  3626 E PTM.FileNodeInfo: getTempInfo error: null, 0
12-18 15:36:28.664 10334 10334 D wpa_supplicant: WPS: attr type=0x1049 len=6
12-17 22:26:52.016  2852  2852 I BadgedIconHelper: isCloneProcess = false
12-18 10:45:03.198  2852  2852 I StatusBarKeyguardViewManager: updateStates false false false
12-18 15:33:30.274 10334 10334 D wpa_supplicant: Add randomness: count=75 entropy=41
12-17 19:55:47.165  2852  3556 I NetworkController.MobileSignalController(0): onDataActivity: direction=0
12-17 20:21:44.416   597   597 I rmt_storage: rmt_storage_disconnect_cb: clnt_h=0x12b conn_h=0x7f8862a370
12-18 15:32:57.620 10334 10334 D wpa_supplicant: nl80211: interface wlan0 in phy phy51
12-18 07:56:30.233  3879  3879 I HwLauncher: Launcher.Folder childCount: 3
12-18 18:41:03.467  2852  2852 D NetWorkUtils: mVSimCurCardType is -1
12-17 23:07:28.609  2852  3556 I NetworkController.MobileSignalController(0): onSignalStrengthsChanged signalStrength=SignalStrength: -1 0 -1 255 -1 255 -1 255 255 22 -103 -11 70 2147483647 2147483647 false gw|lte level=4 isSuspend=false levelOld=4,mSignalStrength level=4
12-18 09:46:20.884  3382  3399 D QcrilMsgTunnelSocket: Response ID 525306 is not served in this process.
12-17 22:25:36.511  1795  1795 D HwConnectivityService: CtrlSocket getMobileDataEnabled = true
12-18 18:32:40.572  1795  1795 I MQoS    : onSignal: mSubId=0,currDataSubID=0
12-18 07:18:14.542  2852  2852 I StackScrollAlgorithm: updateDimmedActivatedHideSensitive overlap:false
12-18 17:44:18.933  2852  2852 I HwSignalClusterView: apply hwPhoneState.mSubId:0 anyMobileVisible:false mIsAirplaneMode:false, mobileGroupVisible=true
12-17 22:48:10.148  3626  3626 E PTM.FileNodeInfo: getTempInfo error: null, 0
12-17 22:32:13.855  1795  2748 D HwAmbientLuxFilterAlgo: t=128222164,BT=128223164,DT=128226164,BT1=128226164,DT1=128230164,Bn=false,Dn=false,lx=[10.0/128220659, 11.0/128220960, 12.0/128221261, 12.0/128221562, 12.0/128221863, 12.0/128222164],mLx=9.0,s=5.0,ss=0.02531645,AuIntervened=false,mProximityState=false,bLux=26.2,dLux=0.0,bLux1=26.2,dLux1=0.0
12-18 15:27:45.798  1795 16501 I ActivityManager_service: retrieveServiceLocked, callerApp: ProcessRecord{2b38b6e 2883:com.huawei.systemmanager:service/1000}, flags: 10000400
12-17 20:22:45.092   802   802 E Thermal-daemon: [Thermal_Hw] temperature_valid, battery : temperature is invalid, invalid temperatrue is 27
12-18 15:36:23.253  2883  4316 I HwSystemManager: HoldService:PHONE_CODE_PERMISSION  is allowed  . packagename =  com.sankuai.meituan
12-17 22:26:37.443  1795  2748 D HwAmbientLuxFilterAlgo: earliestValidTime + POWER_ON_BRIGHTENING_LIGHT_DEBOUNCE
12-18 10:40:50.633  2852  2852 D HwCustMobileSignalControllerImpl: sub =0,strMccMnc =null,hashMccMnc =[],strPlmn =hw_mcc_mnc
12-18 07:34:38.290  2883  2883 I HwSystemManager: ScheduleRecordPowerConsumeReceiver:onReceive: Action = com.huawei.hwsystemmanager.power.SCHEDULE_RECORD_REMAING_TIME_SCENE
12-17 21:33:41.117 30820 30820 W System.err: 	at com.android.internal.os.ZygoteInit.main(ZygoteInit.java:831)
12-18 16:01:39.556  1795  2778 D Tethering: upstreamIfaceTypes.add:5
12-18 17:30:30.522  2852  2852 I StackScrollAlgorithm: updateClipping isOverlap:false
12-17 23:26:40.454  1795  2778 D HwPFWLogger: AutoStartupDataMgr:isUnderControll third party not in whitelist: cn.wps.moffice_eng
12-17 20:23:44.535  2852  2852 I StackScrollAlgorithm: updateClipping isOverlap:false
12-17 19:42:54.739  1795  6985 W ActivityManager: getRunningAppProcesses: caller 10102 does not hold REAL_GET_TASKS; limiting output
12-18 10:39:47.217  1795  2750 D HW_DISPLAY_EFFECT: presently, hw_update_color_temp_for_rg_led interface not achieved.
12-17 21:23:17.098  1795  2381 D WindowManager: interceptKeyBeforeQueueing: key 26 , result : 0
12-17 21:50:51.002  1795  2778 W ActivityManager: Sending non-protected broadcast com.huawei.action_MOTIONOPERATE from system 1795:system/1000 pkg android
12-18 00:02:41.374   633   692 I ECS     : Heartbeat timer.timers{6809} SimpleThread.onLoop_i(SimpleThread.java:144) thread loop broken
12-18 17:30:08.805  1795  2778 W ActivityManager: getRunningAppProcesses: caller 10099 does not hold REAL_GET_TASKS; limiting output
12-18 08:15:54.314  1795  2665 D NetdConnector: RCV <- {600 Iface linkstate wlan0 down}
12-18 17:40:41.404  1795 15982 D PowerManagerService: ready=true,policy=3,wakefulness=1,wksummary=0x0,uasummary=0x1,bootcompleted=true,boostinprogress=false,waitmodeenable=false,mode=true,manual=33,auto=-1,adj=0.0userId=0
12-17 19:33:00.285  1795  3121 I SendBroadcastPermission: action:android.intent.action.SIG_STR, mPermissionType:0
12-17 22:29:32.684  1795  1825 D FpDataCollector: case xxx, not a fingerprint unlock 
12-18 15:28:34.708  2852  2852 D NetWorkUtils: is3GCalling is false,mCdmaSlot is -1
12-18 12:40:27.776  3626  3626 E PTM.FileNodeInfo: getTempInfo error: null, 0
12-18 17:44:29.689  1795  1808 I ActivityManager: Start proc 18651:com.sankuai.meituan:dppushservice/u0a146 for service com.sankuai.meituan/com.dianping.base.push.pushservice.dp.DPPushService
12-18 08:17:09.590  1795  3237 I SendBroadcastPermission: action:android.intent.action.SIG_STR, mPermissionType:0
12-18 14:11:44.279  6673  6711 I ChinaUploader: not encrypt
12-18 07:34:37.582  2852  2852 D HwCustMobileSignalControllerImpl: isCurrentBySim()=false
12-17 22:26:26.521  1795  1825 D DisplayPowerController: Finished business...
12-17 22:31:40.334  3180  5157 I PGServer: report state:5 event type:1 pid:0 uid:10105 pkg:null to pid: 1795
12-18 18:27:10.520 21042 21055 E SQLiteDatabase: 	at android.os.Looper.loop(Looper.java:156)
12-17 19:57:00.654  1795 16232 D KeyEvent: obtain, mHwFlags=0
12-18 15:33:46.004  1795  1795 I TrafficMonitor: gettimer:interval=2000
12-18 09:13:02.443   633 31870 I SDK     : <2016-12-18 09:13:02> [WARN] SDK: UE-SeC 2016-12-18 9:13:2:443 Level[WARN] magic[3362781472 684]:PubEvt_Close Getting a socket[188] from the Socket-table Failed!
12-18 14:13:55.068  5157  5157 D test    : sending:{"handlerName":"getRegisteredJsHandler","callbackId":"java_cb_1","data":null}
12-18 07:57:09.184  1795  2377 V HwPackageManagerService: Returning system default Launcher 
12-17 19:57:15.174  1795  2739 D HuaweiWifiWatchdogStateMachine:  loss[-57]=0%, volume=0
12-18 18:02:47.143   633 31870 I SDK     : 
12-18 11:55:28.006 28113 28113 I AbsServerRequest: getPostRequestParam success
12-17 21:30:19.179   633 31870 I SDK     : <2016-12-17 21:30:19> [WARN] SDK: UE-SeC 2016-12-17 21:30:19:179 Level[WARN] magic[3362781472 684]:PubEvt_Close Getting a socket[174] from the Socket-table Failed!
12-17 23:19:26.858   633 31870 I SDK     : <2016-12-17 23:19:26> [WARN] SDK: UE-SeC 2016-12-17 23:19:26:858 Level[WARN] magic[3362781472 684]:PubEvt_Close Getting a socket[92] from the Socket-table Failed!
12-18 16:01:40.867 14855 14881 I HiWiServiceBD: network not connect
12-18 14:09:41.446  3218  4159 I PhoneInterfaceManager: shouldBlockLocation  ret:false
12-18 15:29:15.202  9659  9659 D test    : sending:{"handlerName":"getRegisteredJsHandler","callbackId":"java_cb_1","data":null}
12-18 19:49:15.298   633 31868 I SDK     : <2016-12-18 19:49:15> [NOTICE] SDK: UE-SeC 2016-12-18 19:49:15:298 Level[NOTICE] magic[3365677344 2734]:ReHandShake to SVN was done.
12-18 08:44:05.049   633 31868 I SDK     : 
12-17 22:30:35.531   633 31870 I SDK     : <2016-12-17 22:30:35> [WARN] SDK: UE-SeC 2016-12-17 22:30:35:531 Level[WARN] magic[3362781472 684]:PubEvt_Close Getting a socket[12] from the Socket-table Failed!
12-18 08:49:14.472   633 31870 I SDK     : <2016-12-18 08:49:14> [WARN] SDK: UE-SeC 2016-12-18 8:49:14:472 Level[WARN] magic[3362781472 684]:PubEvt_Close Getting a socket[224] from the Socket-table Failed!
12-17 19:33:42.128  1795  2670 D WifiController: StaEnabledState what=155652
12-17 21:52:23.599  3608  3608 D InCall  : VideoPauseController: - VideoPauseController:onResume
12-18 14:11:55.475   802   802 E Thermal-daemon: [Thermal_Hw] temperature_filter: get invalid temperature, use old temp
12-17 21:16:39.814   633 31870 I SDK     : 
12-18 10:46:12.408  2852  2925 I EventCenter: ContentChange for slot: 1
12-18 15:35:15.919  1795  2728 D HwArpVerifier: doCheckAccessInternet
12-17 19:58:33.553  1795  1820 D Tethering: InitialState enter, sendTetherStateChangedBroadcast
12-17 22:24:41.660  3608  3608 D InCall  : InCallPresenter - notifyVideoPauseController
12-17 21:28:17.245  1795  3975 E LocSvc_libulp: I/int ulp_msg_process_system_update(const UlpSystemEvent): systemEvent:0 
12-18 15:42:25.605  1795  1795 I MQoS    : received cell-signal:5
12-18 14:12:02.908  3180  4994 I DownloadState: @@@@@@@@@@@@ uid :10113 download :true
12-18 17:30:38.816  3180  3578 I ash     : com.android.gallery3d { running duration=30003 } transition to: doze reason:
12-18 15:37:45.493 12919 12919 E HW-JPEG-DEC: [HME_JPEG_DEC_Delete](3298): HME_JPEG_DEC_Delete: decoder_ctx=null
12-18 07:31:03.831  1795  2748 D HwAmbientLuxFilterAlgo: earliestValidTime + POWER_ON_BRIGHTENING_LIGHT_DEBOUNCE
12-18 18:57:20.795  1795  2323 D HwBatteryService: onUEvent fcpStatus = 0,scpStatus =0,ovpStatus=0
12-17 20:19:34.288   835  2385 E libteec : begin
12-17 20:19:34.222  2852  3344 D KeyguardService: KGSvcCall onStartedGoingToSleep.
12-17 22:42:47.628  3218  3517 I QImsService: ImsSenderRxr : [UNSL]< UNSOL_SSAC_CHANGED org.codeaurora.ims.ImsQmiIF$SsacInfo@bca0ce2[SUB0]
12-18 17:41:11.113  3180  3578 I ash     : com.tencent.mm { running duration=661902 } transition to: doze reason:proc_exit
12-17 20:12:10.426  2852  2852 I StackScrollAlgorithm: overlapAmount:919.6, previousNotificationEnd:156.0, newYTranslation:-763.6, location:2, i:1, getTopPadding:499.0, getLocationOnScreen():-643
12-18 08:10:49.224  3218  3218 D HwCust  : Create obj success use class com.android.settings.deviceinfo.HwCustStatusImpl
12-17 23:25:13.844 30820 30820 I HwSystemManager: AutoCleanService:checkShouldStart, false, startId:1
12-17 22:08:00.835  3608  3608 D InCall  : DialpadFragment - Notifying dtmf key up.
12-18 17:30:11.467  2852  2852 I HwNavigationBarTransitions: transitionTo:mode=2, isEmuiStyle=false
12-17 21:58:45.497  2852  2852 V KeyguardUpdateMonitor: FingerStat Visible: false; Interactive: false; Switching: false; Bouncer:false; GoingToSleep: false Occluded: false; dreaming: false; Authenticated: false
12-18 10:51:55.384   612   612 I SDM     : HWCDisplay::SetPowerMode: display = 0, mode = 2
12-17 23:42:39.417   633 31870 I SDK     : <2016-12-17 23:42:39> [WARN] SDK: UE-SeC 2016-12-17 23:42:39:417 Level[WARN] magic[3362781472 684]:PubEvt_Close Getting a socket[20] from the Socket-table Failed!
12-17 23:07:24.566  3626  3626 I iMonitor: send: 903001010
12-17 20:13:08.130  4492  4544 D 2DSDR   : APS: 2DSDR: CanvasContext::setSDRZoomout(), the SDR ratio from ViewRootImpl is -1.000000, native window width = 1080, height = 1920
12-18 09:47:03.411  1795  1795 V NotificationService: disableEffects=null canInterrupt=false once update: false
12-18 10:41:04.891  2852  2925 I ExifParser: mTiffStream skip = 0
12-18 14:11:32.208   633 31875 E SDK     : <2016-12-18 14:11:32> [ERR] SDK: UE-SeC 2016-12-18 14:11:32:208 Level[ERR] magic[3359111456 3436]:KeySpace : getkey w00290667_keyTicket not null
12-17 20:58:15.549  1795  5350 I MQoS    : QOS_level:4(4),use RTTLvl:4;RATLvl:5
12-18 07:57:02.958  2852  2852 I EventCenter: EventCenter Get :android.com.huawei.bone.NOTIFY_SPORT_DATA
12-17 23:13:54.941   633   692 I ECS     : msg.recv{4490} XmlMsg.decodeBuf(XmlMsg.java:237) RECV 32 bytes [12]_00_03_02_03_12_05_89_44_A9_A7_1A_08 cmdCode(CC_Heartbeat.0x0312)msgType(MT_ACK.2)msgClass(MC_InstanceMessage.3)sender(ST_Mobile.0)crypted(true)zipped(false)nobase64(true)length(28)version(3)sno(8944)
12-18 19:45:16.559  5224  5224 I Step_LSC: 20002302|onStandStepChanged 88014
12-18 18:23:26.357  1795  2736 E hwintelligencewifi: isMonitorCellId mInfos.size() = 134
12-17 23:13:18.080  1795  3139 I HwActivityManagerService: keyAppBroadcastQueueForIntent intent Intent { act=com.tencent.mm.plugin.report.service.KVCommCrossProcessReceiver flg=0x10 cmp=com.tencent.mm/.plugin.report.service.KVCommCrossProcessReceiver (has extras) } on bgkeyapp queue
12-17 20:11:58.456   533  3739 E ANDR-PERF-MPCTL: Invalid profile no. 0, total profiles 0 only
12-17 21:32:22.941  3608  3608 D InCall  : StatusBarNotifier - Notifying IN_CALL_NOTIFICATION: Notification(pri=2 contentView=null vibrate=null sound=null defaults=0x0 flags=0x2 color=0x00000000 actions=2 vis=PRIVATE publicVersion=Notification(pri=0 contentView=null vibrate=null sound=null defaults=0x0 flags=0x0 color=0xff33b5e5 vis=PRIVATE))
12-17 23:37:38.657   633 31870 I SDK     : 
12-17 23:38:52.870   633   692 I eSpaceService: msg.recv{4490} LoginC.doLoginSucceed(LoginC.java:1042) Login Ack , set account to w00290667
12-18 09:18:40.839  1795  2381 D libfingersense_wrapper: Calling fingersense_classify_touch()
12-18 17:30:12.913  2852  2852 I HwSignalClusterView: getOrInflateState subId:0
12-18 09:17:29.469  3382  3382 I SendBroadcastPermission: action:com.qualcomm.intent.action.ACTION_UNSOL_RESPONSE_OEM_HOOK_RAW, mPermissionType:0
12-18 17:32:25.158  1795  1795 V NotificationService: disableEffects=null canInterrupt=false once update: false
12-17 21:36:43.962   633 32634 I SDK     : 
12-18 14:11:40.338  5994  5994 D wpa_supplicant: WPS: attr type=0x1024 len=3
12-18 17:33:21.104  1795  2323 E UsbDeviceManager: 	at java.io.FileInputStream.<init>(FileInputStream.java:146)
12-18 08:33:14.781  2852  2852 W ResourceType: Failure getting entry for 0xffffffff (t=254 e=65535) (error -2147483647)
12-17 20:12:24.117  1795  1809 I WindowManager: MyOrientationListener: updateRotation.
12-18 18:31:21.869  2852  2852 D NetWorkUtils: mVSimCurCardType is -1
12-18 17:31:20.238  5224  5224 I Step_LSC: 20002302|compensate received
12-18 14:35:35.851  2852  2852 I SignalClusterView: applyIconTint ignore
12-18 08:45:56.972  1795  2665 D NetdConnector: RCV <- {613 IfaceClass idle 0 490495696180251}
12-17 20:19:34.802  2852  3556 I NetworkController.MobileSignalController(0): onDataActivity: direction=0
12-18 15:55:58.543  2852  2852 I NotificationContentView: transferRemoteInputFocus: 0
12-18 15:29:04.930  1795  3237 D HwActivityManagerService: handleANRFilterFIFO,uid = 10113cmd = 0
12-18 19:49:35.830  1795  1825 I PowerManager_screenOn: DisplayPowerController Unblocked screen on after 303 ms
12-18 11:06:03.733  5224  5283 I SendBroadcastPermission: action:android.com.huawei.bone.NOTIFY_SPORT_DATA, mPermissionType:0
12-17 22:27:40.179  1795  2748 D HwAmbientLuxFilterAlgo: earliestValidTime + POWER_ON_DARKENING_LIGHT_DEBOUNCE
12-18 17:43:34.010  1795  2736 D hwintelligencewifi: current cell id is not monitor ..... cellid = 46000172550246
12-17 20:46:53.157 24266 24266 I qiyippsplay: org.iqiyi.video.ui.bf.h()<-1> : 当前时间1876872
12-17 23:08:41.629  2852  2852 D HwCustMobileSignalControllerImpl: sub =0,strMccMnc =null,hashMccMnc =[],strPlmn =hw_mcc_mnc
12-18 07:49:00.253  2852  2852 D HwCustMobileSignalControllerImpl: sub =0,strMccMnc =null,hashMccMnc =[],strPlmn =hw_show_4g
12-18 18:26:03.957  1795  2748 D HwAmbientLuxFilterAlgo: t=142158547,BT=142159547,DT=142162547,BT1=142162547,DT1=142166547,Bn=false,Dn=false,lx=[10.0/142157045, 10.0/142157346, 10.0/142157647, 10.0/142157947, 10.0/142158247, 10.0/142158547],mLx=10.0,s=5.0,ss=0.0,AuIntervened=false,mProximityState=false,bLux=29.0,dLux=0.0,bLux1=29.0,dLux1=0.0
12-17 20:16:52.664   633 31870 I SDK     : <2016-12-17 20:16:52> [WARN] SDK: UE-SeC 2016-12-17 20:16:52:664 Level[WARN] magic[3362781472 684]:PubEvt_Close Getting a socket[192] from the Socket-table Failed!
12-18 00:13:38.288  3626  3626 E PTM.FileNodeInfo: getTempInfo error: null, 0
12-17 23:32:19.165  1795  3975 E LocSvc_libulp: I/===> int ulp_brain_turn_onoff_dr_provider() line 848 
12-18 08:08:35.714  2852  2852 I HwSignalClusterView: setMobileDataIndicatorsHuawei subId:0 visible:true strengthIcon:2130839311 typeIcon:2130839197 contentDescription:手机信号满格。 typeContentDescription:LTE isTypeIconWide:true showActivity:true activityIn:true activityOut:true isRoaming:false
12-18 18:32:57.332  3180  3332 I SensorState: removeSensor,mHandles:{}
12-18 09:10:53.897  3180  3332 I PGServer: report state:2 event type:2 pid:4492 uid:10105 pkg:null to pid: 1795
12-18 08:09:47.827  1795 17832 I HwActivityManagerService: Split enqueueing broadcast [callerApp]:ProcessRecord{24cdca7 3218:com.android.phone/1001}
12-17 20:38:27.875 24266 24266 V chaunce : org.iqiyi.video.vote.b.aux.a()<-1> : checkVoteShowTime--hideVoteView
12-17 21:23:14.374 24266 24266 D KeyEvent: obtain, mHwFlags=65
12-17 21:53:27.842  1795  1825 D HWPowerManger_JNI: Surport 3 dimension color temperature.
12-17 21:52:43.234  2852  2852 I OucScreenOnCounter: Screen already turned on at: 1481982628
12-17 23:03:15.727  1795  1795 I WifiProJNI: ######### CMD_QUERY_PKTS ########
12-17 21:58:59.595  1795  3121 D PowerManagerService: Acquiring suspend blocker "PowerManagerService.WakeLocks".
12-18 09:41:22.857  5224  5283 I Step_DataCache: 20002302|getTodayTotalSteps 2728
12-17 22:33:44.165  3180  3578 I ash     : Unfreeze huawei.w3 OK !
12-17 19:31:58.242 10324 10324 D MagicLink: MagicLink2-BroadcastReceiver:====>ACTION_SCREEN_OFF
12-18 18:23:29.741   814 19869 W HwExtendedMediaDirect: canCreateDirectPcmStream: high resolution audio feature not enable 
12-18 07:49:00.264   633 31870 I SDK     : <2016-12-18 07:49:00> [WARN] SDK: UE-SeC 2016-12-18 7:49:0:264 Level[WARN] magic[3362781472 684]:PubEvt_Close Getting a socket[13] from the Socket-table Failed!
12-17 22:49:00.001  1795  2376 I AlarmManager: there are no wakeup alarms and the screen is off, we can delay what we have so far until the future
12-18 00:00:50.707  1795  6986 D PowerManagerService: Releasing suspend blocker "PowerManagerService.WakeLocks".
12-18 18:41:53.517  1795 15982 I AlarmManager: remove(PendingIntent{10f11af: PendingIntentRecord{3c38496 android broadcastIntent}}) changed bounds; rebatching
12-17 20:12:43.391  5224  5283 I Step_DataCache: 20002302|getTodayTotalSteps 5746
12-18 14:12:56.209  5157  5157 W cr_BindingManager: Cannot call determinedVisibility() - never saw a connection for the pid: 5157
12-18 15:38:02.224  1795  2737 W WifiProJNI: poll before: g_monitor_fd =310
12-18 08:16:21.291  2852  2852 D NetWorkUtils: mVSimCurCardType is -1
12-17 21:26:59.222  1795  1805 I qti_sensors_hal: read from oem info: data_readback
12-18 03:26:26.766  3626  3770 I LSC_902500004: process buffer and get message
12-18 19:50:42.893  1795  2778 I NotificationManager: enqueueNotificationInternal: pkg=com.huawei.health id=10010 notification=Notification(pri=0 contentView=null vibrate=null sound=null defaults=0x0 flags=0x2 color=0x00000000 vis=PRIVATE)
12-17 21:52:15.806  2852  2852 I HwBrightnessUtils: APS brightness=8.0,ConvertToPercentage=0.10030571
12-18 15:32:58.086  1795  1819 D Tethering: interfaceStatusChanged p2p0, false
12-17 20:45:23.271   633   692 I eSpaceService: Watch Thread{4481} LoginC.doWatch(LoginC.java:1459) Login_By_Step-> watch count =  0
12-18 17:30:08.766  3879  3879 I HwLauncher: DynamicIcon onResume  isvisible = true   mAttachedToWindow:true    mWindowVisible:truecom.android.deskclock
12-17 23:24:02.544  1795  1825 I PowerManager_screenOn: KeyguardServiceDelegate  onScreenTurnedOn(showListener = com.android.server.policy.PhoneWindowManager$3@bf53b21)
12-18 00:23:15.628  1795  1819 D NetworkManagement: notifyInterfaceClassActivity: client is android.net.INetworkManagementEventObserver$Stub$Proxy@c0acf8b
12-17 21:54:59.167  2852  2852 I PhoneStatusBar: onScreenTurnedOn
12-17 20:43:00.084  2852  2852 W ExpandableNotificationRow: setActionsBackground,null == view,mPublicLayout
12-17 20:19:30.382  5224  5283 I Step_DataCache: 20002302|getTodayTotalSteps 6247
12-18 18:27:09.534  2852  2852 D StatusBar: reusing notification for key: 0|com.sankuai.meituan|2147483647|null|10146
12-17 20:58:38.888  2852  2852 D HwCustMobileSignalControllerImpl: isCurrentBySim()=false
12-17 21:58:45.571  1795  1795 D HwPFWLogger: PFW.HwPFWService:mBroadcastReceiver action = android.intent.action.SCREEN_OFF
12-18 00:02:41.407   633 31870 I SDK     : 
12-18 08:12:48.106  2852  2852 D HwCustMobileSignalControllerImpl: isCurrentBySim()=false
12-17 19:32:01.509  1795  1795 I Sensor  : turn off notificationLight due to incall or screenon
12-17 20:11:42.263  5215  5215 D wpa_supplicant: WPS: attr type=0x1047 len=16
12-17 21:34:38.833  1795  1806 D PowerManagerService: ready=true,policy=0,wakefulness=0,wksummary=0x0,uasummary=0x0,bootcompleted=true,boostinprogress=false,waitmodeenable=false,mode=true,manual=33,auto=-1,adj=0.0userId=0
12-17 23:01:51.685  3782  8813 V AudioManager: isWiredHeadsetOn...
12-17 20:45:21.034 24266 24266 D seekbar : org.iqiyi.video.ui.ci.onProgressChanged()<-1> : 当前进度：1784820 缓冲大小:983452 缓冲进度：2768272
12-18 18:49:53.314  1795  1819 I EventHub: EventHub monitor: no key events in the past 71s, no motion events in the past 71s
12-18 09:05:54.001  1795  1795 E hwintelligencewifi: onCellLocationChanged
12-17 19:57:32.890  5215  5215 D wpa_supplicant: wlan0: Control interface command 'GET_NETWORK 0 ca_cert'
12-17 21:26:50.411  1795  2750 D libfingersense_wrapper: fingersense_on_pause() finished
12-18 12:50:13.906  1795 11745 D PowerManagerService: Acquiring suspend blocker "PowerManagerService.WakeLocks".
12-17 23:27:14.069  1795  3238 D PowerManagerService: ready=true,policy=3,wakefulness=1,wksummary=0x0,uasummary=0x1,bootcompleted=true,boostinprogress=false,waitmodeenable=false,mode=true,manual=33,auto=-1,adj=0.0userId=0
12-18 00:05:02.865   633 15239 I SDK     : 
12-17 20:31:01.678  1795 17831 D PowerManagerService: ready=true,policy=3,wakefulness=1,wksummary=0x1,uasummary=0x1,bootcompleted=true,boostinprogress=false,waitmodeenable=false,mode=true,manual=33,auto=-1,adj=0.0userId=0
12-18 17:38:23.590  1795  1795 I ActivityManager_broadcast: Enqueueing ordered broadcast[foreground] BroadcastRecord{576a598 u-1 android.intent.action.SCREEN_OFF}: prev had 0
12-17 20:18:54.220  2852  2852 I ActivatableNotificationView: setOverlap mOverlap:true, mDimmed:false
12-18 07:54:27.766  3858  4126 I amsnl   : c: true, w: false, t: false, l: false
12-17 21:21:48.996 24266 25030 D JOBS    : re-running consumer Thread-94
12-18 14:11:32.181   633 31875 E SDK     : 
12-18 19:49:15.404   633 31870 I SDK     : 
12-18 11:20:52.992  2883  2996 E HwSystemManager: NotificationUtil:Month Warning Notification not create
12-18 07:47:18.442  2852  2852 I HwDateUtils: formatChinaDateTime, change to China normalTime:早上7:47
12-18 18:30:58.107   633 31874 E SDK     : <2016-12-18 18:30:58> [ERR] SDK: UE-SeC 2016-12-18 18:30:58:107 Level[ERR] magic[3360692512 3748]:readdir 
12-18 00:20:53.035   633 31868 I SDK     : 
12-18 15:38:51.403 10334 10334 D wpa_supplicant: WPS: attr type=0x104a len=1
12-18 14:12:56.085  1795  3249 W ActivityManager: getRunningAppProcesses: caller 10105 does not hold REAL_GET_TASKS; limiting output
12-17 19:31:42.267  1795 16501 D PowerManagerService: ready=false,policy=3,wakefulness=1,wksummary=0x11,uasummary=0x1,bootcompleted=true,boostinprogress=false,waitmodeenable=false,mode=true,manual=33,auto=-1,adj=0.0userId=0
12-17 23:38:52.140   633   692 I ECS     : LoginThread{6705} XmlMsg.encodeBuf(XmlMsg.java:215) SEND 1044 bytes [16]_00_00_04_10_00_03_01_00_01_00_89_B9_00_00_00_00 cmdCode(CC_VersionCheck.0x0001)msgType(MT_ARG.1)msgClass(MC_VersionCheck.0)sender(ST_Mobile.0)crypted(false)zipped(false)nobase64(false)length(1040)version(3)sno(89B9)
12-18 19:52:40.227  2852  2852 I StatusBarIconView: updateTint: tint=0
12-17 22:48:57.319  2852  3556 I NetworkController.MobileSignalController(0): onDataActivity: direction=4
12-18 14:08:59.937  2883  4316 I HwSystemManager: HoldService:locationInfo switch is on . pid = 5157
12-17 21:48:25.413  7741  7741 D HwCust  : Create obj success use class com.huawei.mms.util.HwCustUpdateUserBehaviorImpl
12-17 22:46:38.147   633 31870 I SDK     : <2016-12-17 22:46:38> [WARN] SDK: UE-SeC 2016-12-17 22:46:38:147 Level[WARN] magic[3362781472 684]:PubEvt_Close Getting a socket[16] from the Socket-table Failed!
12-17 20:12:42.276  1795 17831 V SecInputMethodManagerService: Client requesting input be hidden, pid=4492
12-17 22:45:18.586  2852  3556 I NetworkController.MobileSignalController(0): onSignalStrengthsChanged signalStrength=SignalStrength: -1 0 -1 255 -1 255 -1 255 255 20 -101 -7 194 2147483647 2147483647 false gw|lte level=4 isSuspend=false levelOld=4,mSignalStrength level=4
12-17 23:48:33.324  3879  3894 I HwLauncher: ProviderCallUtils callBadge isCloned = false
12-18 17:30:14.259   633 31870 I SDK     : 
12-18 18:28:04.302  1795  2377 E ProcessInfoCollector: getProcessInfo: failed to find this proc 
12-18 14:36:03.099  5994  5994 D wpa_supplicant: IEs - hexdump(len=82): 00 0e 54 50 2d 4c 49 4e 4b 5f 31 44 43 33 31 34 01 08 82 84 8b 96 0c 18 30 48 03 01 06 05 04 00 ...
12-18 18:16:03.497  3168  3369 E CHR_CenumENCSubEventId: set ordinal Value failed! name is not in the enum map, name = ChrVolteStatisticInfo
12-18 14:08:33.398  1795  3139 I ActivityManager_activity: startActivityMayWait, callerApp: ProcessRecord{13b03e5 5157:com.sankuai.meituanhd/u0a113}, intent: Intent { cmp=com.sankuai.meituanhd/com.sankuai.meituan.search.SearchResultActivity (has extras) }
12-18 15:32:57.912  1795  2671 D WifiHW  : wifi_send_command: cmd:'IFNAME=wlan0 DRIVER RXFILTER-STOP'
12-17 23:27:19.647  1795  1805 E BatteryStatsService: no controller energy info supplied
12-18 15:29:45.444   597   597 I rmt_storage: rmt_storage_rw_iovec_cb: /boot/modem_fs2: clnt_h=0x16a: req_h=0x16a msg_id=3: R/W request received
12-17 23:11:27.044   633 31868 I SDK     : <2016-12-17 23:11:27> [NOTICE] SDK: UE-SeC 2016-12-17 23:11:27:44 Level[NOTICE] magic[3365677344 8910]:Set local private IP is:[10.21.98.163]
12-18 13:22:05.458  1795  1807 I qti_sensors_hal: activate: handle is 52, en is 1
12-18 15:39:14.279  1795  1795 D HuaweiWifiWatchdogStateMachine: bc:d1:77:bb:c9:e2 current RTT[-45]=590, volume=208
12-18 06:26:32.608  2883  3311 I HwSystemManager: ChangeMode:readSaveMode, old function, it does not work from 5.0
12-18 14:45:43.118  1795 16232 D PowerManagerService: ready=true,policy=0,wakefulness=0,wksummary=0x1,uasummary=0x0,bootcompleted=true,boostinprogress=false,waitmodeenable=false,mode=true,manual=33,auto=-1,adj=0.0userId=0
12-18 09:06:01.964  1795 28881 D PFW.HwPFWAppWakeLockPolicy: getUidWakeLock uid: 10028 wakelock(minutes): 0
12-18 08:25:30.514  1795  3225 D PowerManagerService: ready=true,policy=3,wakefulness=1,wksummary=0x1,uasummary=0x1,bootcompleted=true,boostinprogress=false,waitmodeenable=false,mode=true,manual=33,auto=-1,adj=0.0userId=0
12-17 21:32:39.790  3608  3608 D InCall  : InCallPresenter - Notify com.android.incallui.CallButtonPresenter@f67e3ef of state NO_CALLS
12-18 07:33:47.984  1795  2737 D WifiProJNI: Received kernel message payload: event 0
12-18 19:25:13.867  1795  2326 V FingerprintService: ClientMonitor destroy
12-17 23:56:09.329  2852  2852 D HwCustMobileSignalControllerImpl: sub =0,strMccMnc =null,hashMccMnc =[],strPlmn =hw_hspap_show_4g
12-18 17:31:36.313  2852  2852 I NotificationContentView: transferRemoteInputFocus: 0
12-18 09:11:07.321   633 29066 I SDK     : <2016-12-18 09:11:07> [NOTICE] SDK: UE-SeC 2016-12-18 9:11:7:321 Level[NOTICE] magic[2181581088 2589]:ReadSdkGroupItem: no Item[w00290667_mobilePhoneNumber] in group uShare=0
12-18 07:41:26.994  1795  1795 I MQoS    : onSignal: mSubId=1,currDataSubID=0
12-17 22:51:14.131  1795  3237 I PowerManager_battery: update battery new values: chargerAcOnline=false, chargerUsbOnline=false, batteryStatus=2, batteryHealth=2, batteryPresent=true, batteryLevel=80, batteryTechnology=Li-ion, batteryVoltage=4305, batteryTemperature=315, mUpdatesStopped=false
12-17 22:28:02.747   835  2385 E libteec : begin
12-18 14:13:22.405  3218  4159 W PhoneInterfaceManager: shouldBlockLocation running ...
12-18 10:39:37.729  1795  1795 D WifiProStatisticsManager: sendScreenOnEvent enter.
12-17 23:01:09.055  1795  2381 D libfingersense_wrapper: Calling fingersense_classify_touch()
12-18 19:49:33.816  5224  5224 I Step_LSC: 20002302|onStandStepChanged 88424
12-18 19:51:10.890  2852  2852 D NetWorkUtils: mVSimCurCardType is -1
12-18 14:10:44.508  1795  2381 D libfingersense_wrapper: Calling fingersense_classify_touch()
12-18 19:53:12.008  5224  5283 I Step_HSNH: 20002302|upDateHealthNotification()|369|12.3|17253
12-17 21:20:41.066   633 31870 I SDK     : <2016-12-17 21:20:41> [WARN] SDK: UE-SeC 2016-12-17 21:20:41:66 Level[WARN] magic[3362781472 684]:PubEvt_Close Getting a socket[236] from the Socket-table Failed!
12-18 12:39:14.125  7741  7741 D Mms_UI_CLFrag: FragmentMenu onPrepareOptionsMenu...
12-17 23:49:49.386  2852  2852 D HwCustMobileSignalControllerImpl: sub =0,strMccMnc =null,hashMccMnc =[],strPlmn =hw_mcc_mnc
12-18 15:36:38.114 10334 10334 D wpa_supplicant: WPS: attr type=0x1054 len=8
12-17 21:58:30.542  3180  3578 I ScreenLockClean: call busy and not start clean apps.
12-17 20:31:48.421 24266 24266 I DownloadEpisodeAdapter: [qiyi_LOG_INFO DownloadEpisodeAdapter] 锦绣未央第29集>>showFinishedStatusView
12-17 20:24:22.495  1795  2737 D WifiProJNI: Received kernel message payload: event 0
12-17 21:32:17.026  1046  2703 V msm8916_platform: platform_set_parameters: enter: - 
12-17 19:58:45.391  5215  5215 D wpa_supplicant: wlan0: Control interface command 'SELECT_NETWORK 0'
12-18 00:54:39.707 18503 18777 I CalendarSync: configList size : 1
12-17 23:46:09.371   633 31870 I SDK     : 
12-17 21:00:41.044  2852  2852 I HwSignalClusterView: apply hwPhoneState.mSubId:0 anyMobileVisible:false mIsAirplaneMode:false, mobileGroupVisible=true
12-17 21:26:50.855  1795  1825 D PowerManagerService: ready=true,policy=3,wakefulness=1,wksummary=0x11,uasummary=0x1,bootcompleted=true,boostinprogress=false,waitmodeenable=false,mode=true,manual=33,auto=-1,adj=0.0userId=0
12-18 17:56:28.227  1795  1819 I SendBroadcastPermission: action:android.net.conn.DATA_ACTIVITY_CHANGE, mPermissionType:0
12-17 20:13:15.109   816  1562 W SocketListener: sending broadcast to Pid = 1795, Uid = 1000 
12-17 22:30:32.623  1795 16498 D PowerManagerService: acquire lock=259591363, flags=0x1, tag="RILJ_ACK_WL", name=com.android.phone, ws=null, uid=1001, pid=3218
12-17 21:23:12.313 24266 24312 I DEVICE_MD5_QYID: org.qiyi.android.corejar.utils.DeviceUtils.getImeiV2()<-1> : getImeiV2 memory:868404020067521
12-18 09:11:18.673  1795  3237 I ActivityManager_activity: resumeTopActivityLocked: Skip resume: need to start pausing
12-17 22:52:49.146  1795 16499 I SendBroadcastPermission: action:android.intent.action.SIG_STR, mPermissionType:0
12-18 14:36:54.748  2852  2852 D HwCustMobileSignalControllerImpl: isCurrentBySim()=false
12-18 09:05:47.517  2852  2852 D HwCust  : Create obj success use class android.app.HwCustNotificationImpl
12-18 09:46:02.063  1795 30704 D PFW.HwPFWAppWakeLockPolicy: getUidWakeLock uid: 10117 wakelock(minutes): 0
12-18 15:16:22.867  3180  3578 I ash     : com.baidu.input_huawei goes to hibernation overtime: 261668
12-17 23:01:05.775  2852  2852 I HwPhoneStatusBar: exit lock mode:9223372036854775807
12-18 19:49:16.481   633 25609 E SDK     : 
12-18 19:49:21.740  3879  3879 I HwLauncher: Launcher.Utilities  startActivitySafely begin startActivity() for current user
12-18 08:18:44.626  2852  2852 I HwSignalClusterView: getOrInflateState subId:0
12-18 18:30:59.010  3858  4126 I amsnl   : csr
12-17 23:28:49.715  1795  2381 D libfingersense_wrapper: Calling fingersense_classify_touch()
12-17 23:08:21.468  2852  2852 D NetWorkUtils: mVSimCurCardType is -1
12-18 10:45:16.870  1795 17831 D PowerManagerService: ready=true,policy=3,wakefulness=1,wksummary=0x1,uasummary=0x1,bootcompleted=true,boostinprogress=false,waitmodeenable=false,mode=true,manual=33,auto=-1,adj=0.0userId=0
12-18 11:27:05.801  2852  2852 D NetWorkUtils: mVSimCurCardType is -1
12-18 14:12:26.452  5157  5157 I chromium: [INFO:CONSOLE(1)] "Uncaught ReferenceError: WebViewJavascriptBridge is not defined", source:  (1)
12-17 21:41:10.250   633 31870 I SDK     : <2016-12-17 21:41:10> [WARN] SDK: UE-SeC 2016-12-17 21:41:10:250 Level[WARN] magic[3362781472 684]:PubEvt_Close Getting a socket[24] from the Socket-table Failed!
12-18 09:13:08.207   802   802 E Thermal-daemon: [charger_ic] temp_new :31  temp_old :32
12-18 15:42:15.076  1795  3247 D PowerManagerService: ready=true,policy=3,wakefulness=1,wksummary=0x0,uasummary=0x1,bootcompleted=true,boostinprogress=false,waitmodeenable=false,mode=true,manual=33,auto=-1,adj=0.0userId=0
12-18 13:06:03.330  1795  2736 E hwintelligencewifi: DisabledState cellid = 46000172814339
12-17 22:26:52.169  2852  2852 I StackScrollAlgorithm: updateDimmedActivatedHideSensitive overlap:true
12-18 15:27:31.754  1795 16498 D PowerManagerService: ready=true,policy=0,wakefulness=0,wksummary=0x1,uasummary=0x0,bootcompleted=true,boostinprogress=false,waitmodeenable=false,mode=true,manual=33,auto=-1,adj=0.0userId=0
12-17 21:32:41.018  3608  3608 W ViewRootImpl[InCallActivity]: Dropping event due to no window focus: MotionEvent { action=ACTION_MOVE, actionButton=0, id[0]=0, x[0]=719.34784, y[0]=1362.3479, toolType[0]=TOOL_TYPE_FINGER, buttonState=0, metaState=0, flags=0x0, edgeFlags=0x0, pointerCount=1, historySize=2, eventTime=127120187, downTime=127118744, deviceId=10, source=0x1002 }
12-18 08:36:25.502   816  1562 W SocketListener: sending broadcast to Pid = 1795, Uid = 1000 
12-17 21:41:29.832   633 31869 E SDK     : <2016-12-17 21:41:29> [ERR] SDK: UE-SeC 2016-12-17 21:41:29:832 Level[ERR] magic[3367250208 2893]:engine 0, id = "gmt", name = "GMT engine support"
12-17 20:24:00.011  2852  2852 I StackScrollAlgorithm: updateClipping isOverlap:false
12-17 19:55:54.621   633 31875 I SDK     : <2016-12-17 19:55:54> [NOTICE] SDK: UE-SeC 2016-12-17 19:55:54:621 Level[NOTICE] magic[3359111456 6458]:FSM_Tool_TreatFolderEncEx => [START]: pcFileName [anyofficeuserorgcode] 
12-18 09:20:29.049  3382  3399 D QcrilMsgTunnelSocket: Broadcasting intent ACTION_RAC_CHANGED
12-17 19:40:31.151  2852  2852 I BitmapUtils: 	at com.huawei.keyguard.util.BitmapUtils.getColorInfo(BitmapUtils.java:739)
12-17 21:26:58.345  1795  3238 I HwActivityManagerService: Split enqueueing broadcast [callerApp]:ProcessRecord{ec55919 3608:com.android.incallui/1001}
12-17 20:11:43.839  5224  5283 I SendBroadcastPermission: action:android.com.huawei.bone.NOTIFY_SPORT_DATA, mPermissionType:0
12-18 09:19:14.586  2852  2852 I HwSignalClusterView: apply hwPhoneState.mSubId:0 anyMobileVisible:false mIsAirplaneMode:false, mobileGroupVisible=true
12-17 21:27:08.757 31532 31551 I HwIntelligent3_BaseAlarmModule: OVERTIME_REMINDER schedule
12-17 20:31:44.003 24266 24635 I plugin_IPCPlugNative: [qiyi_LOG_INFO plugin_IPCPlugNative] sendCachedData plugin is ready with com.qiyi.video.reader
12-17 23:14:59.410  2852  2852 I HwMobileSignalController: notifyListenerHuawei::origin typeIcon:2130839195 icons.mName:4G isSuspend:false, showDataIcon=true, dataConnected=true, isRoaming=false
12-17 22:28:19.719  1795  2323 E UsbDeviceManager: 	at com.android.server.usb.UsbDeviceManager$2.onUEvent(UsbDeviceManager.java:328)
12-17 22:05:44.620  1795 16232 I HwActivityManagerService: Split enqueueing broadcast [callerApp]:ProcessRecord{ec55919 3608:com.android.incallui/1001}
12-17 23:40:19.568  2852  3556 I NetworkController.MobileSignalController(0): onDataActivity: direction=4
12-17 21:50:48.571   633 31870 I SDK     : 
12-18 03:56:27.702  3382  3399 D QcrilMsgTunnelSocket: Rac Change (PDC) data: [-1, -1]
12-18 10:39:43.718 25067 31557 I ret     : 	<link href="/uniportal/css/layout.css" rel="stylesheet" type="text/css">
12-17 21:03:37.644  1795  3253 I DisplayManagerService: stopWifiDisplayScanLocked record.mWifiDisplayScanRequested=false
12-17 20:02:50.026  5215  5215 D wpa_supplicant: CTRL-DEBUG: ctrl_sock-sendmsg: sock=16 sndbuf=229376 outq=768 send_len=43
12-18 12:48:50.395  3382  3399 D QcrilMsgTunnelSocket: readRilMessage: Buffer = [B@204bb9f HexData = [010000000404000012000000514f454d484f4f4b1d04080002000000ffff]
12-17 20:33:34.326  1795  1795 D WifiProJNI: send_cmd_kernel: cmd=1
12-18 14:13:00.076  2852  2852 I ToggleSlider:  mSeekListener onProgressChanged progress:5691 fromUser:false
12-18 14:13:24.628  5994  5994 D wpa_supplicant: random_mix_pool - hexdump(len=5): [REMOVED]
12-18 16:01:11.727 14448 14448 E HW-JPEG-DEC: [HME_JPEG_DEC_Delete](3298): HME_JPEG_DEC_Delete: decoder_ctx=null
12-17 20:18:54.960   835  2385 E libteec : begin
12-18 00:14:13.869  2852  3556 D NetworkController.MobileSignalController(0): mSimSubId:0 onDataActivity: direction=0
12-18 07:58:13.645  3180  3578 I ash     : com.baidu.input_huawei { running duration=69530 } transition to: doze reason:
12-18 08:17:05.473  4492  4492 V AudioManager: getRingerMode...
12-17 20:13:03.288  5224  5283 I Step_ExtendStepDataManager: 20002302|before compensate: cache step_5779
12-17 19:31:45.760  1795  2371 E huawei_ProximitySensor_CPP_Test: ProximitySensor: 9 is far event,0 is close event,value = 0.000000
12-18 14:10:01.912  1795  2748 D lux trace:: [2834.0/139716901, 2846.0/139717274, 2844.0/139717627, 2739.0/139717983, 2644.0/139718356, 2589.0/139718711, 2518.0/139719064, 2416.0/139719417, 2423.0/139719771, 2437.0/139720486, 2471.0/139720845]
12-17 21:10:46.921 24266 24266 I qiyippsplay: org.iqiyi.video.ui.bf.h()<-1> : 当前时间810791
12-18 07:39:46.939  1795 16500 D PowerManagerService: ready=true,policy=3,wakefulness=1,wksummary=0x0,uasummary=0x1,bootcompleted=true,boostinprogress=false,waitmodeenable=false,mode=true,manual=33,auto=-1,adj=0.0userId=0
12-17 21:22:41.831 24266 24266 I DownloadEpisodeAdapter: [qiyi_LOG_INFO DownloadEpisodeAdapter] setEpisodeTitle
12-18 08:30:08.446  3382  3399 D QcrilMsgTunnelSocket: Response ID 525306 is not served in this process.
12-18 15:51:04.152  3626  3753 I SizeStateMachine: Sdcard free size is 16306294784 B. InitialState is 0
12-17 21:05:20.392  2852  2852 I HwSignalClusterView: apply hwPhoneState.mSubId:0 anyMobileVisible:false mIsAirplaneMode:false, mobileGroupVisible=true
12-17 23:13:44.937   633   692 I eSpaceService: tcp.recv{4488} LoginC.resultNotify(LoginC.java:508) Login_By_Step->CONNECT_ERROR
12-18 14:19:32.465  1795  3139 D PowerManagerService: acquire lock=173874399, flags=0x1, tag="hibernation", name=com.huawei.powergenie, ws=null, uid=1000, pid=3180
12-17 23:06:45.312  3858  4126 I amsnl   : csr
12-18 14:11:33.410  5157  5157 I chromium: [INFO:CONSOLE(1)] "Uncaught ReferenceError: WebViewJavascriptBridge is not defined", source:  (1)
12-18 15:29:34.834  2852  2852 D HwCustMobileSignalControllerImpl: isCurrentBySim()=false
12-18 14:10:51.054  5994  5994 D wpa_supplicant: nl80211: Supported vendor event: vendor_id=0x1374 subcmd=26
12-17 21:40:03.831  3382  3399 D QcrilMsgTunnelSocket: Rac Change (PDC) data: [-1, -1]
12-18 10:52:09.541   814   600 V NuPlayer: kWhatSetDataSource
12-18 19:51:42.560  2852  2852 D HwCust  : Create obj success use class android.app.HwCustNotificationImpl
12-17 21:53:28.208 31949 31967 I ECS     : WatchThread{4786} TcpClient.disconnect_i(TcpClient.java:202) ==================== TCP CLIENT DISCONNECT ====================
12-18 19:49:28.346  1795  1795 E hwintelligencewifi: onCellLocationChanged
12-18 14:12:48.434  5157  5157 I chromium: [INFO:CONSOLE(1)] "Uncaught ReferenceError: WebViewJavascriptBridge is not defined", source:  (1)
12-18 14:07:35.029  1795  3110 I qti_sensors_hal: 0x0, 0x0, 0x0, 0x0
12-18 15:37:19.969  2852  2852 I SlideTouchEvent: vel=0.0, MinimumFlingVelocity=150
12-17 21:32:40.899  1795 11745 I AlarmManager: remove(PendingIntent{5893a9f: PendingIntentRecord{85dd5fd com.tencent.mm broadcastIntent}}) changed bounds; rebatching
12-18 15:29:29.887  2883  4316 I HwSystemManager: HoldService:locationInfo switch is on . pid = 9659
