12-17 22:36:34.679  2852  3556 D NetworkController.MobileSignalController(0): mSimSubId:0 onDataActivity: direction=1
12-17 21:41:29.831   633 31869 I SDK     : <2016-12-17 21:41:29> [NOTICE] SDK: UE-SeC 2016-12-17 21:41:29:831 Level[NOTICE] magic[3367250208 390]:Connect to SVN was done! tcp sock:143
12-17 20:58:11.685  7194 27731 I PushLog2824: [SocketRead_20:58:11-13404]enter isSupportCtrlSocketV2, mHasCheckCtrlSocketVersion:true,mIsSupportCtrlSokceV2:true(android/null:-1)
12-18 19:49:53.830  3382  3399 D QcrilMsgTunnelSocket: AudioState data received: vsid=297816064;call_state=1
12-17 21:14:24.100  1795  1795 I MQoS    : received cell-signal:1
12-18 09:39:18.834  1795  2323 E UsbDeviceManager: 	at java.io.FileInputStream.open(Native Method)
12-17 19:35:03.912  5224  5283 I Step_ExtendStepDataManager: 20002302|before compensate: cache step_4242
12-17 19:31:50.974  1795 11745 I AlarmManager: remove(PendingIntent{f6b90b2: PendingIntentRecord{7f86237 com.huawei.espacev2 broadcastIntent}}) changed bounds; rebatching
12-18 14:13:00.817  5157  5157 I chromium: [INFO:CONSOLE(1)] "Uncaught ReferenceError: WebViewJavascriptBridge is not defined", source:  (1)
12-17 20:51:47.559  1795  1795 D WifiService: ACTION_BATTERY_CHANGED pluggedType: 0
12-17 21:10:10.300 24802 24802 I nativeProcess: iqiyi message: ==== isProcesssExist: stat=0, errno=13
12-17 19:42:26.337   633 31868 I SDK     : <2016-12-17 19:42:26> [NOTICE] SDK: UE-SeC 2016-12-17 19:42:26:337 Level[NOTICE] magic[3365677344 725]:Begin to proc tunnel status change: oldStatus=1, newStatus=2, errCode=-11
12-18 14:11:35.568  3626  3754 I LogDatabase:  filterLogList ,thisTypeThreshold = 1073741824 thisTypeSent = 141422924 type = PowerThermal
12-17 19:32:29.783   835  2385 D fpc_fingerprint_hal: fpc poll irq interupt
12-17 19:32:30.618   533  3739 E ANDR-PERF-MPCTL: Invalid profile no. 0, total profiles 0 only
12-17 23:26:27.500   814 11564 V NuPlayer: renderer audio flush completed.
12-18 19:49:30.152  1795  1825 D DisplayPowerController: Animating brightness: target=10, rate=40
12-18 14:14:03.263  1795  1795 D WifiProJNI: send_cmd_kernel: cmd=1
12-18 07:34:56.779  2852  2852 D HwCustMobileSignalControllerImpl: sub =0,strMccMnc =null,hashMccMnc =[],strPlmn =hw_mcc_mnc
12-18 16:01:39.157   633 31870 I SDK     : <2016-12-18 16:01:39> [WARN] SDK: UE-SeC 2016-12-18 16:1:39:157 Level[WARN] magic[3362781472 684]:PubEvt_Close Getting a socket[94] from the Socket-table Failed!
12-18 14:12:51.258  5157  5157 I chromium: [INFO:CONSOLE(1)] "Uncaught SyntaxError: Unexpected token var", source:  (1)
12-17 19:40:26.748  1795  3111 I AlarmManager: set(PendingIntent{81a671c: PendingIntentRecord{7f86237 com.huawei.espacev2 broadcastIntent}}) : type=0 triggerAtTime=1481975126748 win=0 tElapsed=443663111 maxElapsed=443663111 interval=300000 flags=0x1
12-17 21:21:13.125   818  1086 E iMonitor: setTracingEnabled:0
12-18 00:20:23.929  3218  3218 I SendBroadcastPermission: action:org.codeaurora.VOIP_VOPS_SSAC_STATUS, mPermissionType:0
12-18 17:44:34.136  3626  4889 E PTM.FileNodeInfo: getTempInfo error: null, 0
12-18 13:06:15.180  1795  2323 E UsbDeviceManager: java.io.FileNotFoundException: sys/class/hw_power/charger/charge_data/water_intrused (No such file or directory)
12-17 19:32:07.606  1795  2728 D HwArpVerifier: mAccessWebStatus : rx = 0, tx = 0
12-18 19:50:29.943 25067 25067 D CubicBezierInterpolator: CubicBezierInterpolator  mControlPoint1x = 0.6, mControlPoint1y = 0.9, mControlPoint2x = 0.8, mControlPoint2y = 1.0
12-17 23:38:52.085   633   692 I TCP     : Thread-2014{6706} TcpClientThread.connect(TcpClientThread.java:52) will connect to 45.249.213.63:7801
12-17 22:46:28.789  1795  3253 D PowerManagerService: ready=true,policy=0,wakefulness=0,wksummary=0x0,uasummary=0x0,bootcompleted=true,boostinprogress=false,waitmodeenable=false,mode=true,manual=33,auto=-1,adj=0.0userId=0
12-17 20:12:38.419  5224  5283 I Step_ExtendStepDataManager: 20002302|before compensate: cache step_5738
12-18 14:17:07.416  1795  1819 D NetworkManagement: notifyInterfaceClassActivity: client is com.android.server.ConnectivityService$1@e0f099c
12-18 00:12:22.952  2852  2852 D HwCustMobileSignalControllerImpl: sub =0,strMccMnc =null,hashMccMnc =[],strPlmn =hw_customized_networkType_entry
12-17 23:42:54.661   633 31867 I SDK     : <2016-12-17 23:42:54> [NOTICE] SDK: UE-SeC 2016-12-17 23:42:54:661 Level[NOTICE] magic[3368294688 1013]:s(0, 1),r(0, 1)in 20s;vsock(173256B, 13747B, 0, 0), sock(1163, 1204, 0, 0), times(42, 0, 267, 68), delay(0, 0)ms, m(0, 6144)KB, p:51019, s:51019, t(212, 1, 43619B, 71487B), u(0, 1, 227858B, 63176B), c(2483, 3225, 0, 0), e(89746, 2260)/(1844, 2260), k:97, d(836, 925), de(0), s(online, 2, 1), SSL(0), UDP(0), r_d(0), s_d(0), c_d(0), dur(1633 m), vs(0, 0, 0), sysFM(0 KB), ls(2434, 2434),bypass[0]:[0]
12-18 08:38:00.792   633 31870 I SDK     : 
12-18 14:26:12.493  1795  3139 D PowerManagerService: release:lock=193985182, flg=0x0, tag="RILJ_ACK_WL", name=com.android.phone", ws=null, uid=1001, pid=3218
12-17 20:20:47.399  3180  3578 D PgedBinderAdapter: frz ok, pid: [31558, 17357]
12-18 17:32:07.202  5224  5283 I SendBroadcastPermission: action:android.com.huawei.bone.NOTIFY_SPORT_DATA, mPermissionType:0
12-17 19:59:02.447  5224  5283 I Step_LSC: 20002302|calculateCaloriesWithCache datas.size=8400
12-17 20:36:52.177 24266 24266 D VideoPlayerImpl: org.iqiyi.video.player.cv.ag()<-1> : current progress: progress= 1276047
12-17 20:49:06.437   633 31870 I SDK     : <2016-12-17 20:49:06> [WARN] SDK: UE-SeC 2016-12-17 20:49:6:437 Level[WARN] magic[3362781472 684]:PubEvt_Close Getting a socket[117] from the Socket-table Failed!
12-18 09:21:17.622  3626  3626 E PTM.FileNodeInfo: getTempInfo error: null, 0
12-17 21:50:48.608   633 31870 I SDK     : <2016-12-17 21:50:48> [WARN] SDK: UE-SeC 2016-12-17 21:50:48:608 Level[WARN] magic[3362781472 684]:PubEvt_Close Getting a socket[213] from the Socket-table Failed!
12-18 00:03:56.898  3879  4071 D ApplicationPackageManager: queryIntentActivitiesAsUser size results:1, for package:com.huawei.espacev2
12-18 09:47:03.447  2852  2852 I HwMobileSignalController: notifyListenerHuawei::origin typeIcon:2130839195 icons.mName:4G isSuspend:false, showDataIcon=true, dataConnected=true, isRoaming=false
12-18 14:11:16.558  2852  6179 I WindowBlur: not support blur background, notify null
12-18 08:32:22.536  1795  2323 E UsbDeviceManager: java.io.FileNotFoundException: sys/class/hw_power/charger/charge_data/water_intrused (No such file or directory)
12-18 10:52:10.148   808   547 D [HWCamera] HwAlgorithmicInformation: void android::HwAlgorithmicInformation::setSmartAeInfo(int, int*, SmartAE_EXIF_INFO_t*), calculated hdr exposure time sequence is 
12-17 21:52:16.053  1795  1825 E PowerManagerService: startDreaming = true
12-18 10:56:23.344  1795  2323 E UsbDeviceManager: 	at java.io.FileInputStream.open(Native Method)
12-17 21:26:55.271  2852  2852 D StatusBar: updateNotification(StatusBarNotification(pkg=com.huawei.health user=UserHandle{0} id=10010 tag=null key=0|com.huawei.health|10010|null|10099: Notification(pri=0 contentView=null vibrate=null sound=null defaults=0x0 flags=0x62 color=0x00000000 vis=PRIVATE)))
12-18 00:02:45.324   633 14997 I SDK     : <2016-12-18 00:02:45> [NOTICE] SDK: UE-SeC 2016-12-18 0:2:45:324 Level[NOTICE] magic[2259487008 2756]:WriteSdkGroupItem: hash has same item[HW_LAST_WRITE_APP]
12-18 00:17:05.781  3858  4126 I amsnl   : csr
12-18 19:46:03.775  3626  3626 E PTM.FileNodeInfo: getTempInfo error: null, 0
12-17 21:32:40.956 31532 31532 I HwIntelligent3_OverseasStateManager: notifyRamotingStateChanged check roaming state is not true
12-18 10:39:38.192  1795  2727 D GnssLocationProvider: reject utc time request
12-17 21:32:41.443  3626  3754 I LogDatabase:  radio srcPath = /storage/emulated/0/log/LogService/1/done
12-18 16:01:41.169   835  2385 E libteec : qsc_decode end
12-18 14:11:05.226  5157  5157 W cr_BindingManager: Cannot call determinedVisibility() - never saw a connection for the pid: 5157
12-17 23:48:37.504  1795  1825 I PowerManager_screenOn: DisplayPowerController updatePowerState mPendingRequestLocked=policy=BRIGHT, useProximitySensor=false, useProximitySensorbyPhone=true, screenBrightness=33, screenAutoBrightnessAdjustment=0.0, brightnessSetByUser=true, useAutoBrightness=true, blockScreenOn=false, lowPowerMode=false, boostScreenBrightness=false, dozeScreenBrightness=-1, dozeScreenState=UNKNOWN, useTwilight=false, useSmartBacklight=true, brightnessWaitMode=true, brightnessWaitRet=false, screenAutoBrightness=-1, userId=0
12-18 15:43:35.017  1046  1125 I Huawei_audio_cust: huawei_audio huawei_choose_Handset_device_incall_forHWtest: test Type =4
12-18 15:32:57.323 10334 10334 D wpa_supplicant: nl80211: Supported vendor event: vendor_id=0x1374 subcmd=24
12-18 15:30:07.772  3626  3626 E PTM.FileNodeInfo: getTempInfo error: null, 0
12-17 19:55:47.854  1795  1807 I HwActivityManagerService: Split enqueueing broadcast [callerApp]:ProcessRecord{34bf34f 0:system/1000}
12-17 20:11:44.255 22049 22049 I HwWiFiDirectFT: WiFiDirectFTNetwork info: / static block
12-18 15:36:11.719  1795  3237 D HwActivityManagerService: handleANRFilterFIFO,uid = 10146cmd = 0
12-18 08:10:51.434  3626  3626 I iMonitor: create: 903001011
12-18 10:58:12.635  5224  5224 I Step_LSC: 20002302|onStandStepChanged 76847
12-18 07:58:20.334  2852  2852 D HwCustMobileSignalControllerImpl: sub =0,strMccMnc =null,hashMccMnc =[],strPlmn =hw_show_4_5G_for_mcc
12-18 12:50:44.145  1795  2323 E UsbDeviceManager: java.io.FileNotFoundException: sys/class/hw_power/charger/charge_data/water_intrused (No such file or directory)
12-18 08:49:33.580  2852  2852 W AppHandler: sendMessage with obj100
12-17 20:35:55.071  1795 16498 W ActivityManager: getTasks: caller 10140 does not hold REAL_GET_TASKS; limiting output
12-18 19:32:14.259  2852  2852 D HwCustMobileSignalControllerImpl: isCurrentBySim()=false
12-17 21:47:24.338  1795  1808 V HwBroadcastQueue: trim and enqueue background Parallel:(5) Ordered:(1)(BroadcastRecord{5d01c8b u-1 android.intent.action.PHONE_STATE})
12-18 18:30:15.168  1795  1808 I ActivityManager: new Process app=ProcessRecord{7609eb5 0:com.sankuai.meituan:dppushservice/u0a146}, name: com.sankuai.meituan:dppushservice, euid: 0
12-17 21:58:35.707  1795  1795 D HwWifiP2pService: onReceive, action:android.intent.action.SCREEN_ON
12-18 16:01:39.752 14777 14777 I         : power log dlsym ok
12-18 13:01:12.390  3218  3375 I SendBroadcastPermission: action:com.huawei.android.intent.action.RAC_CHANGED, mPermissionType:0
12-18 01:37:24.032  1795  2323 E UsbDeviceManager: 	at java.io.FileInputStream.open(Native Method)
12-18 14:12:00.608  3626  4883 I NCCHR_NcLogCollectServiceImpl: getUserType = 3
12-17 23:15:29.640  3180  3578 I PacketsControl: not 3G net type. do nothing.
12-18 15:27:55.634  1795  1795 D HwConnectivityService: [PS filter] should not power save
12-17 19:34:58.695  3879  3879 I HwLauncher: DynamicUpdater registerReceiver
12-18 08:14:12.850   533  3739 E ANDR-PERF-MPCTL: Invalid profile no. 0, total profiles 0 only
12-17 21:26:09.676  3626  3626 I LogCollectService: onStartCommand 
12-18 08:19:55.365  1795  1795 I MQoS    : received cell-signal:5
12-18 01:04:54.853  1795  6986 E BatteryStatsService: no controller energy info supplied
12-18 14:09:30.355  2852  2852 D HwCustMobileSignalControllerImpl: isCurrentBySim()=false
12-18 14:09:37.379  2852  3556 I NetworkController.MobileSignalController(0): 	to: connected=true,enabled=true,level=5,inetCondition=1,iconGroup=IconGroup(4G),activityIn=false,activityOut=true,rssi=0,lastModified=12-18 02:09:36,isRoaming=false,dataSim=true,networkName=中国移动,networkNameData=中国移动,dataConnected=true,isDefault=true,isEmergency=false,airplaneMode=false,carrierNetworkChangeMode=false,userSetup=true
12-18 18:24:30.619  2852  2852 I ActivatableNotificationView: setOverlap mOverlap:true, mDimmed:false
12-18 07:39:40.870   633 31867 I SDK     : 
12-18 07:34:26.735  1795  2748 D HwAmbientLuxFilterAlgo: earliestValidTime + POWER_ON_BRIGHTENING_LIGHT_DEBOUNCE
12-18 17:30:13.583  1795  2670 D WifiController: battery changed pluggedType: 0
12-18 10:46:17.699  2852  2852 I BitmapUtils: 	at com.huawei.keyguard.support.magazine.KeyguardWallpaper$2.onMagazinePicLoaded(KeyguardWallpaper.java:315)
12-18 14:12:38.832  5994  5994 D wpa_supplicant: wlan0: Control interface command 'SIGNAL_POLL'
12-17 21:52:46.762   606  2379 E libteec : qsc_send_cmd finish
12-17 21:50:50.991  1795  2778 I ActivityManager_broadcast: Enqueueing ordered broadcast[background] BroadcastRecord{237ca2b u-1 android.intent.action.PHONE_STATE}: prev had 0
12-18 15:42:35.140  3218 12525 I PhoneInterfaceManager: shouldBlockLocation  ret:false
12-18 08:38:00.780   633 31870 I SDK     : 
12-18 14:14:32.473  1795  2323 E UsbDeviceManager: Error reading charge file
12-18 14:08:26.540  2883  6521 I HwSystemManager: HoldService:locationInfo switch is on . pid = 5157
12-18 17:45:38.309  1795  3253 I HwActivityManagerService: Split enqueueing broadcast [callerApp]:ProcessRecord{24cdca7 3218:com.android.phone/1001}
12-17 21:27:03.980  1046  1125 D audio_hw_primary: check_usecases_codec_backend:becf: (40) check_usecases curr device: voice-handset, usecase device: backends match 0
12-17 22:36:43.490  1795  1825 D DisplayPowerController: Finished business...
12-18 15:36:35.092   802   802 E Thermal-daemon: Report temperature: [ap] temp :33  report_threshold:1
12-18 11:07:06.081   800  1015 D         : oem-qmi: Waiting to accept connection
12-17 19:32:23.690  3608  3608 I InCall  : ProximitySensor - isDisplayOn: true
12-18 18:33:50.773  1795  2323 E UsbDeviceManager: java.io.FileNotFoundException: sys/class/hw_power/charger/charge_data/water_intrused (No such file or directory)
12-18 15:28:06.348  5994  5994 D wpa_supplicant: WPS: attr type=0x1042 len=8
12-18 09:11:56.003  2852  2852 I HwBrightnessController: updateSlider2 seekBarProgress:7513
12-18 15:32:40.845  1046  1125 D hardware_info: hw_info_append_hw_type : device_name = speaker
12-17 23:11:29.835  1046  1125 D audio_hw_primary: enable_audio_route: apply mixer and update path: low-latency-playback speaker
12-17 20:39:30.333  2852  2852 I HwSignalClusterView: setMobileDataIndicatorsHuawei subId:0 visible:true strengthIcon:2130839311 typeIcon:2130839195 contentDescription:手机信号满格。 typeContentDescription:4G isTypeIconWide:true showActivity:true activityIn:true activityOut:true isRoaming:false
12-18 05:26:31.237  1795 15988 D PowerManagerService: ready=true,policy=0,wakefulness=0,wksummary=0x1,uasummary=0x0,bootcompleted=true,boostinprogress=false,waitmodeenable=false,mode=true,manual=33,auto=-1,adj=0.0userId=0
12-17 22:24:50.670  1795  3975 E LocSvc_libulp: I/int ulp_msg_process_system_update(const UlpSystemEvent): systemEvent:0 
12-17 23:02:52.759  3858  4126 I amsnl   : m1: false
12-18 08:44:15.091  3626  3626 E PTM.FileNodeInfo: getTempInfo error: null, 0
12-18 14:13:02.918  5157  5157 I chromium: [INFO:CONSOLE(1)] "Uncaught ReferenceError: WebViewJavascriptBridge is not defined", source:  (1)
12-18 17:40:45.796  2852  2852 I ToggleSlider:  mSeekListener onProgressChanged progress:1474 fromUser:false
12-18 14:12:19.991  5157  5157 I chromium: [INFO:CONSOLE(1)] "Uncaught SyntaxError: Unexpected token var", source:  (1)
12-18 19:43:58.307  1795  2323 E UsbDeviceManager: java.io.FileNotFoundException: sys/class/hw_power/charger/charge_data/water_intrused (No such file or directory)
12-17 23:54:50.683  3180  5157 I DownloadState: @@@@@@@@@@@@ uid :10102 download :true
12-17 21:26:26.169  2852  2852 I HwNotificationIconAreaController: showNotificationAll
12-17 21:27:05.717   633   692 I Hw_Fluent: RecentLogic{4456} RecentLogic.addConversationEntity(RecentLogic.java:906) add chat recent!
12-18 07:41:58.871  3180  3578 I ash     : clear hibernation actions!
12-18 15:28:31.807  9467  9467 D HwIntelligent3_BitmapUtil: bmp is null : true
12-17 22:07:58.065  1795  2671 D WifiStateMachine:  DefaultState !CMD_SET_SUSPEND_OPT_ENABLED  rt=127717984/452214429 0 0
12-18 18:32:43.458  2852  2852 W HwLockScreenPanel: Handle message: 4
12-18 19:25:16.516   633 31870 I SDK     : 
12-18 14:44:36.079  3626  3626 E PTM.FileNodeInfo: getTempInfo error: null, 0
12-18 14:11:32.143   633 31875 I SDK     : <2016-12-18 14:11:32> [NOTICE] SDK: UE-SeC 2016-12-18 14:11:32:143 Level[NOTICE] magic[3359111456 2326]:FSM_OpenFile => [START],Mode[r]
12-17 20:58:55.585  1795  5350 I MQoS    : MSG_QUERY_TCP_INFO called,count:204
12-18 10:40:16.472   835   835 I fingerprintd: FingerprintDaemonProxyEx::onTransact, code:1
12-18 15:27:47.086  2852  2852 I StackScrollAlgorithm: state.clipTopAmount:191, i:2
12-18 14:12:38.921  5157  5157 W cr_BindingManager: Cannot call determinedVisibility() - never saw a connection for the pid: 5157
12-18 17:33:01.112  1795 16501 I DisplayManagerService: stopWifiDisplayScanLocked record.mWifiDisplayScanRequested=false
12-18 00:24:06.509  2852  2852 I HwSignalClusterView: apply hwPhoneState.mSubId:0 anyMobileVisible:false mIsAirplaneMode:false, mobileGroupVisible=true
12-18 09:18:38.974  1795  1795 V NotificationService: disableEffects=null canInterrupt=false once update: false
12-17 20:00:19.004  5215  5215 D wpa_supplicant: nl80211: Associated with 10:51:72:1f:f0:01
12-17 20:12:47.369  5224  5283 I Step_DataCache: 20002302|getTodayTotalSteps 5752
12-18 18:24:30.607  2852  2852 I PhoneStatusBar: updateNotificationShade
12-18 19:25:17.430  3858  4126 I amsnl   : t:false, fl: false, p: 2147483647000, ce: true, we: false
12-18 09:11:18.999 29104 29117 E SQLiteDatabase: Failed to open database '/storage/emulated/0/baidu/tempdata/ls.db'.
12-17 19:31:45.156  2852  2852 I PhoneStatusBar: onFinishedGoingToSleep
12-17 21:16:44.014  3180 22105 I PGServer: report state:5 event type:1 pid:0 uid:10102 pkg:null to pid: 1795
12-18 15:28:32.725  1795 16232 I ActivityManager_activity: resumeTopActivityLocked: Skip resume: some activity pausing.
12-18 10:52:42.066  1795  2750 D HW_DISPLAY_EFFECT: presently, hw_update_color_temp_for_rg_led interface not achieved.
12-18 15:33:21.935   633 31875 I SDK     : <2016-12-18 15:33:21> [NOTICE] SDK: UE-SeC 2016-12-18 15:33:21:935 Level[NOTICE] magic[3359111456 2326]:FSM_OpenFile => [START],Mode[r]
12-17 21:32:17.287   633 31870 I SDK     : 
12-17 21:50:39.855  1795  3249 D ActivityManager: Skipping, withExcluded: false, tr.intent:Intent { act=android.intent.action.MAIN flg=0x10840000 cmp=com.android.incallui/.InCallActivity (has extras) }
12-18 11:20:45.445  7194  7194 W BlockMonitor: Package name: android
12-18 19:50:23.131 25067 25067 W FragmentManager: moveToState: Fragment state for PersonalFragment{f0d2c5e #2 id=0x7f0f0031} not updated inline; expected state 3 found 2
12-17 19:33:02.200  2883  2996 I HwSystemManager: NormalTrafficAnalysis:alert byte = 0 last alert byte = 0
12-18 15:16:22.991  2852  2852 D StatusBar: No peeking: not in use: 0|com.huawei.health|10010|null|10099
12-17 21:32:45.527  1795  3253 D PowerManagerService: userActivityNoUpdateLocked: eventTime=127124701, event=0, flags=0x0, uid=10033
12-18 00:00:00.311  3626  3626 I iMonitor: send: 903001009
12-17 23:03:21.969  1795  3111 D PowerManagerService: Releasing suspend blocker "PowerManagerService.WakeLocks".
12-18 14:11:30.584   633 31870 I SDK     : <2016-12-18 14:11:30> [WARN] SDK: UE-SeC 2016-12-18 14:11:30:584 Level[WARN] magic[3362781472 684]:PubEvt_Close Getting a socket[46] from the Socket-table Failed!
12-18 17:37:11.815  1795  2665 D NetdConnector: RCV <- {613 IfaceClass active 0 522370536262996 10102}
12-17 21:02:23.512  1795  3238 D PowerManagerService: ready=true,policy=3,wakefulness=1,wksummary=0x23,uasummary=0x4,bootcompleted=true,boostinprogress=false,waitmodeenable=false,mode=true,manual=33,auto=-1,adj=0.0userId=0
12-18 14:08:21.655  1795 11746 D HwSecImmHelper: isPasswordInputType = false, inputType = 1
12-18 08:12:06.487  2852  2852 D HwCustMobileSignalControllerImpl: isCurrentBySim()=false
12-18 19:51:31.593  1795  1806 I NotificationManager: enqueueNotificationInternal: pkg=com.huawei.health id=10010 notification=Notification(pri=0 contentView=null vibrate=null sound=null defaults=0x0 flags=0x2 color=0x00000000 vis=PRIVATE)
12-17 21:02:19.957  2852  3556 D NetworkController.MobileSignalController(0): mSimSubId:0 onDataActivity: direction=3
12-18 18:32:41.037  1795  1825 I PowerManager_screenOn: DisplayPowerStatesetColorFadeLevel: level=0.035111785
12-18 11:03:24.963  2852  2852 D HwCustMobileSignalControllerImpl: isCurrentBySim()=false
12-17 23:54:18.259  1795  1795 I WifiProJNI: ######### CMD_QUERY_PKTS ########
12-18 17:35:33.066  2852  2852 D HwCustMobileSignalControllerImpl: sub =0,strMccMnc =null,hashMccMnc =[],strPlmn =hw_customized_networkType_entry
12-18 19:45:15.140  1795  1819 D NetdConnector: RCV unsolicited event from native daemon, event = 613 IfaceClass active 0 530053829914063 10102
12-18 14:13:32.705  1795  3247 D HwActivityManagerService: handleANRFilterFIFO,uid = 10113cmd = 0
12-18 14:45:36.123  1795 11746 W ActivityManager: getRunningAppProcesses: caller 10105 does not hold REAL_GET_TASKS; limiting output
12-18 09:11:05.546   633 31870 I SDK     : <2016-12-18 09:11:05> [WARN] SDK: UE-SeC 2016-12-18 9:11:5:546 Level[WARN] magic[3362781472 684]:PubEvt_Close Getting a socket[69] from the Socket-table Failed!
12-17 20:12:08.750  2852  2852 D HwCust  : Create obj success use class android.app.HwCustNotificationImpl
12-18 18:27:28.640  2852  2852 E HW-JPEG-DEC: [HME_JPEG_DEC_Delete](3298): HME_JPEG_DEC_Delete: decoder_ctx=null
12-18 07:46:44.313  7194  7194 I PushLog2824: [main-1]broadcast(),and mReceivers  4(android/null:-1)
12-18 07:31:03.002  1795  1809 D NavigationBarPolicy: onFling::not valid gesture or touch plus on, false, return!
12-17 21:26:09.256  2852  2852 D HwCust  : Create obj success use class android.app.HwCustNotificationImpl
12-18 17:24:59.243  3626  3626 E PTM.FileNodeInfo: getTempInfo error: null, 0
12-17 22:27:54.365  3608  3608 D InCall  : InCallPresenter - notifyVideoPauseController
12-17 21:13:12.505   633   692 E HW_DEBUG: pool-3-thread-1{4478} 10.run(RecentConversationFunc.java:2177) <<< ERROR(6) >>> not connect!
12-18 14:12:24.049  5157  5157 I chromium: [INFO:CONSOLE(1)] "Uncaught SyntaxError: Unexpected token var", source:  (1)
12-18 19:49:56.220   606  2379 E libteec : qsc_send_cmd finish
12-18 12:38:52.859  1795 16498 D ActivityManager: cleanUpApplicationRecord -- 3602
12-18 08:22:00.887  2852  2852 I HwSignalClusterView: apply hwPhoneState.mSubId:0 anyMobileVisible:false mIsAirplaneMode:false, mobileGroupVisible=true
12-18 15:27:22.470  1795  2323 E UsbDeviceManager: 	at com.android.server.usb.UsbDeviceManager$2.onUEvent(UsbDeviceManager.java:328)
12-17 23:09:37.653  2852  2852 I HwSignalClusterView: setMobileDataIndicatorsHuawei subId:0 visible:true strengthIcon:2130839311 typeIcon:2130839195 contentDescription:手机信号满格。 typeContentDescription:4G isTypeIconWide:true showActivity:true activityIn:false activityOut:false isRoaming:false
12-18 12:38:55.930  2883  2949 I HwSystemManager: HarassmentInterceptionDBProvider:queryUnReadCount: unread intercepted message count = 0
12-18 17:31:05.280  5224  5224 I Step_LSC: 20002302|compensate received
12-18 00:18:33.481  1795  2381 D libfingersense_wrapper: fingersense_touch_up() finished
12-17 22:30:36.963 16628 16649 I SendBroadcastPermission: action:com.huawei.android.action.launcher_weather_icon_change, mPermissionType:0
12-18 09:26:01.439   633 31870 I SDK     : <2016-12-18 09:26:01> [WARN] SDK: UE-SeC 2016-12-18 9:26:1:439 Level[WARN] magic[3362781472 684]:PubEvt_Close Getting a socket[173] from the Socket-table Failed!
12-18 17:30:50.880  4492  4492 E HW-JPEG-DEC: [HME_JPEG_DEC_Delete](3298): HME_JPEG_DEC_Delete: decoder_ctx=null
12-18 19:50:10.576   835  2385 E libteec : begin
12-17 21:26:09.999   633 31870 I SDK     : <2016-12-17 21:26:09> [WARN] SDK: UE-SeC 2016-12-17 21:26:9:999 Level[WARN] magic[3362781472 684]:PubEvt_Close Getting a socket[92] from the Socket-table Failed!
12-17 23:01:05.950  1046  1125 D msm8916_platform: platform_check_codec_backend_cfg:becf: afe: only 48KHZ sample rate is supported Configure afe to default Sample Rate(48k)
12-18 10:56:19.470  2852  2852 D NetWorkUtils: is3GCalling is false,mCdmaSlot is -1
12-17 23:01:39.649  1795  2750 D HW_DISPLAY_EFFECT: presently, hw_update_color_temp_for_rg_led interface not achieved.
12-17 21:26:58.897  2852  2852 D TintManager: statusBarIconTint=#B3FFFFFF,navigationBarIconTint=#00000000
12-18 10:06:15.332  1795  2323 E UsbDeviceManager: 	at android.os.FileUtils.readTextFile(FileUtils.java:267)
12-17 21:05:45.876  2852  2852 D HwCustMobileSignalControllerImpl: isCurrentBySim()=false
12-18 14:09:29.928  1795  3247 D HwActivityManagerService: handleANRFilterFIFO,uid = 10113cmd = 1
12-18 15:30:23.335 10020 10020 D HwIntelligent3_BitmapUtil: bmp is null : false
12-18 16:01:24.713  1795  6988 V SecInputMethodManagerService: Client requesting input be hidden, pid=4492
12-17 21:32:40.528  1795  3238 D PowerManagerService: ready=true,policy=3,wakefulness=1,wksummary=0x1,uasummary=0x1,bootcompleted=true,boostinprogress=false,waitmodeenable=false,mode=true,manual=33,auto=-1,adj=0.0userId=0
12-18 09:18:02.530  3218  6115 I PhoneInterfaceManager: shouldBlockLocation  ret:false
12-18 15:33:26.318  9017 10504 D HwCust  : Create obj success use class com.android.settings.HwCustDisplaySettingsHwBaseImpl
12-18 19:50:14.933  1795  1809 I qti_sensors_hal: activate: 295 activate sensors is 12000000000001
12-17 21:59:18.738   802   802 E ThermalBinder: mThermalService is NULL!
12-17 21:38:56.796  1795  2323 E UsbDeviceManager: 	at android.os.FileUtils.readTextFile(FileUtils.java:267)
12-17 22:25:19.990  1795  1795 D HwKeyguardManagerImpl: isLockScreenDisabled HwKeyguardManagerImpl result = false
12-17 20:18:53.035  1795  1795 I NotificationManager: updateLightsLocked,turn off notificationLight
12-18 19:50:09.242  1046  1125 I Huawei_audio_cust: get_spk_pa_type: pa is max98925
12-17 19:42:45.014  1795  3111 D PowerManagerService: ready=true,policy=0,wakefulness=0,wksummary=0x1,uasummary=0x0,bootcompleted=true,boostinprogress=false,waitmodeenable=false,mode=true,manual=33,auto=-1,adj=0.0userId=0
12-18 17:30:54.941  2852  2852 I HwSignalClusterView: apply hwPhoneState.mSubId:0 anyMobileVisible:false mIsAirplaneMode:false, mobileGroupVisible=true
12-18 08:47:00.306  1795  2323 E UsbDeviceManager: 	at java.io.FileInputStream.open(Native Method)
12-18 15:27:56.247  5994  5994 D wpa_supplicant: random_mix_pool - hexdump(len=5): [REMOVED]
12-17 22:33:29.805  2852  2852 I TintManager: updateBarBgColor:emuiStyle=0,statusBarColor=#FF303135,navigationBarColor=#FF000000, isEmuiLight=-1
12-17 20:11:46.726   633 31870 I SDK     : <2016-12-17 20:11:46> [WARN] SDK: UE-SeC 2016-12-17 20:11:46:726 Level[WARN] magic[3362781472 684]:PubEvt_Close Getting a socket[97] from the Socket-table Failed!
12-17 19:35:02.170  5215  5215 E wpa_supplicant: RSSI=-62;LINKSPEED=72;NOISE=9999;FREQUENCY=2452;
12-17 23:16:25.695   633   692 I eSpaceService: msg.recv{4490} TupHelper.configSip(TupHelper.java:975) getLocalIp = 10.21.98.163
12-18 18:01:02.107  3180  3578 D ApplicationPackageManager: queryIntentActivitiesAsUser size results:1, for package:com.huawei.appmarket
12-17 22:26:09.524  2852  2852 I ToggleSlider:  mSeekListener onProgressChanged progress:682 fromUser:false
12-17 19:40:26.650   633 20854 I SDK     : 
12-17 22:39:57.499   633 31870 I SDK     : 
12-18 08:17:39.064  1795  1808 I ActivityManager_broadcast: dispatch ordered broadcast [background] BroadcastRecord{4085812 u0 android.intent.action.LTE_CA_STATE}, has 1 receivers
12-17 21:14:49.482  1795  2376 I ActivityManager_broadcast: Enqueueing ordered broadcast[background] BroadcastRecord{f51fa1a u0 com.huawei.intent.action.PUSH}: prev had 0
12-18 14:15:12.705  1795  1808 V HwBroadcastQueue: trim and enqueue background Parallel:(2) Ordered:(0)(BroadcastRecord{7c35f91 u-1 android.intent.action.BATTERY_CHANGED})
12-17 22:25:18.398  1795  1795 I NotificationManager: updateLightsLocked,mInCall =true,mScreenOn = false,ledNotification == null?true
12-18 10:31:09.015  1795  2323 E UsbDeviceManager: java.io.FileNotFoundException: sys/class/hw_power/charger/charge_data/water_intrused (No such file or directory)
12-18 19:50:41.515  1795  1809 I WindowManager: updateRotationUnchecked(alwaysSendConfiguration=false)
12-18 19:53:47.918  2852  2852 I HwBrightnessUtils: APS brightness=31.0,ConvertToPercentage=0.28976774
12-17 23:23:58.913  1046  2704 V APM_AudioPolicyManager: setBeaconMute(1) mBeaconMuteRefCount=1 mBeaconPlayingRefCount=0
12-17 23:20:34.704  3626  3626 E PTM.FileNodeInfo: getTempInfo error: null, 0
12-17 21:52:12.534  1795  1809 I WindowManager: Application requested orientation 1, got rotation 0 which has compatible metrics
12-17 21:23:27.301 30521 30521 D IM_PS   : [PushServiceManager] initDaemonCfgInfo
12-18 08:17:57.313  1795  1819 D NetworkManagement: notifyInterfaceClassActivity: client is com.android.server.net.NetworkPolicyManagerService$13@4df0feb
12-18 13:11:05.989  1795  1795 V NotificationService: disableEffects=null canInterrupt=false once update: false
12-18 14:14:08.841  5157  5157 V BoostFramework: BoostFramework() : mPerf = com.qualcomm.qti.Performance@ba57e8c
12-18 19:49:59.451  1795  1808 I ActivityManager_broadcast: dispatch ordered broadcast [background] BroadcastRecord{d9067bc u-1 com.android.systemui.statusbar.visible.change}, has 1 receivers
12-18 07:43:31.340  1795  3110 D PowerManagerService: ready=true,policy=0,wakefulness=0,wksummary=0x1,uasummary=0x0,bootcompleted=true,boostinprogress=false,waitmodeenable=false,mode=true,manual=33,auto=-1,adj=0.0userId=0
12-17 22:31:11.714  2852  2852 D HwCustMobileSignalControllerImpl: isCurrentBySim()=false
12-18 17:35:29.357  1795  1795 I MQoS    : received cell-signal:1
12-18 14:12:27.425  5157  5157 W cr_BindingManager: Cannot call determinedVisibility() - never saw a connection for the pid: 5157
12-18 09:14:33.408  1795  1808 I ActivityManager_broadcast: dispatch ordered broadcast [foreground] BroadcastRecord{6e426ac u-1 android.intent.action.TIME_TICK}, has 11 receivers
12-17 22:57:50.729  2852  2852 D HwCustMobileSignalControllerImpl: isCurrentBySim()=false
12-18 17:31:08.702  2852  2852 I HwSignalClusterView: getOrInflateState subId:0
12-18 18:23:29.933  1795  6988 D ActivityManager: Skipping, withExcluded: false, tr.intent:Intent { act=android.intent.action.VIEW dat=file:///storage/emulated/0/tencent/TMAssistantSDK/Download/com.tencent.mm/1a41cb224d6d4b020176381a7c790891 typ=application/vnd.android.package-archive flg=0x10800000 cmp=com.android.packageinstaller/.PackageInstallerActivity (has extras) }
12-18 16:01:17.142  1795  2748 D lux trace:: [213.0/141057956, 212.0/141058307, 218.0/141058659, 217.0/141059011, 233.0/141059362, 248.0/141059715, 243.0/141060066, 231.0/141060417, 226.0/141060769, 240.0/141061123, 244.0/141061475, 240.0/141061828]
12-18 18:27:19.748  2852  2852 I vol.VolumeDialog: VolumeDialogController.Callbacks onDismissRequested reason = 2
12-18 15:33:21.017  1795  2739 D HuaweiWifiWatchdogStateMachine:  RTT[-85]=0, volume=0
12-17 19:32:06.439  5215  5215 E wpa_supplicant: bssid=80:38:bc:0b:22:20;freq=2432;level=-89;flags=11;ssid=wlanaccessv2.0;
12-18 08:25:03.990  2852  2914 I HwMobileSignalController: subId:0 phoneType:1 networktype:13 targetClass:3 masterLevel:5 slaveLevel:-1
12-17 22:25:24.423  2852  3556 I NetworkController.MobileSignalController(0): onSignalStrengthsChanged signalStrength=SignalStrength: -88 0 -1 255 -1 255 -1 255 255 99 2147483647 2147483647 2147483647 2147483647 2147483647 false gw|lte level=4 isSuspend=false levelOld=4,mSignalStrength level=4
12-17 21:48:20.015  3197  3197 I HwMotionRecognition: MotionServiceReceiver info:MotionServiceReceiver onReceiver | intent.action: com.huawei.action_MOTIONOPERATE , registerPkg: com.android.server.telecom , motionType: 800 , opType(register:1 | unregister:0): 0
12-17 20:48:29.908  3218  3517 I QImsService: ImsSenderRxr : [UNSL]< UNSOL_SSAC_CHANGED org.codeaurora.ims.ImsQmiIF$SsacInfo@85253f6[SUB0]
12-17 23:30:57.681  3782 12090 V AudioManager: isWiredHeadsetOn...
12-18 12:41:40.820  2852  2852 I EventCenter: EventCenter Get :android.intent.action.TIME_TICK
12-18 15:33:29.573  9017 10503 D Settings: isAirSharingExist()-->pInfo = PackageInfo{3f96501 com.huawei.android.airsharing}
12-17 22:48:32.953  2852  2852 D HwCustMobileSignalControllerImpl: sub =0,strMccMnc =null,hashMccMnc =[],strPlmn =hw_hspap_show_4g
12-18 15:28:51.773  3180  3578 I PacketsControl: not 3G net type. do nothing.
12-17 23:13:44.673 25067 25067 I UX      : CollectorManager--isCollectorEnabled--getBoolean: false
12-17 20:13:16.337  2852  2852 I StatusBar: onNotificationPosted: StatusBarNotification(pkg=com.huawei.health user=UserHandle{0} id=10010 tag=null key=0|com.huawei.health|10010|null|10099: Notification(pri=0 contentView=null vibrate=null sound=null defaults=0x0 flags=0x62 color=0x00000000 vis=PRIVATE)) important=2, post=1481976796331, when=1481531589202, vis=0, userid=0
12-18 14:08:48.996  2883  2997 I HwSystemManager: PermissionDbVisitor:insertHistoryRecord:HistoryRecord[packageName:com.sankuai.meituanhd,permissionType:8,action:11,dateStartTime:1481990400000,timestamp:1482041328996]
12-18 14:12:25.020  5157  5157 I chromium: [INFO:CONSOLE(1)] "Uncaught ReferenceError: WebViewJavascriptBridge is not defined", source:  (1)
12-18 07:49:46.042  2852  2852 D HwCustMobileSignalControllerImpl: isCurrentBySim()=false
12-18 08:11:25.128  2852  2852 D HwCustMobileSignalControllerImpl: sub =0,strMccMnc =null,hashMccMnc =[],strPlmn =hw_mcc_mnc
12-18 15:30:08.199  1795  2381 D libfingersense_wrapper: fingersense_touch_up() finished
12-18 00:04:16.245  3858  4126 I amsnl   : t:false, fl: false, p: 2147483647000, ce: true, we: false
12-18 08:07:14.704  5224  5283 I Step_HSNH: 20002302|rebuild notification
12-18 15:38:08.554 10334 10334 D wpa_supplicant: WPS: attr type=0x1042 len=3
12-17 21:28:18.219  3879 31724 D MotionDetectionManager: stopMotionAppsReco not recognition motionApps 403
12-18 17:46:47.933  1795  3111 D PowerManagerService: ready=true,policy=0,wakefulness=0,wksummary=0x1,uasummary=0x0,bootcompleted=true,boostinprogress=false,waitmodeenable=false,mode=true,manual=33,auto=-1,adj=0.0userId=0
12-18 14:11:19.463  5157  5157 I chromium: [INFO:CONSOLE(1)] "Uncaught ReferenceError: WebViewJavascriptBridge is not defined", source:  (1)
12-17 20:05:57.847  2852  2852 D StatusBar: applyInPlace=true shouldPeek=false alertAgain=true
12-17 21:26:08.578  3180  3332 I DownloadState: traffic enable:false
12-18 10:54:54.269  3858  4126 I amsnl   : c: true, w: false, t: false, l: false
12-17 21:48:36.261  3180  4307 I AwareLog: MemoryRecoveryDMEPlugin: handle message MSG_MEM_LEAK_CHECK
12-18 15:35:16.515  2852  2852 I StackScrollAlgorithm: updateDimmedActivatedHideSensitive overlap:false
12-17 19:56:34.299  5215  5215 D wpa_supplicant: wlan0: Control interface command 'PKTCNT_POLL'
12-18 14:11:32.239 25067  6490 I BetaClub: [ReceiverUtils.launchOpenService]
12-18 14:32:58.984   814  8298 I ACodec  : codec does not support config priority (err -2147483648)
12-18 14:14:10.459  3626  3725 I NCCHR_NcLogCollectService: ChrLogServiceHandler msg = 2 received
12-18 14:11:32.689  5157  5157 D test    : sending:{"handlerName":"getRegisteredJsHandler","callbackId":"java_cb_1","data":null}
12-17 23:01:06.392  1795  3111 I ActivityManager_broadcast: collectReceiverComponents, callerApp: ProcessRecord{73df824 8640:com.huawei.betaclub:loguploadservice/1000}, intent:com.huawei.betaclub.UPLOAD_PROGRESS, receiver size:1, flags: 10000400
12-18 17:37:00.002  1795  1808 I ActivityManager_broadcast: dispatch ordered broadcast [foreground] BroadcastRecord{2496c90 u-1 android.intent.action.TIME_TICK}, has 11 receivers
12-18 14:19:46.669  1795  5350 I MQoS    : QOS_level:1(2),use RTTLvl:1;RATLvl:5
12-18 16:01:10.125  3218  3234 W PhoneInterfaceManager: shouldBlockLocation running ...
12-17 21:27:06.655   633 31870 I SDK     : <2016-12-17 21:27:06> [WARN] SDK: UE-SeC 2016-12-17 21:27:6:655 Level[WARN] magic[3362781472 684]:PubEvt_Close Getting a socket[1] from the Socket-table Failed!
12-18 07:30:04.910  1795  1808 I ActivityManager_broadcast: dispatch ordered broadcast [background] BroadcastRecord{d9721f u0 com.tencent.mm.plugin.openapi.Intent.ACTION_HANDLE_APP_REGISTER}, has 1 receivers
12-18 18:29:15.656  1795  2666 D HwNetworkStatsService: mActiveIface: null
12-17 21:36:44.304   633 31870 I SDK     : 
12-17 22:26:53.358  3608  3608 I SendBroadcastPermission: action:InCallScreenIsForegroundActivity, mPermissionType:0
12-18 00:03:38.739  1795  2737 I QosMonitor: postEventFromNative: msg=100,arg1=0,arg2=9
12-18 13:01:06.103  2852  2852 I PhoneStatusBar: updateNotificationShade
12-17 23:34:27.510  1795  1825 D HwAmbientLuxFilterAlgo: earliestValidTime + POWER_ON_BRIGHTENING_LIGHT_DEBOUNCE
12-18 18:31:40.290  2852  3556 I NetworkController.MobileSignalController(0): onDataActivity: direction=3
12-18 15:29:14.955  9659  9659 D test    : sending:{"handlerName":"getRegisteredJsHandler","callbackId":"java_cb_1","data":null}
12-17 21:47:53.931  5224  5283 I Step_ExtendStepDataManager: 20002302|compensate 24699707 217
12-18 07:50:42.695  2852  2852 I HwSignalClusterView: getOrInflateState subId:0
12-17 23:10:00.005  1795  1795 V AlarmManager: Received TIME_TICK alarm; rescheduling
12-17 23:09:06.048  1795  5350 I TrafficMonitor: getStatic,count:0,work status:false
12-18 08:33:21.110  1795 17831 D PowerManagerService: ready=true,policy=0,wakefulness=0,wksummary=0x1,uasummary=0x0,bootcompleted=true,boostinprogress=false,waitmodeenable=false,mode=true,manual=33,auto=-1,adj=0.0userId=0
12-17 22:36:42.860  1795  2750 D HW_DISPLAY_EFFECT: presently, hw_update_color_temp_for_rg_led interface not achieved.
12-18 08:29:13.816  2852  3556 I NetworkController.MobileSignalController(0): 	to: connected=true,enabled=true,level=5,inetCondition=1,iconGroup=IconGroup(4GPLUS),activityIn=true,activityOut=true,rssi=0,lastModified=12-18 08:29:11,isRoaming=false,dataSim=true,networkName=中国移动,networkNameData=中国移动,dataConnected=true,isDefault=true,isEmergency=false,airplaneMode=false,carrierNetworkChangeMode=false,userSetup=true
12-18 09:46:03.277   633 31870 I SDK     : <2016-12-18 09:46:03> [WARN] SDK: UE-SeC 2016-12-18 9:46:3:277 Level[WARN] magic[3362781472 684]:PubEvt_Close Getting a socket[105] from the Socket-table Failed!
12-17 21:50:47.816  1795  2685 D HwPFWLogger: AutoStartupDataMgr:retrieveStartupSettings type 0 of com.netease.newsreader.activity is 0
12-17 22:38:51.190 31949 31967 I ECS     : tcp.conn{4787} XmlMsg.encodeBuf(XmlMsg.java:215) SEND 100 bytes [16]_00_00_00_60_00_03_01_05_01_04_82_0D_00_00_00_00 cmdCode(CC_PCheckVersion.0x0501)msgType(MT_ARG.1)msgClass(MC_Push.5)sender(ST_Mobile.0)crypted(false)zipped(false)nobase64(true)length(96)version(3)sno(820D)
12-18 17:41:20.240   606  2379 E libteec : QSEECom_send_cmd return!
12-17 19:58:45.373  5215  5215 D wpa_supplicant: CTRL-DEBUG: global_ctrl_sock-sendto: sock=16 sndbuf=229376 outq=0 send_len=5
12-18 06:56:32.508  1795  6988 D PowerManagerService: ready=true,policy=0,wakefulness=0,wksummary=0x0,uasummary=0x0,bootcompleted=true,boostinprogress=false,waitmodeenable=false,mode=true,manual=33,auto=-1,adj=0.0userId=0
12-17 22:49:57.831   633 31870 I SDK     : <2016-12-17 22:49:57> [WARN] SDK: UE-SeC 2016-12-17 22:49:57:831 Level[WARN] magic[3362781472 684]:PubEvt_Close Getting a socket[50] from the Socket-table Failed!
12-18 17:56:16.865  2852  2852 D TintTextView: #B3FFFFFF com.android.systemui.tint.TintTextView{88b1de7 V.ED..... ......I. 0,11-144,60 #7f14004e app:id/msim_status_bar_operators_card_one_id}
12-18 15:36:09.434  1795 17831 I AlarmManager: set(PendingIntent{29e5d71: PendingIntentRecord{44c6756 com.sankuai.meituan startService}}) : type=0 triggerAtTime=1482046809434 win=180000 tElapsed=515348161 maxElapsed=515528161 interval=240000 flags=0x8
12-18 09:10:51.964  1795  3884 I HwActivityManagerService: keyAppBroadcastQueueForIntent intent Intent { flg=0x10 cmp=com.tencent.mm/.booter.NotifyReceiver (has extras) } on bgkeyapp queue
12-18 13:11:17.825  2852  2852 I StatusBar: onNotificationPosted: StatusBarNotification(pkg=com.huawei.health user=UserHandle{0} id=10010 tag=null key=0|com.huawei.health|10010|null|10099: Notification(pri=0 contentView=null vibrate=null sound=null defaults=0x0 flags=0x62 color=0x00000000 vis=PRIVATE)) important=2, post=1482037877820, when=1481531589202, vis=0, userid=0
12-17 22:40:13.470  2852  2852 D NetWorkUtils: is3GCalling is false,mCdmaSlot is -1
12-18 10:52:10.377   808   547 D QCameraParameters: int qcamera::QCameraParameters::getRealGain(const void*, float*) const real_gain = 1.200295
12-17 20:12:52.503  2852  2852 I StackScrollAlgorithm: updateDimmedActivatedHideSensitive overlap:false
12-18 00:01:21.821   802   802 E Thermal-daemon: [Thermal_Hw] temperature_filter: get invalid temperature, use old temp
12-17 23:47:04.310  3626  3626 E PTM.FileNodeInfo: getTempInfo error: null, 0
12-17 23:47:37.477  3782 12471 V AudioManager: isWiredHeadsetOn...
12-17 20:18:53.499  5224  5224 I Step_LSC: 20002302|logicalDealBroadcastEvent : Intent { act=android.intent.action.TIME_TICK flg=0x50000014 (has extras) }
12-18 15:36:13.848  4139  4165 W System.err: 	at android.content.ContentProvider$Transport.enforceReadPermission(ContentProvider.java:483)
12-18 17:41:36.834 25067 25067 E HW-JPEG-DEC: [HME_JPEG_DEC_Delete](3298): HME_JPEG_DEC_Delete: decoder_ctx=null
12-17 19:34:55.981  1046  1046 D voice_extn: update_calls: cur_state=2 new_state=2 vsid=11c05000
12-17 23:09:44.144  3218  3517 I QImsService: ImsSenderRxr : [UNSL]< UNSOL_SSAC_CHANGED org.codeaurora.ims.ImsQmiIF$SsacInfo@414fa7a[SUB0]
12-18 15:37:23.469  2883  6521 I HwSystemManager: HoldService:locationInfo switch is on . pid = 12127
12-18 00:21:32.174  2852  2852 I HwSignalClusterView: setMobileDataIndicatorsHuawei subId:0 visible:true strengthIcon:2130839311 typeIcon:2130839195 contentDescription:手机信号满格。 typeContentDescription:4G isTypeIconWide:true showActivity:true activityIn:false activityOut:false isRoaming:false
12-17 23:27:14.576  2852  2914 I SimCardMethod: isCardAbsent slot:0 slotState:5
12-18 17:35:49.035  1795  2380 I PowerManager_screenOn: PowerManagerNotifier onUserActivity: event=2, uid=1000
12-17 20:27:17.139  1795 16232 I HwActivityManagerService: Split enqueueing broadcast [callerApp]:ProcessRecord{4ff57fc 3382:com.qualcomm.qcrilmsgtunnel/1001}
12-18 10:58:06.410   818  1089 I iMonitor: create: 902500004
12-18 09:19:20.365  3382  3399 D QcrilMsgTunnelSocket: readRilMessage: Buffer = [B@204bb9f HexData = [010000000404000011000000514f454d484f4f4bfa0308000100000000]
12-18 14:09:29.544  2883  7070 I HwSystemManager: HoldService:locationInfo switch is on . pid = 5157
12-17 22:26:09.355  3626  4889 E PTM.FileNodeInfo: getTempInfo error: null, 0
12-18 18:11:24.076   633   692 I eSpaceService: tcp.recv{4488} StatusManager.clearAll(StatusManager.java:227)  clear all friends' status
12-17 20:28:36.484  3626  3626 E PTM.FileNodeInfo: getTempInfo error: null, 0
12-17 21:13:14.640   633   692 I eSpaceService: LoginThread{6273} LoginC.doLoginByStep(LoginC.java:203) Login_By_Step-> at CheckVersionOK
12-17 21:26:59.225  2852  2852 I StackScrollAlgorithm: updateClipping isOverlap:true
12-17 20:26:47.769  1795  2323 E UsbDeviceManager: 	at android.os.UEventObserver$UEventThread.run(UEventObserver.java:187)
12-18 15:38:38.680 10334 10334 D wpa_supplicant: WPS: attr type=0x1008 len=2
12-17 20:59:50.907  1046  9753 I APM_AudioPolicyManager: getOutputForAttr() returns output 29 stream 3
12-18 14:13:07.160  2852  2852 I HwStatusBarIconController: applyIconTint ignore
12-17 21:26:08.906  3218  3218 D PhoneInterfaceManager: [PhoneIntfMgr] getDataEnabled: subId=0 phoneId=0
12-18 14:14:08.430  2883  5296 I HwSystemManager: HoldService:locationInfo switch is on . pid = 5157
12-18 15:32:56.759 16375 10258 I HiWiServiceBD: network not connect
12-17 23:13:44.642  1795 16500 D PowerManagerService: Acquiring suspend blocker "PowerManagerService.WakeLocks".
12-17 21:26:25.031  5224  5283 I Step_ExtendStepDataManager: 20002302|after compensate: cache step_7003
12-18 19:49:29.555   633 31870 I SDK     : <2016-12-18 19:49:29> [WARN] SDK: UE-SeC 2016-12-18 19:49:29:555 Level[WARN] magic[3362781472 684]:PubEvt_Close Getting a socket[188] from the Socket-table Failed!
12-18 00:10:35.249  2852  2852 I HwSignalClusterView: getOrInflateState subId:0
12-17 22:26:52.145  2852  2852 I StackScroller: generateAddAnimation:null, false
12-17 21:58:46.257  1795  3110 I NotificationManager: cancelNotificationWithTag pid 3608,uid = 1001,tag = null,pkg =com.android.incallui,id =2
12-17 21:25:54.856   633 31870 I SDK     : 
12-18 15:27:45.503  2852  2914 I HwMobileSignalController: updateDataConnectionState: state=2,networkType=13
12-17 23:58:55.428   633   692 I ECS     : LoginThread{6797} XmlMsg.encodeBuf(XmlMsg.java:215) SEND 656 bytes [16]_00_00_02_8C_00_03_01_01_01_05_8A_2E_4C_07_4B_A0 cmdCode(CC_Login.0x0101)msgType(MT_ARG.1)msgClass(MC_PersonalInformation.1)sender(ST_Mobile.0)crypted(true)zipped(false)nobase64(true)length(652)version(3)sno(8A2E)
12-18 14:10:52.070  5994  5994 E wpa_supplicant: bssid=40:f4:20:a0:ff:62;freq=2437;level=-83;flags=11;ssid=ChinaNet-eciP;
12-17 23:48:55.320  3858  4126 I amsnl   : c: true, w: false, t: false, l: false
12-18 15:28:19.668  2852  3556 I NetworkController.MobileSignalController(0): Change in state from: connected=true,enabled=true,level=5,inetCondition=1,iconGroup=IconGroup(4G),activityIn=false,activityOut=false,rssi=0,lastModified=12-18 03:28:12,isRoaming=false,dataSim=true,networkName=中国移动,networkNameData=中国移动,dataConnected=true,isDefault=true,isEmergency=false,airplaneMode=false,carrierNetworkChangeMode=false,userSetup=true
12-18 17:42:29.414  1795  2381 D libfingersense_wrapper: Calling fingersense_touch_up()
12-18 13:11:17.848  2852  2852 W PanelView: set notification panel padding = 1675
12-18 12:51:03.632  1795 16499 D PowerManagerService: acquire lock=83621653, flags=0x1, tag="RILJ_ACK_WL", name=com.android.phone, ws=null, uid=1001, pid=3218
12-17 22:41:38.666   633 31870 I SDK     : <2016-12-17 22:41:38> [WARN] SDK: UE-SeC 2016-12-17 22:41:38:666 Level[WARN] magic[3362781472 684]:PubEvt_Close Getting a socket[144] from the Socket-table Failed!
12-18 19:26:04.485  5224  5283 I Step_DataCache: 20002302|getTodayTotalSteps 14647
12-17 23:30:56.708  1795  1825 I PowerManager_screenOn: DisplayPowerStatesetColorFadeLevel: level=0.11474341
12-18 08:24:32.927  2852  2852 D HwCustMobileSignalControllerImpl: sub =0,strMccMnc =null,hashMccMnc =[],strPlmn =hw_customized_networkType_entry
12-18 00:12:11.132  1795  2381 D libfingersense_wrapper: Calling fingersense_classify_touch()
12-18 08:38:06.580   606  2379 E libteec : send data return = 1152
12-17 22:53:07.294 31949 31967 I ECS     : tcp.conn{4787} XmlMsg.encodeBuf(XmlMsg.java:215) SEND 100 bytes [16]_00_00_00_60_00_03_01_05_01_04_82_16_00_00_00_00 cmdCode(CC_PCheckVersion.0x0501)msgType(MT_ARG.1)msgClass(MC_Push.5)sender(ST_Mobile.0)crypted(false)zipped(false)nobase64(true)length(96)version(3)sno(8216)
12-17 22:48:18.016   633 31870 I SDK     : 
12-18 14:11:19.607  2852  2852 I NetworkSpeedView: updateVisibility parent class:class com.android.systemui.statusbar.HwSystemIcons
12-18 17:42:46.134  1795  2748 D lux trace:: [10.0/141728903, 12.0/141729257, 11.0/141729631, 12.0/141729999, 13.0/141731456, 14.0/141732534]
12-17 20:12:24.509  5224  5283 I Step_DataCache: 20002302|getTodayTotalSteps 5715
12-18 17:44:34.239  1795  3884 D ActivityManager: Skipping, withExcluded: false, tr.intent:Intent { act=com.android.deskclock.ALARM_ALERT flg=0x10800004 cmp=com.android.deskclock/.alarmclock.LockAlarmFullActivity (has extras) }
12-18 08:20:20.656  1795  3237 I SendBroadcastPermission: action:android.intent.action.SIG_STR, mPermissionType:0
12-17 21:23:17.799  3168  3168 I CHR_ChrVolteStatisticInfoUtil: chrVolteStatisticInfo: mCount=0, mAvgValue=0, mMaxValue=0, mMinValue=0
12-17 21:00:38.329  1795  2778 I SendBroadcastPermission: action:android.intent.action.SIG_STR, mPermissionType:0
12-18 01:37:23.055  1795 18914 D HwLocalLocationProvider: start query Loc Form DB 
12-17 21:52:29.538  3608  3608 I ActivityManager_activity: Reporting idle of ActivityRecord{fd45985 token=android.os.BinderProxy@af8ea9b {com.android.incallui/com.android.incallui.InCallActivity}} finished=false
12-17 22:50:32.040  1795 11746 D PowerManagerService: ready=true,policy=0,wakefulness=0,wksummary=0x1,uasummary=0x0,bootcompleted=true,boostinprogress=false,waitmodeenable=false,mode=true,manual=33,auto=-1,adj=0.0userId=0
12-18 17:47:32.648  1795 11745 D HwActivityManagerService: handleANRFilterFIFO,uid = 10146cmd = 0
12-18 08:09:46.564  3858  4126 I amsnl   : c: true, w: false, t: false, l: false
12-18 18:23:55.906  5224  5283 I SendBroadcastPermission: action:android.com.huawei.bone.NOTIFY_SPORT_DATA, mPermissionType:0
12-17 21:22:40.915 24266 24266 I QiYiData: QiYiStatistics | d = 2016-12-17 20:59:48
12-17 21:32:14.526  1795  2323 E UsbDeviceManager: 	at java.io.FileInputStream.<init>(FileInputStream.java:146)
12-18 08:38:00.113  1795 11745 I HwPFWLogger: AppAutoStartupPolicy:prevent start receiver of package com.Qunar for action android.intent.action.USER_PRESENT
12-18 14:46:07.593  3218  3218 D HuaweiTelephonyConfigs: fddn EVENT_GET_AD_DONE FDN_PS_CHECK:false ,FDN_PRELOAD_CACHE:true
12-17 20:44:41.463  3858  4126 I amsnl   : c: true, w: false, t: false, l: false
12-18 16:01:29.746 10334 10334 D wpa_supplicant: Add randomness: count=342 entropy=308
12-18 09:19:41.045  2852  2914 I SimCardMethod: isCardAbsent slot:0 slotState:5
12-17 23:43:57.656  2852  2852 D HwCustMobileSignalControllerImpl: sub =0,strMccMnc =null,hashMccMnc =[],strPlmn =hw_show_lte
