12-17 19:32:29.917  1795  2750 D PowerManagerService: Setting HAL auto-suspend mode to false
12-18 07:49:58.836  1795  3304 E LocSvc_api_v02: I/---> locClientSendReq line 2069 QMI_LOC_GET_BEST_AVAILABLE_POSITION_REQ_V02
12-17 20:35:00.013  2852  2852 I TimeManager: chinaDateTime:晚上8:35
12-18 15:27:46.461  9141  9141 E CommonUtils: getBoolean [class java.lang.String, class java.lang.String]
12-18 18:31:28.213  2852  3556 I NetworkController.MobileSignalController(0): Change in state from: connected=true,enabled=true,level=5,inetCondition=1,iconGroup=IconGroup(4GPLUS),activityIn=true,activityOut=false,rssi=0,lastModified=12-18 06:31:27,isRoaming=false,dataSim=true,networkName=中国移动,networkNameData=中国移动,dataConnected=true,isDefault=true,isEmergency=false,airplaneMode=false,carrierNetworkChangeMode=false,userSetup=true
12-17 19:58:57.354  2883  2883 I HwSystemManager: WifiStateReceiver:onReceive: action = android.net.wifi.STATE_CHANGE
12-17 21:31:34.234  5224  5283 I Step_HSNH: 20002302|rebuild notification
12-17 23:13:45.077  1795 11747 W ActivityManager: getTasks: caller 10105 does not hold REAL_GET_TASKS; limiting output
12-18 07:40:58.556  1795  2380 I PowerManager_screenOn: PowerManagerNotifier onUserActivity: event=2, uid=1000
12-18 18:47:54.938  1795  2323 E UsbDeviceManager: 	at android.os.UEventObserver$UEventThread.run(UEventObserver.java:187)
12-18 17:38:23.448   606  2379 E libteec : QSEECom_send_cmd return!
12-18 19:33:09.241   633 31870 I SDK     : 
12-17 21:32:17.154  3218  3218 D TelecomFramework: TelephonyConnectionService: createConnection, calling handleCreateConnectionSuccessful TC@13
12-17 21:47:24.721  2852  2852 D StatusBar: updateNotification(StatusBarNotification(pkg=com.android.incallui user=UserHandle{0} id=2 tag=null key=0|com.android.incallui|2|null|1001: Notification(pri=2 contentView=null vibrate=null sound=null defaults=0x0 flags=0x82 color=0x00000000 category=call actions=2 vis=PRIVATE publicVersion=Notification(pri=0 contentView=null vibrate=null sound=null defaults=0x0 flags=0x0 color=0xff33b5e5 vis=PRIVATE))))
12-17 20:12:16.364  2852  2852 I PhoneStatusBar: removeNotificationChildren
12-18 12:38:44.295  1795  2685 I HwPFWLogger: AppAutoStartupPolicy:prevent start receiver of package com.ss.android.article.news for action android.net.conn.CONNECTIVITY_CHANGE
12-18 14:11:29.153  5994  5994 D wpa_supplicant: wlan0: Control interface command 'GET_NETWORK 2 priority'
12-17 20:59:48.919 24266 24266 D PlayerPingbackController: org.iqiyi.video.aa.com2.a()<-1> : get pingbackImpl = 241192564
12-18 08:30:45.257  1795  2778 D SmartHeartBeat: setAlarmsAdjust ...
12-18 19:52:52.162  2852  2852 I StatusBarIconView: updateTint: tint=0
12-18 19:51:18.680  2852  2852 D HwCust  : Create obj success use class android.app.HwCustNotificationImpl
12-18 17:56:01.021  1046  1125 V msm8916_platform: platform_send_audio_calibration: sending audio calibration for snd_device(2) acdb_id(231)
12-18 15:38:51.405 10334 10334 D wpa_supplicant: WPS: attr type=0x1054 len=8
12-18 18:23:54.816  5224  5283 I Step_LSC: 20002302|MSG_RECORD_DATA_TO_FILE datas.size()=9744
12-18 19:01:08.696  1795  1819 I EventHub: monitor check touch devices
12-18 12:08:12.515   800  2911 D         : oem-qmi: request_handler recv_id = 14
12-17 19:58:43.259  2883  2996 I HwSystemManager: NormalTrafficAnalysis:alert byte = 0 last alert byte = 0
12-18 11:20:45.485  3168  3330 E         : Lib:oem_qmi_cmd: Send to server  passed!!
12-18 19:50:10.550  1795  2668 D HwWifiP2pService: cancel alarm.
12-17 20:37:08.199 24266 24266 D seekbar : org.iqiyi.video.ui.ci.onProgressChanged()<-1> : 当前进度：1292053 缓冲大小:1476219 缓冲进度：2768272
12-18 17:33:18.322  1795 16232 D PowerManagerService: ready=true,policy=0,wakefulness=0,wksummary=0x1,uasummary=0x0,bootcompleted=true,boostinprogress=false,waitmodeenable=false,mode=true,manual=33,auto=-1,adj=0.0userId=0
12-18 08:10:03.887  3382  3399 D QcrilMsgTunnelSocket: readRilMessage: Buffer = [B@204bb9f HexData = [010000000404000011000000514f454d484f4f4bfa0308000100000000]
12-17 23:25:13.455  2852  2852 I HwSignalClusterView: setMobileDataIndicatorsHuawei subId:0 visible:true strengthIcon:2130839311 typeIcon:2130839195 contentDescription:手机信号满格。 typeContentDescription:4G isTypeIconWide:true showActivity:true activityIn:true activityOut:true isRoaming:false
12-18 15:03:56.399   818  1152 I logserver: handle_exception_events enter
12-18 00:19:09.126   633   692 I eSpaceService: Watch Thread{4481} WatchThread.onLoop(WatchThread.java:94) watch thread onLoop... 
12-17 21:34:38.647  1795  1795 D HwConnectivityService: CtrlSocket Receiver,disable: false locked: true action: android.intent.action.SCREEN_OFF mSmartKeyguardLevel: normal_level mStartPowerSaving: false
12-17 21:47:17.836  1795  1819 D NetworkManagement: notifyInterfaceClassActivity: client is android.net.INetworkManagementEventObserver$Stub$Proxy@af226
12-18 17:43:34.061  3858  4126 I amsnl   : c: true, w: false, t: false, l: false
12-17 22:48:52.098  2852  3556 D NetworkController.MobileSignalController(0): mSimSubId:0 onDataActivity: direction=0
12-18 07:32:15.456  2852  2852 I HwSignalClusterView: getOrInflateState subId:0
12-18 09:18:05.034  3180  3578 I PacketsControl: not 3G net type. do nothing.
12-18 08:16:34.233  3858  4126 I amsnl   : c: true, w: false, t: false, l: false
12-18 09:46:16.561  3218  3218 I SendBroadcastPermission: action:android.intent.action.LTE_CA_STATE, mPermissionType:0
12-17 23:12:49.715  1795  2381 D libfingersense_wrapper: Calling fingersense_classify_touch()
12-17 20:13:02.281  5224  5224 I Step_LSC: 20002302|onStandStepChanged 67153
12-17 21:12:44.008  1795 11745 D PowerManagerService: ready=true,policy=3,wakefulness=1,wksummary=0x23,uasummary=0x4,bootcompleted=true,boostinprogress=false,waitmodeenable=false,mode=true,manual=33,auto=-1,adj=0.0userId=0
12-18 12:38:52.504  3879  4071 I HwLauncher: WeatherDynamicUpdater update before : mDrawingData[1] = num2:96, 192, 0
12-18 09:12:03.542  1795 11745 D PowerManagerService: ready=true,policy=0,wakefulness=0,wksummary=0x1,uasummary=0x0,bootcompleted=true,boostinprogress=false,waitmodeenable=false,mode=true,manual=33,auto=-1,adj=0.0userId=0
12-18 18:31:05.723  3858  4126 I amsnl   : csr
12-18 15:33:22.045 10334 10334 D wpa_supplicant: WPS: WFA subelement id=0 len=1
12-17 20:32:05.813  1795  2748 D HwAmbientLuxFilterAlgo: t=123879510,BT=123880510,DT=123883510,BT1=123883510,DT1=123887510,Bn=false,Dn=false,lx=[12.0/123878007, 12.0/123878307, 12.0/123878608, 12.0/123878908, 12.0/123879209, 12.0/123879510],mLx=5.0,s=5.0,ss=0.01043339,AuIntervened=false,mProximityState=false,bLux=15.0,dLux=0.0,bLux1=15.0,dLux1=0.0
12-17 23:28:34.741  3858  4126 I amsnl   : m1: false
12-17 20:22:30.781  2852  2852 I HwBrightnessController: onChange selfChange:false uri.toString():content://settings/system/screen_auto_brightness mIsObserveAutoBrightnessChange:true
12-18 15:29:17.143  1795 15988 D PowerManagerService: ready=true,policy=3,wakefulness=1,wksummary=0x1,uasummary=0x1,bootcompleted=true,boostinprogress=false,waitmodeenable=false,mode=true,manual=33,auto=-1,adj=0.0userId=0
12-17 22:30:34.066  1795  2332 I qti_sensors_hal: [ACC]processReportInd: X: 0.887418 Y: 4.977484 Z: 8.326529  x_offset:0.160831 y_offset:0.184366 z_offset:0.985027
12-17 23:25:18.423  2852  2852 W StatusBarWindowManager: Apply window Height MATCH_PARENT
12-18 14:11:33.614   633 31870 I SDK     : 
12-17 20:57:20.656  1795  2748 D lux trace:: [6.0/125390231, 7.0/125390588, 6.0/125392367, 7.0/125392724, 6.0/125393433, 7.0/125394143]
12-17 21:01:25.113  2852  2852 D HwCustMobileSignalControllerImpl: isCurrentBySim()=false
12-18 17:51:02.851   633 31870 I SDK     : <2016-12-18 17:51:02> [WARN] SDK: UE-SeC 2016-12-18 17:51:2:850 Level[WARN] magic[3362781472 684]:PubEvt_Close Getting a socket[2] from the Socket-table Failed!
12-17 21:50:28.541   633  1757 I SDK     : <2016-12-17 21:50:28> [NOTICE] SDK: UE-SeC 2016-12-17 21:50:28:541 Level[NOTICE] magic[2408810784 247]:Send udp detect packet ok when login,id:[4];count:[5]!
12-18 09:12:03.206  1795  1825 I qti_sensors_hal: activate: 295 activate sensors is 2000000000000
12-18 14:32:59.711  5224  5283 I Step_ExtendStepDataManager: 20002302|before compensate: cache step_9414
12-18 14:12:03.188  5994  5994 D wpa_supplicant: wlan0: Control interface command 'SIGNAL_POLL'
12-17 21:00:15.666  1795  1795 I MQoS    : rtt=360,tcp_tx_pkts=1485554,tcp_rx_pkts=1771325
12-18 14:11:33.690   633 31870 I SDK     : 
12-17 21:27:03.282  3608  3608 I InCall  : VideoCallPresenter - isVideoCallWorking, state is: 3
12-18 09:51:07.788  3180  3578 I ash     : Proxy wakelock uid = 10105 pid = 4492
12-17 19:32:06.424  5215  5215 D wpa_supplicant: Add randomness: count=834 entropy=437
12-18 01:26:21.559  3218  3218 E QtiImsExtUtils: getConfigForPhoneId phoneId is invalid
12-17 19:57:26.157  2852  2852 I NotificationContentView: transferRemoteInputFocus: 0
12-18 10:59:51.902  1795  2376 D PowerManagerService: Acquiring suspend blocker "PowerManagerService.WakeLocks".
12-17 22:41:37.365  3626  3626 I iMonitor: send: 903001011
12-17 23:35:06.502  2852  2852 D PhoneStatusBar: disable: < expand ICONS* alerts SYSTEM_INFO* back home recent clock navigationbar search quick_settings >
12-17 21:33:09.699  5224  5283 I Step_DataCache: 20002302|getTodayTotalSteps 7986
12-18 10:50:57.019  2852  2852 W KeyguardUpdateMonitor: ChargingSpeed  Wattage: -1 ST: 5000000 --> 7500000
12-18 18:11:04.832   633   692 I eSpaceService: Watch Thread{4481} WatchThread.onLoop(WatchThread.java:98) watch thread onLoop...--》 iWatched.doWatch() 
12-18 19:25:14.834   820   820 I cnss-daemon: ip type is ipv4
12-17 22:29:41.986  1795  3957 E IzatSvc_OSObserver: I/LocTech-Value :: Data Item Value: IS_SCREEN_ON: false
12-18 15:27:45.001  1046  1125 V audio_hw_primary: audio_is_true_native_stream_active:napb: not in true mode or non hdphones device
12-17 21:50:28.508  2852  2852 W HwLockScreenPanel: Handle message: 10
12-17 20:22:30.553  1795  2748 D HwNormalizedAutomaticBrightnessController: need to update brightness: mAmbientLux=854.0
12-18 07:49:06.291   633   692 I ECS     : msg.recv{4490} XmlMsg.decodeBuf(XmlMsg.java:237) RECV 112 bytes [12]_00_03_02_06_0E_05_8A_90_0E_62_10_56 cmdCode(CC_ReqCircleState.0x060E)msgType(MT_ACK.2)msgClass(MC_FriendsCircle.6)sender(ST_Mobile.0)crypted(true)zipped(false)nobase64(true)length(108)version(3)sno(8A90)
12-18 07:03:01.937   597   779 I rmt_storage: rmt_storage_client_thread: /boot/modem_fs1: clnt_h=0x1 About to block rmt_storage client thread (th_id: 547754226768) wakelock released: 1, error no: 0
12-17 21:34:19.500  2852  2852 I StatusBar: onNotificationPosted: StatusBarNotification(pkg=com.huawei.health user=UserHandle{0} id=10010 tag=null key=0|com.huawei.health|10010|null|10099: Notification(pri=0 contentView=null vibrate=null sound=null defaults=0x0 flags=0x62 color=0x00000000 vis=PRIVATE)) important=2, post=1481981659497, when=1481531589202, vis=0, userid=0
12-18 10:51:06.365   633   692 I TCP     : tcp.conn{4485} TcpSocket.connect_i(TcpSocket.java:84) connecting to ip address /45.249.213.63
12-18 09:46:20.951  2852  3556 I HwNetworkControllerImpl: onReceive: action = android.intent.action.LTE_CA_STATE
12-17 21:27:04.341  3180  3332 I WakelockMonitor: start wakelock monitor.
12-17 22:36:46.915  1795  1825 I PowerManager_screenOn: DisplayPowerController updatePowerState mPendingRequestLocked=policy=OFF, useProximitySensor=false, useProximitySensorbyPhone=true, screenBrightness=33, screenAutoBrightnessAdjustment=0.0, brightnessSetByUser=true, useAutoBrightness=true, blockScreenOn=false, lowPowerMode=false, boostScreenBrightness=false, dozeScreenBrightness=-1, dozeScreenState=UNKNOWN, useTwilight=false, useSmartBacklight=true, brightnessWaitMode=false, brightnessWaitRet=true, screenAutoBrightness=-1, userId=0
12-18 07:30:16.481 17357 17396 E HW-JPEG-DEC: [HME_JPEG_DEC_Delete](3298): HME_JPEG_DEC_Delete: decoder_ctx=null
12-18 14:11:32.223  3626  3755 I LogTrack: msg = 0 received
12-17 20:31:27.701 16628 16628 D baidu_location_client: baidu location connected ...
12-18 15:55:58.547  2852  2852 I StackScrollAlgorithm: updateClipping isOverlap:false
12-17 19:58:57.700  1795  2740 D WifiProHistoryRecordManager: UPDATE_AP_INFO_CMD rcv.
12-17 21:32:58.528  1795  2381 D libfingersense_wrapper: Calling fingersense_touch_up()
12-17 21:53:36.374  1795  1825 D DisplayPowerController: Finished business...
12-18 11:04:24.395  2852  2852 W AppHandler: sendMessage 4
12-18 14:07:34.034   633 31992 I SDK     : <2016-12-18 14:07:34> [NOTICE] SDK: UE-SeC 2016-12-18 14:7:34:34 Level[NOTICE] magic[3213863200 1541]:FSM_Tool_Tree_Enc_Path =>Access [/storage/emulated/0/eSpace/encrypt/Img/9slnfiPtiSkdeogEBCtT1ne4oTkYSpcd4kGTEifr5uoy5u6owY1Yt5pc3DS+mZ2D] real path  ok 
12-17 23:13:38.025  3168  3168 I CHR_ChrUtil: is Beta User, userType = 3
12-17 22:29:10.672  2852  2914 I HwMobileSignalController: subId:0 phoneType:1 networktype:16 targetClass:1 masterLevel:4 slaveLevel:-1
12-18 07:32:36.376  2852  2852 D HwCustMobileSignalControllerImpl: sub =0,strMccMnc =null,hashMccMnc =[],strPlmn =hw_customized_networkType_entry
12-18 18:21:02.248  1795  2376 D PowerManagerService: Acquiring suspend blocker "PowerManagerService.WakeLocks".
12-17 19:35:56.214  1795  1795 E         : come into oem_qmi_common_stream_from_modem_len --->modem 
12-17 20:54:50.392  2852  2852 D NetWorkUtils: mVSimCurCardType is -1
12-18 00:15:55.581 17357 17357 I 2DSDR   : APS: 2DSDR: AbsListView.FlingRunnable.endFling, we will clear SDR ratio
12-17 23:11:30.617  3180  3180 E libc    : Access denied finding property "persist.sys.smart_power"
12-17 19:57:01.233  3879  3879 W ViewRootImpl[UniHomeLauncher]: Cancelling event due to no window focus: KeyEvent { action=ACTION_UP, keyCode=KEYCODE_BACK, scanCode=0, metaState=0, flags=0x68, hwFlags=0x0, repeatCount=0, eventTime=123275182, downTime=123275085, deviceId=-1, source=0x101 }
12-18 11:20:37.350  3626  3626 E PTM.FileNodeInfo: getTempInfo error: null, 0
12-18 14:11:23.389  5157  5157 I chromium: [INFO:CONSOLE(1)] "Uncaught SyntaxError: Unexpected token var", source:  (1)
12-18 15:35:59.053 10228 12023 W CfgFilePolicy: CFG_DIRS length : 9
12-18 14:13:00.827  5224  5283 I Step_ExtendStepDataManager: 20002302|after compensate: cache step_8091
12-18 10:39:46.093  2852  2852 I StackScrollAlgorithm: state.clipTopAmount:174, i:1
12-18 15:57:05.197  1795  1819 D NetworkManagement: notifyInterfaceClassActivity: client is com.android.server.connectivity.Vpn$2@e40aefb
12-18 19:50:05.735  2852  2852 E KeyguardUpdateMonitor: isSimPinSecure mSimDatas is null or empty 
12-18 07:41:49.148  2852  2852 I HwNavigationBarTransitions: setBackgroundColor:new=0, old=0
12-18 00:23:34.217 17357 17396 E HW-JPEG-DEC: [HME_JPEG_DEC_Delete](3298): HME_JPEG_DEC_Delete: decoder_ctx=null
12-18 00:22:57.039  3858  4126 I amsnl   : csr
12-18 11:44:07.272  2883  3842 I HwSystemManager: HotlineInterceptionConfigs:enabled ? = true
12-17 22:48:18.798  3858  4126 I amsnl   : m1: false
12-17 23:36:21.628  2852  2914 I HwMobileSignalController: subId:0 phoneType:1 networktype:13 targetClass:3 masterLevel:4 slaveLevel:-1
12-17 20:18:54.893   606  2379 E libteec : QSEECom_send_cmd return!
12-18 18:31:33.183  2852  2852 D HwCust  : Create obj success use class android.app.HwCustNotificationImpl
12-18 00:24:25.749  2852  2852 W HwKeyguardPolicy: KGSvcCall updateKeyguardState 1->1; false false
12-18 07:29:23.762  3879  3879 I HwLauncher: Model  onReceive user=UserHandle{0}
12-17 23:29:49.282   835  2385 E libteec : receive data len = 128
12-17 22:39:57.481  1795  3247 D PowerManagerService: acquire lock=111045877, flags=0x1, tag="eventloop", name=android, ws=null, uid=1000, pid=7194
12-17 20:18:52.818   606  2379 E libteec : QSEECom_send_cmd return!
12-17 21:50:52.799  1795  1809 I WindowManager: rotationForOrientationLw(orient=1, last=0); user=0 
12-17 22:52:41.530   818  1086 E iMonitor: dropped event (cpu0) 
12-17 21:25:54.496  2852  2852 I PhoneStatusBarPolicy: updateBluetooth:::setBluetoothBatteryEnable false.
12-18 09:46:57.620  1795  2736 E hwintelligencewifi: DisabledState cellid = 4600048488037
12-18 18:33:47.913  3382  3399 D QcrilMsgTunnelSocket: To broadcast an Intent via the notifier to external apps
12-17 21:52:43.084  3180  3578 I ash     : ash->screen on
12-18 17:44:36.003  2852  2852 I HwSignalClusterView: apply hwPhoneState.mSubId:0 anyMobileVisible:false mIsAirplaneMode:false, mobileGroupVisible=true
12-17 21:09:19.170  1795  2377 I IO.IOStatsService: periodReadTask,lifeTimeA:-1,LifeTimeB:-1,totalBytes:149230280
12-18 18:29:44.658  2852  2852 D HwCustMobileSignalControllerImpl: isCurrentBySim()=false
12-18 19:35:24.945  2852  2852 W PanelView: set notification panel padding = 1675
12-18 15:57:06.804  1795  2728 D HwArpVerifier: doCheckAccessInternet
12-17 21:22:41.487   816 30018 D DnsProxyListener: GetAddrInfoHandler addr: m.irs01.com {307, 917811, 10140} 113.200.102.11
12-18 08:28:34.448  3218  3218 I SendBroadcastPermission: action:android.intent.action.LTE_CA_STATE, mPermissionType:0
12-17 23:40:19.552  1795 17831 D PowerManagerService: ready=true,policy=0,wakefulness=0,wksummary=0x1,uasummary=0x0,bootcompleted=true,boostinprogress=false,waitmodeenable=false,mode=true,manual=33,auto=-1,adj=0.0userId=0
12-17 23:11:30.180 31949 31967 I eSpaceService: WatchThread{4786} TcpCirChannel.shutdown(TcpCirChannel.java:257) Login_By_Step-> shut down now connect
12-18 14:11:30.429  1795  6284 I AwareLog: AwareUserHabit: getTopList is called
12-17 19:56:47.667  5215  5215 D wpa_supplicant: IEs - hexdump(len=194): 00 0f 48 75 61 77 65 69 2d 45 6d 70 6c 6f 79 65 65 01 08 82 84 0b 16 0c 12 18 24 03 01 09 05 04 ...
12-18 08:40:39.012   633 31870 I SDK     : 
12-18 08:26:01.771  2852  2852 I ToggleSlider:  mSeekListener onProgressChanged progress:4919 fromUser:false
12-18 00:14:40.896  2852  2852 D HwCustMobileSignalControllerImpl: isCurrentBySim()=false
12-17 19:33:00.893  5215  5215 D wpa_supplicant: IEs - hexdump(len=194): 00 0f 48 75 61 77 65 69 2d 45 6d 70 6c 6f 79 65 65 01 08 82 84 0b 16 0c 12 18 24 03 01 0d 05 04 ...
12-18 14:10:52.774  1795  1808 I ActivityManager_broadcast: dispatch ordered broadcast [foreground] BroadcastRecord{ae70df1 u-1 android.net.wifi.STATE_CHANGE}, has 4 receivers
12-18 14:21:28.545  1795  1819 D NetworkManagement: notifyInterfaceClassActivity: client is com.android.server.ConnectivityService$1@e0f099c
12-17 21:24:24.367  1795  2323 E UsbDeviceManager: 	at com.android.server.usb.UsbDeviceManager$2.onUEvent(UsbDeviceManager.java:328)
12-18 19:25:38.010  1795 11745 D PowerManagerService: ready=true,policy=0,wakefulness=0,wksummary=0x1,uasummary=0x0,bootcompleted=true,boostinprogress=false,waitmodeenable=false,mode=true,manual=33,auto=-1,adj=0.0userId=0
12-17 20:52:19.185  2852  2852 I HwSignalClusterView: getOrInflateState subId:0
12-18 15:51:04.190   633   692 I TCP     : tcp.recv{4488} TcpClientThread.closeSocket(TcpClientThread.java:396) closed socket.
12-18 15:36:11.221 12127 12477 V AudioManager: getStreamMaxVolume  treamType: 1
12-18 10:39:43.718 25067 31557 I ret     : 
12-18 14:22:26.376  2852  2852 D HwCustMobileSignalControllerImpl: sub =0,strMccMnc =null,hashMccMnc =[],strPlmn =hw_show_4_5G_for_mcc
12-17 20:32:05.933  2852  2852 I HwSignalClusterView: apply hwPhoneState.mSubId:0 anyMobileVisible:false mIsAirplaneMode:false, mobileGroupVisible=true
12-18 14:09:32.035  5157  5157 V ActivityThread: ActivityThread,callActivityOnCreate
12-17 22:27:54.298  2852  3344 D KeyguardService: Caller checkPermission fail
12-17 23:00:38.058   633 31867 I SDK     : 
12-17 22:30:19.987  1795 16499 D StubTelephonyRegistry: uid:10028 pid:16628 PhoneStateListener.LISTEN_CELL_LOCATION:16 events:0
12-18 08:11:29.160  2852  2852 D HwCustMobileSignalControllerImpl: sub =0,strMccMnc =null,hashMccMnc =[],strPlmn =hw_hspap_show_4g
12-18 12:39:40.968  1795  3247 I HwNetworkPolicy: onTransact, code = 205
12-17 20:41:57.177 24266 24266 V chaunce : org.iqiyi.video.vote.b.aux.a()<-1> : checkVoteShowTime-->1580923
12-18 10:52:06.911   808   547 D [HWCamera] IppAlgoSmartAE: int android::IppAlgoSmartAE::doSmartAEAlgo(unsigned char *, void *, int, int, int) snapShotMode =1, isTornadoOn = 0
12-17 23:13:44.987   633 31870 I SDK     : 
12-18 14:36:03.115  5994  5994 D wpa_supplicant: wlan0: Control interface command 'BSS RANGE=59- MASK=0x3029d87'
12-18 16:01:09.127  1795 20747 D HwPFWLogger: AutoStartupDataMgr:retrieveStartupSettings type 0 of cn.wps.moffice_eng is 0
12-18 15:33:27.570  3180  3578 I ash     : 1795 binder call 2852
12-18 07:47:59.427  7194  7208 I PushLog2824: [ReceiverDispatcher-336]enter clearBastetProxy, mHwBastet is null(android/null:-1)
12-18 18:11:05.963   633 31868 I SDK     : 
12-18 00:21:16.766  2852  2852 I HwSignalClusterView: getOrInflateState subId:0
12-18 00:08:36.473  1795  1795 I MQoS    : received cell-signal:1
12-17 21:22:41.950 24266 24266 I registerBroadCast: unRegisterBroadCast = start:251396688--android.intent.action.USER_PRESENT
12-18 14:13:30.930  3218  4070 W PhoneInterfaceManager: shouldBlockLocation running ...
12-18 08:16:21.287  2852  2852 I HwMobileSignalController: notifyListenerHuawei::origin typeIcon:2130839197 icons.mName:4GPLUS isSuspend:false, showDataIcon=true, dataConnected=true, isRoaming=false
12-17 23:16:21.801   633 31870 I SDK     : <2016-12-17 23:16:21> [WARN] SDK: UE-SeC 2016-12-17 23:16:21:801 Level[WARN] magic[3362781472 684]:PubEvt_Close Getting a socket[207] from the Socket-table Failed!
12-18 09:10:58.571  5224  5283 I Step_LSC: 20002302|REPORT : 1403 30012 1001 0
12-17 23:24:53.328  1795  2748 D HwAmbientLuxFilterAlgo: t=131381637,BT=131382637,DT=131385637,BT1=131385637,DT1=131389637,Bn=false,Dn=false,lx=[11.0/131380133, 11.0/131380434, 12.0/131380735, 12.0/131381035, 11.0/131381336, 12.0/131381637],mLx=15.0,s=5.0,ss=0.6571428,AuIntervened=false,mProximityState=false,bLux=134.0,dLux=2.5,bLux1=134.0,dLux1=2.5
12-18 10:44:41.175  1795  1812 I ActivityManager_broadcast: dispatch ordered broadcast [bgkeyapp] BroadcastRecord{d399152 u0 ALARM_ACTION(23480)}, has 1 receivers
12-18 15:45:16.279 10334 10334 D wpa_supplicant: wlan0: Control interface command 'SIGNAL_POLL'
12-17 21:26:57.785  1795  1795 I NotificationManager: enqueueNotificationInternal: n.getKey = 0|com.android.incallui|2|null|1001
12-18 19:49:59.667 26095 26095 E HW-JPEG-DEC: [HME_JPEG_DEC_Delete](3298): HME_JPEG_DEC_Delete: decoder_ctx=null
12-18 17:43:38.727  2852  2852 D NetWorkUtils: mVSimCurCardType is -1
12-18 10:39:38.264  2852  2852 D HwCustMobileSignalControllerImpl: sub =0,strMccMnc =null,hashMccMnc =[],strPlmn =hw_hspap_show_4g
12-18 18:30:34.571  1795  2380 D PowerManagerService: userActivityNoUpdateLocked: eventTime=142429148, event=2, flags=0x0, uid=1000
12-18 15:29:28.037  2852  2852 I SlideTouchEvent: vel=0.0, MinimumFlingVelocity=150
12-18 08:38:00.765   633 31870 I SDK     : 
12-18 10:51:57.428 16628 16649 I TotemWeather: TaskController:notifyTaskSuccess cityCode= null
12-17 22:30:32.598  1795 16232 D Telecom : CallsManager: setParameters VOICE_PHONE_STATUS=HANGUP: CSW.sD@FEo
12-18 08:22:23.011  2852  2852 D HwCustMobileSignalControllerImpl: isCurrentBySim()=false
12-18 12:38:46.976  1795  1805 I ActivityManager_service: retrieveServiceLocked, callerApp: ProcessRecord{c9aa7a8 28113:com.huawei.systemmanager/1000}, flags: 10000400
12-17 21:27:20.678  1046  2704 D audio_hw_primary: adev_set_parameters: enter: screen_state=off
12-18 15:39:09.692  1795  2728 D HwArpVerifier: doCheckAccessInternet
12-18 14:09:38.994  2883  3876 I HwSystemManager: PermissionDbVisitor:insertHistoryRecord:HistoryRecord[packageName:com.sankuai.meituanhd,permissionType:8,action:11,dateStartTime:1481990400000,timestamp:1482041378993]
12-17 20:23:35.555  2852  2852 I NotificationGroupManager: onEntryUpdated:0|com.huawei.health|10010|null|10099
12-17 22:34:10.052   818  1152 I logserver: handle_exception_events enter
12-18 15:33:27.962 10334 10334 D wpa_supplicant: nl80211: Event message available
12-18 15:06:11.459  3626  3753 I LogCollectService: msg = 103 received
12-18 18:46:04.002  1795  3111 I PGManagerService: proxyBroadcast:[com.huawei.espacev2] proxy:false
12-17 23:23:47.909   633 31870 I SDK     : 
12-17 21:53:18.876  3608  3608 D InCall  : StatusBarNotifier - contactsentry_photo is null
12-18 07:30:19.291  1795  2748 D HwAmbientLuxFilterAlgo: t=135200600,BT=135201100,DT=135201600,BT1=135204600,DT1=135208600,Bn=false,Dn=false,lx=[0.0/135199095, 0.0/135199396, 0.0/135199697, 0.0/135199998, 0.0/135200300, 0.0/135200600],mLx=0.0,s=5.0,ss=0.0,AuIntervened=false,mProximityState=false,bLux=6.0,dLux=-1.0,bLux1=6.0,dLux1=-1.0
12-18 10:16:28.970  1795  2323 E UsbDeviceManager: 	at android.os.FileUtils.readTextFile(FileUtils.java:267)
12-18 12:39:36.309  1046  1125 V msm8916_platform: platform_get_native_support:napb: ui Prop enabled(0) version(0)
12-18 14:13:06.207  5157  5157 W cr_BindingManager: Cannot call determinedVisibility() - never saw a connection for the pid: 5157
12-17 21:29:23.221  3382  3399 D QcrilMsgTunnelSocket: Rcvd UNSOL response with 28 bytes data for SUB0
12-18 14:37:52.276  2852  2852 I HwSignalClusterView: getOrInflateState subId:0
12-18 11:26:11.066  3626  3626 E PTM.FileNodeInfo: getTempInfo error: null, 0
12-18 17:30:13.012 25067 15220 D UX      : [Utils.isNetworkConnected]Check network connection!
12-17 19:34:56.272  1795 20550 D TelephonyUtil: myUser=0currentUser=0
12-17 19:33:02.476  2852  2852 I HwExpandableNotificationRowHelper: unclear notification ,notificationPkgName:com.android.incallui key:0|com.android.incallui|2|null|1001
12-18 19:53:32.511  3626  4889 E PTM.FileNodeInfo: getTempInfo error: null, 0
12-17 21:26:24.806  1795 15987 W ActivityManager: getRunningAppProcesses: caller 10102 does not hold REAL_GET_TASKS; limiting output
12-18 15:36:03.330  3218  3439 I PhoneInterfaceManager: shouldBlockLocation  ret:false
12-17 23:10:56.142  1795  5350 I MQoS    : QOS_level:5(5),use RAT:4G;signalLvl:5
12-17 23:25:18.632  2852  2852 V KeyguardUpdateMonitor: FingerStat Visible: true; Interactive: false; Switching: false; Bouncer:false; GoingToSleep: false Occluded: false; dreaming: false; Authenticated: false
12-17 20:39:51.537  2852  2852 D HwCustMobileSignalControllerImpl: sub =0,strMccMnc =null,hashMccMnc =[],strPlmn =hw_show_4g
12-18 14:14:09.957  5994  5994 D wpa_supplicant: 78:d3:8d:c6:c7:20 freq=2442 qual=0 noise=-89~ level=-78 snr=11 flags=0xb age=0 est=36000
12-17 20:22:42.148  4492  4492 E HW-JPEG-DEC: [HME_JPEG_DEC_Delete](3298): HME_JPEG_DEC_Delete: decoder_ctx=null
12-18 14:11:12.631  5157  5157 W cr_BindingManager: Cannot call determinedVisibility() - never saw a connection for the pid: 5157
12-18 08:26:54.243  1795  2736 E hwintelligencewifi: getCurrentCellid PHONE_TYPE_GSM cellidString = 46000176434433
12-17 21:27:08.111  3879  4071 W CfgFilePolicy: No config file found for:/themes/diff/icons
12-18 18:38:01.250  2852  2852 D HwCustMobileSignalControllerImpl: isCurrentBySim()=false
12-18 18:23:45.914 19907 20159 W System.err: 	at org.chromium.base.MemoryChecker.d(Unknown Source)
12-18 07:57:02.686   633 23233 I SDK     : 
12-18 15:11:31.271  3168  8795 D HwRepairHelper: getRcvData() TimeWcdmaLevelOther :  0
12-18 18:25:54.665  1795  1795 I MQoS    : onSignal: mSubId=0,currDataSubID=0
12-17 21:26:50.442 31949 31967 W TCP     : tcp.recv{4790} TcpSocket.read(TcpSocket.java:242) <<< WARN(5) >>> java.net.SocketException: Socket closed
12-18 18:51:10.695  1795  2323 E UsbDeviceManager: 	at java.io.FileInputStream.<init>(FileInputStream.java:146)
12-17 23:18:24.118  2852  2852 D NetWorkUtils: is3GCalling is false,mCdmaSlot is -1
12-18 19:49:37.279  3608  3608 I InCall  : ProximitySensor - Proximity wake lock already acquired
12-18 15:21:56.148  2852  2852 W HwLockScreenPanel: Handle message: 4
12-17 21:50:48.602  1795  1795 D CountryDetector: isValidCountryIso: CN
12-18 19:50:15.817  2883  2996 I HwSystemManager: ExtraTrafficSetting:result is empty
12-18 16:01:43.597  1795  3253 D PowerManagerService: ready=true,policy=0,wakefulness=0,wksummary=0x1,uasummary=0x0,bootcompleted=true,boostinprogress=false,waitmodeenable=false,mode=true,manual=33,auto=-1,adj=0.0userId=0
12-18 16:01:09.142  3180  3578 I ash     : cancel unified heartbeat: com.huawei.espacev2 reason:D unlock
12-18 08:13:16.265  3858  4126 I amsnl   : m1: false
12-18 00:11:13.416  1795  2381 D libfingersense_wrapper: Calling fingersense_touch_up()
12-17 21:28:24.730  3879  3879 I HwLauncher: Launcher onPause()
12-18 15:36:28.662 10334 10334 D wpa_supplicant: WPS: attr type=0x1024 len=6
12-17 21:58:30.433  2852  2852 I HwNotificationIconAreaController: showNotificationAll
12-17 23:34:56.733  1795  2750 D HW_DISPLAY_EFFECT: presently, hw_update_color_temp_for_rg_led interface not achieved.
12-18 16:01:13.121  1795 20747 D StubTelephonyRegistry: uid:10105 pid:14491 PhoneStateListener.LISTEN_CELL_LOCATION:16 events:256
12-18 00:15:11.140  2852  2852 I HwSignalClusterView: apply hwPhoneState.mSubId:0 anyMobileVisible:false mIsAirplaneMode:false, mobileGroupVisible=true
12-17 20:48:31.013  2852  2852 D HwCustMobileSignalControllerImpl: sub =0,strMccMnc =null,hashMccMnc =[],strPlmn =hw_hspap_show_4g
12-18 09:45:29.673  1795  1825 D PowerManagerService: updateIsPoweredLocked: wasPowered=false, mIsPowered=false, oldPlugType=0, mPlugType=0, mBatteryLevel=96
12-18 17:33:00.068  2852  2852 I HwNavigationBarTransitions: transitionTo:mode=4, isEmuiStyle=false
12-18 08:38:03.320  1795  3121 I HwActivityManagerService: Split enqueueing broadcast [callerApp]:ProcessRecord{2b38b6e 2883:com.huawei.systemmanager:service/1000}
12-18 15:29:30.203  3879  4071 I HwLauncher: WeatherDynamicUpdater update before : mDrawingData[1] = num2:96, 192, 0
12-17 20:19:34.209  1795  1825 I PowerManager_screenOn: PowerManagerNotifier onWakefulnessChangeStarted: wakefulness=0, reason=2, interactive=false, mInteractive=false, mInteractiveChanging=true
12-17 21:50:54.777  1795  2750 D libfingersense_wrapper: Calling fingersense_on_resume()
12-18 15:34:02.014  1795  2671 D WifiHW  : wifi_send_command: cmd:'IFNAME=wlan0 PKTCNT_POLL'
12-17 23:15:17.058  1795  2381 D libfingersense_wrapper: Calling fingersense_classify_touch()
12-18 08:15:25.174  2852  2914 I HwMobileSignalController: updateSignalStrength: signalStrength=SignalStrength: -1 0 -1 255 -1 255 -1 255 255 25 -85 -9 118 2147483647 2147483647 false gw|lte
12-18 08:23:00.757  1795  3253 I SendBroadcastPermission: action:android.intent.action.SIG_STR, mPermissionType:0
12-17 19:56:53.876  1795  1795 D WifiController: Received action: android.net.wifi.STATE_CHANGE
12-17 21:47:19.094  2883  3125 I HwSystemManager: StartupResidentService:InnerHandler Message:7
12-18 00:12:01.204  1795  2381 D libfingersense_wrapper: Calling fingersense_touch_up()
12-17 20:59:53.925 24266 24312 I DEVICE_MD5_QYID: org.qiyi.android.corejar.utils.DeviceUtils.getImeiV2()<-1> : getImeiV2 memory:868404020067521
12-18 14:10:23.631  2852  3556 I NetworkController.MobileSignalController(0): onDataActivity: direction=3
12-17 23:08:21.467  2852  2852 I HwSignalClusterView: getOrInflateState subId:0
12-18 19:49:50.304  3608  3608 I InCall  : InCallPresenter - updateStatusBar: state = 0x0
12-17 20:12:55.467  2852  2852 I NotificationGroupManager: onEntryAdded:0|com.huawei.health|10010|null|10099, group=0|com.huawei.health|10010|null|10099
12-18 15:32:57.950 10334 10334 D wpa_supplicant: Scan requested (ret=0) - scan timeout 10 seconds
12-18 14:11:40.356  5994  5994 E wpa_supplicant: bssid=30:fc:68:7a:f3:b2;freq=2412;level=-77;flags=11;ssid=SD2;
12-17 19:56:53.863  1795  2671 D WifiStateMachine:  L2ConnectedState !SUPPLICANT_STATE_CHANGE_EVENT  rt=123268309/444350226 31179 0 SSID: Huawei-Employee BSSID: 80:38:bc:08:42:c1 nid: 0 state: ASSOCIATED
12-17 20:56:40.593  1795 15988 W ActivityManager: getTasks: caller 10140 does not hold REAL_GET_TASKS; limiting output
12-18 07:29:39.222 19970 20010 I HwOUC   : [CheckNewVersionThread-6084]getRealFirmwareVersion(),send ro.build.product.real.id = (hwouc/HwOucUtility.java:3159)
12-17 20:11:41.584  5215  5215 D wpa_supplicant: IEs - hexdump(len=244): 00 0c 54 50 2d 4c 49 4e 4b 5f 33 34 33 44 01 08 82 84 8b 96 0c 12 18 24 03 01 0b 07 06 43 4e 20 ...
12-17 20:06:03.716  5224  5283 I Step_HSNH: 20002302|rebuild notification
12-18 11:20:45.550  2883  3125 I HwSystemManager: StartupResidentService:InnerHandler Message:7
12-17 22:29:21.688  1795  1809 I qti_sensors_hal: batch,376,handle 0, timeout:0 ,period_ns:66667000
12-18 10:40:01.200  2852  2852 D NetWorkUtils: mVSimCurCardType is -1
12-17 20:59:48.578 24266 24418 I CLog    : 2016-12-17 20:59:48.578 T:24418   DEBUG: network-no request ,waiting end
12-17 22:53:19.690  3626  3626 E PTM.FileNodeInfo: getTempInfo error: null, 0
12-18 14:45:42.178  3626  3729 I NCCHR_LogServiceSetting: is Beta User, userType = 3
12-18 19:25:13.945  1795  1795 V NotificationService: disableEffects=null canInterrupt=false once update: false
12-17 19:33:03.522  1795  1795 I WindowManger_keyguard: onStartedWakingUp()
12-17 20:22:10.324  1795  2691 D HwConnectivityService: [tiger]setBastetFilterInfo action 3pid 1000
12-18 07:31:12.548  2852  2852 D HwCustMobileSignalControllerImpl: sub =0,strMccMnc =null,hashMccMnc =[],strPlmn =hw_hspap_show_4g
12-18 15:32:52.460  2852  3556 I NetworkController.MobileSignalController(0): 	to: connected=true,enabled=true,level=5,inetCondition=1,iconGroup=IconGroup(4G),activityIn=true,activityOut=true,rssi=0,lastModified=12-18 03:32:51,isRoaming=false,dataSim=true,networkName=中国移动,networkNameData=中国移动,dataConnected=true,isDefault=true,isEmergency=false,airplaneMode=false,carrierNetworkChangeMode=false,userSetup=true
12-17 21:33:35.581  5224  5283 I Step_ExtendStepDataManager: 20002302|after compensate: cache step_8035
12-17 23:26:42.526  2852  2852 I StackScrollAlgorithm: state.clipTopAmount:501, i:1
12-18 08:25:14.637  2852  2852 I HwMobileSignalController: notifyListenerHuawei::origin typeIcon:2130839195 icons.mName:4G isSuspend:false, showDataIcon=true, dataConnected=true, isRoaming=false
12-18 10:52:09.282   808   547 D [HWCamera] AutoDetectPlatInterface: isAutoSceneRunning false
12-17 22:27:38.692  2852  2852 V KeyguardStatusView: Enable transport text marquee
12-17 20:36:05.401  2852  2852 D HwCustMobileSignalControllerImpl: sub =0,strMccMnc =null,hashMccMnc =[],strPlmn =hw_show_4g
12-17 21:30:19.189   633 31868 I SDK     : <2016-12-17 21:30:19> [NOTICE] SDK: UE-SeC 2016-12-17 21:30:19:189 Level[NOTICE] magic[3365677344 725]:Begin to proc tunnel status change: oldStatus=1, newStatus=2, errCode=0
12-17 23:25:34.625  2852  2852 D KGWallpaper_Magazine: getNextIndex: 0; from 27 to 27; size: 44
12-18 18:32:57.771 31949 31967 I TCP     : 	at com.huawei.ecs.mip.proxy.TcpSocket.connect_i(TcpSocket.java:87)
12-18 00:18:34.803  2852  2852 D HwCustMobileSignalControllerImpl: sub =0,strMccMnc =null,hashMccMnc =[],strPlmn =hw_hspap_show_4g
12-18 17:32:38.686  3382  3399 D QcrilMsgTunnelSocket: readRilMessage: Buffer = [B@204bb9f HexData = [010000000404000012000000514f454d484f4f4b1d04080002000000ffff]
12-18 14:07:37.944  2883  3842 I HwSystemManager: HoldService:locationInfo switch is on . pid = 5157
12-18 00:14:02.429  2852  2852 D HwCustMobileSignalControllerImpl: sub =0,strMccMnc =null,hashMccMnc =[],strPlmn =hw_show_lte
12-18 18:27:54.312  1795 20929 I ActivityManager: Killing 21245:com.sankuai.meituan:dppushservice/u0a146 (adj 200): iAware(fg-service)
12-18 17:35:21.167  3180  3332 I PGServer: report state:4 event type:2 pid:20 uid:10033 pkg:null to pid: 1795
12-17 21:32:22.213  1795  1795 V AudioManager: setParameters  keyValuePairs: VOICE_PHONE_STATUS=PICKUP
12-18 15:35:34.783  2852  2852 D HwCust  : Create obj success use class android.app.HwCustNotificationImpl
12-17 23:23:47.935   633 31870 I SDK     : 
12-18 14:08:06.446  3218 13125 D PhoneInterfaceManager: [PhoneIntfMgr] getDataEnabled: subId=0 retVal=true
12-17 19:33:10.799  1795  1795 D WindowManager: ACTIVITY check resid: android, size=8
12-18 14:15:20.192   633 31870 I SDK     : <2016-12-18 14:15:20> [WARN] SDK: UE-SeC 2016-12-18 14:15:20:192 Level[WARN] magic[3362781472 684]:PubEvt_Close Getting a socket[253] from the Socket-table Failed!
12-18 15:34:16.236  3180  3578 I ash     : removeAppNetworkRestrict >> com.huawei.appmarket, uids : [10014]
12-17 21:52:35.944  3608  3608 E InCall  : StatusBarNotifier - getNotificationBuilder
12-17 21:13:59.056  1795 15987 W ActivityManager: getTasks: caller 10140 does not hold REAL_GET_TASKS; limiting output
12-17 22:55:59.692  3626  3729 D NCCHR_LogDatabaseNc: metricFileReportProcess move 0 log file to done dir for metricId = 18
12-17 22:27:01.976  1795  2670 D WifiController: ApStaDisabledState what=155650
12-18 18:27:19.745  1795  2380 D PowerManagerService: ready=true,policy=3,wakefulness=1,wksummary=0x0,uasummary=0x1,bootcompleted=true,boostinprogress=false,waitmodeenable=false,mode=true,manual=33,auto=-1,adj=0.0userId=0
12-18 08:29:54.396  1795  6986 I HwActivityManagerService: Split enqueueing broadcast [callerApp]:ProcessRecord{fddc75d 16628:com.huawei.android.totemweather/u0a28}
12-17 20:31:06.030   633 31868 I SDK     : <2016-12-17 20:31:06> [NOTICE] SDK: UE-SeC 2016-12-17 20:31:6:30 Level[NOTICE] magic[3365677344 7509]:Currently udp detect response ok,detect id is [1],ack id is [1]!
12-17 21:22:34.947  2852  2852 D NetWorkUtils: mVSimCurCardType is -1
12-17 19:42:27.365   633 20915 I SDK     : 
12-17 21:58:49.093   835  2385 E libteec : begin
12-18 14:12:15.697  5157  5157 D test    : sending:{"handlerName":"getRegisteredJsHandler","callbackId":"java_cb_1","data":null}
12-17 21:26:50.870  3168  3168 I CHR_TelphonyStatusService: duration: 208869 STATUS_REPORT_TIMESPAN: 86400000 / (1000 * 60 * 60 * 24) day STATUS_REPORT_TIMESPAN_FOR_BETA: 21600000 / (1000 * 60 * 60 * 24) day
12-17 19:32:06.442  5215  5215 E wpa_supplicant: bssid=80:38:bc:06:d2:ab;freq=2412;level=-85;flags=11;ssid=;
12-18 04:26:29.228  2852  2925 I EventCenter: ContentChange for slot: 1
12-17 23:38:49.093   633 31868 I SDK     : <2016-12-17 23:38:49> [NOTICE] SDK: UE-SeC 2016-12-17 23:38:49:93 Level[NOTICE] magic[3365677344 725]:Begin to proc tunnel status change: oldStatus=1, newStatus=2, errCode=0
12-18 17:43:45.206   802   802 E Thermal-daemon: Report temperature: [pa_0] temp :30  report_threshold:1
12-18 14:12:47.871  5157  5157 W cr_BindingManager: Cannot call determinedVisibility() - never saw a connection for the pid: 5157
12-18 16:01:29.747 10334 10334 D wpa_supplicant: WPS: attr type=0x1044 len=1
12-18 19:50:02.837  1795  2380 I PowerManager_screenOn: PowerManagerNotifier onUserActivity: event=1, uid=1000
12-18 14:14:02.917  5157  5157 W cr_BindingManager: Cannot call determinedVisibility() - never saw a connection for the pid: 5157
12-18 17:35:21.227  1795  3253 D PowerManagerService: Releasing suspend blocker "PowerManagerService.WakeLocks".
12-18 00:00:52.676   633 31868 I SDK     : <2016-12-18 00:00:52> [NOTICE] SDK: UE-SeC 2016-12-18 0:0:52:676 Level[NOTICE] magic[3365677344 5250]:Switch tunnel mode to [3]!
12-17 20:13:17.689  2852  2852 I QSContainer: updateQsState:false
12-17 19:58:57.319  5215  5215 D wpa_supplicant: wlan0: WPA: Sending EAPOL-Key 4/4
12-18 14:13:24.644  5994  5994 D wpa_supplicant: WPS: attr type=0x1011 len=8
12-18 18:32:57.576  1046  9752 I Huawei_audio_cust: huawei_audio huawei_choose_HandsFree_device_incall_forHWtest: test Type =4
12-18 10:54:21.019  1795 16498 D PowerManagerService: ready=true,policy=0,wakefulness=0,wksummary=0x1,uasummary=0x0,bootcompleted=true,boostinprogress=false,waitmodeenable=false,mode=true,manual=33,auto=-1,adj=0.0userId=0
12-17 22:27:54.887  1795  1825 D HwAmbientLuxFilterAlgo: t=127981879,BT=127982379,DT=127982879,BT1=127985879,DT1=127989879,Bn=false,Dn=false,lx=[2.0/127981879],mLx=2.0,s=5.0,ss=0.0,AuIntervened=false,mProximityState=false,bLux=9.6,dLux=0.0,bLux1=9.6,dLux1=0.0
12-18 18:29:48.380   633 31867 I SDK     : 
12-18 17:56:00.609  1795  1825 W huawei_ProximitySensor_CPP_Test: ProximitySensor, enable, 247: en=1
12-18 14:14:12.026  5157  5157 W WindowDecorActionBar: should not do the transition or the transition anim is null or it is running or the mContainer view is null or mContainer view hasn't been drawn to screen 
12-17 22:34:14.635  2852  2925 I ExifParser: mTiffStream skip = 0
12-18 07:15:45.686  1795  1825 I PowerManager_screenOn: DisplayPowerController updatePowerState mPendingRequestLocked=policy=DIM, useProximitySensor=false, useProximitySensorbyPhone=true, screenBrightness=33, screenAutoBrightnessAdjustment=0.0, brightnessSetByUser=true, useAutoBrightness=true, blockScreenOn=false, lowPowerMode=false, boostScreenBrightness=false, dozeScreenBrightness=-1, dozeScreenState=UNKNOWN, useTwilight=false, useSmartBacklight=true, brightnessWaitMode=false, brightnessWaitRet=true, screenAutoBrightness=-1, userId=0
12-17 21:02:00.007  2852  2852 I HwDateUtils: formatChinaDateTime, change to China normalTime:晚上9:02
12-18 11:44:08.652  3879  4071 I HwLauncher: Launcher.Utilities  unread scaledHeight = 55;sBigIconSize = 175
12-17 21:52:11.070  1795  1825 D FpDataCollector: DisplayPowerState :ON
12-17 22:29:01.746  3858  4126 I amsnl   : m1: false
12-18 07:46:49.771  1795  2376 D PowerManagerService: ready=true,policy=0,wakefulness=0,wksummary=0x1,uasummary=0x0,bootcompleted=true,boostinprogress=false,waitmodeenable=false,mode=true,manual=33,auto=-1,adj=0.0userId=0
12-17 20:12:45.189  1795 11746 D PowerManagerService: Releasing suspend blocker "PowerManagerService.WakeLocks".
12-17 20:43:59.668  1795  2376 I ActivityManager_broadcast: collectReceiverComponents, callerApp: null, intent:com.qiyi.video.traffic.poll, receiver size:1, flags: 10000400
12-18 18:32:00.224   802   802 E Thermal-daemon: [Thermal_Hw] temperature_filter: get invalid temperature, use old temp
12-18 09:17:29.668  1795  2380 I PowerManager_screenOn: PowerManagerNotifier onUserActivity: event=2, uid=1000
12-18 08:51:11.099  3382  3399 I SendBroadcastPermission: action:qualcomm.intent.action.ACTION_RAC_CHANGED, mPermissionType:0
12-17 23:52:52.355  2852  2914 I HwMobileSignalController: subId:0 phoneType:1 networktype:13 targetClass:3 masterLevel:4 slaveLevel:-1
12-17 23:11:31.617   633   692 I ECS     : msg.recv{4490} XmlMsg.decodeBuf(XmlMsg.java:237) RECV 2960 bytes [12]_00_03_03_04_1C_05_48_A1_1D_45_D0_6B cmdCode(CC_UnreadMessagesNotify.0x041C)msgType(MT_NOTIFY.3)msgClass(MC_NotifyMessage.4)sender(ST_Mobile.0)crypted(true)zipped(false)nobase64(true)length(2956)version(3)sno(48A1)
12-18 19:45:16.392  1795  3884 I ActivityManager_broadcast: Enqueueing ordered broadcast[background] BroadcastRecord{eaff803 u0 android.intent.action.LTE_CA_STATE}: prev had 0
12-17 21:34:28.442  2852  2852 D KeyguardViewMediator: handleKeyguardDoneDrawing
12-17 20:35:45.021 24802 24802 I nativeProcess: iqiyi message: create--runOnSubprocess isProcessExist true
12-18 18:29:14.582  3180  3578 I ash     : running package: com.sankuai.meituan, visible: false
12-17 20:24:29.922   835  2385 E libteec : qsc_decode end
12-17 20:50:28.338  1795  1795 I MQoS    : onSignal: mSubId=0,currDataSubID=0
12-18 05:26:31.317  2883  3458 I HwSystemManager: BatteryStatisticsHelper:counts =41
12-17 20:13:17.797  2852  2852 I TrafficPanelViewContent: onShowStatusChange show:false
12-17 23:57:45.993 31949 31967 I TCP     : tcp.recv{4790} TcpClientThread.onReceiverWork(TcpClientThread.java:307) get tcp message 659
12-18 09:10:58.523  2852  2852 D NetWorkUtils: mVSimCurCardType is -1
12-17 23:13:48.167   633 31870 I SDK     : <2016-12-17 23:13:48> [WARN] SDK: UE-SeC 2016-12-17 23:13:48:167 Level[WARN] magic[3362781472 684]:PubEvt_Close Getting a socket[25] from the Socket-table Failed!
12-17 23:29:51.060  1795  2748 D HwAmbientLuxFilterAlgo: earliestValidTime + POWER_ON_BRIGHTENING_LIGHT_DEBOUNCE
12-17 21:50:57.880  5224  5283 I SendBroadcastPermission: action:android.com.huawei.bone.NOTIFY_SPORT_DATA, mPermissionType:0
12-17 23:28:34.643   633 31870 I SDK     : 
12-17 20:58:17.582  2852  2852 I HwSignalClusterView: setMobileDataIndicatorsHuawei subId:0 visible:true strengthIcon:2130839311 typeIcon:2130839195 contentDescription:手机信号满格。 typeContentDescription:4G isTypeIconWide:true showActivity:true activityIn:true activityOut:true isRoaming:false
12-18 09:50:26.693  2852  2852 D StatusBar: No peeking: not in use: 0|com.huawei.health|10010|null|10099
12-17 21:57:58.353  1795  1795 D HwConnectivityService: mIntentReceiver begin
12-18 14:08:06.899  2852  2852 D HwCustMobileSignalControllerImpl: isCurrentBySim()=false
12-17 23:14:04.955  2852  2852 D NetWorkUtils: is3GCalling is false,mCdmaSlot is -1
12-18 15:33:30.284 10334 10334 D wpa_supplicant: WPS: attr type=0x103c len=1
12-18 17:34:44.886  3218  3218 D HwCust  : Create obj success use class com.android.settings.deviceinfo.HwCustStatusImpl
12-18 17:44:11.422  2852  2852 I BadgedIconHelper: isCloneProcess = false
12-18 10:51:55.777   633 32692 E SDK     : 
12-18 00:12:33.146  3858  4126 I amsnl   : c: true, w: false, t: false, l: false
12-17 21:50:48.624   633 31870 I SDK     : <2016-12-17 21:50:48> [WARN] SDK: UE-SeC 2016-12-17 21:50:48:624 Level[WARN] magic[3362781472 684]:PubEvt_Close Getting a socket[241] from the Socket-table Failed!
12-17 20:27:17.139  1795  2323 E UsbDeviceManager: 	at android.os.UEventObserver$UEventThread.run(UEventObserver.java:187)
12-18 17:30:09.171  3180  3578 I ash     : com.huawei.espacev2 { hibernation duration=5142101 } transition to: running reason:bc_notify_android.intent.action.SCREEN_ON
12-18 19:49:31.641  3608  3608 D InCall  : GlowPadWrapper - stopPing
12-18 10:54:49.184   606  2379 E libteec : qsc_send_cmd finish
12-18 14:36:08.256  1795  1807 D DeviceIdleController: handleMessage(8)
12-17 20:56:41.733   633 31874 E SDK     : 
12-18 15:27:45.911  9004  9004 I HwWiFiDirectFT: WiFiDirectStateReceiver info: /stopFTSService / stopFTS = false
12-18 15:43:18.516  1795  2728 E HwCHRWebMonitor: WebMonitor [mNetWorkIsSuck=0 mUIDIsSuck=]  WebSpeed [WEBSENDSEGS=461  WEBRESENDSEGS=2  WEBRECVSEGS=404  WEBERRSEGS=0  WEBOUTRSTS=0  WEBESTABLISRST=0  WEBRTTDURATION=1128  WEBRTTSEGS=164  WEBSRTT=520  WEBSNDDUPACKS=0  SENDSEGS=0  RESENDSEGS=0  RECVSEGS=0  ERRSEGS=0  OUTRSTS=0  ESTABLISRST=0  RTTDURATION=0  RTTSEGS=0  SNDDUPACKS=0  suckTimes=0 recovage_times=0]
12-17 22:30:34.317   818  1152 I logserver: handle_exception_events enter
12-18 17:30:53.924  2852  2852 I HwSignalClusterView: setMobileDataIndicatorsHuawei subId:0 visible:true strengthIcon:2130839311 typeIcon:2130839195 contentDescription:手机信号满格。 typeContentDescription:4G isTypeIconWide:true showActivity:true activityIn:false activityOut:false isRoaming:false
12-17 21:50:28.671  2852  2852 I PowerUI : onReceive intent:act:android.intent.action.SCREEN_ON  flag:1342177296 
12-18 19:25:42.442  2852  2852 I HwSignalClusterView: getOrInflateState subId:0
12-18 12:39:13.654  7741  7741 D CubicBezierInterpolator: CubicBezierInterpolator  mControlPoint1x = 0.23, mControlPoint1y = 0.06, mControlPoint2x = 0.09, mControlPoint2y = 0.97
12-17 23:26:40.100  1795  2750 D libfingersense_wrapper: Calling fingersense_on_resume()
12-18 14:12:19.202  1795  1795 D WiFi_PRO: MSG_RETURN_AP_CURRY_RSSI rssi = -59
12-18 07:46:44.357  1795 16501 D PowerManagerService: ready=true,policy=0,wakefulness=0,wksummary=0x1,uasummary=0x0,bootcompleted=true,boostinprogress=false,waitmodeenable=false,mode=true,manual=33,auto=-1,adj=0.0userId=0
12-18 02:23:41.217  3626 18964 I iMonitor: create: 903001009
12-18 15:36:38.121 10334 10334 D wpa_supplicant: WPS: attr type=0x1042 len=7
12-18 18:13:57.693  1795  1819 D NetworkManagement: notifyInterfaceClassActivity: client is android.net.INetworkManagementEventObserver$Stub$Proxy@c0acf8b
12-18 19:47:29.781  1795  3253 D PowerManagerService: release:lock=177148068, flg=0x0, tag="eventloop", name=android", ws=null, uid=1000, pid=7194
12-18 08:06:02.113  1795  2376 I ActivityManager_broadcast: Enqueueing ordered broadcast[bgkeyapp] BroadcastRecord{89ad3d8 u0 com.tencent.mm.TrafficStatsReceiver}: prev had 0
12-18 15:34:25.796  1795  2670 D WifiController: DefaultState what=155652
12-17 19:31:41.402  2883  2883 D HwKeyguardManagerImpl: isLockScreenDisabled HwKeyguardManagerImpl result = false
12-18 17:40:17.362  2852  2852 D HwCustMobileSignalControllerImpl: sub =0,strMccMnc =null,hashMccMnc =[],strPlmn =hw_show_lte
12-17 21:23:13.031 24266 24312 I DEVICE_MD5_QYID: org.qiyi.android.corejar.utils.DeviceUtils.getAndroidIdV2()<-1> : getAndroidIdV2 memory:db72ce0a35db8d3b
12-17 21:58:45.263   612   612 I SDM     : DisplayBase::SetDisplayState: Set state = 0, display 0
12-17 20:31:01.607  2852  3556 I NetworkController.MobileSignalController(0): onDataActivity: direction=4
12-18 13:01:05.841 25067 25098 D AndroidCommon: [SdcardManager.isMounted]Path:/storage/emulated/0
12-17 23:25:34.594  2852  2852 W StatusBarWindowManager: Apply window Height MATCH_PARENT
12-17 23:24:03.680 31949 31967 I eSpaceService: WatchThread{4786} TcpCirChannel.shutdown(TcpCirChannel.java:257) Login_By_Step-> shut down now connect
12-18 09:51:03.355 18128 18128 I HiWiServiceBD: not allow execute
12-18 14:26:22.100  5224  5283 I Step_HSNH: 20002302|upDateHealthNotification()|189|6.31|8843
12-17 20:29:14.341  1795  2323 E UsbDeviceManager: 	at com.android.server.usb.UsbDeviceManager$2.onUEvent(UsbDeviceManager.java:328)
12-18 14:13:24.626  5994  5994 D wpa_supplicant: Beacon IEs - hexdump(len=264): 00 03 7a 7a 6d 01 08 82 84 8b 96 0c 12 18 24 03 01 06 05 04 00 01 00 00 2a 01 04 32 04 30 48 60 ...
12-17 23:38:42.427  1795  1795 I MQoS    : received cell-signal:5
12-18 18:32:32.629  1795  1795 I NotificationManager: cancelNotificationLocked called,tell the app,reason = 8
12-18 09:46:03.351   633 31870 I SDK     : <2016-12-18 09:46:03> [WARN] SDK: UE-SeC 2016-12-18 9:46:3:351 Level[WARN] magic[3362781472 684]:PubEvt_Close Getting a socket[240] from the Socket-table Failed!
